20:38:01 | INFO    | src.training.finetune | STAGE=turkish_intermediate cache_hit=true ts=2026-09-08T20:38:01.301286+00:00 path=artifacts/tr_stage_cache/base=xlm15__tok=original__tr=real__seed=42__8b332e500829d15e
20:38:01 | WARNING | src.training.finetune | SOURCE STAGE DEGENERATE (cache hit): tr macro-F1=0.1595 constant_prediction=True — this run's Turkish manipulation did NOT take effect. Recorded, not excluded.
20:38:01 | INFO    | src.training.finetune |   [AZ mərhələsi] 2000 nümunə | 2 sinif | init=TR checkpoint
20:38:01 | INFO    | src.training.finetune | Task head reset: modules=['sequence_summary'] params=2050 (encoder='transformer' untouched)
20:38:01 | INFO    | src.training.finetune | STAGE=azerbaijani start ts=2026-09-08T20:38:01.387595+00:00 n=2000 n_classes=2
20:38:04 | INFO    | src.training.finetune | STEP step=10 loss=2.0677 dt_sec=0.85 cum_wall_sec=0.9
20:38:05 | INFO    | src.training.finetune | STEP step=20 loss=1.5117 dt_sec=0.78 cum_wall_sec=1.6
20:38:06 | INFO    | src.training.finetune | STEP step=30 loss=1.0927 dt_sec=0.78 cum_wall_sec=2.4
20:38:07 | INFO    | src.training.finetune | STEP step=40 loss=1.0792 dt_sec=0.77 cum_wall_sec=3.2
20:38:08 | INFO    | src.training.finetune | STEP step=50 loss=1.1419 dt_sec=0.79 cum_wall_sec=4.0
20:38:08 | INFO    | src.training.finetune | STEP step=60 loss=1.0279 dt_sec=0.80 cum_wall_sec=4.8
20:38:09 | INFO    | src.training.finetune | STEP step=70 loss=1.1175 dt_sec=0.77 cum_wall_sec=5.5
20:38:10 | INFO    | src.training.finetune | STEP step=80 loss=1.1047 dt_sec=0.79 cum_wall_sec=6.3
20:38:11 | INFO    | src.training.finetune | STEP step=90 loss=1.0709 dt_sec=0.79 cum_wall_sec=7.1
20:38:12 | INFO    | src.training.finetune | STEP step=100 loss=1.0688 dt_sec=0.78 cum_wall_sec=7.9
20:38:12 | INFO    | src.training.finetune | STEP step=110 loss=1.2029 dt_sec=0.79 cum_wall_sec=8.7
20:38:13 | INFO    | src.training.finetune | STEP step=120 loss=0.9832 dt_sec=0.76 cum_wall_sec=9.4
20:38:14 | INFO    | src.training.finetune | STEP step=130 loss=1.0862 dt_sec=0.78 cum_wall_sec=10.2
20:38:15 | INFO    | src.training.finetune | STEP step=140 loss=0.9605 dt_sec=0.79 cum_wall_sec=11.0
20:38:15 | INFO    | src.training.finetune | STEP step=150 loss=1.1257 dt_sec=0.79 cum_wall_sec=11.8
20:38:16 | INFO    | src.training.finetune | STEP step=160 loss=0.9400 dt_sec=0.78 cum_wall_sec=12.6
20:38:17 | INFO    | src.training.finetune | STEP step=170 loss=1.1171 dt_sec=0.77 cum_wall_sec=13.4
20:38:18 | INFO    | src.training.finetune | STEP step=180 loss=1.1963 dt_sec=0.78 cum_wall_sec=14.1
20:38:19 | INFO    | src.training.finetune | STEP step=190 loss=1.0868 dt_sec=0.77 cum_wall_sec=14.9
20:38:19 | INFO    | src.training.finetune | STEP step=200 loss=1.0518 dt_sec=0.77 cum_wall_sec=15.7
20:38:23 | INFO    | src.training.finetune | STEP step=210 loss=1.0136 dt_sec=3.59 cum_wall_sec=19.3
20:38:24 | INFO    | src.training.finetune | STEP step=220 loss=1.0365 dt_sec=0.79 cum_wall_sec=20.0
20:38:24 | INFO    | src.training.finetune | STEP step=230 loss=0.9498 dt_sec=0.78 cum_wall_sec=20.8
20:38:25 | INFO    | src.training.finetune | STEP step=240 loss=0.9885 dt_sec=0.78 cum_wall_sec=21.6
20:38:26 | INFO    | src.training.finetune | STEP step=250 loss=0.8702 dt_sec=0.77 cum_wall_sec=22.4
20:38:27 | INFO    | src.training.finetune | STEP step=260 loss=0.9199 dt_sec=0.77 cum_wall_sec=23.1
20:38:28 | INFO    | src.training.finetune | STEP step=270 loss=0.9716 dt_sec=0.79 cum_wall_sec=23.9
20:38:28 | INFO    | src.training.finetune | STEP step=280 loss=0.9427 dt_sec=0.79 cum_wall_sec=24.7
20:38:29 | INFO    | src.training.finetune | STEP step=290 loss=0.8558 dt_sec=0.78 cum_wall_sec=25.5
20:38:30 | INFO    | src.training.finetune | STEP step=300 loss=0.8878 dt_sec=0.77 cum_wall_sec=26.3
20:38:31 | INFO    | src.training.finetune | STEP step=310 loss=0.9000 dt_sec=0.75 cum_wall_sec=27.0
20:38:31 | INFO    | src.training.finetune | STEP step=320 loss=0.8783 dt_sec=0.74 cum_wall_sec=27.8
20:38:32 | INFO    | src.training.finetune | STEP step=330 loss=0.8222 dt_sec=0.75 cum_wall_sec=28.5
20:38:33 | INFO    | src.training.finetune | STEP step=340 loss=0.9725 dt_sec=1.07 cum_wall_sec=29.6
20:38:34 | INFO    | src.training.finetune | STEP step=350 loss=0.8513 dt_sec=0.76 cum_wall_sec=30.3
20:38:35 | INFO    | src.training.finetune | STEP step=360 loss=0.9797 dt_sec=0.77 cum_wall_sec=31.1
20:38:36 | INFO    | src.training.finetune | STEP step=370 loss=0.9698 dt_sec=0.76 cum_wall_sec=31.9
20:38:36 | INFO    | src.training.finetune | STEP step=380 loss=0.8620 dt_sec=0.75 cum_wall_sec=32.6
20:38:37 | INFO    | src.training.finetune | STEP step=390 loss=0.8418 dt_sec=0.76 cum_wall_sec=33.4
20:38:38 | INFO    | src.training.finetune | STEP step=400 loss=0.8390 dt_sec=0.76 cum_wall_sec=34.1
20:38:41 | INFO    | src.training.finetune | STEP step=410 loss=0.8338 dt_sec=3.53 cum_wall_sec=37.7
20:38:42 | INFO    | src.training.finetune | STEP step=420 loss=0.8960 dt_sec=0.76 cum_wall_sec=38.4
20:38:43 | INFO    | src.training.finetune | STEP step=430 loss=0.8445 dt_sec=0.75 cum_wall_sec=39.2
20:38:44 | INFO    | src.training.finetune | STEP step=440 loss=0.7965 dt_sec=0.76 cum_wall_sec=39.9
20:38:44 | INFO    | src.training.finetune | STEP step=450 loss=0.8434 dt_sec=0.75 cum_wall_sec=40.7
20:38:45 | INFO    | src.training.finetune | STEP step=460 loss=0.8480 dt_sec=0.75 cum_wall_sec=41.4
20:38:46 | INFO    | src.training.finetune | STEP step=470 loss=0.8629 dt_sec=0.76 cum_wall_sec=42.2
20:38:47 | INFO    | src.training.finetune | STEP step=480 loss=0.8313 dt_sec=0.76 cum_wall_sec=43.0
20:38:47 | INFO    | src.training.finetune | STEP step=490 loss=0.7667 dt_sec=0.74 cum_wall_sec=43.7
20:38:48 | INFO    | src.training.finetune | STEP step=500 loss=0.7752 dt_sec=0.77 cum_wall_sec=44.5
20:38:49 | INFO    | src.training.finetune | STEP step=510 loss=0.7564 dt_sec=0.75 cum_wall_sec=45.2
20:38:50 | INFO    | src.training.finetune | STEP step=520 loss=0.8381 dt_sec=0.76 cum_wall_sec=46.0
20:38:50 | INFO    | src.training.finetune | STEP step=530 loss=0.8287 dt_sec=0.75 cum_wall_sec=46.7
20:38:51 | INFO    | src.training.finetune | STEP step=540 loss=0.8497 dt_sec=0.75 cum_wall_sec=47.5
20:38:52 | INFO    | src.training.finetune | STEP step=550 loss=0.8214 dt_sec=0.76 cum_wall_sec=48.2
20:38:53 | INFO    | src.training.finetune | STEP step=560 loss=0.8622 dt_sec=0.78 cum_wall_sec=49.0
20:38:53 | INFO    | src.training.finetune | STEP step=570 loss=0.7792 dt_sec=0.74 cum_wall_sec=49.8
20:38:54 | INFO    | src.training.finetune | STEP step=580 loss=0.8059 dt_sec=0.76 cum_wall_sec=50.5
20:38:55 | INFO    | src.training.finetune | STEP step=590 loss=0.7593 dt_sec=0.75 cum_wall_sec=51.3
20:38:56 | INFO    | src.training.finetune | STEP step=600 loss=0.7822 dt_sec=0.76 cum_wall_sec=52.0
20:39:00 | INFO    | src.training.finetune | STEP step=610 loss=0.7630 dt_sec=3.91 cum_wall_sec=55.9
20:39:00 | INFO    | src.training.finetune | STEP step=620 loss=0.8161 dt_sec=0.76 cum_wall_sec=56.7
20:39:01 | INFO    | src.training.finetune | STEP step=630 loss=0.7847 dt_sec=0.75 cum_wall_sec=57.4
20:39:02 | INFO    | src.training.finetune | STEP step=640 loss=0.8011 dt_sec=0.77 cum_wall_sec=58.2
20:39:03 | INFO    | src.training.finetune | STEP step=650 loss=0.7498 dt_sec=0.74 cum_wall_sec=59.0
20:39:03 | INFO    | src.training.finetune | STEP step=660 loss=0.7543 dt_sec=0.75 cum_wall_sec=59.7
20:39:04 | INFO    | src.training.finetune | STEP step=670 loss=0.7672 dt_sec=0.75 cum_wall_sec=60.5
20:39:05 | INFO    | src.training.finetune | STEP step=680 loss=0.8592 dt_sec=0.74 cum_wall_sec=61.2
20:39:06 | INFO    | src.training.finetune | STEP step=690 loss=0.7996 dt_sec=0.76 cum_wall_sec=62.0
20:39:06 | INFO    | src.training.finetune | STEP step=700 loss=0.7608 dt_sec=0.76 cum_wall_sec=62.7
20:39:07 | INFO    | src.training.finetune | STEP step=710 loss=0.7569 dt_sec=0.75 cum_wall_sec=63.5
20:39:08 | INFO    | src.training.finetune | STEP step=720 loss=0.7650 dt_sec=0.75 cum_wall_sec=64.2
20:39:09 | INFO    | src.training.finetune | STEP step=730 loss=0.7709 dt_sec=0.76 cum_wall_sec=65.0
20:39:09 | INFO    | src.training.finetune | STEP step=740 loss=0.7583 dt_sec=0.75 cum_wall_sec=65.8
20:39:10 | INFO    | src.training.finetune | STEP step=750 loss=0.7475 dt_sec=0.77 cum_wall_sec=66.5
20:39:11 | INFO    | src.training.finetune | STEP step=760 loss=0.7256 dt_sec=0.75 cum_wall_sec=67.3
20:39:12 | INFO    | src.training.finetune | STEP step=770 loss=0.7658 dt_sec=0.76 cum_wall_sec=68.0
20:39:12 | INFO    | src.training.finetune | STEP step=780 loss=0.7899 dt_sec=0.77 cum_wall_sec=68.8
20:39:13 | INFO    | src.training.finetune | STEP step=790 loss=0.8036 dt_sec=0.75 cum_wall_sec=69.6
20:39:14 | INFO    | src.training.finetune | STEP step=800 loss=0.7315 dt_sec=0.75 cum_wall_sec=70.3
20:39:17 | INFO    | src.training.finetune | STEP step=810 loss=0.7541 dt_sec=3.54 cum_wall_sec=73.9
20:39:18 | INFO    | src.training.finetune | STEP step=820 loss=0.7495 dt_sec=0.75 cum_wall_sec=74.6
20:39:19 | INFO    | src.training.finetune | STEP step=830 loss=0.7782 dt_sec=0.76 cum_wall_sec=75.4
20:39:20 | INFO    | src.training.finetune | STEP step=840 loss=0.7351 dt_sec=0.76 cum_wall_sec=76.1
20:39:21 | INFO    | src.training.finetune | STEP step=850 loss=0.7420 dt_sec=0.75 cum_wall_sec=76.9
20:39:21 | INFO    | src.training.finetune | STEP step=860 loss=0.7523 dt_sec=0.75 cum_wall_sec=77.6
20:39:22 | INFO    | src.training.finetune | STEP step=870 loss=0.7542 dt_sec=0.75 cum_wall_sec=78.4
20:39:23 | INFO    | src.training.finetune | STEP step=880 loss=0.7252 dt_sec=0.75 cum_wall_sec=79.1
20:39:24 | INFO    | src.training.finetune | STEP step=890 loss=0.7207 dt_sec=0.75 cum_wall_sec=79.9
20:39:24 | INFO    | src.training.finetune | STEP step=900 loss=0.7524 dt_sec=0.75 cum_wall_sec=80.6
20:39:25 | INFO    | src.training.finetune | STEP step=910 loss=0.7338 dt_sec=0.76 cum_wall_sec=81.4
20:39:26 | INFO    | src.training.finetune | STEP step=920 loss=0.7620 dt_sec=0.76 cum_wall_sec=82.1
20:39:27 | INFO    | src.training.finetune | STEP step=930 loss=0.7703 dt_sec=0.76 cum_wall_sec=82.9
20:39:27 | INFO    | src.training.finetune | STEP step=940 loss=0.7417 dt_sec=0.76 cum_wall_sec=83.7
20:39:28 | INFO    | src.training.finetune | STEP step=950 loss=0.7336 dt_sec=0.74 cum_wall_sec=84.4
20:39:29 | INFO    | src.training.finetune | STEP step=960 loss=0.7218 dt_sec=0.75 cum_wall_sec=85.2
20:39:30 | INFO    | src.training.finetune | STEP step=970 loss=0.7295 dt_sec=0.76 cum_wall_sec=85.9
20:39:30 | INFO    | src.training.finetune | STEP step=980 loss=0.7426 dt_sec=0.75 cum_wall_sec=86.7
20:39:31 | INFO    | src.training.finetune | STEP step=990 loss=0.7154 dt_sec=0.75 cum_wall_sec=87.4
20:39:32 | INFO    | src.training.finetune | STEP step=1000 loss=0.7353 dt_sec=0.77 cum_wall_sec=88.2
20:39:36 | INFO    | src.training.finetune | STEP step=1010 loss=0.7213 dt_sec=3.78 cum_wall_sec=92.0
20:39:36 | INFO    | src.training.finetune | STEP step=1020 loss=0.7437 dt_sec=0.77 cum_wall_sec=92.7
20:39:37 | INFO    | src.training.finetune | STEP step=1030 loss=0.7384 dt_sec=0.77 cum_wall_sec=93.5
20:39:38 | INFO    | src.training.finetune | STEP step=1040 loss=0.7227 dt_sec=0.75 cum_wall_sec=94.3
20:39:39 | INFO    | src.training.finetune | STEP step=1050 loss=0.7173 dt_sec=0.77 cum_wall_sec=95.0
20:39:39 | INFO    | src.training.finetune | STEP step=1060 loss=0.7409 dt_sec=0.75 cum_wall_sec=95.8
20:39:40 | INFO    | src.training.finetune | STEP step=1070 loss=0.7517 dt_sec=0.75 cum_wall_sec=96.5
20:39:41 | INFO    | src.training.finetune | STEP step=1080 loss=0.7469 dt_sec=0.77 cum_wall_sec=97.3
20:39:42 | INFO    | src.training.finetune | STEP step=1090 loss=0.7347 dt_sec=0.78 cum_wall_sec=98.1
20:39:42 | INFO    | src.training.finetune | STEP step=1100 loss=0.7557 dt_sec=0.75 cum_wall_sec=98.8
20:39:43 | INFO    | src.training.finetune | STEP step=1110 loss=0.7330 dt_sec=0.75 cum_wall_sec=99.6
20:39:44 | INFO    | src.training.finetune | STEP step=1120 loss=0.7510 dt_sec=0.76 cum_wall_sec=100.3
20:39:45 | INFO    | src.training.finetune | STEP step=1130 loss=0.7258 dt_sec=0.75 cum_wall_sec=101.1
20:39:45 | INFO    | src.training.finetune | STEP step=1140 loss=0.7813 dt_sec=0.75 cum_wall_sec=101.8
20:39:46 | INFO    | src.training.finetune | STEP step=1150 loss=0.7254 dt_sec=0.74 cum_wall_sec=102.6
20:39:47 | INFO    | src.training.finetune | STEP step=1160 loss=0.7364 dt_sec=0.77 cum_wall_sec=103.3
20:39:48 | INFO    | src.training.finetune | STEP step=1170 loss=0.7410 dt_sec=0.76 cum_wall_sec=104.1
20:39:49 | INFO    | src.training.finetune | STEP step=1180 loss=0.7358 dt_sec=0.77 cum_wall_sec=104.9
20:39:49 | INFO    | src.training.finetune | STEP step=1190 loss=0.7026 dt_sec=0.76 cum_wall_sec=105.6
20:39:50 | INFO    | src.training.finetune | STEP step=1200 loss=0.7286 dt_sec=0.76 cum_wall_sec=106.4
20:39:54 | INFO    | src.training.finetune | STEP step=1210 loss=0.7276 dt_sec=3.96 cum_wall_sec=110.3
20:39:55 | INFO    | src.training.finetune | STEP step=1220 loss=0.7065 dt_sec=0.78 cum_wall_sec=111.1
20:39:56 | INFO    | src.training.finetune | STEP step=1230 loss=0.7341 dt_sec=0.79 cum_wall_sec=111.9
20:39:56 | INFO    | src.training.finetune | STEP step=1240 loss=0.7242 dt_sec=0.78 cum_wall_sec=112.7
20:39:57 | INFO    | src.training.finetune | STEP step=1250 loss=0.7120 dt_sec=0.78 cum_wall_sec=113.5
20:39:58 | INFO    | src.training.finetune | STEP step=1260 loss=0.7122 dt_sec=0.78 cum_wall_sec=114.3
20:39:59 | INFO    | src.training.finetune | STEP step=1270 loss=0.7194 dt_sec=0.79 cum_wall_sec=115.0
20:39:59 | INFO    | src.training.finetune | STEP step=1280 loss=0.7157 dt_sec=0.79 cum_wall_sec=115.8
20:40:00 | INFO    | src.training.finetune | STEP step=1290 loss=0.7141 dt_sec=0.79 cum_wall_sec=116.6
20:40:01 | INFO    | src.training.finetune | STEP step=1300 loss=0.7127 dt_sec=0.77 cum_wall_sec=117.4
20:40:02 | INFO    | src.training.finetune | STEP step=1310 loss=0.7375 dt_sec=0.79 cum_wall_sec=118.2
20:40:03 | INFO    | src.training.finetune | STEP step=1320 loss=0.7179 dt_sec=0.77 cum_wall_sec=119.0
20:40:03 | INFO    | src.training.finetune | STEP step=1330 loss=0.7379 dt_sec=0.79 cum_wall_sec=119.7
20:40:04 | INFO    | src.training.finetune | STEP step=1340 loss=0.7350 dt_sec=0.78 cum_wall_sec=120.5
20:40:05 | INFO    | src.training.finetune | STEP step=1350 loss=0.7249 dt_sec=0.80 cum_wall_sec=121.3
20:40:06 | INFO    | src.training.finetune | STEP step=1360 loss=0.7040 dt_sec=0.78 cum_wall_sec=122.1
20:40:07 | INFO    | src.training.finetune | STEP step=1370 loss=0.7157 dt_sec=0.79 cum_wall_sec=122.9
20:40:07 | INFO    | src.training.finetune | STEP step=1380 loss=0.7424 dt_sec=0.78 cum_wall_sec=123.7
20:40:08 | INFO    | src.training.finetune | STEP step=1390 loss=0.7276 dt_sec=0.78 cum_wall_sec=124.5
20:40:09 | INFO    | src.training.finetune | STEP step=1400 loss=0.7258 dt_sec=0.79 cum_wall_sec=125.2
20:40:13 | INFO    | src.training.finetune | STEP step=1410 loss=0.7343 dt_sec=3.77 cum_wall_sec=129.0
20:40:13 | INFO    | src.training.finetune | STEP step=1420 loss=0.7104 dt_sec=0.77 cum_wall_sec=129.8
20:40:14 | INFO    | src.training.finetune | STEP step=1430 loss=0.7222 dt_sec=0.79 cum_wall_sec=130.6
20:40:15 | INFO    | src.training.finetune | STEP step=1440 loss=0.7331 dt_sec=0.79 cum_wall_sec=131.4
20:40:16 | INFO    | src.training.finetune | STEP step=1450 loss=0.7095 dt_sec=0.77 cum_wall_sec=132.1
20:40:17 | INFO    | src.training.finetune | STEP step=1460 loss=0.7597 dt_sec=0.80 cum_wall_sec=132.9
20:40:17 | INFO    | src.training.finetune | STEP step=1470 loss=0.7201 dt_sec=0.79 cum_wall_sec=133.7
20:40:18 | INFO    | src.training.finetune | STEP step=1480 loss=0.7104 dt_sec=0.78 cum_wall_sec=134.5
20:40:19 | INFO    | src.training.finetune | STEP step=1490 loss=0.7178 dt_sec=0.78 cum_wall_sec=135.3
20:40:20 | INFO    | src.training.finetune | STEP step=1500 loss=0.7022 dt_sec=0.78 cum_wall_sec=136.1
20:40:20 | INFO    | src.training.finetune | STEP step=1510 loss=0.7252 dt_sec=0.77 cum_wall_sec=136.8
20:40:21 | INFO    | src.training.finetune | STEP step=1520 loss=0.7197 dt_sec=0.77 cum_wall_sec=137.6
20:40:22 | INFO    | src.training.finetune | STEP step=1530 loss=0.7033 dt_sec=0.78 cum_wall_sec=138.4
20:40:23 | INFO    | src.training.finetune | STEP step=1540 loss=0.7279 dt_sec=0.80 cum_wall_sec=139.2
20:40:24 | INFO    | src.training.finetune | STEP step=1550 loss=0.7117 dt_sec=0.79 cum_wall_sec=140.0
20:40:24 | INFO    | src.training.finetune | STEP step=1560 loss=0.6971 dt_sec=0.79 cum_wall_sec=140.8
20:40:25 | INFO    | src.training.finetune | STEP step=1570 loss=0.6974 dt_sec=0.79 cum_wall_sec=141.6
20:40:26 | INFO    | src.training.finetune | STEP step=1580 loss=0.6893 dt_sec=0.77 cum_wall_sec=142.3
20:40:27 | INFO    | src.training.finetune | STEP step=1590 loss=0.7171 dt_sec=0.77 cum_wall_sec=143.1
20:40:28 | INFO    | src.training.finetune | STEP step=1600 loss=0.6765 dt_sec=0.79 cum_wall_sec=143.9
20:40:32 | INFO    | src.training.finetune | STEP step=1610 loss=0.6720 dt_sec=4.65 cum_wall_sec=148.5
20:40:33 | INFO    | src.training.finetune | STEP step=1620 loss=0.6438 dt_sec=0.80 cum_wall_sec=149.3
20:40:34 | INFO    | src.training.finetune | STEP step=1630 loss=0.6825 dt_sec=0.79 cum_wall_sec=150.1
20:40:35 | INFO    | src.training.finetune | STEP step=1640 loss=0.7162 dt_sec=0.78 cum_wall_sec=150.9
20:40:35 | INFO    | src.training.finetune | STEP step=1650 loss=0.6781 dt_sec=0.78 cum_wall_sec=151.7
20:40:36 | INFO    | src.training.finetune | STEP step=1660 loss=0.8363 dt_sec=0.79 cum_wall_sec=152.5
20:40:37 | INFO    | src.training.finetune | STEP step=1670 loss=1.1347 dt_sec=0.78 cum_wall_sec=153.3
20:40:38 | INFO    | src.training.finetune | STEP step=1680 loss=1.0193 dt_sec=0.78 cum_wall_sec=154.1
20:40:38 | INFO    | src.training.finetune | STEP step=1690 loss=0.7558 dt_sec=0.79 cum_wall_sec=154.8
20:40:39 | INFO    | src.training.finetune | STEP step=1700 loss=0.7698 dt_sec=0.79 cum_wall_sec=155.6
20:40:40 | INFO    | src.training.finetune | STEP step=1710 loss=0.7385 dt_sec=0.79 cum_wall_sec=156.4
20:40:41 | INFO    | src.training.finetune | STEP step=1720 loss=0.7166 dt_sec=0.79 cum_wall_sec=157.2
20:40:42 | INFO    | src.training.finetune | STEP step=1730 loss=0.6573 dt_sec=0.79 cum_wall_sec=158.0
20:40:42 | INFO    | src.training.finetune | STEP step=1740 loss=0.6668 dt_sec=0.79 cum_wall_sec=158.8
20:40:43 | INFO    | src.training.finetune | STEP step=1750 loss=0.6629 dt_sec=0.79 cum_wall_sec=159.6
20:40:44 | INFO    | src.training.finetune | STEP step=1760 loss=0.6232 dt_sec=0.78 cum_wall_sec=160.4
20:40:45 | INFO    | src.training.finetune | STEP step=1770 loss=0.5890 dt_sec=0.77 cum_wall_sec=161.1
20:40:46 | INFO    | src.training.finetune | STEP step=1780 loss=0.5949 dt_sec=0.77 cum_wall_sec=161.9
20:40:46 | INFO    | src.training.finetune | STEP step=1790 loss=0.5521 dt_sec=0.77 cum_wall_sec=162.7
20:40:47 | INFO    | src.training.finetune | STEP step=1800 loss=0.5697 dt_sec=0.78 cum_wall_sec=163.4
20:40:51 | INFO    | src.training.finetune | STEP step=1810 loss=0.6494 dt_sec=3.93 cum_wall_sec=167.4
20:40:52 | INFO    | src.training.finetune | STEP step=1820 loss=0.6192 dt_sec=0.79 cum_wall_sec=168.2
20:40:53 | INFO    | src.training.finetune | STEP step=1830 loss=0.6170 dt_sec=0.79 cum_wall_sec=169.0
20:40:53 | INFO    | src.training.finetune | STEP step=1840 loss=0.5841 dt_sec=0.77 cum_wall_sec=169.7
20:40:54 | INFO    | src.training.finetune | STEP step=1850 loss=0.6833 dt_sec=0.79 cum_wall_sec=170.5
20:40:55 | INFO    | src.training.finetune | STEP step=1860 loss=0.5594 dt_sec=0.78 cum_wall_sec=171.3
20:40:56 | INFO    | src.training.finetune | STEP step=1870 loss=0.4946 dt_sec=0.78 cum_wall_sec=172.1
20:40:57 | INFO    | src.training.finetune | STEP step=1880 loss=0.5868 dt_sec=0.79 cum_wall_sec=172.9
20:40:57 | INFO    | src.training.finetune | STEP step=1890 loss=0.5804 dt_sec=0.77 cum_wall_sec=173.6
20:40:58 | INFO    | src.training.finetune | STEP step=1900 loss=0.5348 dt_sec=0.79 cum_wall_sec=174.4
20:40:59 | INFO    | src.training.finetune | STEP step=1910 loss=0.4892 dt_sec=0.78 cum_wall_sec=175.2
20:41:00 | INFO    | src.training.finetune | STEP step=1920 loss=0.5461 dt_sec=0.78 cum_wall_sec=176.0
20:41:00 | INFO    | src.training.finetune | STEP step=1930 loss=0.5314 dt_sec=0.78 cum_wall_sec=176.8
20:41:01 | INFO    | src.training.finetune | STEP step=1940 loss=0.5639 dt_sec=0.78 cum_wall_sec=177.6
20:41:02 | INFO    | src.training.finetune | STEP step=1950 loss=0.5617 dt_sec=0.77 cum_wall_sec=178.3
20:41:03 | INFO    | src.training.finetune | STEP step=1960 loss=0.5309 dt_sec=0.77 cum_wall_sec=179.1
20:41:03 | INFO    | src.training.finetune | STEP step=1970 loss=0.6352 dt_sec=0.75 cum_wall_sec=179.8
20:41:04 | INFO    | src.training.finetune | STEP step=1980 loss=0.5262 dt_sec=0.76 cum_wall_sec=180.6
20:41:05 | INFO    | src.training.finetune | STEP step=1990 loss=0.5510 dt_sec=0.79 cum_wall_sec=181.4
20:41:06 | INFO    | src.training.finetune | STEP step=2000 loss=0.4731 dt_sec=0.76 cum_wall_sec=182.1
20:41:10 | INFO    | src.training.finetune | STAGE=azerbaijani end ts=2026-09-08T20:41:09.999988+00:00 runtime_sec=188.6
20:41:11 | INFO    | src.training.finetune | Best checkpoint restored and verified: step 2000, val macro-F1 = 0.6549
