21:00:29 | INFO    | src.training.finetune | STAGE=turkish_intermediate cache_hit=true ts=2026-09-08T21:00:29.165691+00:00 path=artifacts/tr_stage_cache/base=xlm15__tok=omp__tr=real__seed=13__fe5bd10cfa72c3a6
21:00:29 | WARNING | src.training.finetune | SOURCE STAGE DEGENERATE (cache hit): tr macro-F1=0.1595 constant_prediction=True — this run's Turkish manipulation did NOT take effect. Recorded, not excluded.
21:00:29 | INFO    | src.training.finetune |   [AZ mərhələsi] 2000 nümunə | 2 sinif | init=TR checkpoint
21:00:29 | INFO    | src.training.finetune | Task head reset: modules=['sequence_summary'] params=2050 (encoder='transformer' untouched)
21:00:29 | INFO    | src.training.finetune | STAGE=azerbaijani start ts=2026-09-08T21:00:29.221005+00:00 n=2000 n_classes=2
21:00:30 | INFO    | src.training.finetune | STEP step=10 loss=2.7442 dt_sec=0.84 cum_wall_sec=0.8
21:00:31 | INFO    | src.training.finetune | STEP step=20 loss=1.8672 dt_sec=0.76 cum_wall_sec=1.6
21:00:32 | INFO    | src.training.finetune | STEP step=30 loss=1.3028 dt_sec=0.74 cum_wall_sec=2.3
21:00:32 | INFO    | src.training.finetune | STEP step=40 loss=1.3790 dt_sec=0.74 cum_wall_sec=3.1
21:00:33 | INFO    | src.training.finetune | STEP step=50 loss=1.2874 dt_sec=0.74 cum_wall_sec=3.8
21:00:34 | INFO    | src.training.finetune | STEP step=60 loss=1.2510 dt_sec=0.74 cum_wall_sec=4.6
21:00:35 | INFO    | src.training.finetune | STEP step=70 loss=1.2818 dt_sec=0.75 cum_wall_sec=5.3
21:00:35 | INFO    | src.training.finetune | STEP step=80 loss=1.1391 dt_sec=0.74 cum_wall_sec=6.0
21:00:36 | INFO    | src.training.finetune | STEP step=90 loss=1.2281 dt_sec=0.75 cum_wall_sec=6.8
21:00:37 | INFO    | src.training.finetune | STEP step=100 loss=1.2284 dt_sec=0.74 cum_wall_sec=7.5
21:00:38 | INFO    | src.training.finetune | STEP step=110 loss=1.3500 dt_sec=0.75 cum_wall_sec=8.3
21:00:38 | INFO    | src.training.finetune | STEP step=120 loss=1.2785 dt_sec=0.74 cum_wall_sec=9.0
21:00:39 | INFO    | src.training.finetune | STEP step=130 loss=1.1607 dt_sec=0.74 cum_wall_sec=9.8
21:00:40 | INFO    | src.training.finetune | STEP step=140 loss=1.2487 dt_sec=0.75 cum_wall_sec=10.5
21:00:41 | INFO    | src.training.finetune | STEP step=150 loss=1.3580 dt_sec=0.74 cum_wall_sec=11.2
21:00:41 | INFO    | src.training.finetune | STEP step=160 loss=1.2254 dt_sec=0.75 cum_wall_sec=12.0
21:00:42 | INFO    | src.training.finetune | STEP step=170 loss=2.3290 dt_sec=0.73 cum_wall_sec=12.7
21:00:43 | INFO    | src.training.finetune | STEP step=180 loss=1.3717 dt_sec=0.74 cum_wall_sec=13.5
21:00:44 | INFO    | src.training.finetune | STEP step=190 loss=1.1746 dt_sec=0.74 cum_wall_sec=14.2
21:00:44 | INFO    | src.training.finetune | STEP step=200 loss=1.1337 dt_sec=0.76 cum_wall_sec=15.0
21:00:47 | INFO    | src.training.finetune | STEP step=210 loss=1.1532 dt_sec=2.92 cum_wall_sec=17.9
21:00:48 | INFO    | src.training.finetune | STEP step=220 loss=1.0484 dt_sec=0.77 cum_wall_sec=18.7
21:00:49 | INFO    | src.training.finetune | STEP step=230 loss=1.2493 dt_sec=0.75 cum_wall_sec=19.4
21:00:50 | INFO    | src.training.finetune | STEP step=240 loss=1.2362 dt_sec=0.74 cum_wall_sec=20.1
21:00:50 | INFO    | src.training.finetune | STEP step=250 loss=1.1354 dt_sec=0.75 cum_wall_sec=20.9
21:00:51 | INFO    | src.training.finetune | STEP step=260 loss=1.0341 dt_sec=0.73 cum_wall_sec=21.6
21:00:52 | INFO    | src.training.finetune | STEP step=270 loss=1.0539 dt_sec=0.74 cum_wall_sec=22.4
21:00:53 | INFO    | src.training.finetune | STEP step=280 loss=0.9970 dt_sec=0.75 cum_wall_sec=23.1
21:00:53 | INFO    | src.training.finetune | STEP step=290 loss=0.9716 dt_sec=0.74 cum_wall_sec=23.9
21:00:54 | INFO    | src.training.finetune | STEP step=300 loss=1.0973 dt_sec=0.73 cum_wall_sec=24.6
21:00:55 | INFO    | src.training.finetune | STEP step=310 loss=0.9496 dt_sec=0.76 cum_wall_sec=25.4
21:00:56 | INFO    | src.training.finetune | STEP step=320 loss=0.8874 dt_sec=0.75 cum_wall_sec=26.1
21:00:56 | INFO    | src.training.finetune | STEP step=330 loss=0.9867 dt_sec=0.75 cum_wall_sec=26.8
21:00:57 | INFO    | src.training.finetune | STEP step=340 loss=0.8656 dt_sec=0.75 cum_wall_sec=27.6
21:00:58 | INFO    | src.training.finetune | STEP step=350 loss=0.8861 dt_sec=0.75 cum_wall_sec=28.4
21:00:58 | INFO    | src.training.finetune | STEP step=360 loss=0.9033 dt_sec=0.74 cum_wall_sec=29.1
21:00:59 | INFO    | src.training.finetune | STEP step=370 loss=0.9118 dt_sec=0.73 cum_wall_sec=29.8
21:01:00 | INFO    | src.training.finetune | STEP step=380 loss=0.8146 dt_sec=0.73 cum_wall_sec=30.6
21:01:01 | INFO    | src.training.finetune | STEP step=390 loss=0.8656 dt_sec=0.75 cum_wall_sec=31.3
21:01:01 | INFO    | src.training.finetune | STEP step=400 loss=0.8487 dt_sec=0.76 cum_wall_sec=32.1
21:01:05 | INFO    | src.training.finetune | STEP step=410 loss=0.8509 dt_sec=3.19 cum_wall_sec=35.3
21:01:05 | INFO    | src.training.finetune | STEP step=420 loss=0.7742 dt_sec=0.73 cum_wall_sec=36.0
21:01:06 | INFO    | src.training.finetune | STEP step=430 loss=0.8250 dt_sec=0.73 cum_wall_sec=36.7
21:01:07 | INFO    | src.training.finetune | STEP step=440 loss=0.8893 dt_sec=0.74 cum_wall_sec=37.5
21:01:08 | INFO    | src.training.finetune | STEP step=450 loss=0.8327 dt_sec=0.75 cum_wall_sec=38.2
21:01:08 | INFO    | src.training.finetune | STEP step=460 loss=0.8322 dt_sec=0.74 cum_wall_sec=39.0
21:01:09 | INFO    | src.training.finetune | STEP step=470 loss=0.8353 dt_sec=0.75 cum_wall_sec=39.7
21:01:10 | INFO    | src.training.finetune | STEP step=480 loss=0.8434 dt_sec=0.75 cum_wall_sec=40.5
21:01:11 | INFO    | src.training.finetune | STEP step=490 loss=0.8667 dt_sec=0.74 cum_wall_sec=41.2
21:01:11 | INFO    | src.training.finetune | STEP step=500 loss=0.8406 dt_sec=0.73 cum_wall_sec=41.9
21:01:12 | INFO    | src.training.finetune | STEP step=510 loss=0.8079 dt_sec=0.74 cum_wall_sec=42.7
21:01:13 | INFO    | src.training.finetune | STEP step=520 loss=0.7584 dt_sec=0.74 cum_wall_sec=43.4
21:01:14 | INFO    | src.training.finetune | STEP step=530 loss=0.8755 dt_sec=0.74 cum_wall_sec=44.2
21:01:14 | INFO    | src.training.finetune | STEP step=540 loss=0.9194 dt_sec=0.75 cum_wall_sec=44.9
21:01:15 | INFO    | src.training.finetune | STEP step=550 loss=0.8023 dt_sec=0.75 cum_wall_sec=45.7
21:01:16 | INFO    | src.training.finetune | STEP step=560 loss=0.8959 dt_sec=0.74 cum_wall_sec=46.4
21:01:17 | INFO    | src.training.finetune | STEP step=570 loss=0.7874 dt_sec=0.74 cum_wall_sec=47.1
21:01:17 | INFO    | src.training.finetune | STEP step=580 loss=0.7345 dt_sec=0.74 cum_wall_sec=47.9
21:01:18 | INFO    | src.training.finetune | STEP step=590 loss=0.7584 dt_sec=0.75 cum_wall_sec=48.6
21:01:19 | INFO    | src.training.finetune | STEP step=600 loss=0.8203 dt_sec=0.75 cum_wall_sec=49.4
21:01:22 | INFO    | src.training.finetune | STEP step=610 loss=0.8178 dt_sec=3.01 cum_wall_sec=52.4
21:01:23 | INFO    | src.training.finetune | STEP step=620 loss=0.7359 dt_sec=0.75 cum_wall_sec=53.1
21:01:23 | INFO    | src.training.finetune | STEP step=630 loss=0.7635 dt_sec=0.74 cum_wall_sec=53.9
21:01:24 | INFO    | src.training.finetune | STEP step=640 loss=0.7528 dt_sec=0.75 cum_wall_sec=54.6
21:01:25 | INFO    | src.training.finetune | STEP step=650 loss=0.7348 dt_sec=0.75 cum_wall_sec=55.4
21:01:26 | INFO    | src.training.finetune | STEP step=660 loss=0.7523 dt_sec=0.75 cum_wall_sec=56.1
21:01:26 | INFO    | src.training.finetune | STEP step=670 loss=0.7645 dt_sec=0.75 cum_wall_sec=56.9
21:01:27 | INFO    | src.training.finetune | STEP step=680 loss=0.7641 dt_sec=0.73 cum_wall_sec=57.6
21:01:28 | INFO    | src.training.finetune | STEP step=690 loss=0.7921 dt_sec=0.74 cum_wall_sec=58.4
21:01:28 | INFO    | src.training.finetune | STEP step=700 loss=0.7790 dt_sec=0.73 cum_wall_sec=59.1
21:01:29 | INFO    | src.training.finetune | STEP step=710 loss=0.7642 dt_sec=0.74 cum_wall_sec=59.8
21:01:30 | INFO    | src.training.finetune | STEP step=720 loss=0.7173 dt_sec=0.75 cum_wall_sec=60.6
21:01:31 | INFO    | src.training.finetune | STEP step=730 loss=0.7665 dt_sec=0.75 cum_wall_sec=61.3
21:01:31 | INFO    | src.training.finetune | STEP step=740 loss=0.8029 dt_sec=0.74 cum_wall_sec=62.1
21:01:32 | INFO    | src.training.finetune | STEP step=750 loss=0.8079 dt_sec=0.75 cum_wall_sec=62.8
21:01:33 | INFO    | src.training.finetune | STEP step=760 loss=0.7533 dt_sec=0.74 cum_wall_sec=63.5
21:01:34 | INFO    | src.training.finetune | STEP step=770 loss=0.7604 dt_sec=0.75 cum_wall_sec=64.3
21:01:34 | INFO    | src.training.finetune | STEP step=780 loss=0.7655 dt_sec=0.73 cum_wall_sec=65.0
21:01:35 | INFO    | src.training.finetune | STEP step=790 loss=0.8148 dt_sec=0.75 cum_wall_sec=65.8
21:01:36 | INFO    | src.training.finetune | STEP step=800 loss=0.7795 dt_sec=0.75 cum_wall_sec=66.5
21:01:39 | INFO    | src.training.finetune | STEP step=810 loss=0.7962 dt_sec=3.39 cum_wall_sec=69.9
21:01:40 | INFO    | src.training.finetune | STEP step=820 loss=0.7333 dt_sec=0.74 cum_wall_sec=70.7
21:01:41 | INFO    | src.training.finetune | STEP step=830 loss=0.7533 dt_sec=0.75 cum_wall_sec=71.4
21:01:42 | INFO    | src.training.finetune | STEP step=840 loss=0.7566 dt_sec=0.74 cum_wall_sec=72.2
21:01:42 | INFO    | src.training.finetune | STEP step=850 loss=0.7445 dt_sec=0.73 cum_wall_sec=72.9
21:01:43 | INFO    | src.training.finetune | STEP step=860 loss=0.7405 dt_sec=0.75 cum_wall_sec=73.6
21:01:44 | INFO    | src.training.finetune | STEP step=870 loss=0.7707 dt_sec=0.76 cum_wall_sec=74.4
21:01:45 | INFO    | src.training.finetune | STEP step=880 loss=0.7638 dt_sec=0.75 cum_wall_sec=75.1
21:01:45 | INFO    | src.training.finetune | STEP step=890 loss=0.7799 dt_sec=0.74 cum_wall_sec=75.9
21:01:46 | INFO    | src.training.finetune | STEP step=900 loss=0.7456 dt_sec=0.75 cum_wall_sec=76.6
21:01:47 | INFO    | src.training.finetune | STEP step=910 loss=0.7683 dt_sec=0.74 cum_wall_sec=77.4
21:01:48 | INFO    | src.training.finetune | STEP step=920 loss=0.7536 dt_sec=0.74 cum_wall_sec=78.1
21:01:48 | INFO    | src.training.finetune | STEP step=930 loss=0.7724 dt_sec=0.75 cum_wall_sec=78.9
21:01:49 | INFO    | src.training.finetune | STEP step=940 loss=0.7541 dt_sec=0.75 cum_wall_sec=79.6
21:01:50 | INFO    | src.training.finetune | STEP step=950 loss=0.7496 dt_sec=0.75 cum_wall_sec=80.4
21:01:51 | INFO    | src.training.finetune | STEP step=960 loss=0.7210 dt_sec=0.74 cum_wall_sec=81.1
21:01:51 | INFO    | src.training.finetune | STEP step=970 loss=0.7506 dt_sec=0.74 cum_wall_sec=81.8
21:01:52 | INFO    | src.training.finetune | STEP step=980 loss=0.7710 dt_sec=0.74 cum_wall_sec=82.6
21:01:53 | INFO    | src.training.finetune | STEP step=990 loss=0.7886 dt_sec=0.74 cum_wall_sec=83.3
21:01:53 | INFO    | src.training.finetune | STEP step=1000 loss=0.7526 dt_sec=0.75 cum_wall_sec=84.1
21:01:57 | INFO    | src.training.finetune | STEP step=1010 loss=0.7237 dt_sec=3.17 cum_wall_sec=87.2
21:01:57 | INFO    | src.training.finetune | STEP step=1020 loss=0.7434 dt_sec=0.75 cum_wall_sec=88.0
21:01:58 | INFO    | src.training.finetune | STEP step=1030 loss=0.7256 dt_sec=0.74 cum_wall_sec=88.7
21:01:59 | INFO    | src.training.finetune | STEP step=1040 loss=0.7320 dt_sec=0.75 cum_wall_sec=89.5
21:02:00 | INFO    | src.training.finetune | STEP step=1050 loss=0.7368 dt_sec=0.75 cum_wall_sec=90.2
21:02:00 | INFO    | src.training.finetune | STEP step=1060 loss=0.6962 dt_sec=0.74 cum_wall_sec=91.0
21:02:01 | INFO    | src.training.finetune | STEP step=1070 loss=0.7480 dt_sec=0.75 cum_wall_sec=91.7
21:02:02 | INFO    | src.training.finetune | STEP step=1080 loss=0.7534 dt_sec=0.74 cum_wall_sec=92.5
21:02:03 | INFO    | src.training.finetune | STEP step=1090 loss=0.7410 dt_sec=0.74 cum_wall_sec=93.2
21:02:03 | INFO    | src.training.finetune | STEP step=1100 loss=0.6916 dt_sec=0.75 cum_wall_sec=93.9
21:02:04 | INFO    | src.training.finetune | STEP step=1110 loss=0.7625 dt_sec=0.76 cum_wall_sec=94.7
21:02:05 | INFO    | src.training.finetune | STEP step=1120 loss=0.7750 dt_sec=0.74 cum_wall_sec=95.4
21:02:06 | INFO    | src.training.finetune | STEP step=1130 loss=0.7600 dt_sec=0.74 cum_wall_sec=96.2
21:02:06 | INFO    | src.training.finetune | STEP step=1140 loss=0.7105 dt_sec=0.74 cum_wall_sec=96.9
21:02:07 | INFO    | src.training.finetune | STEP step=1150 loss=0.7380 dt_sec=0.75 cum_wall_sec=97.7
21:02:08 | INFO    | src.training.finetune | STEP step=1160 loss=0.7534 dt_sec=0.75 cum_wall_sec=98.4
21:02:09 | INFO    | src.training.finetune | STEP step=1170 loss=0.7239 dt_sec=0.74 cum_wall_sec=99.2
21:02:09 | INFO    | src.training.finetune | STEP step=1180 loss=0.7234 dt_sec=0.73 cum_wall_sec=99.9
21:02:10 | INFO    | src.training.finetune | STEP step=1190 loss=0.7473 dt_sec=0.75 cum_wall_sec=100.6
21:02:11 | INFO    | src.training.finetune | STEP step=1200 loss=0.7261 dt_sec=0.75 cum_wall_sec=101.4
21:02:14 | INFO    | src.training.finetune | STEP step=1210 loss=0.7102 dt_sec=3.17 cum_wall_sec=104.5
21:02:15 | INFO    | src.training.finetune | STEP step=1220 loss=0.6891 dt_sec=0.74 cum_wall_sec=105.3
21:02:15 | INFO    | src.training.finetune | STEP step=1230 loss=0.7341 dt_sec=0.74 cum_wall_sec=106.0
21:02:16 | INFO    | src.training.finetune | STEP step=1240 loss=0.7571 dt_sec=0.75 cum_wall_sec=106.8
21:02:17 | INFO    | src.training.finetune | STEP step=1250 loss=0.7492 dt_sec=0.74 cum_wall_sec=107.5
21:02:18 | INFO    | src.training.finetune | STEP step=1260 loss=0.7334 dt_sec=0.74 cum_wall_sec=108.3
21:02:18 | INFO    | src.training.finetune | STEP step=1270 loss=0.7388 dt_sec=0.74 cum_wall_sec=109.0
21:02:19 | INFO    | src.training.finetune | STEP step=1280 loss=0.7272 dt_sec=0.74 cum_wall_sec=109.7
21:02:20 | INFO    | src.training.finetune | STEP step=1290 loss=0.7146 dt_sec=0.74 cum_wall_sec=110.5
21:02:21 | INFO    | src.training.finetune | STEP step=1300 loss=0.7189 dt_sec=0.74 cum_wall_sec=111.2
21:02:21 | INFO    | src.training.finetune | STEP step=1310 loss=0.7382 dt_sec=0.75 cum_wall_sec=112.0
21:02:22 | INFO    | src.training.finetune | STEP step=1320 loss=0.7025 dt_sec=0.75 cum_wall_sec=112.7
21:02:23 | INFO    | src.training.finetune | STEP step=1330 loss=0.7193 dt_sec=0.74 cum_wall_sec=113.5
21:02:24 | INFO    | src.training.finetune | STEP step=1340 loss=0.7138 dt_sec=0.75 cum_wall_sec=114.2
21:02:24 | INFO    | src.training.finetune | STEP step=1350 loss=0.7094 dt_sec=0.75 cum_wall_sec=115.0
21:02:25 | INFO    | src.training.finetune | STEP step=1360 loss=0.6983 dt_sec=0.73 cum_wall_sec=115.7
21:02:26 | INFO    | src.training.finetune | STEP step=1370 loss=0.7165 dt_sec=0.76 cum_wall_sec=116.5
21:02:27 | INFO    | src.training.finetune | STEP step=1380 loss=0.7113 dt_sec=0.74 cum_wall_sec=117.2
21:02:27 | INFO    | src.training.finetune | STEP step=1390 loss=0.7556 dt_sec=0.76 cum_wall_sec=118.0
21:02:28 | INFO    | src.training.finetune | STEP step=1400 loss=0.7293 dt_sec=0.74 cum_wall_sec=118.7
21:02:31 | INFO    | src.training.finetune | STEP step=1410 loss=0.7083 dt_sec=3.14 cum_wall_sec=121.8
21:02:32 | INFO    | src.training.finetune | STEP step=1420 loss=0.7190 dt_sec=0.73 cum_wall_sec=122.6
21:02:33 | INFO    | src.training.finetune | STEP step=1430 loss=0.7183 dt_sec=0.75 cum_wall_sec=123.3
21:02:33 | INFO    | src.training.finetune | STEP step=1440 loss=0.7288 dt_sec=0.77 cum_wall_sec=124.1
21:02:34 | INFO    | src.training.finetune | STEP step=1450 loss=0.6991 dt_sec=0.74 cum_wall_sec=124.8
21:02:35 | INFO    | src.training.finetune | STEP step=1460 loss=0.7260 dt_sec=0.75 cum_wall_sec=125.6
21:02:36 | INFO    | src.training.finetune | STEP step=1470 loss=0.7168 dt_sec=0.75 cum_wall_sec=126.3
21:02:36 | INFO    | src.training.finetune | STEP step=1480 loss=0.7571 dt_sec=0.75 cum_wall_sec=127.1
21:02:37 | INFO    | src.training.finetune | STEP step=1490 loss=0.7134 dt_sec=0.74 cum_wall_sec=127.8
21:02:38 | INFO    | src.training.finetune | STEP step=1500 loss=0.6895 dt_sec=0.74 cum_wall_sec=128.6
21:02:39 | INFO    | src.training.finetune | STEP step=1510 loss=0.7169 dt_sec=0.75 cum_wall_sec=129.3
21:02:39 | INFO    | src.training.finetune | STEP step=1520 loss=0.7126 dt_sec=0.75 cum_wall_sec=130.0
21:02:40 | INFO    | src.training.finetune | STEP step=1530 loss=0.7117 dt_sec=0.74 cum_wall_sec=130.8
21:02:41 | INFO    | src.training.finetune | STEP step=1540 loss=0.7139 dt_sec=0.74 cum_wall_sec=131.5
21:02:42 | INFO    | src.training.finetune | STEP step=1550 loss=0.7003 dt_sec=0.75 cum_wall_sec=132.3
21:02:42 | INFO    | src.training.finetune | STEP step=1560 loss=0.7013 dt_sec=0.73 cum_wall_sec=133.0
21:02:43 | INFO    | src.training.finetune | STEP step=1570 loss=0.7089 dt_sec=0.74 cum_wall_sec=133.8
21:02:44 | INFO    | src.training.finetune | STEP step=1580 loss=0.7224 dt_sec=0.74 cum_wall_sec=134.5
21:02:45 | INFO    | src.training.finetune | STEP step=1590 loss=0.7084 dt_sec=0.75 cum_wall_sec=135.2
21:02:45 | INFO    | src.training.finetune | STEP step=1600 loss=0.7280 dt_sec=0.74 cum_wall_sec=136.0
21:02:49 | INFO    | src.training.finetune | STEP step=1610 loss=0.7080 dt_sec=3.16 cum_wall_sec=139.1
21:02:49 | INFO    | src.training.finetune | STEP step=1620 loss=0.7388 dt_sec=0.74 cum_wall_sec=139.9
21:02:50 | INFO    | src.training.finetune | STEP step=1630 loss=0.7045 dt_sec=0.74 cum_wall_sec=140.6
21:02:51 | INFO    | src.training.finetune | STEP step=1640 loss=0.7077 dt_sec=0.76 cum_wall_sec=141.4
21:02:52 | INFO    | src.training.finetune | STEP step=1650 loss=0.7133 dt_sec=0.75 cum_wall_sec=142.1
21:02:52 | INFO    | src.training.finetune | STEP step=1660 loss=0.7012 dt_sec=0.75 cum_wall_sec=142.9
21:02:53 | INFO    | src.training.finetune | STEP step=1670 loss=0.6971 dt_sec=0.73 cum_wall_sec=143.6
21:02:54 | INFO    | src.training.finetune | STEP step=1680 loss=0.7205 dt_sec=0.75 cum_wall_sec=144.4
21:02:54 | INFO    | src.training.finetune | STEP step=1690 loss=0.7164 dt_sec=0.73 cum_wall_sec=145.1
21:02:55 | INFO    | src.training.finetune | STEP step=1700 loss=0.6790 dt_sec=0.75 cum_wall_sec=145.8
21:02:56 | INFO    | src.training.finetune | STEP step=1710 loss=0.6989 dt_sec=0.75 cum_wall_sec=146.6
21:02:57 | INFO    | src.training.finetune | STEP step=1720 loss=0.7416 dt_sec=0.74 cum_wall_sec=147.3
21:02:57 | INFO    | src.training.finetune | STEP step=1730 loss=0.6880 dt_sec=0.75 cum_wall_sec=148.1
21:02:58 | INFO    | src.training.finetune | STEP step=1740 loss=0.6998 dt_sec=0.74 cum_wall_sec=148.8
21:02:59 | INFO    | src.training.finetune | STEP step=1750 loss=0.7445 dt_sec=0.75 cum_wall_sec=149.6
21:03:00 | INFO    | src.training.finetune | STEP step=1760 loss=0.7017 dt_sec=0.75 cum_wall_sec=150.3
21:03:00 | INFO    | src.training.finetune | STEP step=1770 loss=0.7080 dt_sec=0.73 cum_wall_sec=151.0
21:03:01 | INFO    | src.training.finetune | STEP step=1780 loss=0.6929 dt_sec=0.74 cum_wall_sec=151.8
21:03:02 | INFO    | src.training.finetune | STEP step=1790 loss=0.6375 dt_sec=0.75 cum_wall_sec=152.5
21:03:03 | INFO    | src.training.finetune | STEP step=1800 loss=0.6616 dt_sec=0.75 cum_wall_sec=153.3
21:03:07 | INFO    | src.training.finetune | STEP step=1810 loss=0.7341 dt_sec=3.85 cum_wall_sec=157.1
21:03:07 | INFO    | src.training.finetune | STEP step=1820 loss=0.7050 dt_sec=0.75 cum_wall_sec=157.9
21:03:08 | INFO    | src.training.finetune | STEP step=1830 loss=0.6631 dt_sec=0.73 cum_wall_sec=158.6
21:03:09 | INFO    | src.training.finetune | STEP step=1840 loss=0.6797 dt_sec=0.76 cum_wall_sec=159.4
21:03:10 | INFO    | src.training.finetune | STEP step=1850 loss=0.6220 dt_sec=0.73 cum_wall_sec=160.1
21:03:10 | INFO    | src.training.finetune | STEP step=1860 loss=0.6094 dt_sec=0.75 cum_wall_sec=160.9
21:03:11 | INFO    | src.training.finetune | STEP step=1870 loss=0.5710 dt_sec=0.74 cum_wall_sec=161.6
21:03:12 | INFO    | src.training.finetune | STEP step=1880 loss=0.5736 dt_sec=0.72 cum_wall_sec=162.3
21:03:12 | INFO    | src.training.finetune | STEP step=1890 loss=0.5018 dt_sec=0.71 cum_wall_sec=163.0
21:03:13 | INFO    | src.training.finetune | STEP step=1900 loss=0.5376 dt_sec=0.72 cum_wall_sec=163.7
21:03:14 | INFO    | src.training.finetune | STEP step=1910 loss=0.5275 dt_sec=0.70 cum_wall_sec=164.4
21:03:15 | INFO    | src.training.finetune | STEP step=1920 loss=0.4985 dt_sec=0.73 cum_wall_sec=165.2
21:03:15 | INFO    | src.training.finetune | STEP step=1930 loss=0.5608 dt_sec=0.71 cum_wall_sec=165.9
21:03:16 | INFO    | src.training.finetune | STEP step=1940 loss=0.4986 dt_sec=0.73 cum_wall_sec=166.6
21:03:17 | INFO    | src.training.finetune | STEP step=1950 loss=0.5347 dt_sec=0.72 cum_wall_sec=167.3
21:03:17 | INFO    | src.training.finetune | STEP step=1960 loss=0.4761 dt_sec=0.72 cum_wall_sec=168.0
21:03:18 | INFO    | src.training.finetune | STEP step=1970 loss=0.4981 dt_sec=0.72 cum_wall_sec=168.8
21:03:19 | INFO    | src.training.finetune | STEP step=1980 loss=0.4787 dt_sec=0.72 cum_wall_sec=169.5
21:03:20 | INFO    | src.training.finetune | STEP step=1990 loss=0.5130 dt_sec=0.71 cum_wall_sec=170.2
21:03:20 | INFO    | src.training.finetune | STEP step=2000 loss=0.5197 dt_sec=0.72 cum_wall_sec=170.9
21:03:23 | INFO    | src.training.finetune | STAGE=azerbaijani end ts=2026-09-08T21:03:23.413386+00:00 runtime_sec=174.2
21:03:24 | INFO    | src.training.finetune | Best checkpoint restored and verified: step 2000, val macro-F1 = 0.6203
