02:10:30 | INFO    | src.training.finetune |   [AZ mərhələsi] 20914 nümunə | 2 sinif | init=baza
02:10:30 | INFO    | src.training.finetune | Task head reset: modules=['sequence_summary'] params=2050 (encoder='transformer' untouched)
02:10:30 | INFO    | src.training.finetune | STAGE=azerbaijani start ts=2026-09-09T02:10:30.070515+00:00 n=20914 n_classes=2
02:10:32 | INFO    | src.training.finetune | STEP step=10 loss=5.1568 dt_sec=0.89 cum_wall_sec=0.9
02:10:32 | INFO    | src.training.finetune | STEP step=20 loss=3.3671 dt_sec=0.81 cum_wall_sec=1.7
02:10:33 | INFO    | src.training.finetune | STEP step=30 loss=2.4593 dt_sec=0.78 cum_wall_sec=2.5
02:10:34 | INFO    | src.training.finetune | STEP step=40 loss=2.3906 dt_sec=0.77 cum_wall_sec=3.2
02:10:35 | INFO    | src.training.finetune | STEP step=50 loss=2.4313 dt_sec=0.78 cum_wall_sec=4.0
02:10:36 | INFO    | src.training.finetune | STEP step=60 loss=2.5376 dt_sec=0.77 cum_wall_sec=4.8
02:10:36 | INFO    | src.training.finetune | STEP step=70 loss=2.3134 dt_sec=0.77 cum_wall_sec=5.6
02:10:37 | INFO    | src.training.finetune | STEP step=80 loss=1.7459 dt_sec=0.78 cum_wall_sec=6.3
02:10:38 | INFO    | src.training.finetune | STEP step=90 loss=2.3297 dt_sec=0.78 cum_wall_sec=7.1
02:10:39 | INFO    | src.training.finetune | STEP step=100 loss=1.9614 dt_sec=0.78 cum_wall_sec=7.9
02:10:39 | INFO    | src.training.finetune | STEP step=110 loss=2.1300 dt_sec=0.79 cum_wall_sec=8.7
02:10:40 | INFO    | src.training.finetune | STEP step=120 loss=1.5235 dt_sec=0.78 cum_wall_sec=9.5
02:10:41 | INFO    | src.training.finetune | STEP step=130 loss=1.2863 dt_sec=0.78 cum_wall_sec=10.3
02:10:42 | INFO    | src.training.finetune | STEP step=140 loss=1.5369 dt_sec=0.76 cum_wall_sec=11.0
02:10:43 | INFO    | src.training.finetune | STEP step=150 loss=1.6997 dt_sec=0.79 cum_wall_sec=11.8
02:10:43 | INFO    | src.training.finetune | STEP step=160 loss=1.4733 dt_sec=0.78 cum_wall_sec=12.6
02:10:44 | INFO    | src.training.finetune | STEP step=170 loss=1.3465 dt_sec=0.79 cum_wall_sec=13.4
02:10:45 | INFO    | src.training.finetune | STEP step=180 loss=1.7096 dt_sec=0.79 cum_wall_sec=14.2
02:10:46 | INFO    | src.training.finetune | STEP step=190 loss=1.3871 dt_sec=0.78 cum_wall_sec=14.9
02:10:46 | INFO    | src.training.finetune | STEP step=200 loss=2.0318 dt_sec=0.78 cum_wall_sec=15.7
02:10:49 | INFO    | src.training.finetune | STEP step=210 loss=1.0706 dt_sec=3.06 cum_wall_sec=18.8
02:10:50 | INFO    | src.training.finetune | STEP step=220 loss=1.3789 dt_sec=0.79 cum_wall_sec=19.6
02:10:51 | INFO    | src.training.finetune | STEP step=230 loss=1.1583 dt_sec=0.77 cum_wall_sec=20.3
02:10:52 | INFO    | src.training.finetune | STEP step=240 loss=1.0938 dt_sec=0.79 cum_wall_sec=21.1
02:10:53 | INFO    | src.training.finetune | STEP step=250 loss=1.0261 dt_sec=0.79 cum_wall_sec=21.9
02:10:53 | INFO    | src.training.finetune | STEP step=260 loss=1.3857 dt_sec=0.77 cum_wall_sec=22.7
02:10:54 | INFO    | src.training.finetune | STEP step=270 loss=1.1151 dt_sec=0.79 cum_wall_sec=23.5
02:10:55 | INFO    | src.training.finetune | STEP step=280 loss=0.9523 dt_sec=0.78 cum_wall_sec=24.3
02:10:56 | INFO    | src.training.finetune | STEP step=290 loss=1.2094 dt_sec=0.78 cum_wall_sec=25.1
02:10:57 | INFO    | src.training.finetune | STEP step=300 loss=0.9186 dt_sec=0.77 cum_wall_sec=25.8
02:10:57 | INFO    | src.training.finetune | STEP step=310 loss=1.0023 dt_sec=0.77 cum_wall_sec=26.6
02:10:58 | INFO    | src.training.finetune | STEP step=320 loss=0.9464 dt_sec=0.80 cum_wall_sec=27.4
02:10:59 | INFO    | src.training.finetune | STEP step=330 loss=0.9931 dt_sec=0.78 cum_wall_sec=28.2
02:11:00 | INFO    | src.training.finetune | STEP step=340 loss=1.0711 dt_sec=0.77 cum_wall_sec=28.9
02:11:00 | INFO    | src.training.finetune | STEP step=350 loss=1.0541 dt_sec=0.77 cum_wall_sec=29.7
02:11:01 | INFO    | src.training.finetune | STEP step=360 loss=1.1139 dt_sec=0.78 cum_wall_sec=30.5
02:11:02 | INFO    | src.training.finetune | STEP step=370 loss=0.9193 dt_sec=0.78 cum_wall_sec=31.3
02:11:03 | INFO    | src.training.finetune | STEP step=380 loss=1.0071 dt_sec=0.77 cum_wall_sec=32.0
02:11:04 | INFO    | src.training.finetune | STEP step=390 loss=0.9251 dt_sec=0.77 cum_wall_sec=32.8
02:11:04 | INFO    | src.training.finetune | STEP step=400 loss=0.8560 dt_sec=0.78 cum_wall_sec=33.6
02:11:08 | INFO    | src.training.finetune | STEP step=410 loss=0.8698 dt_sec=3.24 cum_wall_sec=36.8
02:11:08 | INFO    | src.training.finetune | STEP step=420 loss=0.8418 dt_sec=0.78 cum_wall_sec=37.6
02:11:09 | INFO    | src.training.finetune | STEP step=430 loss=0.8777 dt_sec=0.78 cum_wall_sec=38.4
02:11:10 | INFO    | src.training.finetune | STEP step=440 loss=0.8555 dt_sec=0.77 cum_wall_sec=39.2
02:11:11 | INFO    | src.training.finetune | STEP step=450 loss=1.0163 dt_sec=0.78 cum_wall_sec=40.0
02:11:11 | INFO    | src.training.finetune | STEP step=460 loss=0.8359 dt_sec=0.77 cum_wall_sec=40.7
02:11:12 | INFO    | src.training.finetune | STEP step=470 loss=0.8461 dt_sec=0.78 cum_wall_sec=41.5
02:11:13 | INFO    | src.training.finetune | STEP step=480 loss=0.7514 dt_sec=0.79 cum_wall_sec=42.3
02:11:14 | INFO    | src.training.finetune | STEP step=490 loss=0.6916 dt_sec=0.77 cum_wall_sec=43.1
02:11:15 | INFO    | src.training.finetune | STEP step=500 loss=0.8112 dt_sec=0.78 cum_wall_sec=43.8
02:11:15 | INFO    | src.training.finetune | STEP step=510 loss=0.7299 dt_sec=0.79 cum_wall_sec=44.6
02:11:16 | INFO    | src.training.finetune | STEP step=520 loss=0.6909 dt_sec=0.78 cum_wall_sec=45.4
02:11:17 | INFO    | src.training.finetune | STEP step=530 loss=0.7297 dt_sec=0.79 cum_wall_sec=46.2
02:11:18 | INFO    | src.training.finetune | STEP step=540 loss=0.7466 dt_sec=0.78 cum_wall_sec=47.0
02:11:18 | INFO    | src.training.finetune | STEP step=550 loss=0.7984 dt_sec=0.76 cum_wall_sec=47.7
02:11:19 | INFO    | src.training.finetune | STEP step=560 loss=1.0254 dt_sec=0.77 cum_wall_sec=48.5
02:11:20 | INFO    | src.training.finetune | STEP step=570 loss=0.7331 dt_sec=0.78 cum_wall_sec=49.3
02:11:21 | INFO    | src.training.finetune | STEP step=580 loss=0.7407 dt_sec=0.78 cum_wall_sec=50.1
02:11:22 | INFO    | src.training.finetune | STEP step=590 loss=0.7206 dt_sec=0.77 cum_wall_sec=50.9
02:11:22 | INFO    | src.training.finetune | STEP step=600 loss=0.7845 dt_sec=0.77 cum_wall_sec=51.6
02:11:26 | INFO    | src.training.finetune | STEP step=610 loss=0.7520 dt_sec=3.20 cum_wall_sec=54.8
02:11:26 | INFO    | src.training.finetune | STEP step=620 loss=0.8266 dt_sec=0.78 cum_wall_sec=55.6
02:11:27 | INFO    | src.training.finetune | STEP step=630 loss=0.6726 dt_sec=0.78 cum_wall_sec=56.4
02:11:28 | INFO    | src.training.finetune | STEP step=640 loss=0.7164 dt_sec=0.79 cum_wall_sec=57.2
02:11:29 | INFO    | src.training.finetune | STEP step=650 loss=0.6986 dt_sec=0.78 cum_wall_sec=57.9
02:11:29 | INFO    | src.training.finetune | STEP step=660 loss=0.6835 dt_sec=0.76 cum_wall_sec=58.7
02:11:30 | INFO    | src.training.finetune | STEP step=670 loss=0.6584 dt_sec=0.79 cum_wall_sec=59.5
02:11:31 | INFO    | src.training.finetune | STEP step=680 loss=0.6384 dt_sec=0.79 cum_wall_sec=60.3
02:11:32 | INFO    | src.training.finetune | STEP step=690 loss=0.6137 dt_sec=0.78 cum_wall_sec=61.1
02:11:33 | INFO    | src.training.finetune | STEP step=700 loss=0.6662 dt_sec=0.78 cum_wall_sec=61.9
02:11:33 | INFO    | src.training.finetune | STEP step=710 loss=0.6654 dt_sec=0.77 cum_wall_sec=62.6
02:11:34 | INFO    | src.training.finetune | STEP step=720 loss=0.6698 dt_sec=0.77 cum_wall_sec=63.4
02:11:35 | INFO    | src.training.finetune | STEP step=730 loss=0.6758 dt_sec=0.78 cum_wall_sec=64.2
02:11:36 | INFO    | src.training.finetune | STEP step=740 loss=0.6529 dt_sec=0.78 cum_wall_sec=65.0
02:11:36 | INFO    | src.training.finetune | STEP step=750 loss=0.6656 dt_sec=0.76 cum_wall_sec=65.7
02:11:37 | INFO    | src.training.finetune | STEP step=760 loss=0.6291 dt_sec=0.79 cum_wall_sec=66.5
02:11:38 | INFO    | src.training.finetune | STEP step=770 loss=0.6543 dt_sec=0.78 cum_wall_sec=67.3
02:11:39 | INFO    | src.training.finetune | STEP step=780 loss=0.5681 dt_sec=0.79 cum_wall_sec=68.1
02:11:40 | INFO    | src.training.finetune | STEP step=790 loss=0.6194 dt_sec=0.78 cum_wall_sec=68.9
02:11:40 | INFO    | src.training.finetune | STEP step=800 loss=0.6063 dt_sec=0.77 cum_wall_sec=69.6
02:11:44 | INFO    | src.training.finetune | STEP step=810 loss=0.5997 dt_sec=3.19 cum_wall_sec=72.8
02:11:44 | INFO    | src.training.finetune | STEP step=820 loss=0.6015 dt_sec=0.78 cum_wall_sec=73.6
02:11:45 | INFO    | src.training.finetune | STEP step=830 loss=0.6543 dt_sec=0.78 cum_wall_sec=74.4
02:11:46 | INFO    | src.training.finetune | STEP step=840 loss=0.6520 dt_sec=0.77 cum_wall_sec=75.1
02:11:47 | INFO    | src.training.finetune | STEP step=850 loss=0.6026 dt_sec=0.78 cum_wall_sec=75.9
02:11:47 | INFO    | src.training.finetune | STEP step=860 loss=0.6194 dt_sec=0.77 cum_wall_sec=76.7
02:11:48 | INFO    | src.training.finetune | STEP step=870 loss=0.6589 dt_sec=0.78 cum_wall_sec=77.5
02:11:49 | INFO    | src.training.finetune | STEP step=880 loss=0.7161 dt_sec=0.79 cum_wall_sec=78.3
02:11:50 | INFO    | src.training.finetune | STEP step=890 loss=0.5624 dt_sec=0.78 cum_wall_sec=79.1
02:11:51 | INFO    | src.training.finetune | STEP step=900 loss=0.6155 dt_sec=0.79 cum_wall_sec=79.8
02:11:51 | INFO    | src.training.finetune | STEP step=910 loss=0.6026 dt_sec=0.78 cum_wall_sec=80.6
02:11:52 | INFO    | src.training.finetune | STEP step=920 loss=0.6424 dt_sec=0.79 cum_wall_sec=81.4
02:11:53 | INFO    | src.training.finetune | STEP step=930 loss=0.5925 dt_sec=0.77 cum_wall_sec=82.2
02:11:54 | INFO    | src.training.finetune | STEP step=940 loss=0.5818 dt_sec=0.78 cum_wall_sec=83.0
02:11:54 | INFO    | src.training.finetune | STEP step=950 loss=0.5207 dt_sec=0.78 cum_wall_sec=83.7
02:11:55 | INFO    | src.training.finetune | STEP step=960 loss=0.6188 dt_sec=0.80 cum_wall_sec=84.5
02:11:56 | INFO    | src.training.finetune | STEP step=970 loss=0.6194 dt_sec=0.78 cum_wall_sec=85.3
02:11:57 | INFO    | src.training.finetune | STEP step=980 loss=0.6548 dt_sec=0.77 cum_wall_sec=86.1
02:11:58 | INFO    | src.training.finetune | STEP step=990 loss=0.5593 dt_sec=0.78 cum_wall_sec=86.9
02:11:58 | INFO    | src.training.finetune | STEP step=1000 loss=0.6276 dt_sec=0.78 cum_wall_sec=87.7
02:12:01 | INFO    | src.training.finetune | STEP step=1010 loss=0.7313 dt_sec=3.11 cum_wall_sec=90.8
02:12:02 | INFO    | src.training.finetune | STEP step=1020 loss=0.6373 dt_sec=0.78 cum_wall_sec=91.6
02:12:03 | INFO    | src.training.finetune | STEP step=1030 loss=0.6382 dt_sec=0.76 cum_wall_sec=92.3
02:12:04 | INFO    | src.training.finetune | STEP step=1040 loss=0.5767 dt_sec=0.78 cum_wall_sec=93.1
02:12:05 | INFO    | src.training.finetune | STEP step=1050 loss=0.6578 dt_sec=0.79 cum_wall_sec=93.9
02:12:05 | INFO    | src.training.finetune | STEP step=1060 loss=0.5463 dt_sec=0.79 cum_wall_sec=94.7
02:12:06 | INFO    | src.training.finetune | STEP step=1070 loss=0.6137 dt_sec=0.77 cum_wall_sec=95.4
02:12:07 | INFO    | src.training.finetune | STEP step=1080 loss=0.5890 dt_sec=0.78 cum_wall_sec=96.2
02:12:08 | INFO    | src.training.finetune | STEP step=1090 loss=0.5013 dt_sec=0.78 cum_wall_sec=97.0
02:12:09 | INFO    | src.training.finetune | STEP step=1100 loss=0.6393 dt_sec=0.78 cum_wall_sec=97.8
02:12:09 | INFO    | src.training.finetune | STEP step=1110 loss=0.6088 dt_sec=0.78 cum_wall_sec=98.6
02:12:10 | INFO    | src.training.finetune | STEP step=1120 loss=0.5970 dt_sec=0.77 cum_wall_sec=99.3
02:12:11 | INFO    | src.training.finetune | STEP step=1130 loss=0.5929 dt_sec=0.77 cum_wall_sec=100.1
02:12:12 | INFO    | src.training.finetune | STEP step=1140 loss=0.6444 dt_sec=0.77 cum_wall_sec=100.9
02:12:12 | INFO    | src.training.finetune | STEP step=1150 loss=0.5892 dt_sec=0.77 cum_wall_sec=101.6
02:12:13 | INFO    | src.training.finetune | STEP step=1160 loss=0.5406 dt_sec=0.78 cum_wall_sec=102.4
02:12:14 | INFO    | src.training.finetune | STEP step=1170 loss=0.5500 dt_sec=0.77 cum_wall_sec=103.2
02:12:15 | INFO    | src.training.finetune | STEP step=1180 loss=0.5700 dt_sec=0.77 cum_wall_sec=104.0
02:12:15 | INFO    | src.training.finetune | STEP step=1190 loss=0.5819 dt_sec=0.78 cum_wall_sec=104.7
02:12:16 | INFO    | src.training.finetune | STEP step=1200 loss=0.5223 dt_sec=0.77 cum_wall_sec=105.5
02:12:21 | INFO    | src.training.finetune | STEP step=1210 loss=0.5844 dt_sec=4.31 cum_wall_sec=109.8
02:12:21 | INFO    | src.training.finetune | STEP step=1220 loss=0.5301 dt_sec=0.78 cum_wall_sec=110.6
02:12:22 | INFO    | src.training.finetune | STEP step=1230 loss=0.4916 dt_sec=0.77 cum_wall_sec=111.4
02:12:23 | INFO    | src.training.finetune | STEP step=1240 loss=0.6174 dt_sec=0.79 cum_wall_sec=112.2
02:12:24 | INFO    | src.training.finetune | STEP step=1250 loss=0.5562 dt_sec=0.77 cum_wall_sec=112.9
02:12:24 | INFO    | src.training.finetune | STEP step=1260 loss=0.5923 dt_sec=0.77 cum_wall_sec=113.7
02:12:25 | INFO    | src.training.finetune | STEP step=1270 loss=0.4984 dt_sec=0.77 cum_wall_sec=114.5
02:12:26 | INFO    | src.training.finetune | STEP step=1280 loss=0.5479 dt_sec=0.77 cum_wall_sec=115.2
02:12:27 | INFO    | src.training.finetune | STEP step=1290 loss=0.5298 dt_sec=0.79 cum_wall_sec=116.0
02:12:28 | INFO    | src.training.finetune | STEP step=1300 loss=0.5117 dt_sec=0.78 cum_wall_sec=116.8
02:12:28 | INFO    | src.training.finetune | STEP step=1310 loss=0.5338 dt_sec=0.78 cum_wall_sec=117.6
02:12:29 | INFO    | src.training.finetune | STEP step=1320 loss=0.4965 dt_sec=0.79 cum_wall_sec=118.4
02:12:30 | INFO    | src.training.finetune | STEP step=1330 loss=0.4530 dt_sec=0.77 cum_wall_sec=119.2
02:12:31 | INFO    | src.training.finetune | STEP step=1340 loss=0.4059 dt_sec=0.79 cum_wall_sec=119.9
02:12:31 | INFO    | src.training.finetune | STEP step=1350 loss=0.4732 dt_sec=0.78 cum_wall_sec=120.7
02:12:32 | INFO    | src.training.finetune | STEP step=1360 loss=0.4518 dt_sec=0.77 cum_wall_sec=121.5
02:12:33 | INFO    | src.training.finetune | STEP step=1370 loss=0.5203 dt_sec=0.78 cum_wall_sec=122.3
02:12:34 | INFO    | src.training.finetune | STEP step=1380 loss=0.5745 dt_sec=0.79 cum_wall_sec=123.1
02:12:35 | INFO    | src.training.finetune | STEP step=1390 loss=0.4949 dt_sec=0.78 cum_wall_sec=123.8
02:12:35 | INFO    | src.training.finetune | STEP step=1400 loss=0.4554 dt_sec=0.78 cum_wall_sec=124.6
02:12:39 | INFO    | src.training.finetune | STEP step=1410 loss=0.5161 dt_sec=3.23 cum_wall_sec=127.9
02:12:39 | INFO    | src.training.finetune | STEP step=1420 loss=0.4831 dt_sec=0.78 cum_wall_sec=128.6
02:12:40 | INFO    | src.training.finetune | STEP step=1430 loss=0.5471 dt_sec=0.77 cum_wall_sec=129.4
02:12:41 | INFO    | src.training.finetune | STEP step=1440 loss=0.4434 dt_sec=0.77 cum_wall_sec=130.2
02:12:42 | INFO    | src.training.finetune | STEP step=1450 loss=0.5372 dt_sec=0.78 cum_wall_sec=131.0
02:12:42 | INFO    | src.training.finetune | STEP step=1460 loss=0.4230 dt_sec=0.76 cum_wall_sec=131.7
02:12:43 | INFO    | src.training.finetune | STEP step=1470 loss=0.4739 dt_sec=0.77 cum_wall_sec=132.5
02:12:44 | INFO    | src.training.finetune | STEP step=1480 loss=0.4495 dt_sec=0.79 cum_wall_sec=133.3
02:12:45 | INFO    | src.training.finetune | STEP step=1490 loss=0.5012 dt_sec=0.79 cum_wall_sec=134.1
02:12:46 | INFO    | src.training.finetune | STEP step=1500 loss=0.4647 dt_sec=0.79 cum_wall_sec=134.9
02:12:46 | INFO    | src.training.finetune | STEP step=1510 loss=0.4346 dt_sec=0.78 cum_wall_sec=135.6
02:12:47 | INFO    | src.training.finetune | STEP step=1520 loss=0.4119 dt_sec=0.77 cum_wall_sec=136.4
02:12:48 | INFO    | src.training.finetune | STEP step=1530 loss=0.4463 dt_sec=0.77 cum_wall_sec=137.2
02:12:49 | INFO    | src.training.finetune | STEP step=1540 loss=0.4640 dt_sec=0.77 cum_wall_sec=137.9
02:12:49 | INFO    | src.training.finetune | STEP step=1550 loss=0.3831 dt_sec=0.78 cum_wall_sec=138.7
02:12:50 | INFO    | src.training.finetune | STEP step=1560 loss=0.4384 dt_sec=0.78 cum_wall_sec=139.5
02:12:51 | INFO    | src.training.finetune | STEP step=1570 loss=0.4223 dt_sec=0.78 cum_wall_sec=140.3
02:12:52 | INFO    | src.training.finetune | STEP step=1580 loss=0.4714 dt_sec=0.77 cum_wall_sec=141.1
02:12:53 | INFO    | src.training.finetune | STEP step=1590 loss=0.4692 dt_sec=0.78 cum_wall_sec=141.8
02:12:53 | INFO    | src.training.finetune | STEP step=1600 loss=0.4045 dt_sec=0.78 cum_wall_sec=142.6
02:12:57 | INFO    | src.training.finetune | STEP step=1610 loss=0.4251 dt_sec=3.23 cum_wall_sec=145.8
02:12:57 | INFO    | src.training.finetune | STEP step=1620 loss=0.4131 dt_sec=0.78 cum_wall_sec=146.6
02:12:58 | INFO    | src.training.finetune | STEP step=1630 loss=0.4803 dt_sec=0.78 cum_wall_sec=147.4
02:12:59 | INFO    | src.training.finetune | STEP step=1640 loss=0.4702 dt_sec=0.78 cum_wall_sec=148.2
02:13:00 | INFO    | src.training.finetune | STEP step=1650 loss=0.5029 dt_sec=0.78 cum_wall_sec=149.0
02:13:00 | INFO    | src.training.finetune | STEP step=1660 loss=0.4856 dt_sec=0.78 cum_wall_sec=149.8
02:13:01 | INFO    | src.training.finetune | STEP step=1670 loss=0.4240 dt_sec=0.78 cum_wall_sec=150.5
02:13:02 | INFO    | src.training.finetune | STEP step=1680 loss=0.3935 dt_sec=0.78 cum_wall_sec=151.3
02:13:03 | INFO    | src.training.finetune | STEP step=1690 loss=0.4882 dt_sec=0.78 cum_wall_sec=152.1
02:13:04 | INFO    | src.training.finetune | STEP step=1700 loss=0.4523 dt_sec=0.79 cum_wall_sec=152.9
02:13:04 | INFO    | src.training.finetune | STEP step=1710 loss=0.4472 dt_sec=0.78 cum_wall_sec=153.7
02:13:05 | INFO    | src.training.finetune | STEP step=1720 loss=0.4985 dt_sec=0.79 cum_wall_sec=154.5
02:13:06 | INFO    | src.training.finetune | STEP step=1730 loss=0.4280 dt_sec=0.77 cum_wall_sec=155.2
02:13:07 | INFO    | src.training.finetune | STEP step=1740 loss=0.3980 dt_sec=0.78 cum_wall_sec=156.0
02:13:08 | INFO    | src.training.finetune | STEP step=1750 loss=0.4146 dt_sec=0.77 cum_wall_sec=156.8
02:13:08 | INFO    | src.training.finetune | STEP step=1760 loss=0.4715 dt_sec=0.78 cum_wall_sec=157.6
02:13:09 | INFO    | src.training.finetune | STEP step=1770 loss=0.4514 dt_sec=0.79 cum_wall_sec=158.3
02:13:10 | INFO    | src.training.finetune | STEP step=1780 loss=0.4478 dt_sec=0.79 cum_wall_sec=159.1
02:13:11 | INFO    | src.training.finetune | STEP step=1790 loss=0.4488 dt_sec=0.77 cum_wall_sec=159.9
02:13:11 | INFO    | src.training.finetune | STEP step=1800 loss=0.4279 dt_sec=0.79 cum_wall_sec=160.7
02:13:15 | INFO    | src.training.finetune | STEP step=1810 loss=0.4152 dt_sec=3.18 cum_wall_sec=163.9
02:13:15 | INFO    | src.training.finetune | STEP step=1820 loss=0.4511 dt_sec=0.81 cum_wall_sec=164.7
02:13:16 | INFO    | src.training.finetune | STEP step=1830 loss=0.4459 dt_sec=0.79 cum_wall_sec=165.5
02:13:17 | INFO    | src.training.finetune | STEP step=1840 loss=0.4785 dt_sec=0.77 cum_wall_sec=166.2
02:13:18 | INFO    | src.training.finetune | STEP step=1850 loss=0.4313 dt_sec=0.78 cum_wall_sec=167.0
02:13:19 | INFO    | src.training.finetune | STEP step=1860 loss=0.3900 dt_sec=0.77 cum_wall_sec=167.8
02:13:19 | INFO    | src.training.finetune | STEP step=1870 loss=0.3906 dt_sec=0.77 cum_wall_sec=168.6
02:13:20 | INFO    | src.training.finetune | STEP step=1880 loss=0.4195 dt_sec=0.78 cum_wall_sec=169.3
02:13:21 | INFO    | src.training.finetune | STEP step=1890 loss=0.3470 dt_sec=0.78 cum_wall_sec=170.1
02:13:22 | INFO    | src.training.finetune | STEP step=1900 loss=0.4422 dt_sec=0.80 cum_wall_sec=170.9
02:13:22 | INFO    | src.training.finetune | STEP step=1910 loss=0.4120 dt_sec=0.78 cum_wall_sec=171.7
02:13:23 | INFO    | src.training.finetune | STEP step=1920 loss=0.4536 dt_sec=0.77 cum_wall_sec=172.5
02:13:24 | INFO    | src.training.finetune | STEP step=1930 loss=0.4086 dt_sec=0.78 cum_wall_sec=173.3
02:13:25 | INFO    | src.training.finetune | STEP step=1940 loss=0.4809 dt_sec=0.77 cum_wall_sec=174.0
02:13:26 | INFO    | src.training.finetune | STEP step=1950 loss=0.3952 dt_sec=0.78 cum_wall_sec=174.8
02:13:26 | INFO    | src.training.finetune | STEP step=1960 loss=0.3619 dt_sec=0.79 cum_wall_sec=175.6
02:13:27 | INFO    | src.training.finetune | STEP step=1970 loss=0.4171 dt_sec=0.78 cum_wall_sec=176.4
02:13:28 | INFO    | src.training.finetune | STEP step=1980 loss=0.4115 dt_sec=0.77 cum_wall_sec=177.1
02:13:29 | INFO    | src.training.finetune | STEP step=1990 loss=0.4053 dt_sec=0.78 cum_wall_sec=177.9
02:13:29 | INFO    | src.training.finetune | STEP step=2000 loss=0.3581 dt_sec=0.79 cum_wall_sec=178.7
02:13:32 | INFO    | src.training.finetune | STAGE=azerbaijani end ts=2026-09-09T02:13:32.572115+00:00 runtime_sec=182.5
02:13:34 | INFO    | src.training.finetune | Best checkpoint restored and verified: step 2000, val macro-F1 = 0.7671
