00:59:09 | INFO    | src.training.finetune | STAGE=turkish_intermediate cache_hit=true ts=2026-09-09T00:59:09.195674+00:00 path=artifacts/tr_stage_cache/base=xlm15__tok=original__tr=scrambled__seed=2024__2843afe347b8d52d
00:59:09 | INFO    | src.training.finetune |   [AZ mərhələsi] 500 nümunə | 2 sinif | init=TR checkpoint
00:59:09 | INFO    | src.training.finetune | Task head reset: modules=['sequence_summary'] params=2050 (encoder='transformer' untouched)
00:59:09 | INFO    | src.training.finetune | STAGE=azerbaijani start ts=2026-09-09T00:59:09.292245+00:00 n=500 n_classes=2
00:59:12 | INFO    | src.training.finetune | STEP step=10 loss=3.4415 dt_sec=0.88 cum_wall_sec=0.9
00:59:13 | INFO    | src.training.finetune | STEP step=20 loss=1.6087 dt_sec=0.81 cum_wall_sec=1.7
00:59:13 | INFO    | src.training.finetune | STEP step=30 loss=1.2393 dt_sec=0.82 cum_wall_sec=2.5
00:59:14 | INFO    | src.training.finetune | STEP step=40 loss=1.0236 dt_sec=0.82 cum_wall_sec=3.3
00:59:15 | INFO    | src.training.finetune | STEP step=50 loss=1.0772 dt_sec=0.80 cum_wall_sec=4.1
00:59:16 | INFO    | src.training.finetune | STEP step=60 loss=0.8851 dt_sec=0.81 cum_wall_sec=4.9
00:59:17 | INFO    | src.training.finetune | STEP step=70 loss=0.9807 dt_sec=0.81 cum_wall_sec=5.7
00:59:17 | INFO    | src.training.finetune | STEP step=80 loss=1.0420 dt_sec=0.81 cum_wall_sec=6.6
00:59:18 | INFO    | src.training.finetune | STEP step=90 loss=1.1782 dt_sec=0.84 cum_wall_sec=7.4
00:59:19 | INFO    | src.training.finetune | STEP step=100 loss=1.1767 dt_sec=0.83 cum_wall_sec=8.2
00:59:20 | INFO    | src.training.finetune | STEP step=110 loss=1.1362 dt_sec=0.85 cum_wall_sec=9.1
00:59:21 | INFO    | src.training.finetune | STEP step=120 loss=0.8818 dt_sec=0.83 cum_wall_sec=9.9
00:59:22 | INFO    | src.training.finetune | STEP step=130 loss=1.0120 dt_sec=0.82 cum_wall_sec=10.7
00:59:23 | INFO    | src.training.finetune | STEP step=140 loss=0.7329 dt_sec=0.84 cum_wall_sec=11.6
00:59:23 | INFO    | src.training.finetune | STEP step=150 loss=0.7574 dt_sec=0.82 cum_wall_sec=12.4
00:59:24 | INFO    | src.training.finetune | STEP step=160 loss=0.9791 dt_sec=0.82 cum_wall_sec=13.2
00:59:25 | INFO    | src.training.finetune | STEP step=170 loss=0.7066 dt_sec=0.83 cum_wall_sec=14.0
00:59:26 | INFO    | src.training.finetune | STEP step=180 loss=0.7017 dt_sec=0.84 cum_wall_sec=14.9
00:59:27 | INFO    | src.training.finetune | STEP step=190 loss=1.0291 dt_sec=0.83 cum_wall_sec=15.7
00:59:27 | INFO    | src.training.finetune | STEP step=200 loss=0.7893 dt_sec=0.82 cum_wall_sec=16.5
00:59:31 | INFO    | src.training.finetune | STEP step=210 loss=0.6067 dt_sec=3.67 cum_wall_sec=20.2
00:59:32 | INFO    | src.training.finetune | STEP step=220 loss=0.8105 dt_sec=0.83 cum_wall_sec=21.0
00:59:33 | INFO    | src.training.finetune | STEP step=230 loss=0.9128 dt_sec=0.85 cum_wall_sec=21.9
00:59:34 | INFO    | src.training.finetune | STEP step=240 loss=0.5118 dt_sec=0.83 cum_wall_sec=22.7
00:59:35 | INFO    | src.training.finetune | STEP step=250 loss=0.3768 dt_sec=0.85 cum_wall_sec=23.6
00:59:35 | INFO    | src.training.finetune | STEP step=260 loss=0.3585 dt_sec=0.83 cum_wall_sec=24.4
00:59:36 | INFO    | src.training.finetune | STEP step=270 loss=0.4419 dt_sec=0.82 cum_wall_sec=25.2
00:59:37 | INFO    | src.training.finetune | STEP step=280 loss=0.1431 dt_sec=0.79 cum_wall_sec=26.0
00:59:38 | INFO    | src.training.finetune | STEP step=290 loss=0.2251 dt_sec=0.81 cum_wall_sec=26.8
00:59:39 | INFO    | src.training.finetune | STEP step=300 loss=0.2493 dt_sec=0.81 cum_wall_sec=27.6
00:59:39 | INFO    | src.training.finetune | STEP step=310 loss=0.0597 dt_sec=0.81 cum_wall_sec=28.4
00:59:40 | INFO    | src.training.finetune | STEP step=320 loss=0.1392 dt_sec=0.80 cum_wall_sec=29.2
00:59:41 | INFO    | src.training.finetune | STEP step=330 loss=0.1248 dt_sec=0.81 cum_wall_sec=30.0
00:59:42 | INFO    | src.training.finetune | STEP step=340 loss=0.0903 dt_sec=0.81 cum_wall_sec=30.9
00:59:43 | INFO    | src.training.finetune | STEP step=350 loss=0.2168 dt_sec=0.80 cum_wall_sec=31.7
00:59:43 | INFO    | src.training.finetune | STEP step=360 loss=0.0604 dt_sec=0.80 cum_wall_sec=32.5
00:59:44 | INFO    | src.training.finetune | STEP step=370 loss=0.2289 dt_sec=0.78 cum_wall_sec=33.2
00:59:45 | INFO    | src.training.finetune | STEP step=380 loss=0.1605 dt_sec=0.78 cum_wall_sec=34.0
00:59:46 | INFO    | src.training.finetune | STEP step=390 loss=0.0412 dt_sec=0.78 cum_wall_sec=34.8
00:59:47 | INFO    | src.training.finetune | STEP step=400 loss=0.0488 dt_sec=0.77 cum_wall_sec=35.6
00:59:50 | INFO    | src.training.finetune | STEP step=410 loss=0.0816 dt_sec=3.92 cum_wall_sec=39.5
00:59:51 | INFO    | src.training.finetune | STEP step=420 loss=0.0703 dt_sec=0.84 cum_wall_sec=40.3
00:59:52 | INFO    | src.training.finetune | STEP step=430 loss=0.2441 dt_sec=0.85 cum_wall_sec=41.2
00:59:53 | INFO    | src.training.finetune | STEP step=440 loss=0.0486 dt_sec=0.84 cum_wall_sec=42.0
00:59:54 | INFO    | src.training.finetune | STEP step=450 loss=0.1497 dt_sec=0.84 cum_wall_sec=42.9
00:59:55 | INFO    | src.training.finetune | STEP step=460 loss=0.0546 dt_sec=0.84 cum_wall_sec=43.7
00:59:55 | INFO    | src.training.finetune | STEP step=470 loss=0.0048 dt_sec=0.85 cum_wall_sec=44.5
00:59:56 | INFO    | src.training.finetune | STEP step=480 loss=0.1380 dt_sec=0.80 cum_wall_sec=45.4
00:59:57 | INFO    | src.training.finetune | STEP step=490 loss=0.0279 dt_sec=0.82 cum_wall_sec=46.2
00:59:58 | INFO    | src.training.finetune | STEP step=500 loss=0.0000 dt_sec=0.79 cum_wall_sec=47.0
00:59:59 | INFO    | src.training.finetune | STEP step=510 loss=0.0248 dt_sec=0.81 cum_wall_sec=47.8
01:00:00 | INFO    | src.training.finetune | STEP step=520 loss=0.0001 dt_sec=0.82 cum_wall_sec=48.6
01:00:00 | INFO    | src.training.finetune | STEP step=530 loss=0.0020 dt_sec=0.81 cum_wall_sec=49.4
01:00:01 | INFO    | src.training.finetune | STEP step=540 loss=0.0001 dt_sec=0.82 cum_wall_sec=50.2
01:00:02 | INFO    | src.training.finetune | STEP step=550 loss=0.2418 dt_sec=0.81 cum_wall_sec=51.0
01:00:03 | INFO    | src.training.finetune | STEP step=560 loss=0.0899 dt_sec=0.81 cum_wall_sec=51.8
01:00:04 | INFO    | src.training.finetune | STEP step=570 loss=0.0000 dt_sec=0.83 cum_wall_sec=52.7
01:00:04 | INFO    | src.training.finetune | STEP step=580 loss=0.0719 dt_sec=0.80 cum_wall_sec=53.5
01:00:05 | INFO    | src.training.finetune | STEP step=590 loss=0.0021 dt_sec=0.91 cum_wall_sec=54.4
01:00:06 | INFO    | src.training.finetune | STEP step=600 loss=0.0020 dt_sec=0.82 cum_wall_sec=55.2
01:00:10 | INFO    | src.training.finetune | STEP step=610 loss=0.0000 dt_sec=3.86 cum_wall_sec=59.1
01:00:11 | INFO    | src.training.finetune | STEP step=620 loss=0.0000 dt_sec=0.83 cum_wall_sec=59.9
01:00:12 | INFO    | src.training.finetune | STEP step=630 loss=0.0000 dt_sec=0.81 cum_wall_sec=60.7
01:00:12 | INFO    | src.training.finetune | STEP step=640 loss=0.0215 dt_sec=0.81 cum_wall_sec=61.5
01:00:13 | INFO    | src.training.finetune | STEP step=650 loss=0.0000 dt_sec=0.81 cum_wall_sec=62.3
01:00:14 | INFO    | src.training.finetune | STEP step=660 loss=0.0000 dt_sec=0.82 cum_wall_sec=63.1
01:00:15 | INFO    | src.training.finetune | STEP step=670 loss=0.0107 dt_sec=0.82 cum_wall_sec=63.9
01:00:16 | INFO    | src.training.finetune | STEP step=680 loss=0.0251 dt_sec=0.82 cum_wall_sec=64.8
01:00:17 | INFO    | src.training.finetune | STEP step=690 loss=0.0592 dt_sec=0.81 cum_wall_sec=65.6
01:00:17 | INFO    | src.training.finetune | STEP step=700 loss=0.1390 dt_sec=0.81 cum_wall_sec=66.4
01:00:18 | INFO    | src.training.finetune | STEP step=710 loss=0.0005 dt_sec=0.81 cum_wall_sec=67.2
01:00:19 | INFO    | src.training.finetune | STEP step=720 loss=0.0007 dt_sec=0.83 cum_wall_sec=68.0
01:00:20 | INFO    | src.training.finetune | STEP step=730 loss=0.0000 dt_sec=0.83 cum_wall_sec=68.9
01:00:21 | INFO    | src.training.finetune | STEP step=740 loss=0.0000 dt_sec=0.83 cum_wall_sec=69.7
01:00:21 | INFO    | src.training.finetune | STEP step=750 loss=0.0282 dt_sec=0.83 cum_wall_sec=70.5
01:00:22 | INFO    | src.training.finetune | STEP step=760 loss=0.1013 dt_sec=0.83 cum_wall_sec=71.4
01:00:23 | INFO    | src.training.finetune | STEP step=770 loss=0.0661 dt_sec=0.83 cum_wall_sec=72.2
01:00:24 | INFO    | src.training.finetune | STEP step=780 loss=0.0011 dt_sec=0.83 cum_wall_sec=73.0
01:00:25 | INFO    | src.training.finetune | STEP step=790 loss=0.0000 dt_sec=0.82 cum_wall_sec=73.8
01:00:26 | INFO    | src.training.finetune | STEP step=800 loss=0.0000 dt_sec=0.83 cum_wall_sec=74.7
01:00:29 | INFO    | src.training.finetune | STEP step=810 loss=0.0127 dt_sec=3.66 cum_wall_sec=78.3
01:00:30 | INFO    | src.training.finetune | STEP step=820 loss=0.0205 dt_sec=0.82 cum_wall_sec=79.2
01:00:31 | INFO    | src.training.finetune | STEP step=830 loss=0.0171 dt_sec=0.83 cum_wall_sec=80.0
01:00:32 | INFO    | src.training.finetune | STEP step=840 loss=0.0071 dt_sec=0.83 cum_wall_sec=80.8
01:00:33 | INFO    | src.training.finetune | STEP step=850 loss=0.0063 dt_sec=0.82 cum_wall_sec=81.6
01:00:33 | INFO    | src.training.finetune | STEP step=860 loss=0.0000 dt_sec=0.83 cum_wall_sec=82.5
01:00:34 | INFO    | src.training.finetune | STEP step=870 loss=0.0000 dt_sec=0.83 cum_wall_sec=83.3
01:00:35 | INFO    | src.training.finetune | STEP step=880 loss=0.0001 dt_sec=0.82 cum_wall_sec=84.1
01:00:36 | INFO    | src.training.finetune | STEP step=890 loss=0.0013 dt_sec=0.84 cum_wall_sec=84.9
01:00:37 | INFO    | src.training.finetune | STEP step=900 loss=0.0000 dt_sec=0.82 cum_wall_sec=85.8
01:00:38 | INFO    | src.training.finetune | STEP step=910 loss=0.0088 dt_sec=0.83 cum_wall_sec=86.6
01:00:38 | INFO    | src.training.finetune | STEP step=920 loss=0.0216 dt_sec=0.82 cum_wall_sec=87.4
01:00:39 | INFO    | src.training.finetune | STEP step=930 loss=0.0000 dt_sec=0.81 cum_wall_sec=88.2
01:00:40 | INFO    | src.training.finetune | STEP step=940 loss=0.0000 dt_sec=0.81 cum_wall_sec=89.0
01:00:41 | INFO    | src.training.finetune | STEP step=950 loss=0.0100 dt_sec=0.80 cum_wall_sec=89.8
01:00:42 | INFO    | src.training.finetune | STEP step=960 loss=0.0000 dt_sec=0.80 cum_wall_sec=90.6
01:00:42 | INFO    | src.training.finetune | STEP step=970 loss=0.0000 dt_sec=0.82 cum_wall_sec=91.5
01:00:43 | INFO    | src.training.finetune | STEP step=980 loss=0.0000 dt_sec=0.80 cum_wall_sec=92.3
01:00:44 | INFO    | src.training.finetune | STEP step=990 loss=0.0000 dt_sec=0.82 cum_wall_sec=93.1
01:00:45 | INFO    | src.training.finetune | STEP step=1000 loss=0.0055 dt_sec=0.81 cum_wall_sec=93.9
01:00:49 | INFO    | src.training.finetune | STEP step=1010 loss=0.0000 dt_sec=3.99 cum_wall_sec=97.9
01:00:50 | INFO    | src.training.finetune | STEP step=1020 loss=0.0513 dt_sec=0.81 cum_wall_sec=98.7
01:00:50 | INFO    | src.training.finetune | STEP step=1030 loss=0.0524 dt_sec=0.80 cum_wall_sec=99.5
01:00:51 | INFO    | src.training.finetune | STEP step=1040 loss=0.0217 dt_sec=0.81 cum_wall_sec=100.3
01:00:52 | INFO    | src.training.finetune | STEP step=1050 loss=0.0001 dt_sec=0.81 cum_wall_sec=101.1
01:00:53 | INFO    | src.training.finetune | STEP step=1060 loss=0.0001 dt_sec=0.81 cum_wall_sec=101.9
01:00:54 | INFO    | src.training.finetune | STEP step=1070 loss=0.0000 dt_sec=0.81 cum_wall_sec=102.7
01:00:54 | INFO    | src.training.finetune | STEP step=1080 loss=0.0000 dt_sec=0.82 cum_wall_sec=103.5
01:00:55 | INFO    | src.training.finetune | STEP step=1090 loss=0.0000 dt_sec=0.81 cum_wall_sec=104.4
01:00:56 | INFO    | src.training.finetune | STEP step=1100 loss=0.0141 dt_sec=0.81 cum_wall_sec=105.2
01:00:57 | INFO    | src.training.finetune | STEP step=1110 loss=0.0000 dt_sec=0.81 cum_wall_sec=106.0
01:00:58 | INFO    | src.training.finetune | STEP step=1120 loss=0.0000 dt_sec=0.80 cum_wall_sec=106.8
01:00:59 | INFO    | src.training.finetune | STEP step=1130 loss=0.0000 dt_sec=0.81 cum_wall_sec=107.6
01:00:59 | INFO    | src.training.finetune | STEP step=1140 loss=0.0065 dt_sec=0.81 cum_wall_sec=108.4
01:01:00 | INFO    | src.training.finetune | STEP step=1150 loss=0.0159 dt_sec=0.80 cum_wall_sec=109.2
01:01:01 | INFO    | src.training.finetune | STEP step=1160 loss=0.0000 dt_sec=0.80 cum_wall_sec=110.0
01:01:02 | INFO    | src.training.finetune | STEP step=1170 loss=0.0004 dt_sec=0.83 cum_wall_sec=110.8
01:01:03 | INFO    | src.training.finetune | STEP step=1180 loss=0.0000 dt_sec=0.82 cum_wall_sec=111.6
01:01:03 | INFO    | src.training.finetune | STEP step=1190 loss=0.0002 dt_sec=0.80 cum_wall_sec=112.4
01:01:04 | INFO    | src.training.finetune | STEP step=1200 loss=0.0000 dt_sec=0.81 cum_wall_sec=113.3
01:01:08 | INFO    | src.training.finetune | STEP step=1210 loss=0.0000 dt_sec=3.80 cum_wall_sec=117.1
01:01:09 | INFO    | src.training.finetune | STEP step=1220 loss=0.0001 dt_sec=0.80 cum_wall_sec=117.9
01:01:10 | INFO    | src.training.finetune | STEP step=1230 loss=0.0000 dt_sec=0.81 cum_wall_sec=118.7
01:01:10 | INFO    | src.training.finetune | STEP step=1240 loss=0.0000 dt_sec=0.81 cum_wall_sec=119.5
01:01:11 | INFO    | src.training.finetune | STEP step=1250 loss=0.0000 dt_sec=0.81 cum_wall_sec=120.3
01:01:12 | INFO    | src.training.finetune | STEP step=1260 loss=0.0002 dt_sec=0.80 cum_wall_sec=121.1
01:01:13 | INFO    | src.training.finetune | STEP step=1270 loss=0.0537 dt_sec=0.81 cum_wall_sec=121.9
01:01:14 | INFO    | src.training.finetune | STEP step=1280 loss=0.0001 dt_sec=0.81 cum_wall_sec=122.7
01:01:14 | INFO    | src.training.finetune | STEP step=1290 loss=0.0001 dt_sec=0.81 cum_wall_sec=123.5
01:01:15 | INFO    | src.training.finetune | STEP step=1300 loss=0.0000 dt_sec=0.81 cum_wall_sec=124.3
01:01:16 | INFO    | src.training.finetune | STEP step=1310 loss=0.0131 dt_sec=0.81 cum_wall_sec=125.1
01:01:17 | INFO    | src.training.finetune | STEP step=1320 loss=0.0000 dt_sec=0.81 cum_wall_sec=125.9
01:01:18 | INFO    | src.training.finetune | STEP step=1330 loss=0.0000 dt_sec=0.80 cum_wall_sec=126.7
01:01:18 | INFO    | src.training.finetune | STEP step=1340 loss=0.0001 dt_sec=0.81 cum_wall_sec=127.5
01:01:19 | INFO    | src.training.finetune | STEP step=1350 loss=0.0000 dt_sec=0.81 cum_wall_sec=128.4
01:01:20 | INFO    | src.training.finetune | STEP step=1360 loss=0.0000 dt_sec=0.81 cum_wall_sec=129.2
01:01:21 | INFO    | src.training.finetune | STEP step=1370 loss=0.0732 dt_sec=0.82 cum_wall_sec=130.0
01:01:22 | INFO    | src.training.finetune | STEP step=1380 loss=0.0000 dt_sec=0.81 cum_wall_sec=130.8
01:01:23 | INFO    | src.training.finetune | STEP step=1390 loss=0.0000 dt_sec=0.81 cum_wall_sec=131.6
01:01:23 | INFO    | src.training.finetune | STEP step=1400 loss=0.0000 dt_sec=0.80 cum_wall_sec=132.4
01:01:27 | INFO    | src.training.finetune | STEP step=1410 loss=0.0000 dt_sec=3.61 cum_wall_sec=136.0
01:01:28 | INFO    | src.training.finetune | STEP step=1420 loss=0.0000 dt_sec=0.82 cum_wall_sec=136.8
01:01:29 | INFO    | src.training.finetune | STEP step=1430 loss=0.0001 dt_sec=0.79 cum_wall_sec=137.6
01:01:29 | INFO    | src.training.finetune | STEP step=1440 loss=0.0504 dt_sec=0.81 cum_wall_sec=138.4
01:01:30 | INFO    | src.training.finetune | STEP step=1450 loss=0.0040 dt_sec=0.82 cum_wall_sec=139.3
01:01:31 | INFO    | src.training.finetune | STEP step=1460 loss=0.0001 dt_sec=0.80 cum_wall_sec=140.1
01:01:32 | INFO    | src.training.finetune | STEP step=1470 loss=0.0000 dt_sec=0.81 cum_wall_sec=140.9
01:01:33 | INFO    | src.training.finetune | STEP step=1480 loss=0.0001 dt_sec=0.81 cum_wall_sec=141.7
01:01:33 | INFO    | src.training.finetune | STEP step=1490 loss=0.0000 dt_sec=0.79 cum_wall_sec=142.5
01:01:34 | INFO    | src.training.finetune | STEP step=1500 loss=0.0000 dt_sec=0.82 cum_wall_sec=143.3
01:01:35 | INFO    | src.training.finetune | STEP step=1510 loss=0.0000 dt_sec=0.80 cum_wall_sec=144.1
01:01:36 | INFO    | src.training.finetune | STEP step=1520 loss=0.0000 dt_sec=0.80 cum_wall_sec=144.9
01:01:37 | INFO    | src.training.finetune | STEP step=1530 loss=0.0000 dt_sec=0.82 cum_wall_sec=145.7
01:01:37 | INFO    | src.training.finetune | STEP step=1540 loss=0.0000 dt_sec=0.81 cum_wall_sec=146.5
01:01:38 | INFO    | src.training.finetune | STEP step=1550 loss=0.0000 dt_sec=0.81 cum_wall_sec=147.3
01:01:39 | INFO    | src.training.finetune | STEP step=1560 loss=0.0136 dt_sec=0.80 cum_wall_sec=148.1
01:01:40 | INFO    | src.training.finetune | STEP step=1570 loss=0.0000 dt_sec=0.81 cum_wall_sec=148.9
01:01:41 | INFO    | src.training.finetune | STEP step=1580 loss=0.0000 dt_sec=0.82 cum_wall_sec=149.8
01:01:42 | INFO    | src.training.finetune | STEP step=1590 loss=0.0000 dt_sec=0.81 cum_wall_sec=150.6
01:01:42 | INFO    | src.training.finetune | STEP step=1600 loss=0.0000 dt_sec=0.80 cum_wall_sec=151.4
01:01:46 | INFO    | src.training.finetune | STEP step=1610 loss=0.0256 dt_sec=3.99 cum_wall_sec=155.4
01:01:47 | INFO    | src.training.finetune | STEP step=1620 loss=0.0354 dt_sec=0.81 cum_wall_sec=156.2
01:01:48 | INFO    | src.training.finetune | STEP step=1630 loss=0.0000 dt_sec=0.81 cum_wall_sec=157.0
01:01:49 | INFO    | src.training.finetune | STEP step=1640 loss=0.0000 dt_sec=0.81 cum_wall_sec=157.8
01:01:50 | INFO    | src.training.finetune | STEP step=1650 loss=0.0000 dt_sec=0.81 cum_wall_sec=158.6
01:01:50 | INFO    | src.training.finetune | STEP step=1660 loss=0.0000 dt_sec=0.80 cum_wall_sec=159.4
01:01:51 | INFO    | src.training.finetune | STEP step=1670 loss=0.0385 dt_sec=0.82 cum_wall_sec=160.2
01:01:52 | INFO    | src.training.finetune | STEP step=1680 loss=0.0000 dt_sec=0.80 cum_wall_sec=161.0
01:01:53 | INFO    | src.training.finetune | STEP step=1690 loss=0.0000 dt_sec=0.80 cum_wall_sec=161.8
01:01:54 | INFO    | src.training.finetune | STEP step=1700 loss=0.0283 dt_sec=0.81 cum_wall_sec=162.6
01:01:54 | INFO    | src.training.finetune | STEP step=1710 loss=0.0000 dt_sec=0.81 cum_wall_sec=163.4
01:01:55 | INFO    | src.training.finetune | STEP step=1720 loss=0.0000 dt_sec=0.81 cum_wall_sec=164.2
01:01:56 | INFO    | src.training.finetune | STEP step=1730 loss=0.0000 dt_sec=0.81 cum_wall_sec=165.1
01:01:57 | INFO    | src.training.finetune | STEP step=1740 loss=0.0000 dt_sec=0.82 cum_wall_sec=165.9
01:01:58 | INFO    | src.training.finetune | STEP step=1750 loss=0.0000 dt_sec=0.81 cum_wall_sec=166.7
01:01:58 | INFO    | src.training.finetune | STEP step=1760 loss=0.0000 dt_sec=0.81 cum_wall_sec=167.5
01:01:59 | INFO    | src.training.finetune | STEP step=1770 loss=0.0000 dt_sec=0.82 cum_wall_sec=168.3
01:02:00 | INFO    | src.training.finetune | STEP step=1780 loss=0.0000 dt_sec=0.82 cum_wall_sec=169.1
01:02:01 | INFO    | src.training.finetune | STEP step=1790 loss=0.0348 dt_sec=0.81 cum_wall_sec=169.9
01:02:02 | INFO    | src.training.finetune | STEP step=1800 loss=0.0009 dt_sec=0.81 cum_wall_sec=170.7
01:02:05 | INFO    | src.training.finetune | STEP step=1810 loss=0.0000 dt_sec=3.64 cum_wall_sec=174.4
01:02:06 | INFO    | src.training.finetune | STEP step=1820 loss=0.0051 dt_sec=0.82 cum_wall_sec=175.2
01:02:07 | INFO    | src.training.finetune | STEP step=1830 loss=0.0000 dt_sec=1.11 cum_wall_sec=176.3
01:02:08 | INFO    | src.training.finetune | STEP step=1840 loss=0.0000 dt_sec=0.81 cum_wall_sec=177.1
01:02:09 | INFO    | src.training.finetune | STEP step=1850 loss=0.0000 dt_sec=0.82 cum_wall_sec=177.9
01:02:10 | INFO    | src.training.finetune | STEP step=1860 loss=0.0000 dt_sec=0.81 cum_wall_sec=178.8
01:02:11 | INFO    | src.training.finetune | STEP step=1870 loss=0.0000 dt_sec=0.82 cum_wall_sec=179.6
01:02:11 | INFO    | src.training.finetune | STEP step=1880 loss=0.0000 dt_sec=0.81 cum_wall_sec=180.4
01:02:12 | INFO    | src.training.finetune | STEP step=1890 loss=0.0000 dt_sec=0.81 cum_wall_sec=181.2
01:02:13 | INFO    | src.training.finetune | STEP step=1900 loss=0.0000 dt_sec=0.81 cum_wall_sec=182.0
01:02:14 | INFO    | src.training.finetune | STEP step=1910 loss=0.0000 dt_sec=0.81 cum_wall_sec=182.8
01:02:15 | INFO    | src.training.finetune | STEP step=1920 loss=0.0000 dt_sec=0.80 cum_wall_sec=183.6
01:02:15 | INFO    | src.training.finetune | STEP step=1930 loss=0.0000 dt_sec=0.82 cum_wall_sec=184.4
01:02:16 | INFO    | src.training.finetune | STEP step=1940 loss=0.0016 dt_sec=0.81 cum_wall_sec=185.2
01:02:17 | INFO    | src.training.finetune | STEP step=1950 loss=0.0000 dt_sec=0.80 cum_wall_sec=186.0
01:02:18 | INFO    | src.training.finetune | STEP step=1960 loss=0.0000 dt_sec=0.81 cum_wall_sec=186.9
01:02:19 | INFO    | src.training.finetune | STEP step=1970 loss=0.0000 dt_sec=0.81 cum_wall_sec=187.7
01:02:19 | INFO    | src.training.finetune | STEP step=1980 loss=0.0000 dt_sec=0.82 cum_wall_sec=188.5
01:02:20 | INFO    | src.training.finetune | STEP step=1990 loss=0.0000 dt_sec=0.79 cum_wall_sec=189.3
01:02:21 | INFO    | src.training.finetune | STEP step=2000 loss=0.0000 dt_sec=0.80 cum_wall_sec=190.1
01:02:25 | INFO    | src.training.finetune | STAGE=azerbaijani end ts=2026-09-09T01:02:25.004855+00:00 runtime_sec=195.7
01:02:26 | INFO    | src.training.finetune | Best checkpoint restored and verified: step 1600, val macro-F1 = 0.6456
