01:02:35 | INFO    | src.training.finetune |   [AZ mərhələsi] 10000 nümunə | 2 sinif | init=baza
01:02:36 | INFO    | src.training.finetune | Task head reset: modules=['sequence_summary'] params=2050 (encoder='transformer' untouched)
01:02:36 | INFO    | src.training.finetune | STAGE=azerbaijani start ts=2026-09-09T01:02:36.267838+00:00 n=10000 n_classes=2
01:02:43 | INFO    | src.training.finetune | STEP step=10 loss=4.7838 dt_sec=0.85 cum_wall_sec=0.9
01:02:44 | INFO    | src.training.finetune | STEP step=20 loss=3.6042 dt_sec=0.78 cum_wall_sec=1.6
01:02:45 | INFO    | src.training.finetune | STEP step=30 loss=2.7483 dt_sec=0.78 cum_wall_sec=2.4
01:02:45 | INFO    | src.training.finetune | STEP step=40 loss=2.1427 dt_sec=0.78 cum_wall_sec=3.2
01:02:46 | INFO    | src.training.finetune | STEP step=50 loss=1.9510 dt_sec=0.79 cum_wall_sec=4.0
01:02:47 | INFO    | src.training.finetune | STEP step=60 loss=1.9116 dt_sec=0.79 cum_wall_sec=4.8
01:02:48 | INFO    | src.training.finetune | STEP step=70 loss=1.9153 dt_sec=0.78 cum_wall_sec=5.6
01:02:48 | INFO    | src.training.finetune | STEP step=80 loss=1.8204 dt_sec=0.80 cum_wall_sec=6.4
01:02:49 | INFO    | src.training.finetune | STEP step=90 loss=2.3175 dt_sec=0.79 cum_wall_sec=7.2
01:02:50 | INFO    | src.training.finetune | STEP step=100 loss=1.9454 dt_sec=0.78 cum_wall_sec=7.9
01:02:51 | INFO    | src.training.finetune | STEP step=110 loss=1.6094 dt_sec=0.78 cum_wall_sec=8.7
01:02:52 | INFO    | src.training.finetune | STEP step=120 loss=1.7577 dt_sec=0.80 cum_wall_sec=9.5
01:02:52 | INFO    | src.training.finetune | STEP step=130 loss=2.3560 dt_sec=0.79 cum_wall_sec=10.3
01:02:53 | INFO    | src.training.finetune | STEP step=140 loss=1.4834 dt_sec=0.78 cum_wall_sec=11.1
01:02:54 | INFO    | src.training.finetune | STEP step=150 loss=1.6515 dt_sec=0.79 cum_wall_sec=11.9
01:02:55 | INFO    | src.training.finetune | STEP step=160 loss=1.7477 dt_sec=0.79 cum_wall_sec=12.7
01:02:56 | INFO    | src.training.finetune | STEP step=170 loss=1.4751 dt_sec=0.79 cum_wall_sec=13.5
01:02:56 | INFO    | src.training.finetune | STEP step=180 loss=1.0752 dt_sec=0.79 cum_wall_sec=14.2
01:02:57 | INFO    | src.training.finetune | STEP step=190 loss=1.2880 dt_sec=0.80 cum_wall_sec=15.1
01:02:58 | INFO    | src.training.finetune | STEP step=200 loss=1.5301 dt_sec=0.79 cum_wall_sec=15.8
01:03:02 | INFO    | src.training.finetune | STEP step=210 loss=1.2293 dt_sec=3.66 cum_wall_sec=19.5
01:03:02 | INFO    | src.training.finetune | STEP step=220 loss=1.3455 dt_sec=0.78 cum_wall_sec=20.3
01:03:03 | INFO    | src.training.finetune | STEP step=230 loss=1.6992 dt_sec=0.78 cum_wall_sec=21.1
01:03:04 | INFO    | src.training.finetune | STEP step=240 loss=1.0157 dt_sec=0.78 cum_wall_sec=21.8
01:03:05 | INFO    | src.training.finetune | STEP step=250 loss=1.0292 dt_sec=0.80 cum_wall_sec=22.6
01:03:06 | INFO    | src.training.finetune | STEP step=260 loss=1.1530 dt_sec=0.81 cum_wall_sec=23.4
01:03:06 | INFO    | src.training.finetune | STEP step=270 loss=1.1280 dt_sec=0.81 cum_wall_sec=24.3
01:03:07 | INFO    | src.training.finetune | STEP step=280 loss=1.1028 dt_sec=0.83 cum_wall_sec=25.1
01:03:08 | INFO    | src.training.finetune | STEP step=290 loss=1.0669 dt_sec=0.82 cum_wall_sec=25.9
01:03:09 | INFO    | src.training.finetune | STEP step=300 loss=1.0545 dt_sec=0.81 cum_wall_sec=26.7
01:03:10 | INFO    | src.training.finetune | STEP step=310 loss=0.8968 dt_sec=0.81 cum_wall_sec=27.5
01:03:10 | INFO    | src.training.finetune | STEP step=320 loss=0.8621 dt_sec=0.81 cum_wall_sec=28.3
01:03:11 | INFO    | src.training.finetune | STEP step=330 loss=1.0346 dt_sec=0.82 cum_wall_sec=29.1
01:03:12 | INFO    | src.training.finetune | STEP step=340 loss=0.8870 dt_sec=0.81 cum_wall_sec=30.0
01:03:13 | INFO    | src.training.finetune | STEP step=350 loss=0.9003 dt_sec=0.83 cum_wall_sec=30.8
01:03:14 | INFO    | src.training.finetune | STEP step=360 loss=1.0216 dt_sec=0.82 cum_wall_sec=31.6
01:03:15 | INFO    | src.training.finetune | STEP step=370 loss=0.9634 dt_sec=0.81 cum_wall_sec=32.4
01:03:15 | INFO    | src.training.finetune | STEP step=380 loss=0.9191 dt_sec=0.81 cum_wall_sec=33.2
01:03:16 | INFO    | src.training.finetune | STEP step=390 loss=0.8858 dt_sec=0.80 cum_wall_sec=34.0
01:03:17 | INFO    | src.training.finetune | STEP step=400 loss=0.7518 dt_sec=0.81 cum_wall_sec=34.8
01:03:21 | INFO    | src.training.finetune | STEP step=410 loss=1.0487 dt_sec=3.78 cum_wall_sec=38.6
01:03:22 | INFO    | src.training.finetune | STEP step=420 loss=1.0835 dt_sec=0.81 cum_wall_sec=39.4
01:03:22 | INFO    | src.training.finetune | STEP step=430 loss=0.8148 dt_sec=0.82 cum_wall_sec=40.2
01:03:23 | INFO    | src.training.finetune | STEP step=440 loss=0.8171 dt_sec=0.82 cum_wall_sec=41.1
01:03:24 | INFO    | src.training.finetune | STEP step=450 loss=0.8444 dt_sec=0.83 cum_wall_sec=41.9
01:03:25 | INFO    | src.training.finetune | STEP step=460 loss=0.7728 dt_sec=0.81 cum_wall_sec=42.7
01:03:26 | INFO    | src.training.finetune | STEP step=470 loss=0.8162 dt_sec=0.82 cum_wall_sec=43.5
01:03:26 | INFO    | src.training.finetune | STEP step=480 loss=0.8091 dt_sec=0.82 cum_wall_sec=44.3
01:03:27 | INFO    | src.training.finetune | STEP step=490 loss=0.7831 dt_sec=0.82 cum_wall_sec=45.2
01:03:28 | INFO    | src.training.finetune | STEP step=500 loss=0.7510 dt_sec=0.81 cum_wall_sec=46.0
01:03:29 | INFO    | src.training.finetune | STEP step=510 loss=0.8184 dt_sec=0.82 cum_wall_sec=46.8
01:03:30 | INFO    | src.training.finetune | STEP step=520 loss=0.8388 dt_sec=0.83 cum_wall_sec=47.6
01:03:31 | INFO    | src.training.finetune | STEP step=530 loss=0.8404 dt_sec=0.82 cum_wall_sec=48.4
01:03:31 | INFO    | src.training.finetune | STEP step=540 loss=0.8727 dt_sec=0.82 cum_wall_sec=49.3
01:03:32 | INFO    | src.training.finetune | STEP step=550 loss=0.7414 dt_sec=0.82 cum_wall_sec=50.1
01:03:33 | INFO    | src.training.finetune | STEP step=560 loss=0.8510 dt_sec=0.82 cum_wall_sec=50.9
01:03:34 | INFO    | src.training.finetune | STEP step=570 loss=0.7503 dt_sec=0.82 cum_wall_sec=51.7
01:03:35 | INFO    | src.training.finetune | STEP step=580 loss=0.6534 dt_sec=0.83 cum_wall_sec=52.5
01:03:35 | INFO    | src.training.finetune | STEP step=590 loss=0.7228 dt_sec=0.82 cum_wall_sec=53.4
01:03:36 | INFO    | src.training.finetune | STEP step=600 loss=0.6617 dt_sec=0.82 cum_wall_sec=54.2
01:03:40 | INFO    | src.training.finetune | STEP step=610 loss=0.7510 dt_sec=3.80 cum_wall_sec=58.0
01:03:41 | INFO    | src.training.finetune | STEP step=620 loss=0.7457 dt_sec=0.81 cum_wall_sec=58.8
01:03:42 | INFO    | src.training.finetune | STEP step=630 loss=0.7249 dt_sec=0.81 cum_wall_sec=59.6
01:03:43 | INFO    | src.training.finetune | STEP step=640 loss=0.7156 dt_sec=0.82 cum_wall_sec=60.4
01:03:43 | INFO    | src.training.finetune | STEP step=650 loss=0.6715 dt_sec=0.82 cum_wall_sec=61.2
01:03:44 | INFO    | src.training.finetune | STEP step=660 loss=0.6487 dt_sec=0.81 cum_wall_sec=62.1
01:03:45 | INFO    | src.training.finetune | STEP step=670 loss=0.5982 dt_sec=0.82 cum_wall_sec=62.9
01:03:46 | INFO    | src.training.finetune | STEP step=680 loss=0.6118 dt_sec=0.82 cum_wall_sec=63.7
01:03:47 | INFO    | src.training.finetune | STEP step=690 loss=0.6691 dt_sec=0.82 cum_wall_sec=64.5
01:03:47 | INFO    | src.training.finetune | STEP step=700 loss=0.6612 dt_sec=0.81 cum_wall_sec=65.3
01:03:48 | INFO    | src.training.finetune | STEP step=710 loss=0.6392 dt_sec=0.81 cum_wall_sec=66.1
01:03:49 | INFO    | src.training.finetune | STEP step=720 loss=0.5934 dt_sec=0.82 cum_wall_sec=67.0
01:03:50 | INFO    | src.training.finetune | STEP step=730 loss=0.6264 dt_sec=0.82 cum_wall_sec=67.8
01:03:51 | INFO    | src.training.finetune | STEP step=740 loss=0.6456 dt_sec=0.82 cum_wall_sec=68.6
01:03:52 | INFO    | src.training.finetune | STEP step=750 loss=0.5979 dt_sec=0.81 cum_wall_sec=69.4
01:03:52 | INFO    | src.training.finetune | STEP step=760 loss=0.6229 dt_sec=0.81 cum_wall_sec=70.2
01:03:53 | INFO    | src.training.finetune | STEP step=770 loss=0.6771 dt_sec=0.82 cum_wall_sec=71.0
01:03:54 | INFO    | src.training.finetune | STEP step=780 loss=0.5821 dt_sec=0.81 cum_wall_sec=71.9
01:03:55 | INFO    | src.training.finetune | STEP step=790 loss=0.7004 dt_sec=0.82 cum_wall_sec=72.7
01:03:56 | INFO    | src.training.finetune | STEP step=800 loss=0.5747 dt_sec=0.81 cum_wall_sec=73.5
01:03:59 | INFO    | src.training.finetune | STEP step=810 loss=0.6534 dt_sec=3.75 cum_wall_sec=77.2
01:04:00 | INFO    | src.training.finetune | STEP step=820 loss=0.6706 dt_sec=0.81 cum_wall_sec=78.0
01:04:01 | INFO    | src.training.finetune | STEP step=830 loss=0.6008 dt_sec=0.82 cum_wall_sec=78.9
01:04:02 | INFO    | src.training.finetune | STEP step=840 loss=0.5821 dt_sec=0.83 cum_wall_sec=79.7
01:04:03 | INFO    | src.training.finetune | STEP step=850 loss=0.6421 dt_sec=0.82 cum_wall_sec=80.5
01:04:03 | INFO    | src.training.finetune | STEP step=860 loss=0.5575 dt_sec=0.82 cum_wall_sec=81.3
01:04:04 | INFO    | src.training.finetune | STEP step=870 loss=0.6238 dt_sec=0.82 cum_wall_sec=82.2
01:04:05 | INFO    | src.training.finetune | STEP step=880 loss=0.5880 dt_sec=0.81 cum_wall_sec=83.0
01:04:06 | INFO    | src.training.finetune | STEP step=890 loss=0.7811 dt_sec=0.82 cum_wall_sec=83.8
01:04:07 | INFO    | src.training.finetune | STEP step=900 loss=0.6474 dt_sec=0.83 cum_wall_sec=84.6
01:04:08 | INFO    | src.training.finetune | STEP step=910 loss=0.5667 dt_sec=0.80 cum_wall_sec=85.4
01:04:08 | INFO    | src.training.finetune | STEP step=920 loss=0.5954 dt_sec=0.81 cum_wall_sec=86.2
01:04:09 | INFO    | src.training.finetune | STEP step=930 loss=0.6510 dt_sec=0.82 cum_wall_sec=87.0
01:04:10 | INFO    | src.training.finetune | STEP step=940 loss=0.5851 dt_sec=0.81 cum_wall_sec=87.9
01:04:11 | INFO    | src.training.finetune | STEP step=950 loss=0.5307 dt_sec=0.81 cum_wall_sec=88.7
01:04:12 | INFO    | src.training.finetune | STEP step=960 loss=0.5927 dt_sec=0.82 cum_wall_sec=89.5
01:04:12 | INFO    | src.training.finetune | STEP step=970 loss=0.6117 dt_sec=0.81 cum_wall_sec=90.3
01:04:13 | INFO    | src.training.finetune | STEP step=980 loss=0.6903 dt_sec=0.83 cum_wall_sec=91.1
01:04:14 | INFO    | src.training.finetune | STEP step=990 loss=0.5527 dt_sec=0.82 cum_wall_sec=91.9
01:04:15 | INFO    | src.training.finetune | STEP step=1000 loss=0.5864 dt_sec=0.82 cum_wall_sec=92.8
01:04:19 | INFO    | src.training.finetune | STEP step=1010 loss=0.6221 dt_sec=3.82 cum_wall_sec=96.6
01:04:20 | INFO    | src.training.finetune | STEP step=1020 loss=0.5361 dt_sec=0.82 cum_wall_sec=97.4
01:04:20 | INFO    | src.training.finetune | STEP step=1030 loss=0.5293 dt_sec=0.80 cum_wall_sec=98.2
01:04:21 | INFO    | src.training.finetune | STEP step=1040 loss=0.4930 dt_sec=0.82 cum_wall_sec=99.0
01:04:22 | INFO    | src.training.finetune | STEP step=1050 loss=0.5928 dt_sec=0.80 cum_wall_sec=99.8
01:04:23 | INFO    | src.training.finetune | STEP step=1060 loss=0.5234 dt_sec=0.81 cum_wall_sec=100.6
01:04:24 | INFO    | src.training.finetune | STEP step=1070 loss=0.4920 dt_sec=0.82 cum_wall_sec=101.5
01:04:24 | INFO    | src.training.finetune | STEP step=1080 loss=0.5584 dt_sec=0.81 cum_wall_sec=102.3
01:04:25 | INFO    | src.training.finetune | STEP step=1090 loss=0.5857 dt_sec=0.81 cum_wall_sec=103.1
01:04:26 | INFO    | src.training.finetune | STEP step=1100 loss=0.5274 dt_sec=0.82 cum_wall_sec=103.9
01:04:27 | INFO    | src.training.finetune | STEP step=1110 loss=0.5317 dt_sec=0.82 cum_wall_sec=104.7
01:04:28 | INFO    | src.training.finetune | STEP step=1120 loss=0.5366 dt_sec=0.81 cum_wall_sec=105.5
01:04:28 | INFO    | src.training.finetune | STEP step=1130 loss=0.5009 dt_sec=0.82 cum_wall_sec=106.4
01:04:29 | INFO    | src.training.finetune | STEP step=1140 loss=0.4538 dt_sec=0.82 cum_wall_sec=107.2
01:04:30 | INFO    | src.training.finetune | STEP step=1150 loss=0.5643 dt_sec=0.81 cum_wall_sec=108.0
01:04:31 | INFO    | src.training.finetune | STEP step=1160 loss=0.5153 dt_sec=0.82 cum_wall_sec=108.8
01:04:32 | INFO    | src.training.finetune | STEP step=1170 loss=0.4315 dt_sec=0.82 cum_wall_sec=109.6
01:04:33 | INFO    | src.training.finetune | STEP step=1180 loss=0.4976 dt_sec=0.81 cum_wall_sec=110.4
01:04:33 | INFO    | src.training.finetune | STEP step=1190 loss=0.5955 dt_sec=0.81 cum_wall_sec=111.2
01:04:34 | INFO    | src.training.finetune | STEP step=1200 loss=0.5670 dt_sec=0.81 cum_wall_sec=112.1
01:04:38 | INFO    | src.training.finetune | STEP step=1210 loss=0.5488 dt_sec=3.78 cum_wall_sec=115.8
01:04:39 | INFO    | src.training.finetune | STEP step=1220 loss=0.5139 dt_sec=0.81 cum_wall_sec=116.6
01:04:40 | INFO    | src.training.finetune | STEP step=1230 loss=0.5495 dt_sec=0.80 cum_wall_sec=117.4
01:04:40 | INFO    | src.training.finetune | STEP step=1240 loss=0.5414 dt_sec=0.81 cum_wall_sec=118.3
01:04:41 | INFO    | src.training.finetune | STEP step=1250 loss=0.4865 dt_sec=0.81 cum_wall_sec=119.1
01:04:42 | INFO    | src.training.finetune | STEP step=1260 loss=0.5393 dt_sec=0.81 cum_wall_sec=119.9
01:04:43 | INFO    | src.training.finetune | STEP step=1270 loss=0.5557 dt_sec=0.83 cum_wall_sec=120.7
01:04:44 | INFO    | src.training.finetune | STEP step=1280 loss=0.4082 dt_sec=0.81 cum_wall_sec=121.5
01:04:44 | INFO    | src.training.finetune | STEP step=1290 loss=0.5157 dt_sec=0.80 cum_wall_sec=122.3
01:04:45 | INFO    | src.training.finetune | STEP step=1300 loss=0.6194 dt_sec=0.81 cum_wall_sec=123.1
01:04:46 | INFO    | src.training.finetune | STEP step=1310 loss=0.4366 dt_sec=0.81 cum_wall_sec=123.9
01:04:47 | INFO    | src.training.finetune | STEP step=1320 loss=0.4789 dt_sec=0.82 cum_wall_sec=124.8
01:04:48 | INFO    | src.training.finetune | STEP step=1330 loss=0.4872 dt_sec=0.81 cum_wall_sec=125.6
01:04:48 | INFO    | src.training.finetune | STEP step=1340 loss=0.4788 dt_sec=0.80 cum_wall_sec=126.4
01:04:49 | INFO    | src.training.finetune | STEP step=1350 loss=0.5200 dt_sec=0.81 cum_wall_sec=127.2
01:04:50 | INFO    | src.training.finetune | STEP step=1360 loss=0.4721 dt_sec=0.82 cum_wall_sec=128.0
01:04:51 | INFO    | src.training.finetune | STEP step=1370 loss=0.4574 dt_sec=0.81 cum_wall_sec=128.8
01:04:52 | INFO    | src.training.finetune | STEP step=1380 loss=0.4631 dt_sec=0.79 cum_wall_sec=129.6
01:04:53 | INFO    | src.training.finetune | STEP step=1390 loss=0.4389 dt_sec=0.81 cum_wall_sec=130.4
01:04:53 | INFO    | src.training.finetune | STEP step=1400 loss=0.5208 dt_sec=0.81 cum_wall_sec=131.2
01:04:57 | INFO    | src.training.finetune | STEP step=1410 loss=0.4595 dt_sec=3.84 cum_wall_sec=135.1
01:04:58 | INFO    | src.training.finetune | STEP step=1420 loss=0.3980 dt_sec=0.81 cum_wall_sec=135.9
01:04:59 | INFO    | src.training.finetune | STEP step=1430 loss=0.5923 dt_sec=0.82 cum_wall_sec=136.7
01:05:00 | INFO    | src.training.finetune | STEP step=1440 loss=0.4686 dt_sec=0.81 cum_wall_sec=137.5
01:05:00 | INFO    | src.training.finetune | STEP step=1450 loss=0.4803 dt_sec=0.82 cum_wall_sec=138.3
01:05:01 | INFO    | src.training.finetune | STEP step=1460 loss=0.4379 dt_sec=0.81 cum_wall_sec=139.1
01:05:02 | INFO    | src.training.finetune | STEP step=1470 loss=0.4344 dt_sec=0.80 cum_wall_sec=139.9
01:05:03 | INFO    | src.training.finetune | STEP step=1480 loss=0.4711 dt_sec=0.78 cum_wall_sec=140.7
01:05:04 | INFO    | src.training.finetune | STEP step=1490 loss=0.4007 dt_sec=0.78 cum_wall_sec=141.5
01:05:04 | INFO    | src.training.finetune | STEP step=1500 loss=0.3980 dt_sec=0.78 cum_wall_sec=142.3
01:05:05 | INFO    | src.training.finetune | STEP step=1510 loss=0.4111 dt_sec=0.79 cum_wall_sec=143.1
01:05:06 | INFO    | src.training.finetune | STEP step=1520 loss=0.5223 dt_sec=0.81 cum_wall_sec=143.9
01:05:07 | INFO    | src.training.finetune | STEP step=1530 loss=0.4452 dt_sec=0.80 cum_wall_sec=144.7
01:05:08 | INFO    | src.training.finetune | STEP step=1540 loss=0.4767 dt_sec=0.81 cum_wall_sec=145.5
01:05:08 | INFO    | src.training.finetune | STEP step=1550 loss=0.4763 dt_sec=0.81 cum_wall_sec=146.3
01:05:09 | INFO    | src.training.finetune | STEP step=1560 loss=0.4348 dt_sec=0.82 cum_wall_sec=147.1
01:05:10 | INFO    | src.training.finetune | STEP step=1570 loss=0.4270 dt_sec=0.82 cum_wall_sec=147.9
01:05:11 | INFO    | src.training.finetune | STEP step=1580 loss=0.3774 dt_sec=0.82 cum_wall_sec=148.7
01:05:12 | INFO    | src.training.finetune | STEP step=1590 loss=0.4444 dt_sec=0.81 cum_wall_sec=149.6
01:05:12 | INFO    | src.training.finetune | STEP step=1600 loss=0.3899 dt_sec=0.81 cum_wall_sec=150.4
01:05:16 | INFO    | src.training.finetune | STEP step=1610 loss=0.4707 dt_sec=3.77 cum_wall_sec=154.1
01:05:17 | INFO    | src.training.finetune | STEP step=1620 loss=0.3935 dt_sec=0.80 cum_wall_sec=154.9
01:05:18 | INFO    | src.training.finetune | STEP step=1630 loss=0.3636 dt_sec=0.81 cum_wall_sec=155.7
01:05:19 | INFO    | src.training.finetune | STEP step=1640 loss=0.4165 dt_sec=0.81 cum_wall_sec=156.6
01:05:19 | INFO    | src.training.finetune | STEP step=1650 loss=0.4538 dt_sec=0.81 cum_wall_sec=157.4
01:05:20 | INFO    | src.training.finetune | STEP step=1660 loss=0.4249 dt_sec=0.81 cum_wall_sec=158.2
01:05:21 | INFO    | src.training.finetune | STEP step=1670 loss=0.4513 dt_sec=0.82 cum_wall_sec=159.0
01:05:22 | INFO    | src.training.finetune | STEP step=1680 loss=0.4243 dt_sec=0.81 cum_wall_sec=159.8
01:05:23 | INFO    | src.training.finetune | STEP step=1690 loss=0.4187 dt_sec=0.84 cum_wall_sec=160.6
01:05:24 | INFO    | src.training.finetune | STEP step=1700 loss=0.3505 dt_sec=0.81 cum_wall_sec=161.5
01:05:24 | INFO    | src.training.finetune | STEP step=1710 loss=0.4110 dt_sec=0.80 cum_wall_sec=162.3
01:05:25 | INFO    | src.training.finetune | STEP step=1720 loss=0.3977 dt_sec=0.82 cum_wall_sec=163.1
01:05:26 | INFO    | src.training.finetune | STEP step=1730 loss=0.4518 dt_sec=0.80 cum_wall_sec=163.9
01:05:27 | INFO    | src.training.finetune | STEP step=1740 loss=0.3806 dt_sec=0.80 cum_wall_sec=164.7
01:05:28 | INFO    | src.training.finetune | STEP step=1750 loss=0.4327 dt_sec=0.82 cum_wall_sec=165.5
01:05:28 | INFO    | src.training.finetune | STEP step=1760 loss=0.4053 dt_sec=0.81 cum_wall_sec=166.3
01:05:29 | INFO    | src.training.finetune | STEP step=1770 loss=0.4178 dt_sec=0.82 cum_wall_sec=167.1
01:05:30 | INFO    | src.training.finetune | STEP step=1780 loss=0.4006 dt_sec=0.82 cum_wall_sec=168.0
01:05:31 | INFO    | src.training.finetune | STEP step=1790 loss=0.3947 dt_sec=0.82 cum_wall_sec=168.8
01:05:32 | INFO    | src.training.finetune | STEP step=1800 loss=0.4415 dt_sec=0.81 cum_wall_sec=169.6
01:05:35 | INFO    | src.training.finetune | STEP step=1810 loss=0.3806 dt_sec=3.62 cum_wall_sec=173.2
01:05:36 | INFO    | src.training.finetune | STEP step=1820 loss=0.4442 dt_sec=0.80 cum_wall_sec=174.0
01:05:37 | INFO    | src.training.finetune | STEP step=1830 loss=0.3619 dt_sec=0.81 cum_wall_sec=174.8
01:05:38 | INFO    | src.training.finetune | STEP step=1840 loss=0.4039 dt_sec=0.81 cum_wall_sec=175.6
01:05:39 | INFO    | src.training.finetune | STEP step=1850 loss=0.3159 dt_sec=0.80 cum_wall_sec=176.4
01:05:39 | INFO    | src.training.finetune | STEP step=1860 loss=0.4193 dt_sec=0.81 cum_wall_sec=177.2
01:05:40 | INFO    | src.training.finetune | STEP step=1870 loss=0.4468 dt_sec=0.82 cum_wall_sec=178.1
01:05:41 | INFO    | src.training.finetune | STEP step=1880 loss=0.3576 dt_sec=0.81 cum_wall_sec=178.9
01:05:42 | INFO    | src.training.finetune | STEP step=1890 loss=0.3677 dt_sec=0.79 cum_wall_sec=179.7
01:05:43 | INFO    | src.training.finetune | STEP step=1900 loss=0.3923 dt_sec=0.81 cum_wall_sec=180.5
01:05:43 | INFO    | src.training.finetune | STEP step=1910 loss=0.3701 dt_sec=0.81 cum_wall_sec=181.3
01:05:44 | INFO    | src.training.finetune | STEP step=1920 loss=0.4092 dt_sec=0.81 cum_wall_sec=182.1
01:05:45 | INFO    | src.training.finetune | STEP step=1930 loss=0.3816 dt_sec=0.82 cum_wall_sec=182.9
01:05:46 | INFO    | src.training.finetune | STEP step=1940 loss=0.3586 dt_sec=0.81 cum_wall_sec=183.7
01:05:47 | INFO    | src.training.finetune | STEP step=1950 loss=0.3543 dt_sec=0.81 cum_wall_sec=184.5
01:05:47 | INFO    | src.training.finetune | STEP step=1960 loss=0.2864 dt_sec=0.82 cum_wall_sec=185.3
01:05:48 | INFO    | src.training.finetune | STEP step=1970 loss=0.3664 dt_sec=0.81 cum_wall_sec=186.2
01:05:49 | INFO    | src.training.finetune | STEP step=1980 loss=0.3705 dt_sec=0.84 cum_wall_sec=187.0
01:05:50 | INFO    | src.training.finetune | STEP step=1990 loss=0.3545 dt_sec=0.81 cum_wall_sec=187.8
01:05:51 | INFO    | src.training.finetune | STEP step=2000 loss=0.4313 dt_sec=0.82 cum_wall_sec=188.6
01:05:54 | INFO    | src.training.finetune | STAGE=azerbaijani end ts=2026-09-09T01:05:54.680055+00:00 runtime_sec=198.4
01:05:56 | INFO    | src.training.finetune | Best checkpoint restored and verified: step 1600, val macro-F1 = 0.7456
