19:56:01 | INFO    | src.training.finetune |   [AZ mərhələsi] 2000 nümunə | 2 sinif | init=baza
19:56:01 | INFO    | src.training.finetune | Task head reset: modules=['sequence_summary'] params=2050 (encoder='transformer' untouched)
19:56:01 | INFO    | src.training.finetune | STAGE=azerbaijani start ts=2026-09-08T19:56:01.894987+00:00 n=2000 n_classes=2
19:56:03 | INFO    | src.training.finetune | STEP step=10 loss=4.2143 dt_sec=0.85 cum_wall_sec=0.8
19:56:04 | INFO    | src.training.finetune | STEP step=20 loss=3.4393 dt_sec=0.74 cum_wall_sec=1.6
19:56:04 | INFO    | src.training.finetune | STEP step=30 loss=2.2737 dt_sec=0.74 cum_wall_sec=2.3
19:56:05 | INFO    | src.training.finetune | STEP step=40 loss=2.6730 dt_sec=0.75 cum_wall_sec=3.1
19:56:06 | INFO    | src.training.finetune | STEP step=50 loss=1.9542 dt_sec=0.74 cum_wall_sec=3.8
19:56:07 | INFO    | src.training.finetune | STEP step=60 loss=1.4713 dt_sec=0.74 cum_wall_sec=4.6
19:56:07 | INFO    | src.training.finetune | STEP step=70 loss=1.7014 dt_sec=0.74 cum_wall_sec=5.3
19:56:08 | INFO    | src.training.finetune | STEP step=80 loss=1.4614 dt_sec=0.74 cum_wall_sec=6.0
19:56:09 | INFO    | src.training.finetune | STEP step=90 loss=1.4252 dt_sec=0.75 cum_wall_sec=6.8
19:56:10 | INFO    | src.training.finetune | STEP step=100 loss=1.4344 dt_sec=0.75 cum_wall_sec=7.5
19:56:10 | INFO    | src.training.finetune | STEP step=110 loss=1.1300 dt_sec=0.75 cum_wall_sec=8.3
19:56:11 | INFO    | src.training.finetune | STEP step=120 loss=1.7959 dt_sec=0.75 cum_wall_sec=9.0
19:56:12 | INFO    | src.training.finetune | STEP step=130 loss=1.3755 dt_sec=0.74 cum_wall_sec=9.8
19:56:13 | INFO    | src.training.finetune | STEP step=140 loss=1.2504 dt_sec=0.74 cum_wall_sec=10.5
19:56:13 | INFO    | src.training.finetune | STEP step=150 loss=1.3507 dt_sec=0.73 cum_wall_sec=11.2
19:56:14 | INFO    | src.training.finetune | STEP step=160 loss=1.1988 dt_sec=0.75 cum_wall_sec=12.0
19:56:15 | INFO    | src.training.finetune | STEP step=170 loss=1.0808 dt_sec=0.73 cum_wall_sec=12.7
19:56:16 | INFO    | src.training.finetune | STEP step=180 loss=1.1768 dt_sec=0.74 cum_wall_sec=13.5
19:56:16 | INFO    | src.training.finetune | STEP step=190 loss=1.1382 dt_sec=0.74 cum_wall_sec=14.2
19:56:17 | INFO    | src.training.finetune | STEP step=200 loss=1.3307 dt_sec=0.74 cum_wall_sec=14.9
19:56:20 | INFO    | src.training.finetune | STEP step=210 loss=1.0757 dt_sec=2.97 cum_wall_sec=17.9
19:56:21 | INFO    | src.training.finetune | STEP step=220 loss=0.9627 dt_sec=0.75 cum_wall_sec=18.7
19:56:22 | INFO    | src.training.finetune | STEP step=230 loss=1.0393 dt_sec=0.75 cum_wall_sec=19.4
19:56:22 | INFO    | src.training.finetune | STEP step=240 loss=0.8828 dt_sec=0.74 cum_wall_sec=20.1
19:56:23 | INFO    | src.training.finetune | STEP step=250 loss=0.8990 dt_sec=0.75 cum_wall_sec=20.9
19:56:24 | INFO    | src.training.finetune | STEP step=260 loss=1.0572 dt_sec=0.76 cum_wall_sec=21.7
19:56:25 | INFO    | src.training.finetune | STEP step=270 loss=0.8512 dt_sec=0.76 cum_wall_sec=22.4
19:56:25 | INFO    | src.training.finetune | STEP step=280 loss=0.9020 dt_sec=0.74 cum_wall_sec=23.2
19:56:26 | INFO    | src.training.finetune | STEP step=290 loss=0.8190 dt_sec=0.72 cum_wall_sec=23.9
19:56:27 | INFO    | src.training.finetune | STEP step=300 loss=0.7968 dt_sec=0.75 cum_wall_sec=24.6
19:56:27 | INFO    | src.training.finetune | STEP step=310 loss=0.8403 dt_sec=0.74 cum_wall_sec=25.4
19:56:28 | INFO    | src.training.finetune | STEP step=320 loss=0.8645 dt_sec=0.76 cum_wall_sec=26.1
19:56:29 | INFO    | src.training.finetune | STEP step=330 loss=0.8530 dt_sec=0.73 cum_wall_sec=26.8
19:56:30 | INFO    | src.training.finetune | STEP step=340 loss=0.8526 dt_sec=0.75 cum_wall_sec=27.6
19:56:30 | INFO    | src.training.finetune | STEP step=350 loss=0.7911 dt_sec=0.75 cum_wall_sec=28.3
19:56:31 | INFO    | src.training.finetune | STEP step=360 loss=0.7979 dt_sec=0.75 cum_wall_sec=29.1
19:56:32 | INFO    | src.training.finetune | STEP step=370 loss=0.8184 dt_sec=0.73 cum_wall_sec=29.8
19:56:33 | INFO    | src.training.finetune | STEP step=380 loss=0.7654 dt_sec=0.74 cum_wall_sec=30.6
19:56:33 | INFO    | src.training.finetune | STEP step=390 loss=0.8221 dt_sec=0.74 cum_wall_sec=31.3
19:56:34 | INFO    | src.training.finetune | STEP step=400 loss=0.7723 dt_sec=0.75 cum_wall_sec=32.0
19:56:37 | INFO    | src.training.finetune | STEP step=410 loss=0.9214 dt_sec=3.03 cum_wall_sec=35.1
19:56:38 | INFO    | src.training.finetune | STEP step=420 loss=0.8261 dt_sec=0.75 cum_wall_sec=35.8
19:56:39 | INFO    | src.training.finetune | STEP step=430 loss=0.8715 dt_sec=0.74 cum_wall_sec=36.6
19:56:39 | INFO    | src.training.finetune | STEP step=440 loss=0.7829 dt_sec=0.74 cum_wall_sec=37.3
19:56:40 | INFO    | src.training.finetune | STEP step=450 loss=0.7399 dt_sec=0.76 cum_wall_sec=38.1
19:56:41 | INFO    | src.training.finetune | STEP step=460 loss=0.7235 dt_sec=0.75 cum_wall_sec=38.8
19:56:42 | INFO    | src.training.finetune | STEP step=470 loss=0.7600 dt_sec=0.76 cum_wall_sec=39.6
19:56:42 | INFO    | src.training.finetune | STEP step=480 loss=0.7813 dt_sec=0.75 cum_wall_sec=40.3
19:56:43 | INFO    | src.training.finetune | STEP step=490 loss=0.7566 dt_sec=0.75 cum_wall_sec=41.1
19:56:44 | INFO    | src.training.finetune | STEP step=500 loss=0.7765 dt_sec=0.73 cum_wall_sec=41.8
19:56:45 | INFO    | src.training.finetune | STEP step=510 loss=0.7120 dt_sec=0.75 cum_wall_sec=42.6
19:56:45 | INFO    | src.training.finetune | STEP step=520 loss=0.7781 dt_sec=0.74 cum_wall_sec=43.3
19:56:46 | INFO    | src.training.finetune | STEP step=530 loss=0.7258 dt_sec=0.75 cum_wall_sec=44.1
19:56:47 | INFO    | src.training.finetune | STEP step=540 loss=0.7910 dt_sec=0.74 cum_wall_sec=44.8
19:56:48 | INFO    | src.training.finetune | STEP step=550 loss=0.7497 dt_sec=0.75 cum_wall_sec=45.5
19:56:48 | INFO    | src.training.finetune | STEP step=560 loss=0.7982 dt_sec=0.75 cum_wall_sec=46.3
19:56:49 | INFO    | src.training.finetune | STEP step=570 loss=0.7769 dt_sec=0.76 cum_wall_sec=47.0
19:56:50 | INFO    | src.training.finetune | STEP step=580 loss=0.8132 dt_sec=0.75 cum_wall_sec=47.8
19:56:51 | INFO    | src.training.finetune | STEP step=590 loss=0.7364 dt_sec=0.74 cum_wall_sec=48.5
19:56:51 | INFO    | src.training.finetune | STEP step=600 loss=0.7543 dt_sec=0.76 cum_wall_sec=49.3
19:56:55 | INFO    | src.training.finetune | STEP step=610 loss=0.7168 dt_sec=3.18 cum_wall_sec=52.5
19:56:55 | INFO    | src.training.finetune | STEP step=620 loss=0.7612 dt_sec=0.75 cum_wall_sec=53.2
19:56:56 | INFO    | src.training.finetune | STEP step=630 loss=0.7626 dt_sec=0.75 cum_wall_sec=54.0
19:56:57 | INFO    | src.training.finetune | STEP step=640 loss=0.7514 dt_sec=0.75 cum_wall_sec=54.7
19:56:58 | INFO    | src.training.finetune | STEP step=650 loss=0.7510 dt_sec=0.74 cum_wall_sec=55.5
19:56:58 | INFO    | src.training.finetune | STEP step=660 loss=0.7608 dt_sec=0.74 cum_wall_sec=56.2
19:56:59 | INFO    | src.training.finetune | STEP step=670 loss=0.7415 dt_sec=0.74 cum_wall_sec=57.0
19:57:00 | INFO    | src.training.finetune | STEP step=680 loss=0.7207 dt_sec=0.77 cum_wall_sec=57.7
19:57:01 | INFO    | src.training.finetune | STEP step=690 loss=0.7474 dt_sec=0.75 cum_wall_sec=58.5
19:57:01 | INFO    | src.training.finetune | STEP step=700 loss=0.7320 dt_sec=0.73 cum_wall_sec=59.2
19:57:02 | INFO    | src.training.finetune | STEP step=710 loss=0.7668 dt_sec=0.75 cum_wall_sec=60.0
19:57:03 | INFO    | src.training.finetune | STEP step=720 loss=0.7196 dt_sec=0.74 cum_wall_sec=60.7
19:57:04 | INFO    | src.training.finetune | STEP step=730 loss=0.7099 dt_sec=0.76 cum_wall_sec=61.5
19:57:04 | INFO    | src.training.finetune | STEP step=740 loss=0.7663 dt_sec=0.75 cum_wall_sec=62.2
19:57:05 | INFO    | src.training.finetune | STEP step=750 loss=0.7748 dt_sec=0.75 cum_wall_sec=63.0
19:57:06 | INFO    | src.training.finetune | STEP step=760 loss=0.7668 dt_sec=0.74 cum_wall_sec=63.7
19:57:07 | INFO    | src.training.finetune | STEP step=770 loss=0.7083 dt_sec=0.74 cum_wall_sec=64.4
19:57:07 | INFO    | src.training.finetune | STEP step=780 loss=0.8023 dt_sec=0.75 cum_wall_sec=65.2
19:57:08 | INFO    | src.training.finetune | STEP step=790 loss=0.7432 dt_sec=0.75 cum_wall_sec=65.9
19:57:09 | INFO    | src.training.finetune | STEP step=800 loss=0.7387 dt_sec=0.75 cum_wall_sec=66.7
19:57:12 | INFO    | src.training.finetune | STEP step=810 loss=0.7659 dt_sec=3.13 cum_wall_sec=69.8
19:57:13 | INFO    | src.training.finetune | STEP step=820 loss=0.7534 dt_sec=0.75 cum_wall_sec=70.6
19:57:13 | INFO    | src.training.finetune | STEP step=830 loss=0.8287 dt_sec=0.75 cum_wall_sec=71.3
19:57:14 | INFO    | src.training.finetune | STEP step=840 loss=0.7969 dt_sec=0.75 cum_wall_sec=72.1
19:57:15 | INFO    | src.training.finetune | STEP step=850 loss=0.7573 dt_sec=0.74 cum_wall_sec=72.8
19:57:16 | INFO    | src.training.finetune | STEP step=860 loss=0.7433 dt_sec=0.74 cum_wall_sec=73.5
19:57:16 | INFO    | src.training.finetune | STEP step=870 loss=0.7355 dt_sec=0.76 cum_wall_sec=74.3
19:57:17 | INFO    | src.training.finetune | STEP step=880 loss=0.7482 dt_sec=0.75 cum_wall_sec=75.1
19:57:18 | INFO    | src.training.finetune | STEP step=890 loss=0.7157 dt_sec=0.74 cum_wall_sec=75.8
19:57:19 | INFO    | src.training.finetune | STEP step=900 loss=0.7183 dt_sec=0.76 cum_wall_sec=76.5
19:57:19 | INFO    | src.training.finetune | STEP step=910 loss=0.8027 dt_sec=0.76 cum_wall_sec=77.3
19:57:20 | INFO    | src.training.finetune | STEP step=920 loss=0.7379 dt_sec=0.74 cum_wall_sec=78.0
19:57:21 | INFO    | src.training.finetune | STEP step=930 loss=0.7299 dt_sec=0.74 cum_wall_sec=78.8
19:57:22 | INFO    | src.training.finetune | STEP step=940 loss=0.7285 dt_sec=0.75 cum_wall_sec=79.5
19:57:22 | INFO    | src.training.finetune | STEP step=950 loss=0.6888 dt_sec=0.74 cum_wall_sec=80.3
19:57:23 | INFO    | src.training.finetune | STEP step=960 loss=0.7490 dt_sec=0.76 cum_wall_sec=81.0
19:57:24 | INFO    | src.training.finetune | STEP step=970 loss=0.7591 dt_sec=0.74 cum_wall_sec=81.8
19:57:25 | INFO    | src.training.finetune | STEP step=980 loss=0.7236 dt_sec=0.76 cum_wall_sec=82.5
19:57:25 | INFO    | src.training.finetune | STEP step=990 loss=0.7283 dt_sec=0.76 cum_wall_sec=83.3
19:57:26 | INFO    | src.training.finetune | STEP step=1000 loss=0.7306 dt_sec=0.74 cum_wall_sec=84.0
19:57:29 | INFO    | src.training.finetune | STEP step=1010 loss=0.7437 dt_sec=3.23 cum_wall_sec=87.3
19:57:30 | INFO    | src.training.finetune | STEP step=1020 loss=0.7401 dt_sec=0.75 cum_wall_sec=88.0
19:57:31 | INFO    | src.training.finetune | STEP step=1030 loss=0.6999 dt_sec=0.75 cum_wall_sec=88.7
19:57:32 | INFO    | src.training.finetune | STEP step=1040 loss=0.7439 dt_sec=0.75 cum_wall_sec=89.5
19:57:32 | INFO    | src.training.finetune | STEP step=1050 loss=0.7372 dt_sec=0.74 cum_wall_sec=90.2
19:57:33 | INFO    | src.training.finetune | STEP step=1060 loss=0.7265 dt_sec=0.73 cum_wall_sec=91.0
19:57:34 | INFO    | src.training.finetune | STEP step=1070 loss=0.7386 dt_sec=0.74 cum_wall_sec=91.7
19:57:35 | INFO    | src.training.finetune | STEP step=1080 loss=0.7372 dt_sec=0.73 cum_wall_sec=92.4
19:57:35 | INFO    | src.training.finetune | STEP step=1090 loss=0.7248 dt_sec=0.75 cum_wall_sec=93.2
19:57:36 | INFO    | src.training.finetune | STEP step=1100 loss=0.7428 dt_sec=0.73 cum_wall_sec=93.9
19:57:37 | INFO    | src.training.finetune | STEP step=1110 loss=0.7039 dt_sec=0.74 cum_wall_sec=94.7
19:57:38 | INFO    | src.training.finetune | STEP step=1120 loss=0.7387 dt_sec=0.75 cum_wall_sec=95.4
19:57:38 | INFO    | src.training.finetune | STEP step=1130 loss=0.6993 dt_sec=0.76 cum_wall_sec=96.2
19:57:39 | INFO    | src.training.finetune | STEP step=1140 loss=0.7107 dt_sec=0.75 cum_wall_sec=96.9
19:57:40 | INFO    | src.training.finetune | STEP step=1150 loss=0.7285 dt_sec=0.74 cum_wall_sec=97.7
19:57:41 | INFO    | src.training.finetune | STEP step=1160 loss=0.7534 dt_sec=0.75 cum_wall_sec=98.4
19:57:41 | INFO    | src.training.finetune | STEP step=1170 loss=0.7133 dt_sec=0.74 cum_wall_sec=99.1
19:57:42 | INFO    | src.training.finetune | STEP step=1180 loss=0.7191 dt_sec=0.75 cum_wall_sec=99.9
19:57:43 | INFO    | src.training.finetune | STEP step=1190 loss=0.7061 dt_sec=0.75 cum_wall_sec=100.6
19:57:43 | INFO    | src.training.finetune | STEP step=1200 loss=0.7002 dt_sec=0.74 cum_wall_sec=101.4
19:57:47 | INFO    | src.training.finetune | STEP step=1210 loss=0.7304 dt_sec=3.12 cum_wall_sec=104.5
19:57:47 | INFO    | src.training.finetune | STEP step=1220 loss=0.7402 dt_sec=0.74 cum_wall_sec=105.2
19:57:48 | INFO    | src.training.finetune | STEP step=1230 loss=0.7194 dt_sec=0.74 cum_wall_sec=106.0
19:57:49 | INFO    | src.training.finetune | STEP step=1240 loss=0.7545 dt_sec=0.74 cum_wall_sec=106.7
19:57:50 | INFO    | src.training.finetune | STEP step=1250 loss=0.8474 dt_sec=0.74 cum_wall_sec=107.5
19:57:50 | INFO    | src.training.finetune | STEP step=1260 loss=0.7127 dt_sec=0.74 cum_wall_sec=108.2
19:57:51 | INFO    | src.training.finetune | STEP step=1270 loss=0.7051 dt_sec=0.74 cum_wall_sec=108.9
19:57:52 | INFO    | src.training.finetune | STEP step=1280 loss=0.7118 dt_sec=0.74 cum_wall_sec=109.7
19:57:53 | INFO    | src.training.finetune | STEP step=1290 loss=0.6969 dt_sec=0.73 cum_wall_sec=110.4
19:57:53 | INFO    | src.training.finetune | STEP step=1300 loss=0.7156 dt_sec=0.75 cum_wall_sec=111.2
19:57:54 | INFO    | src.training.finetune | STEP step=1310 loss=0.7181 dt_sec=0.73 cum_wall_sec=111.9
19:57:55 | INFO    | src.training.finetune | STEP step=1320 loss=0.7125 dt_sec=0.75 cum_wall_sec=112.6
19:57:55 | INFO    | src.training.finetune | STEP step=1330 loss=0.7085 dt_sec=0.74 cum_wall_sec=113.4
19:57:56 | INFO    | src.training.finetune | STEP step=1340 loss=0.7083 dt_sec=0.74 cum_wall_sec=114.1
19:57:57 | INFO    | src.training.finetune | STEP step=1350 loss=0.7122 dt_sec=0.74 cum_wall_sec=114.9
19:57:58 | INFO    | src.training.finetune | STEP step=1360 loss=0.7279 dt_sec=0.75 cum_wall_sec=115.6
19:57:58 | INFO    | src.training.finetune | STEP step=1370 loss=0.7034 dt_sec=0.74 cum_wall_sec=116.4
19:57:59 | INFO    | src.training.finetune | STEP step=1380 loss=0.7195 dt_sec=0.75 cum_wall_sec=117.1
19:58:00 | INFO    | src.training.finetune | STEP step=1390 loss=0.7187 dt_sec=0.73 cum_wall_sec=117.8
19:58:01 | INFO    | src.training.finetune | STEP step=1400 loss=0.7336 dt_sec=0.73 cum_wall_sec=118.6
19:58:04 | INFO    | src.training.finetune | STEP step=1410 loss=0.7177 dt_sec=3.19 cum_wall_sec=121.8
19:58:05 | INFO    | src.training.finetune | STEP step=1420 loss=0.7522 dt_sec=0.76 cum_wall_sec=122.5
19:58:05 | INFO    | src.training.finetune | STEP step=1430 loss=0.7388 dt_sec=0.75 cum_wall_sec=123.3
19:58:06 | INFO    | src.training.finetune | STEP step=1440 loss=0.7433 dt_sec=0.74 cum_wall_sec=124.0
19:58:07 | INFO    | src.training.finetune | STEP step=1450 loss=0.7164 dt_sec=0.75 cum_wall_sec=124.8
19:58:08 | INFO    | src.training.finetune | STEP step=1460 loss=0.7139 dt_sec=0.75 cum_wall_sec=125.5
19:58:08 | INFO    | src.training.finetune | STEP step=1470 loss=0.7202 dt_sec=0.75 cum_wall_sec=126.3
19:58:09 | INFO    | src.training.finetune | STEP step=1480 loss=0.7281 dt_sec=0.73 cum_wall_sec=127.0
19:58:10 | INFO    | src.training.finetune | STEP step=1490 loss=0.7071 dt_sec=0.73 cum_wall_sec=127.7
19:58:11 | INFO    | src.training.finetune | STEP step=1500 loss=0.7459 dt_sec=0.76 cum_wall_sec=128.5
19:58:11 | INFO    | src.training.finetune | STEP step=1510 loss=0.7319 dt_sec=0.74 cum_wall_sec=129.2
19:58:12 | INFO    | src.training.finetune | STEP step=1520 loss=0.7446 dt_sec=0.74 cum_wall_sec=130.0
19:58:13 | INFO    | src.training.finetune | STEP step=1530 loss=0.7161 dt_sec=0.74 cum_wall_sec=130.7
19:58:14 | INFO    | src.training.finetune | STEP step=1540 loss=0.7147 dt_sec=0.74 cum_wall_sec=131.4
19:58:14 | INFO    | src.training.finetune | STEP step=1550 loss=0.7281 dt_sec=0.75 cum_wall_sec=132.2
19:58:15 | INFO    | src.training.finetune | STEP step=1560 loss=0.7117 dt_sec=0.74 cum_wall_sec=132.9
19:58:16 | INFO    | src.training.finetune | STEP step=1570 loss=0.7217 dt_sec=0.75 cum_wall_sec=133.7
19:58:16 | INFO    | src.training.finetune | STEP step=1580 loss=0.7066 dt_sec=0.73 cum_wall_sec=134.4
19:58:17 | INFO    | src.training.finetune | STEP step=1590 loss=0.7211 dt_sec=0.73 cum_wall_sec=135.1
19:58:18 | INFO    | src.training.finetune | STEP step=1600 loss=0.7209 dt_sec=0.74 cum_wall_sec=135.9
19:58:21 | INFO    | src.training.finetune | STEP step=1610 loss=0.6925 dt_sec=3.14 cum_wall_sec=139.0
19:58:22 | INFO    | src.training.finetune | STEP step=1620 loss=0.7056 dt_sec=0.75 cum_wall_sec=139.8
19:58:23 | INFO    | src.training.finetune | STEP step=1630 loss=0.7240 dt_sec=0.76 cum_wall_sec=140.5
19:58:23 | INFO    | src.training.finetune | STEP step=1640 loss=0.7066 dt_sec=0.74 cum_wall_sec=141.3
19:58:24 | INFO    | src.training.finetune | STEP step=1650 loss=0.7173 dt_sec=0.75 cum_wall_sec=142.0
19:58:25 | INFO    | src.training.finetune | STEP step=1660 loss=0.7177 dt_sec=0.74 cum_wall_sec=142.8
19:58:26 | INFO    | src.training.finetune | STEP step=1670 loss=0.7153 dt_sec=0.74 cum_wall_sec=143.5
19:58:26 | INFO    | src.training.finetune | STEP step=1680 loss=0.7329 dt_sec=0.75 cum_wall_sec=144.2
19:58:27 | INFO    | src.training.finetune | STEP step=1690 loss=0.7187 dt_sec=0.75 cum_wall_sec=145.0
19:58:28 | INFO    | src.training.finetune | STEP step=1700 loss=0.6877 dt_sec=0.75 cum_wall_sec=145.7
19:58:29 | INFO    | src.training.finetune | STEP step=1710 loss=0.7139 dt_sec=0.74 cum_wall_sec=146.5
19:58:29 | INFO    | src.training.finetune | STEP step=1720 loss=0.7072 dt_sec=0.75 cum_wall_sec=147.2
19:58:30 | INFO    | src.training.finetune | STEP step=1730 loss=0.6943 dt_sec=0.75 cum_wall_sec=148.0
19:58:31 | INFO    | src.training.finetune | STEP step=1740 loss=0.7077 dt_sec=0.74 cum_wall_sec=148.7
19:58:32 | INFO    | src.training.finetune | STEP step=1750 loss=0.7145 dt_sec=0.74 cum_wall_sec=149.5
19:58:32 | INFO    | src.training.finetune | STEP step=1760 loss=0.7146 dt_sec=0.76 cum_wall_sec=150.2
19:58:33 | INFO    | src.training.finetune | STEP step=1770 loss=0.7202 dt_sec=0.73 cum_wall_sec=150.9
19:58:34 | INFO    | src.training.finetune | STEP step=1780 loss=0.7197 dt_sec=0.74 cum_wall_sec=151.7
19:58:35 | INFO    | src.training.finetune | STEP step=1790 loss=0.7087 dt_sec=0.76 cum_wall_sec=152.4
19:58:35 | INFO    | src.training.finetune | STEP step=1800 loss=0.7124 dt_sec=0.76 cum_wall_sec=153.2
19:58:38 | INFO    | src.training.finetune | STEP step=1810 loss=0.7117 dt_sec=3.19 cum_wall_sec=156.4
19:58:39 | INFO    | src.training.finetune | STEP step=1820 loss=0.7278 dt_sec=0.74 cum_wall_sec=157.1
19:58:40 | INFO    | src.training.finetune | STEP step=1830 loss=0.7209 dt_sec=0.75 cum_wall_sec=157.9
19:58:41 | INFO    | src.training.finetune | STEP step=1840 loss=0.7137 dt_sec=0.76 cum_wall_sec=158.6
19:58:41 | INFO    | src.training.finetune | STEP step=1850 loss=0.6981 dt_sec=0.73 cum_wall_sec=159.4
19:58:42 | INFO    | src.training.finetune | STEP step=1860 loss=0.7104 dt_sec=0.75 cum_wall_sec=160.1
19:58:43 | INFO    | src.training.finetune | STEP step=1870 loss=0.7038 dt_sec=0.75 cum_wall_sec=160.9
19:58:44 | INFO    | src.training.finetune | STEP step=1880 loss=0.7078 dt_sec=0.74 cum_wall_sec=161.6
19:58:44 | INFO    | src.training.finetune | STEP step=1890 loss=0.6962 dt_sec=0.73 cum_wall_sec=162.3
19:58:45 | INFO    | src.training.finetune | STEP step=1900 loss=0.7073 dt_sec=0.75 cum_wall_sec=163.1
19:58:46 | INFO    | src.training.finetune | STEP step=1910 loss=0.7033 dt_sec=0.74 cum_wall_sec=163.8
19:58:47 | INFO    | src.training.finetune | STEP step=1920 loss=0.7013 dt_sec=0.73 cum_wall_sec=164.6
19:58:47 | INFO    | src.training.finetune | STEP step=1930 loss=0.7016 dt_sec=0.74 cum_wall_sec=165.3
19:58:48 | INFO    | src.training.finetune | STEP step=1940 loss=0.7061 dt_sec=0.73 cum_wall_sec=166.0
19:58:49 | INFO    | src.training.finetune | STEP step=1950 loss=0.7065 dt_sec=0.77 cum_wall_sec=166.8
19:58:50 | INFO    | src.training.finetune | STEP step=1960 loss=0.7167 dt_sec=0.74 cum_wall_sec=167.5
19:58:50 | INFO    | src.training.finetune | STEP step=1970 loss=0.7002 dt_sec=0.74 cum_wall_sec=168.3
19:58:51 | INFO    | src.training.finetune | STEP step=1980 loss=0.7125 dt_sec=0.75 cum_wall_sec=169.0
19:58:52 | INFO    | src.training.finetune | STEP step=1990 loss=0.7049 dt_sec=0.74 cum_wall_sec=169.8
19:58:53 | INFO    | src.training.finetune | STEP step=2000 loss=0.7103 dt_sec=0.76 cum_wall_sec=170.5
19:58:55 | INFO    | src.training.finetune | STAGE=azerbaijani end ts=2026-09-08T19:58:55.883705+00:00 runtime_sec=174.0
19:58:57 | INFO    | src.training.finetune | Best checkpoint restored and verified: step 200, val macro-F1 = 0.3334
