22:49:51 | INFO    | src.training.finetune | STAGE=turkish_intermediate cache_hit=true ts=2026-09-08T22:49:51.903642+00:00 path=artifacts/tr_stage_cache/base=xlmr__tok=omp__tr=real__seed=7__5fa8e44893895f85
22:49:51 | INFO    | src.training.finetune |   [AZ mərhələsi] 2000 nümunə | 2 sinif | init=TR checkpoint
22:49:51 | INFO    | src.training.finetune | Task head reset: modules=['classifier'] params=592130 (encoder='roberta' untouched)
22:49:51 | INFO    | src.training.finetune | STAGE=azerbaijani start ts=2026-09-08T22:49:51.967912+00:00 n=2000 n_classes=2
22:49:53 | INFO    | src.training.finetune | STEP step=10 loss=0.6870 dt_sec=0.72 cum_wall_sec=0.7
22:49:53 | INFO    | src.training.finetune | STEP step=20 loss=0.6879 dt_sec=0.67 cum_wall_sec=1.4
22:49:54 | INFO    | src.training.finetune | STEP step=30 loss=0.6815 dt_sec=0.67 cum_wall_sec=2.1
22:49:55 | INFO    | src.training.finetune | STEP step=40 loss=0.6659 dt_sec=0.67 cum_wall_sec=2.7
22:49:55 | INFO    | src.training.finetune | STEP step=50 loss=0.6628 dt_sec=0.68 cum_wall_sec=3.4
22:49:56 | INFO    | src.training.finetune | STEP step=60 loss=0.6708 dt_sec=0.67 cum_wall_sec=4.1
22:49:57 | INFO    | src.training.finetune | STEP step=70 loss=0.6351 dt_sec=0.67 cum_wall_sec=4.8
22:49:57 | INFO    | src.training.finetune | STEP step=80 loss=0.6194 dt_sec=0.66 cum_wall_sec=5.4
22:49:58 | INFO    | src.training.finetune | STEP step=90 loss=0.5942 dt_sec=0.67 cum_wall_sec=6.1
22:49:59 | INFO    | src.training.finetune | STEP step=100 loss=0.6169 dt_sec=0.67 cum_wall_sec=6.8
22:49:59 | INFO    | src.training.finetune | STEP step=110 loss=0.5551 dt_sec=0.66 cum_wall_sec=7.4
22:50:00 | INFO    | src.training.finetune | STEP step=120 loss=0.6440 dt_sec=0.67 cum_wall_sec=8.1
22:50:01 | INFO    | src.training.finetune | STEP step=130 loss=0.5990 dt_sec=0.66 cum_wall_sec=8.8
22:50:01 | INFO    | src.training.finetune | STEP step=140 loss=0.5601 dt_sec=0.68 cum_wall_sec=9.5
22:50:02 | INFO    | src.training.finetune | STEP step=150 loss=0.5535 dt_sec=0.67 cum_wall_sec=10.1
22:50:03 | INFO    | src.training.finetune | STEP step=160 loss=0.5633 dt_sec=0.67 cum_wall_sec=10.8
22:50:03 | INFO    | src.training.finetune | STEP step=170 loss=0.4923 dt_sec=0.65 cum_wall_sec=11.4
22:50:04 | INFO    | src.training.finetune | STEP step=180 loss=0.5565 dt_sec=0.67 cum_wall_sec=12.1
22:50:05 | INFO    | src.training.finetune | STEP step=190 loss=0.5766 dt_sec=0.67 cum_wall_sec=12.8
22:50:05 | INFO    | src.training.finetune | STEP step=200 loss=0.4713 dt_sec=0.68 cum_wall_sec=13.5
22:50:08 | INFO    | src.training.finetune | STEP step=210 loss=0.5334 dt_sec=2.45 cum_wall_sec=15.9
22:50:09 | INFO    | src.training.finetune | STEP step=220 loss=0.5627 dt_sec=0.67 cum_wall_sec=16.6
22:50:09 | INFO    | src.training.finetune | STEP step=230 loss=0.5728 dt_sec=0.67 cum_wall_sec=17.2
22:50:10 | INFO    | src.training.finetune | STEP step=240 loss=0.5691 dt_sec=0.66 cum_wall_sec=17.9
22:50:11 | INFO    | src.training.finetune | STEP step=250 loss=0.5372 dt_sec=0.67 cum_wall_sec=18.6
22:50:11 | INFO    | src.training.finetune | STEP step=260 loss=0.4749 dt_sec=0.67 cum_wall_sec=19.2
22:50:12 | INFO    | src.training.finetune | STEP step=270 loss=0.5219 dt_sec=0.65 cum_wall_sec=19.9
22:50:13 | INFO    | src.training.finetune | STEP step=280 loss=0.4711 dt_sec=0.66 cum_wall_sec=20.6
22:50:13 | INFO    | src.training.finetune | STEP step=290 loss=0.4559 dt_sec=0.68 cum_wall_sec=21.2
22:50:14 | INFO    | src.training.finetune | STEP step=300 loss=0.5098 dt_sec=0.67 cum_wall_sec=21.9
22:50:15 | INFO    | src.training.finetune | STEP step=310 loss=0.4742 dt_sec=0.67 cum_wall_sec=22.6
22:50:15 | INFO    | src.training.finetune | STEP step=320 loss=0.4573 dt_sec=0.66 cum_wall_sec=23.2
22:50:16 | INFO    | src.training.finetune | STEP step=330 loss=0.4010 dt_sec=0.67 cum_wall_sec=23.9
22:50:17 | INFO    | src.training.finetune | STEP step=340 loss=0.4368 dt_sec=0.67 cum_wall_sec=24.6
22:50:17 | INFO    | src.training.finetune | STEP step=350 loss=0.3934 dt_sec=0.67 cum_wall_sec=25.2
22:50:18 | INFO    | src.training.finetune | STEP step=360 loss=0.4345 dt_sec=0.66 cum_wall_sec=25.9
22:50:19 | INFO    | src.training.finetune | STEP step=370 loss=0.4295 dt_sec=0.66 cum_wall_sec=26.6
22:50:19 | INFO    | src.training.finetune | STEP step=380 loss=0.3744 dt_sec=0.66 cum_wall_sec=27.2
22:50:20 | INFO    | src.training.finetune | STEP step=390 loss=0.3480 dt_sec=0.67 cum_wall_sec=27.9
22:50:21 | INFO    | src.training.finetune | STEP step=400 loss=0.3026 dt_sec=0.66 cum_wall_sec=28.6
22:50:23 | INFO    | src.training.finetune | STEP step=410 loss=0.4065 dt_sec=2.53 cum_wall_sec=31.1
22:50:24 | INFO    | src.training.finetune | STEP step=420 loss=0.3702 dt_sec=0.67 cum_wall_sec=31.8
22:50:24 | INFO    | src.training.finetune | STEP step=430 loss=0.3526 dt_sec=0.67 cum_wall_sec=32.4
22:50:25 | INFO    | src.training.finetune | STEP step=440 loss=0.4008 dt_sec=0.67 cum_wall_sec=33.1
22:50:26 | INFO    | src.training.finetune | STEP step=450 loss=0.2525 dt_sec=0.67 cum_wall_sec=33.8
22:50:26 | INFO    | src.training.finetune | STEP step=460 loss=0.3200 dt_sec=0.66 cum_wall_sec=34.4
22:50:27 | INFO    | src.training.finetune | STEP step=470 loss=0.3259 dt_sec=0.67 cum_wall_sec=35.1
22:50:28 | INFO    | src.training.finetune | STEP step=480 loss=0.2762 dt_sec=0.67 cum_wall_sec=35.8
22:50:28 | INFO    | src.training.finetune | STEP step=490 loss=0.3266 dt_sec=0.65 cum_wall_sec=36.4
22:50:29 | INFO    | src.training.finetune | STEP step=500 loss=0.3722 dt_sec=0.67 cum_wall_sec=37.1
22:50:30 | INFO    | src.training.finetune | STEP step=510 loss=0.4018 dt_sec=0.66 cum_wall_sec=37.8
22:50:30 | INFO    | src.training.finetune | STEP step=520 loss=0.2861 dt_sec=0.67 cum_wall_sec=38.4
22:50:31 | INFO    | src.training.finetune | STEP step=530 loss=0.2489 dt_sec=0.67 cum_wall_sec=39.1
22:50:32 | INFO    | src.training.finetune | STEP step=540 loss=0.2123 dt_sec=0.66 cum_wall_sec=39.8
22:50:32 | INFO    | src.training.finetune | STEP step=550 loss=0.3010 dt_sec=0.67 cum_wall_sec=40.4
22:50:33 | INFO    | src.training.finetune | STEP step=560 loss=0.2800 dt_sec=0.66 cum_wall_sec=41.1
22:50:34 | INFO    | src.training.finetune | STEP step=570 loss=0.2581 dt_sec=0.66 cum_wall_sec=41.8
22:50:34 | INFO    | src.training.finetune | STEP step=580 loss=0.2203 dt_sec=0.67 cum_wall_sec=42.4
22:50:35 | INFO    | src.training.finetune | STEP step=590 loss=0.2505 dt_sec=0.67 cum_wall_sec=43.1
22:50:36 | INFO    | src.training.finetune | STEP step=600 loss=0.2221 dt_sec=0.67 cum_wall_sec=43.8
22:50:38 | INFO    | src.training.finetune | STEP step=610 loss=0.1952 dt_sec=2.50 cum_wall_sec=46.3
22:50:39 | INFO    | src.training.finetune | STEP step=620 loss=0.2097 dt_sec=0.67 cum_wall_sec=46.9
22:50:40 | INFO    | src.training.finetune | STEP step=630 loss=0.3136 dt_sec=0.64 cum_wall_sec=47.6
22:50:40 | INFO    | src.training.finetune | STEP step=640 loss=0.2107 dt_sec=0.67 cum_wall_sec=48.2
22:50:41 | INFO    | src.training.finetune | STEP step=650 loss=0.2414 dt_sec=0.66 cum_wall_sec=48.9
22:50:42 | INFO    | src.training.finetune | STEP step=660 loss=0.1612 dt_sec=0.67 cum_wall_sec=49.6
22:50:42 | INFO    | src.training.finetune | STEP step=670 loss=0.1728 dt_sec=0.67 cum_wall_sec=50.2
22:50:43 | INFO    | src.training.finetune | STEP step=680 loss=0.1863 dt_sec=0.67 cum_wall_sec=50.9
22:50:44 | INFO    | src.training.finetune | STEP step=690 loss=0.1824 dt_sec=0.66 cum_wall_sec=51.6
22:50:44 | INFO    | src.training.finetune | STEP step=700 loss=0.1113 dt_sec=0.66 cum_wall_sec=52.2
22:50:45 | INFO    | src.training.finetune | STEP step=710 loss=0.2199 dt_sec=0.67 cum_wall_sec=52.9
22:50:46 | INFO    | src.training.finetune | STEP step=720 loss=0.1300 dt_sec=0.66 cum_wall_sec=53.6
22:50:46 | INFO    | src.training.finetune | STEP step=730 loss=0.1414 dt_sec=0.67 cum_wall_sec=54.2
22:50:47 | INFO    | src.training.finetune | STEP step=740 loss=0.2601 dt_sec=0.68 cum_wall_sec=54.9
22:50:48 | INFO    | src.training.finetune | STEP step=750 loss=0.1826 dt_sec=0.67 cum_wall_sec=55.6
22:50:48 | INFO    | src.training.finetune | STEP step=760 loss=0.1292 dt_sec=0.66 cum_wall_sec=56.2
22:50:49 | INFO    | src.training.finetune | STEP step=770 loss=0.1528 dt_sec=0.67 cum_wall_sec=56.9
22:50:50 | INFO    | src.training.finetune | STEP step=780 loss=0.1651 dt_sec=0.66 cum_wall_sec=57.6
22:50:50 | INFO    | src.training.finetune | STEP step=790 loss=0.1295 dt_sec=0.66 cum_wall_sec=58.2
22:50:51 | INFO    | src.training.finetune | STEP step=800 loss=0.1099 dt_sec=0.67 cum_wall_sec=58.9
22:50:53 | INFO    | src.training.finetune | STEP step=810 loss=0.1989 dt_sec=2.52 cum_wall_sec=61.4
22:50:54 | INFO    | src.training.finetune | STEP step=820 loss=0.0884 dt_sec=0.66 cum_wall_sec=62.1
22:50:55 | INFO    | src.training.finetune | STEP step=830 loss=0.0943 dt_sec=0.67 cum_wall_sec=62.7
22:50:55 | INFO    | src.training.finetune | STEP step=840 loss=0.1439 dt_sec=0.66 cum_wall_sec=63.4
22:50:56 | INFO    | src.training.finetune | STEP step=850 loss=0.0936 dt_sec=0.67 cum_wall_sec=64.1
22:50:57 | INFO    | src.training.finetune | STEP step=860 loss=0.1261 dt_sec=0.67 cum_wall_sec=64.7
22:50:57 | INFO    | src.training.finetune | STEP step=870 loss=0.1795 dt_sec=0.67 cum_wall_sec=65.4
22:50:58 | INFO    | src.training.finetune | STEP step=880 loss=0.1233 dt_sec=0.67 cum_wall_sec=66.1
22:50:59 | INFO    | src.training.finetune | STEP step=890 loss=0.0573 dt_sec=0.67 cum_wall_sec=66.7
22:50:59 | INFO    | src.training.finetune | STEP step=900 loss=0.0878 dt_sec=0.65 cum_wall_sec=67.4
22:51:00 | INFO    | src.training.finetune | STEP step=910 loss=0.1326 dt_sec=0.65 cum_wall_sec=68.1
22:51:01 | INFO    | src.training.finetune | STEP step=920 loss=0.0857 dt_sec=0.68 cum_wall_sec=68.7
22:51:01 | INFO    | src.training.finetune | STEP step=930 loss=0.2016 dt_sec=0.67 cum_wall_sec=69.4
22:51:02 | INFO    | src.training.finetune | STEP step=940 loss=0.2084 dt_sec=0.68 cum_wall_sec=70.1
22:51:03 | INFO    | src.training.finetune | STEP step=950 loss=0.1527 dt_sec=0.66 cum_wall_sec=70.8
22:51:03 | INFO    | src.training.finetune | STEP step=960 loss=0.0705 dt_sec=0.67 cum_wall_sec=71.4
22:51:04 | INFO    | src.training.finetune | STEP step=970 loss=0.0713 dt_sec=0.67 cum_wall_sec=72.1
22:51:05 | INFO    | src.training.finetune | STEP step=980 loss=0.1115 dt_sec=0.66 cum_wall_sec=72.8
22:51:05 | INFO    | src.training.finetune | STEP step=990 loss=0.0701 dt_sec=0.67 cum_wall_sec=73.4
22:51:06 | INFO    | src.training.finetune | STEP step=1000 loss=0.1199 dt_sec=0.66 cum_wall_sec=74.1
22:51:09 | INFO    | src.training.finetune | STEP step=1010 loss=0.0807 dt_sec=2.53 cum_wall_sec=76.6
22:51:09 | INFO    | src.training.finetune | STEP step=1020 loss=0.0607 dt_sec=0.66 cum_wall_sec=77.3
22:51:10 | INFO    | src.training.finetune | STEP step=1030 loss=0.0564 dt_sec=0.67 cum_wall_sec=77.9
22:51:11 | INFO    | src.training.finetune | STEP step=1040 loss=0.1882 dt_sec=0.66 cum_wall_sec=78.6
22:51:11 | INFO    | src.training.finetune | STEP step=1050 loss=0.1185 dt_sec=0.68 cum_wall_sec=79.3
22:51:12 | INFO    | src.training.finetune | STEP step=1060 loss=0.0588 dt_sec=0.66 cum_wall_sec=79.9
22:51:13 | INFO    | src.training.finetune | STEP step=1070 loss=0.0821 dt_sec=0.68 cum_wall_sec=80.6
22:51:13 | INFO    | src.training.finetune | STEP step=1080 loss=0.0842 dt_sec=0.65 cum_wall_sec=81.3
22:51:14 | INFO    | src.training.finetune | STEP step=1090 loss=0.0672 dt_sec=0.67 cum_wall_sec=81.9
22:51:15 | INFO    | src.training.finetune | STEP step=1100 loss=0.0829 dt_sec=0.67 cum_wall_sec=82.6
22:51:15 | INFO    | src.training.finetune | STEP step=1110 loss=0.1319 dt_sec=0.67 cum_wall_sec=83.3
22:51:16 | INFO    | src.training.finetune | STEP step=1120 loss=0.0572 dt_sec=0.67 cum_wall_sec=84.0
22:51:17 | INFO    | src.training.finetune | STEP step=1130 loss=0.0601 dt_sec=0.66 cum_wall_sec=84.6
22:51:17 | INFO    | src.training.finetune | STEP step=1140 loss=0.0682 dt_sec=0.66 cum_wall_sec=85.3
22:51:18 | INFO    | src.training.finetune | STEP step=1150 loss=0.0068 dt_sec=0.67 cum_wall_sec=85.9
22:51:19 | INFO    | src.training.finetune | STEP step=1160 loss=0.0738 dt_sec=0.66 cum_wall_sec=86.6
22:51:19 | INFO    | src.training.finetune | STEP step=1170 loss=0.0697 dt_sec=0.67 cum_wall_sec=87.3
22:51:20 | INFO    | src.training.finetune | STEP step=1180 loss=0.0879 dt_sec=0.66 cum_wall_sec=87.9
22:51:21 | INFO    | src.training.finetune | STEP step=1190 loss=0.1296 dt_sec=0.67 cum_wall_sec=88.6
22:51:21 | INFO    | src.training.finetune | STEP step=1200 loss=0.0772 dt_sec=0.66 cum_wall_sec=89.3
22:51:24 | INFO    | src.training.finetune | STEP step=1210 loss=0.0592 dt_sec=2.50 cum_wall_sec=91.8
22:51:24 | INFO    | src.training.finetune | STEP step=1220 loss=0.0713 dt_sec=0.67 cum_wall_sec=92.4
22:51:25 | INFO    | src.training.finetune | STEP step=1230 loss=0.0427 dt_sec=0.66 cum_wall_sec=93.1
22:51:26 | INFO    | src.training.finetune | STEP step=1240 loss=0.0583 dt_sec=0.66 cum_wall_sec=93.8
22:51:26 | INFO    | src.training.finetune | STEP step=1250 loss=0.1025 dt_sec=0.68 cum_wall_sec=94.4
22:51:27 | INFO    | src.training.finetune | STEP step=1260 loss=0.0435 dt_sec=0.67 cum_wall_sec=95.1
22:51:28 | INFO    | src.training.finetune | STEP step=1270 loss=0.0342 dt_sec=0.67 cum_wall_sec=95.8
22:51:28 | INFO    | src.training.finetune | STEP step=1280 loss=0.0764 dt_sec=0.67 cum_wall_sec=96.4
22:51:29 | INFO    | src.training.finetune | STEP step=1290 loss=0.0469 dt_sec=0.67 cum_wall_sec=97.1
22:51:30 | INFO    | src.training.finetune | STEP step=1300 loss=0.0424 dt_sec=0.66 cum_wall_sec=97.8
22:51:30 | INFO    | src.training.finetune | STEP step=1310 loss=0.0907 dt_sec=0.68 cum_wall_sec=98.5
22:51:31 | INFO    | src.training.finetune | STEP step=1320 loss=0.0891 dt_sec=0.67 cum_wall_sec=99.1
22:51:32 | INFO    | src.training.finetune | STEP step=1330 loss=0.0970 dt_sec=0.68 cum_wall_sec=99.8
22:51:32 | INFO    | src.training.finetune | STEP step=1340 loss=0.0069 dt_sec=0.66 cum_wall_sec=100.5
22:51:33 | INFO    | src.training.finetune | STEP step=1350 loss=0.0287 dt_sec=0.68 cum_wall_sec=101.2
22:51:34 | INFO    | src.training.finetune | STEP step=1360 loss=0.1070 dt_sec=0.67 cum_wall_sec=101.8
22:51:34 | INFO    | src.training.finetune | STEP step=1370 loss=0.0047 dt_sec=0.67 cum_wall_sec=102.5
22:51:35 | INFO    | src.training.finetune | STEP step=1380 loss=0.0471 dt_sec=0.66 cum_wall_sec=103.2
22:51:36 | INFO    | src.training.finetune | STEP step=1390 loss=0.0505 dt_sec=0.67 cum_wall_sec=103.8
22:51:36 | INFO    | src.training.finetune | STEP step=1400 loss=0.0550 dt_sec=0.68 cum_wall_sec=104.5
22:51:39 | INFO    | src.training.finetune | STEP step=1410 loss=0.0167 dt_sec=2.52 cum_wall_sec=107.0
22:51:40 | INFO    | src.training.finetune | STEP step=1420 loss=0.0214 dt_sec=0.67 cum_wall_sec=107.7
22:51:40 | INFO    | src.training.finetune | STEP step=1430 loss=0.0370 dt_sec=0.66 cum_wall_sec=108.3
22:51:41 | INFO    | src.training.finetune | STEP step=1440 loss=0.0415 dt_sec=0.66 cum_wall_sec=109.0
22:51:42 | INFO    | src.training.finetune | STEP step=1450 loss=0.0241 dt_sec=0.66 cum_wall_sec=109.7
22:51:42 | INFO    | src.training.finetune | STEP step=1460 loss=0.0403 dt_sec=0.67 cum_wall_sec=110.3
22:51:43 | INFO    | src.training.finetune | STEP step=1470 loss=0.0352 dt_sec=0.67 cum_wall_sec=111.0
22:51:44 | INFO    | src.training.finetune | STEP step=1480 loss=0.0271 dt_sec=0.67 cum_wall_sec=111.7
22:51:44 | INFO    | src.training.finetune | STEP step=1490 loss=0.0827 dt_sec=0.67 cum_wall_sec=112.3
22:51:45 | INFO    | src.training.finetune | STEP step=1500 loss=0.0084 dt_sec=0.66 cum_wall_sec=113.0
22:51:46 | INFO    | src.training.finetune | STEP step=1510 loss=0.0356 dt_sec=0.68 cum_wall_sec=113.7
22:51:46 | INFO    | src.training.finetune | STEP step=1520 loss=0.0650 dt_sec=0.66 cum_wall_sec=114.3
22:51:47 | INFO    | src.training.finetune | STEP step=1530 loss=0.0353 dt_sec=0.68 cum_wall_sec=115.0
22:51:48 | INFO    | src.training.finetune | STEP step=1540 loss=0.0544 dt_sec=0.67 cum_wall_sec=115.7
22:51:48 | INFO    | src.training.finetune | STEP step=1550 loss=0.0041 dt_sec=0.67 cum_wall_sec=116.4
22:51:49 | INFO    | src.training.finetune | STEP step=1560 loss=0.0386 dt_sec=0.65 cum_wall_sec=117.0
22:51:50 | INFO    | src.training.finetune | STEP step=1570 loss=0.0471 dt_sec=0.66 cum_wall_sec=117.7
22:51:50 | INFO    | src.training.finetune | STEP step=1580 loss=0.0394 dt_sec=0.67 cum_wall_sec=118.3
22:51:51 | INFO    | src.training.finetune | STEP step=1590 loss=0.0496 dt_sec=0.66 cum_wall_sec=119.0
22:51:52 | INFO    | src.training.finetune | STEP step=1600 loss=0.0010 dt_sec=0.67 cum_wall_sec=119.7
22:51:54 | INFO    | src.training.finetune | STEP step=1610 loss=0.0288 dt_sec=2.50 cum_wall_sec=122.2
22:51:55 | INFO    | src.training.finetune | STEP step=1620 loss=0.0436 dt_sec=0.64 cum_wall_sec=122.8
22:51:55 | INFO    | src.training.finetune | STEP step=1630 loss=0.0257 dt_sec=0.64 cum_wall_sec=123.5
22:51:56 | INFO    | src.training.finetune | STEP step=1640 loss=0.0015 dt_sec=0.63 cum_wall_sec=124.1
22:51:57 | INFO    | src.training.finetune | STEP step=1650 loss=0.0638 dt_sec=0.64 cum_wall_sec=124.7
22:51:57 | INFO    | src.training.finetune | STEP step=1660 loss=0.0205 dt_sec=0.67 cum_wall_sec=125.4
22:51:58 | INFO    | src.training.finetune | STEP step=1670 loss=0.0314 dt_sec=0.67 cum_wall_sec=126.1
22:51:59 | INFO    | src.training.finetune | STEP step=1680 loss=0.0072 dt_sec=0.67 cum_wall_sec=126.7
22:51:59 | INFO    | src.training.finetune | STEP step=1690 loss=0.0160 dt_sec=0.67 cum_wall_sec=127.4
22:52:00 | INFO    | src.training.finetune | STEP step=1700 loss=0.0538 dt_sec=0.67 cum_wall_sec=128.1
22:52:01 | INFO    | src.training.finetune | STEP step=1710 loss=0.0669 dt_sec=0.67 cum_wall_sec=128.7
22:52:01 | INFO    | src.training.finetune | STEP step=1720 loss=0.0370 dt_sec=0.66 cum_wall_sec=129.4
22:52:02 | INFO    | src.training.finetune | STEP step=1730 loss=0.0054 dt_sec=0.67 cum_wall_sec=130.1
22:52:03 | INFO    | src.training.finetune | STEP step=1740 loss=0.0602 dt_sec=0.66 cum_wall_sec=130.7
22:52:03 | INFO    | src.training.finetune | STEP step=1750 loss=0.0135 dt_sec=0.67 cum_wall_sec=131.4
22:52:04 | INFO    | src.training.finetune | STEP step=1760 loss=0.0252 dt_sec=0.67 cum_wall_sec=132.1
22:52:05 | INFO    | src.training.finetune | STEP step=1770 loss=0.0244 dt_sec=0.67 cum_wall_sec=132.7
22:52:05 | INFO    | src.training.finetune | STEP step=1780 loss=0.0254 dt_sec=0.67 cum_wall_sec=133.4
22:52:06 | INFO    | src.training.finetune | STEP step=1790 loss=0.0378 dt_sec=0.68 cum_wall_sec=134.1
22:52:07 | INFO    | src.training.finetune | STEP step=1800 loss=0.0404 dt_sec=0.66 cum_wall_sec=134.8
22:52:09 | INFO    | src.training.finetune | STEP step=1810 loss=0.0139 dt_sec=2.51 cum_wall_sec=137.3
22:52:10 | INFO    | src.training.finetune | STEP step=1820 loss=0.0823 dt_sec=0.66 cum_wall_sec=137.9
22:52:11 | INFO    | src.training.finetune | STEP step=1830 loss=0.0299 dt_sec=0.66 cum_wall_sec=138.6
22:52:11 | INFO    | src.training.finetune | STEP step=1840 loss=0.0189 dt_sec=0.67 cum_wall_sec=139.3
22:52:12 | INFO    | src.training.finetune | STEP step=1850 loss=0.0540 dt_sec=0.66 cum_wall_sec=139.9
22:52:13 | INFO    | src.training.finetune | STEP step=1860 loss=0.0501 dt_sec=0.66 cum_wall_sec=140.6
22:52:13 | INFO    | src.training.finetune | STEP step=1870 loss=0.0104 dt_sec=0.67 cum_wall_sec=141.2
22:52:14 | INFO    | src.training.finetune | STEP step=1880 loss=0.0244 dt_sec=0.66 cum_wall_sec=141.9
22:52:15 | INFO    | src.training.finetune | STEP step=1890 loss=0.0005 dt_sec=0.66 cum_wall_sec=142.6
22:52:15 | INFO    | src.training.finetune | STEP step=1900 loss=0.0322 dt_sec=0.68 cum_wall_sec=143.2
22:52:16 | INFO    | src.training.finetune | STEP step=1910 loss=0.0159 dt_sec=0.67 cum_wall_sec=143.9
22:52:17 | INFO    | src.training.finetune | STEP step=1920 loss=0.0406 dt_sec=0.66 cum_wall_sec=144.6
22:52:17 | INFO    | src.training.finetune | STEP step=1930 loss=0.0893 dt_sec=0.67 cum_wall_sec=145.2
22:52:18 | INFO    | src.training.finetune | STEP step=1940 loss=0.0008 dt_sec=0.67 cum_wall_sec=145.9
22:52:19 | INFO    | src.training.finetune | STEP step=1950 loss=0.0280 dt_sec=0.67 cum_wall_sec=146.6
22:52:19 | INFO    | src.training.finetune | STEP step=1960 loss=0.0006 dt_sec=0.66 cum_wall_sec=147.2
22:52:20 | INFO    | src.training.finetune | STEP step=1970 loss=0.0026 dt_sec=0.67 cum_wall_sec=147.9
22:52:21 | INFO    | src.training.finetune | STEP step=1980 loss=0.0787 dt_sec=0.67 cum_wall_sec=148.6
22:52:21 | INFO    | src.training.finetune | STEP step=1990 loss=0.0471 dt_sec=0.67 cum_wall_sec=149.3
22:52:22 | INFO    | src.training.finetune | STEP step=2000 loss=0.0256 dt_sec=0.67 cum_wall_sec=149.9
22:52:24 | INFO    | src.training.finetune | STAGE=azerbaijani end ts=2026-09-08T22:52:24.469888+00:00 runtime_sec=152.5
22:52:25 | INFO    | src.training.finetune | Best checkpoint restored and verified: step 400, val macro-F1 = 0.7735
