03:55:46 | INFO    | src.training.finetune | STAGE=turkish_intermediate cache_hit=true ts=2026-09-09T03:55:46.536989+00:00 path=artifacts/tr_stage_cache/base=xlmr__tok=original__tr=scrambled__seed=2024__306eb44af07c3141
03:55:46 | INFO    | src.training.finetune |   [AZ mərhələsi] 500 nümunə | 2 sinif | init=TR checkpoint
03:55:46 | INFO    | src.training.finetune | Task head reset: modules=['classifier'] params=592130 (encoder='roberta' untouched)
03:55:46 | INFO    | src.training.finetune | STAGE=azerbaijani start ts=2026-09-09T03:55:46.665007+00:00 n=500 n_classes=2
03:55:47 | INFO    | src.training.finetune | STEP step=10 loss=0.6943 dt_sec=0.74 cum_wall_sec=0.7
03:55:48 | INFO    | src.training.finetune | STEP step=20 loss=0.6811 dt_sec=0.68 cum_wall_sec=1.4
03:55:49 | INFO    | src.training.finetune | STEP step=30 loss=0.6446 dt_sec=0.69 cum_wall_sec=2.1
03:55:50 | INFO    | src.training.finetune | STEP step=40 loss=0.5985 dt_sec=0.68 cum_wall_sec=2.8
03:55:50 | INFO    | src.training.finetune | STEP step=50 loss=0.5685 dt_sec=0.67 cum_wall_sec=3.5
03:55:51 | INFO    | src.training.finetune | STEP step=60 loss=0.5450 dt_sec=0.69 cum_wall_sec=4.2
03:55:52 | INFO    | src.training.finetune | STEP step=70 loss=0.4395 dt_sec=0.68 cum_wall_sec=4.8
03:55:52 | INFO    | src.training.finetune | STEP step=80 loss=0.4320 dt_sec=0.68 cum_wall_sec=5.5
03:55:53 | INFO    | src.training.finetune | STEP step=90 loss=0.4076 dt_sec=0.69 cum_wall_sec=6.2
03:55:54 | INFO    | src.training.finetune | STEP step=100 loss=0.3636 dt_sec=0.68 cum_wall_sec=6.9
03:55:54 | INFO    | src.training.finetune | STEP step=110 loss=0.3555 dt_sec=0.69 cum_wall_sec=7.6
03:55:55 | INFO    | src.training.finetune | STEP step=120 loss=0.2836 dt_sec=0.68 cum_wall_sec=8.3
03:55:56 | INFO    | src.training.finetune | STEP step=130 loss=0.2669 dt_sec=0.68 cum_wall_sec=8.9
03:55:56 | INFO    | src.training.finetune | STEP step=140 loss=0.2675 dt_sec=0.69 cum_wall_sec=9.6
03:55:57 | INFO    | src.training.finetune | STEP step=150 loss=0.2038 dt_sec=0.68 cum_wall_sec=10.3
03:55:58 | INFO    | src.training.finetune | STEP step=160 loss=0.2139 dt_sec=0.68 cum_wall_sec=11.0
03:55:58 | INFO    | src.training.finetune | STEP step=170 loss=0.1187 dt_sec=0.69 cum_wall_sec=11.7
03:55:59 | INFO    | src.training.finetune | STEP step=180 loss=0.1802 dt_sec=0.69 cum_wall_sec=12.4
03:56:00 | INFO    | src.training.finetune | STEP step=190 loss=0.1291 dt_sec=0.69 cum_wall_sec=13.1
03:56:00 | INFO    | src.training.finetune | STEP step=200 loss=0.1199 dt_sec=0.69 cum_wall_sec=13.8
03:56:04 | INFO    | src.training.finetune | STEP step=210 loss=0.2203 dt_sec=3.05 cum_wall_sec=16.8
03:56:04 | INFO    | src.training.finetune | STEP step=220 loss=0.2238 dt_sec=0.68 cum_wall_sec=17.5
03:56:05 | INFO    | src.training.finetune | STEP step=230 loss=0.1688 dt_sec=0.69 cum_wall_sec=18.2
03:56:06 | INFO    | src.training.finetune | STEP step=240 loss=0.1410 dt_sec=0.68 cum_wall_sec=18.9
03:56:06 | INFO    | src.training.finetune | STEP step=250 loss=0.1200 dt_sec=0.70 cum_wall_sec=19.6
03:56:07 | INFO    | src.training.finetune | STEP step=260 loss=0.0762 dt_sec=0.68 cum_wall_sec=20.2
03:56:08 | INFO    | src.training.finetune | STEP step=270 loss=0.1146 dt_sec=0.69 cum_wall_sec=20.9
03:56:08 | INFO    | src.training.finetune | STEP step=280 loss=0.1547 dt_sec=0.68 cum_wall_sec=21.6
03:56:09 | INFO    | src.training.finetune | STEP step=290 loss=0.1053 dt_sec=0.69 cum_wall_sec=22.3
03:56:10 | INFO    | src.training.finetune | STEP step=300 loss=0.1300 dt_sec=0.69 cum_wall_sec=23.0
03:56:10 | INFO    | src.training.finetune | STEP step=310 loss=0.0968 dt_sec=0.69 cum_wall_sec=23.7
03:56:11 | INFO    | src.training.finetune | STEP step=320 loss=0.0628 dt_sec=0.68 cum_wall_sec=24.4
03:56:12 | INFO    | src.training.finetune | STEP step=330 loss=0.1079 dt_sec=0.68 cum_wall_sec=25.0
03:56:12 | INFO    | src.training.finetune | STEP step=340 loss=0.0717 dt_sec=0.69 cum_wall_sec=25.7
03:56:13 | INFO    | src.training.finetune | STEP step=350 loss=0.0690 dt_sec=0.68 cum_wall_sec=26.4
03:56:14 | INFO    | src.training.finetune | STEP step=360 loss=0.0568 dt_sec=0.69 cum_wall_sec=27.1
03:56:15 | INFO    | src.training.finetune | STEP step=370 loss=0.1004 dt_sec=0.69 cum_wall_sec=27.8
03:56:15 | INFO    | src.training.finetune | STEP step=380 loss=0.0371 dt_sec=0.68 cum_wall_sec=28.5
03:56:16 | INFO    | src.training.finetune | STEP step=390 loss=0.0503 dt_sec=0.69 cum_wall_sec=29.2
03:56:17 | INFO    | src.training.finetune | STEP step=400 loss=0.0421 dt_sec=0.69 cum_wall_sec=29.9
03:56:20 | INFO    | src.training.finetune | STEP step=410 loss=0.0148 dt_sec=3.24 cum_wall_sec=33.1
03:56:21 | INFO    | src.training.finetune | STEP step=420 loss=0.0484 dt_sec=0.69 cum_wall_sec=33.8
03:56:21 | INFO    | src.training.finetune | STEP step=430 loss=0.0511 dt_sec=0.69 cum_wall_sec=34.5
03:56:22 | INFO    | src.training.finetune | STEP step=440 loss=0.0446 dt_sec=0.69 cum_wall_sec=35.2
03:56:23 | INFO    | src.training.finetune | STEP step=450 loss=0.0408 dt_sec=0.69 cum_wall_sec=35.8
03:56:23 | INFO    | src.training.finetune | STEP step=460 loss=0.0286 dt_sec=0.69 cum_wall_sec=36.5
03:56:24 | INFO    | src.training.finetune | STEP step=470 loss=0.0130 dt_sec=0.69 cum_wall_sec=37.2
03:56:25 | INFO    | src.training.finetune | STEP step=480 loss=0.1325 dt_sec=0.68 cum_wall_sec=37.9
03:56:25 | INFO    | src.training.finetune | STEP step=490 loss=0.0710 dt_sec=0.69 cum_wall_sec=38.6
03:56:26 | INFO    | src.training.finetune | STEP step=500 loss=0.0672 dt_sec=0.67 cum_wall_sec=39.3
03:56:27 | INFO    | src.training.finetune | STEP step=510 loss=0.0424 dt_sec=0.68 cum_wall_sec=40.0
03:56:27 | INFO    | src.training.finetune | STEP step=520 loss=0.0579 dt_sec=0.69 cum_wall_sec=40.7
03:56:28 | INFO    | src.training.finetune | STEP step=530 loss=0.0009 dt_sec=0.68 cum_wall_sec=41.3
03:56:29 | INFO    | src.training.finetune | STEP step=540 loss=0.0112 dt_sec=0.70 cum_wall_sec=42.0
03:56:29 | INFO    | src.training.finetune | STEP step=550 loss=0.0169 dt_sec=0.69 cum_wall_sec=42.7
03:56:30 | INFO    | src.training.finetune | STEP step=560 loss=0.0006 dt_sec=0.69 cum_wall_sec=43.4
03:56:31 | INFO    | src.training.finetune | STEP step=570 loss=0.0006 dt_sec=0.69 cum_wall_sec=44.1
03:56:32 | INFO    | src.training.finetune | STEP step=580 loss=0.0005 dt_sec=0.68 cum_wall_sec=44.8
03:56:32 | INFO    | src.training.finetune | STEP step=590 loss=0.0176 dt_sec=0.69 cum_wall_sec=45.5
03:56:33 | INFO    | src.training.finetune | STEP step=600 loss=0.0407 dt_sec=0.68 cum_wall_sec=46.2
03:56:36 | INFO    | src.training.finetune | STEP step=610 loss=0.0428 dt_sec=3.25 cum_wall_sec=49.4
03:56:37 | INFO    | src.training.finetune | STEP step=620 loss=0.0004 dt_sec=0.69 cum_wall_sec=50.1
03:56:38 | INFO    | src.training.finetune | STEP step=630 loss=0.0162 dt_sec=0.68 cum_wall_sec=50.8
03:56:38 | INFO    | src.training.finetune | STEP step=640 loss=0.0003 dt_sec=0.68 cum_wall_sec=51.5
03:56:39 | INFO    | src.training.finetune | STEP step=650 loss=0.0470 dt_sec=0.68 cum_wall_sec=52.1
03:56:40 | INFO    | src.training.finetune | STEP step=660 loss=0.0240 dt_sec=0.69 cum_wall_sec=52.8
03:56:40 | INFO    | src.training.finetune | STEP step=670 loss=0.0223 dt_sec=0.69 cum_wall_sec=53.5
03:56:41 | INFO    | src.training.finetune | STEP step=680 loss=0.0210 dt_sec=0.69 cum_wall_sec=54.2
03:56:42 | INFO    | src.training.finetune | STEP step=690 loss=0.0005 dt_sec=0.68 cum_wall_sec=54.9
03:56:42 | INFO    | src.training.finetune | STEP step=700 loss=0.0114 dt_sec=0.68 cum_wall_sec=55.6
03:56:43 | INFO    | src.training.finetune | STEP step=710 loss=0.0180 dt_sec=0.68 cum_wall_sec=56.3
03:56:44 | INFO    | src.training.finetune | STEP step=720 loss=0.0003 dt_sec=0.69 cum_wall_sec=56.9
03:56:44 | INFO    | src.training.finetune | STEP step=730 loss=0.0984 dt_sec=0.69 cum_wall_sec=57.6
03:56:45 | INFO    | src.training.finetune | STEP step=740 loss=0.0017 dt_sec=0.69 cum_wall_sec=58.3
03:56:46 | INFO    | src.training.finetune | STEP step=750 loss=0.0206 dt_sec=0.69 cum_wall_sec=59.0
03:56:46 | INFO    | src.training.finetune | STEP step=760 loss=0.0003 dt_sec=0.68 cum_wall_sec=59.7
03:56:47 | INFO    | src.training.finetune | STEP step=770 loss=0.0003 dt_sec=0.68 cum_wall_sec=60.4
03:56:48 | INFO    | src.training.finetune | STEP step=780 loss=0.0002 dt_sec=0.69 cum_wall_sec=61.1
03:56:48 | INFO    | src.training.finetune | STEP step=790 loss=0.0002 dt_sec=0.67 cum_wall_sec=61.7
03:56:49 | INFO    | src.training.finetune | STEP step=800 loss=0.0214 dt_sec=0.69 cum_wall_sec=62.4
03:56:52 | INFO    | src.training.finetune | STEP step=810 loss=0.0571 dt_sec=3.25 cum_wall_sec=65.7
03:56:53 | INFO    | src.training.finetune | STEP step=820 loss=0.0682 dt_sec=0.68 cum_wall_sec=66.4
03:56:54 | INFO    | src.training.finetune | STEP step=830 loss=0.0355 dt_sec=0.69 cum_wall_sec=67.0
03:56:54 | INFO    | src.training.finetune | STEP step=840 loss=0.0007 dt_sec=0.69 cum_wall_sec=67.7
03:56:55 | INFO    | src.training.finetune | STEP step=850 loss=0.0263 dt_sec=0.68 cum_wall_sec=68.4
03:56:56 | INFO    | src.training.finetune | STEP step=860 loss=0.0014 dt_sec=0.69 cum_wall_sec=69.1
03:56:57 | INFO    | src.training.finetune | STEP step=870 loss=0.0007 dt_sec=0.69 cum_wall_sec=69.8
03:56:57 | INFO    | src.training.finetune | STEP step=880 loss=0.0207 dt_sec=0.68 cum_wall_sec=70.5
03:56:58 | INFO    | src.training.finetune | STEP step=890 loss=0.0019 dt_sec=0.70 cum_wall_sec=71.2
03:56:59 | INFO    | src.training.finetune | STEP step=900 loss=0.0027 dt_sec=0.68 cum_wall_sec=71.9
03:56:59 | INFO    | src.training.finetune | STEP step=910 loss=0.0002 dt_sec=0.70 cum_wall_sec=72.6
03:57:00 | INFO    | src.training.finetune | STEP step=920 loss=0.0002 dt_sec=0.68 cum_wall_sec=73.3
03:57:01 | INFO    | src.training.finetune | STEP step=930 loss=0.0238 dt_sec=0.69 cum_wall_sec=73.9
03:57:01 | INFO    | src.training.finetune | STEP step=940 loss=0.0002 dt_sec=0.69 cum_wall_sec=74.6
03:57:02 | INFO    | src.training.finetune | STEP step=950 loss=0.0002 dt_sec=0.68 cum_wall_sec=75.3
03:57:03 | INFO    | src.training.finetune | STEP step=960 loss=0.0002 dt_sec=0.69 cum_wall_sec=76.0
03:57:03 | INFO    | src.training.finetune | STEP step=970 loss=0.0003 dt_sec=0.70 cum_wall_sec=76.7
03:57:04 | INFO    | src.training.finetune | STEP step=980 loss=0.0002 dt_sec=0.69 cum_wall_sec=77.4
03:57:05 | INFO    | src.training.finetune | STEP step=990 loss=0.0278 dt_sec=0.70 cum_wall_sec=78.1
03:57:06 | INFO    | src.training.finetune | STEP step=1000 loss=0.0021 dt_sec=0.69 cum_wall_sec=78.8
03:57:09 | INFO    | src.training.finetune | STEP step=1010 loss=0.0003 dt_sec=3.46 cum_wall_sec=82.2
03:57:10 | INFO    | src.training.finetune | STEP step=1020 loss=0.0002 dt_sec=0.69 cum_wall_sec=82.9
03:57:10 | INFO    | src.training.finetune | STEP step=1030 loss=0.0002 dt_sec=0.68 cum_wall_sec=83.6
03:57:11 | INFO    | src.training.finetune | STEP step=1040 loss=0.0002 dt_sec=0.69 cum_wall_sec=84.3
03:57:12 | INFO    | src.training.finetune | STEP step=1050 loss=0.0002 dt_sec=0.69 cum_wall_sec=85.0
03:57:12 | INFO    | src.training.finetune | STEP step=1060 loss=0.0002 dt_sec=0.69 cum_wall_sec=85.7
03:57:13 | INFO    | src.training.finetune | STEP step=1070 loss=0.0027 dt_sec=0.69 cum_wall_sec=86.4
03:57:14 | INFO    | src.training.finetune | STEP step=1080 loss=0.0001 dt_sec=0.69 cum_wall_sec=87.1
03:57:15 | INFO    | src.training.finetune | STEP step=1090 loss=0.0037 dt_sec=0.69 cum_wall_sec=87.8
03:57:15 | INFO    | src.training.finetune | STEP step=1100 loss=0.0219 dt_sec=0.69 cum_wall_sec=88.4
03:57:16 | INFO    | src.training.finetune | STEP step=1110 loss=0.0709 dt_sec=0.69 cum_wall_sec=89.1
03:57:17 | INFO    | src.training.finetune | STEP step=1120 loss=0.0003 dt_sec=0.69 cum_wall_sec=89.8
03:57:17 | INFO    | src.training.finetune | STEP step=1130 loss=0.0003 dt_sec=0.69 cum_wall_sec=90.5
03:57:18 | INFO    | src.training.finetune | STEP step=1140 loss=0.0032 dt_sec=0.69 cum_wall_sec=91.2
03:57:19 | INFO    | src.training.finetune | STEP step=1150 loss=0.0023 dt_sec=0.68 cum_wall_sec=91.9
03:57:19 | INFO    | src.training.finetune | STEP step=1160 loss=0.0002 dt_sec=0.68 cum_wall_sec=92.6
03:57:20 | INFO    | src.training.finetune | STEP step=1170 loss=0.0002 dt_sec=0.70 cum_wall_sec=93.3
03:57:21 | INFO    | src.training.finetune | STEP step=1180 loss=0.0002 dt_sec=0.69 cum_wall_sec=94.0
03:57:21 | INFO    | src.training.finetune | STEP step=1190 loss=0.0002 dt_sec=0.68 cum_wall_sec=94.6
03:57:22 | INFO    | src.training.finetune | STEP step=1200 loss=0.0002 dt_sec=0.70 cum_wall_sec=95.3
03:57:25 | INFO    | src.training.finetune | STEP step=1210 loss=0.0120 dt_sec=3.28 cum_wall_sec=98.6
03:57:26 | INFO    | src.training.finetune | STEP step=1220 loss=0.0008 dt_sec=0.69 cum_wall_sec=99.3
03:57:27 | INFO    | src.training.finetune | STEP step=1230 loss=0.0002 dt_sec=0.69 cum_wall_sec=100.0
03:57:27 | INFO    | src.training.finetune | STEP step=1240 loss=0.0195 dt_sec=0.69 cum_wall_sec=100.7
03:57:28 | INFO    | src.training.finetune | STEP step=1250 loss=0.0001 dt_sec=0.69 cum_wall_sec=101.4
03:57:29 | INFO    | src.training.finetune | STEP step=1260 loss=0.0001 dt_sec=0.69 cum_wall_sec=102.1
03:57:30 | INFO    | src.training.finetune | STEP step=1270 loss=0.0026 dt_sec=0.69 cum_wall_sec=102.8
03:57:30 | INFO    | src.training.finetune | STEP step=1280 loss=0.0001 dt_sec=0.69 cum_wall_sec=103.4
03:57:31 | INFO    | src.training.finetune | STEP step=1290 loss=0.0030 dt_sec=0.69 cum_wall_sec=104.1
03:57:32 | INFO    | src.training.finetune | STEP step=1300 loss=0.0001 dt_sec=0.69 cum_wall_sec=104.8
03:57:32 | INFO    | src.training.finetune | STEP step=1310 loss=0.0001 dt_sec=0.69 cum_wall_sec=105.5
03:57:33 | INFO    | src.training.finetune | STEP step=1320 loss=0.0004 dt_sec=0.70 cum_wall_sec=106.2
03:57:34 | INFO    | src.training.finetune | STEP step=1330 loss=0.0235 dt_sec=0.68 cum_wall_sec=106.9
03:57:34 | INFO    | src.training.finetune | STEP step=1340 loss=0.0001 dt_sec=0.69 cum_wall_sec=107.6
03:57:35 | INFO    | src.training.finetune | STEP step=1350 loss=0.0001 dt_sec=0.68 cum_wall_sec=108.3
03:57:36 | INFO    | src.training.finetune | STEP step=1360 loss=0.0002 dt_sec=0.69 cum_wall_sec=108.9
03:57:36 | INFO    | src.training.finetune | STEP step=1370 loss=0.0001 dt_sec=0.69 cum_wall_sec=109.6
03:57:37 | INFO    | src.training.finetune | STEP step=1380 loss=0.0236 dt_sec=0.68 cum_wall_sec=110.3
03:57:38 | INFO    | src.training.finetune | STEP step=1390 loss=0.0174 dt_sec=0.68 cum_wall_sec=111.0
03:57:38 | INFO    | src.training.finetune | STEP step=1400 loss=0.0001 dt_sec=0.68 cum_wall_sec=111.7
03:57:41 | INFO    | src.training.finetune | STEP step=1410 loss=0.0001 dt_sec=3.03 cum_wall_sec=114.7
03:57:42 | INFO    | src.training.finetune | STEP step=1420 loss=0.0001 dt_sec=0.69 cum_wall_sec=115.4
03:57:43 | INFO    | src.training.finetune | STEP step=1430 loss=0.0010 dt_sec=0.67 cum_wall_sec=116.1
03:57:44 | INFO    | src.training.finetune | STEP step=1440 loss=0.0001 dt_sec=0.69 cum_wall_sec=116.8
03:57:44 | INFO    | src.training.finetune | STEP step=1450 loss=0.0001 dt_sec=0.70 cum_wall_sec=117.5
03:57:45 | INFO    | src.training.finetune | STEP step=1460 loss=0.0001 dt_sec=0.68 cum_wall_sec=118.1
03:57:46 | INFO    | src.training.finetune | STEP step=1470 loss=0.0001 dt_sec=0.69 cum_wall_sec=118.8
03:57:46 | INFO    | src.training.finetune | STEP step=1480 loss=0.0001 dt_sec=0.69 cum_wall_sec=119.5
03:57:47 | INFO    | src.training.finetune | STEP step=1490 loss=0.0001 dt_sec=0.67 cum_wall_sec=120.2
03:57:48 | INFO    | src.training.finetune | STEP step=1500 loss=0.0001 dt_sec=0.69 cum_wall_sec=120.9
03:57:48 | INFO    | src.training.finetune | STEP step=1510 loss=0.0001 dt_sec=0.68 cum_wall_sec=121.6
03:57:49 | INFO    | src.training.finetune | STEP step=1520 loss=0.0001 dt_sec=0.68 cum_wall_sec=122.2
03:57:50 | INFO    | src.training.finetune | STEP step=1530 loss=0.0001 dt_sec=0.69 cum_wall_sec=122.9
03:57:50 | INFO    | src.training.finetune | STEP step=1540 loss=0.0001 dt_sec=0.68 cum_wall_sec=123.6
03:57:51 | INFO    | src.training.finetune | STEP step=1550 loss=0.0001 dt_sec=0.69 cum_wall_sec=124.3
03:57:52 | INFO    | src.training.finetune | STEP step=1560 loss=0.0001 dt_sec=0.69 cum_wall_sec=125.0
03:57:52 | INFO    | src.training.finetune | STEP step=1570 loss=0.0001 dt_sec=0.69 cum_wall_sec=125.7
03:57:53 | INFO    | src.training.finetune | STEP step=1580 loss=0.0001 dt_sec=0.70 cum_wall_sec=126.4
03:57:54 | INFO    | src.training.finetune | STEP step=1590 loss=0.0001 dt_sec=0.69 cum_wall_sec=127.1
03:57:55 | INFO    | src.training.finetune | STEP step=1600 loss=0.0001 dt_sec=0.69 cum_wall_sec=127.8
03:57:58 | INFO    | src.training.finetune | STEP step=1610 loss=0.0001 dt_sec=3.30 cum_wall_sec=131.1
03:57:59 | INFO    | src.training.finetune | STEP step=1620 loss=0.0001 dt_sec=0.70 cum_wall_sec=131.8
03:57:59 | INFO    | src.training.finetune | STEP step=1630 loss=0.0001 dt_sec=0.70 cum_wall_sec=132.5
03:58:00 | INFO    | src.training.finetune | STEP step=1640 loss=0.0001 dt_sec=0.69 cum_wall_sec=133.2
03:58:01 | INFO    | src.training.finetune | STEP step=1650 loss=0.0001 dt_sec=0.69 cum_wall_sec=133.8
03:58:01 | INFO    | src.training.finetune | STEP step=1660 loss=0.0001 dt_sec=0.69 cum_wall_sec=134.5
03:58:02 | INFO    | src.training.finetune | STEP step=1670 loss=0.0001 dt_sec=0.69 cum_wall_sec=135.2
03:58:03 | INFO    | src.training.finetune | STEP step=1680 loss=0.0001 dt_sec=0.68 cum_wall_sec=135.9
03:58:03 | INFO    | src.training.finetune | STEP step=1690 loss=0.0001 dt_sec=0.69 cum_wall_sec=136.6
03:58:04 | INFO    | src.training.finetune | STEP step=1700 loss=0.0068 dt_sec=0.70 cum_wall_sec=137.3
03:58:05 | INFO    | src.training.finetune | STEP step=1710 loss=0.0001 dt_sec=0.69 cum_wall_sec=138.0
03:58:05 | INFO    | src.training.finetune | STEP step=1720 loss=0.0001 dt_sec=0.68 cum_wall_sec=138.7
03:58:06 | INFO    | src.training.finetune | STEP step=1730 loss=0.0001 dt_sec=0.69 cum_wall_sec=139.3
03:58:07 | INFO    | src.training.finetune | STEP step=1740 loss=0.0209 dt_sec=0.69 cum_wall_sec=140.0
03:58:07 | INFO    | src.training.finetune | STEP step=1750 loss=0.0255 dt_sec=0.69 cum_wall_sec=140.7
03:58:08 | INFO    | src.training.finetune | STEP step=1760 loss=0.0001 dt_sec=0.69 cum_wall_sec=141.4
03:58:09 | INFO    | src.training.finetune | STEP step=1770 loss=0.0001 dt_sec=0.69 cum_wall_sec=142.1
03:58:10 | INFO    | src.training.finetune | STEP step=1780 loss=0.0001 dt_sec=0.69 cum_wall_sec=142.8
03:58:10 | INFO    | src.training.finetune | STEP step=1790 loss=0.0001 dt_sec=0.69 cum_wall_sec=143.5
03:58:11 | INFO    | src.training.finetune | STEP step=1800 loss=0.0001 dt_sec=0.69 cum_wall_sec=144.2
03:58:14 | INFO    | src.training.finetune | STEP step=1810 loss=0.0001 dt_sec=3.27 cum_wall_sec=147.4
03:58:15 | INFO    | src.training.finetune | STEP step=1820 loss=0.0001 dt_sec=0.70 cum_wall_sec=148.1
03:58:16 | INFO    | src.training.finetune | STEP step=1830 loss=0.0028 dt_sec=0.69 cum_wall_sec=148.8
03:58:16 | INFO    | src.training.finetune | STEP step=1840 loss=0.0092 dt_sec=0.69 cum_wall_sec=149.5
03:58:17 | INFO    | src.training.finetune | STEP step=1850 loss=0.0001 dt_sec=0.69 cum_wall_sec=150.2
03:58:18 | INFO    | src.training.finetune | STEP step=1860 loss=0.0171 dt_sec=0.70 cum_wall_sec=150.9
03:58:18 | INFO    | src.training.finetune | STEP step=1870 loss=0.0001 dt_sec=0.70 cum_wall_sec=151.6
03:58:19 | INFO    | src.training.finetune | STEP step=1880 loss=0.0001 dt_sec=0.69 cum_wall_sec=152.3
03:58:20 | INFO    | src.training.finetune | STEP step=1890 loss=0.0001 dt_sec=0.69 cum_wall_sec=153.0
03:58:20 | INFO    | src.training.finetune | STEP step=1900 loss=0.0255 dt_sec=0.69 cum_wall_sec=153.7
03:58:21 | INFO    | src.training.finetune | STEP step=1910 loss=0.0001 dt_sec=0.69 cum_wall_sec=154.3
03:58:22 | INFO    | src.training.finetune | STEP step=1920 loss=0.0268 dt_sec=0.69 cum_wall_sec=155.0
03:58:22 | INFO    | src.training.finetune | STEP step=1930 loss=0.0001 dt_sec=0.69 cum_wall_sec=155.7
03:58:23 | INFO    | src.training.finetune | STEP step=1940 loss=0.0001 dt_sec=0.69 cum_wall_sec=156.4
03:58:24 | INFO    | src.training.finetune | STEP step=1950 loss=0.0001 dt_sec=0.68 cum_wall_sec=157.1
03:58:25 | INFO    | src.training.finetune | STEP step=1960 loss=0.0003 dt_sec=0.68 cum_wall_sec=157.8
03:58:25 | INFO    | src.training.finetune | STEP step=1970 loss=0.0001 dt_sec=0.69 cum_wall_sec=158.5
03:58:26 | INFO    | src.training.finetune | STEP step=1980 loss=0.0001 dt_sec=0.70 cum_wall_sec=159.2
03:58:27 | INFO    | src.training.finetune | STEP step=1990 loss=0.0033 dt_sec=0.67 cum_wall_sec=159.8
03:58:27 | INFO    | src.training.finetune | STEP step=2000 loss=0.0270 dt_sec=0.68 cum_wall_sec=160.5
03:58:30 | INFO    | src.training.finetune | STAGE=azerbaijani end ts=2026-09-09T03:58:30.791349+00:00 runtime_sec=164.1
03:58:32 | INFO    | src.training.finetune | Best checkpoint restored and verified: step 1200, val macro-F1 = 0.8062
