03:31:07 | INFO    | src.training.finetune | STAGE=turkish_intermediate cache_hit=true ts=2026-09-09T03:31:07.776652+00:00 path=artifacts/tr_stage_cache/base=xlmr__tok=omp__tr=real__seed=42__dffc0c38fee43559
03:31:07 | INFO    | src.training.finetune |   [AZ mərhələsi] 500 nümunə | 2 sinif | init=TR checkpoint
03:31:07 | INFO    | src.training.finetune | Task head reset: modules=['classifier'] params=592130 (encoder='roberta' untouched)
03:31:07 | INFO    | src.training.finetune | STAGE=azerbaijani start ts=2026-09-09T03:31:07.885684+00:00 n=500 n_classes=2
03:31:09 | INFO    | src.training.finetune | STEP step=10 loss=0.7194 dt_sec=0.77 cum_wall_sec=0.8
03:31:09 | INFO    | src.training.finetune | STEP step=20 loss=0.7095 dt_sec=0.67 cum_wall_sec=1.4
03:31:10 | INFO    | src.training.finetune | STEP step=30 loss=0.6942 dt_sec=0.67 cum_wall_sec=2.1
03:31:11 | INFO    | src.training.finetune | STEP step=40 loss=0.6702 dt_sec=0.68 cum_wall_sec=2.8
03:31:11 | INFO    | src.training.finetune | STEP step=50 loss=0.6892 dt_sec=0.68 cum_wall_sec=3.5
03:31:12 | INFO    | src.training.finetune | STEP step=60 loss=0.6769 dt_sec=0.67 cum_wall_sec=4.1
03:31:13 | INFO    | src.training.finetune | STEP step=70 loss=0.6735 dt_sec=0.67 cum_wall_sec=4.8
03:31:13 | INFO    | src.training.finetune | STEP step=80 loss=0.6846 dt_sec=0.67 cum_wall_sec=5.5
03:31:14 | INFO    | src.training.finetune | STEP step=90 loss=0.6601 dt_sec=0.68 cum_wall_sec=6.2
03:31:15 | INFO    | src.training.finetune | STEP step=100 loss=0.6603 dt_sec=0.67 cum_wall_sec=6.8
03:31:15 | INFO    | src.training.finetune | STEP step=110 loss=0.6514 dt_sec=0.68 cum_wall_sec=7.5
03:31:16 | INFO    | src.training.finetune | STEP step=120 loss=0.6322 dt_sec=0.67 cum_wall_sec=8.2
03:31:17 | INFO    | src.training.finetune | STEP step=130 loss=0.6165 dt_sec=0.66 cum_wall_sec=8.8
03:31:17 | INFO    | src.training.finetune | STEP step=140 loss=0.5656 dt_sec=0.67 cum_wall_sec=9.5
03:31:18 | INFO    | src.training.finetune | STEP step=150 loss=0.6140 dt_sec=0.68 cum_wall_sec=10.2
03:31:19 | INFO    | src.training.finetune | STEP step=160 loss=0.5570 dt_sec=0.67 cum_wall_sec=10.9
03:31:19 | INFO    | src.training.finetune | STEP step=170 loss=0.5021 dt_sec=0.68 cum_wall_sec=11.5
03:31:20 | INFO    | src.training.finetune | STEP step=180 loss=0.4499 dt_sec=0.67 cum_wall_sec=12.2
03:31:21 | INFO    | src.training.finetune | STEP step=190 loss=0.5264 dt_sec=0.67 cum_wall_sec=12.9
03:31:21 | INFO    | src.training.finetune | STEP step=200 loss=0.5230 dt_sec=0.67 cum_wall_sec=13.6
03:31:24 | INFO    | src.training.finetune | STEP step=210 loss=0.4025 dt_sec=2.52 cum_wall_sec=16.1
03:31:25 | INFO    | src.training.finetune | STEP step=220 loss=0.3259 dt_sec=0.67 cum_wall_sec=16.7
03:31:25 | INFO    | src.training.finetune | STEP step=230 loss=0.2946 dt_sec=0.67 cum_wall_sec=17.4
03:31:26 | INFO    | src.training.finetune | STEP step=240 loss=0.3001 dt_sec=0.67 cum_wall_sec=18.1
03:31:27 | INFO    | src.training.finetune | STEP step=250 loss=0.2037 dt_sec=0.68 cum_wall_sec=18.8
03:31:27 | INFO    | src.training.finetune | STEP step=260 loss=0.2158 dt_sec=0.67 cum_wall_sec=19.4
03:31:28 | INFO    | src.training.finetune | STEP step=270 loss=0.2383 dt_sec=0.68 cum_wall_sec=20.1
03:31:29 | INFO    | src.training.finetune | STEP step=280 loss=0.1627 dt_sec=0.67 cum_wall_sec=20.8
03:31:29 | INFO    | src.training.finetune | STEP step=290 loss=0.1066 dt_sec=0.68 cum_wall_sec=21.5
03:31:30 | INFO    | src.training.finetune | STEP step=300 loss=0.1114 dt_sec=0.68 cum_wall_sec=22.1
03:31:31 | INFO    | src.training.finetune | STEP step=310 loss=0.1083 dt_sec=0.67 cum_wall_sec=22.8
03:31:31 | INFO    | src.training.finetune | STEP step=320 loss=0.1134 dt_sec=0.67 cum_wall_sec=23.5
03:31:32 | INFO    | src.training.finetune | STEP step=330 loss=0.1538 dt_sec=0.67 cum_wall_sec=24.1
03:31:33 | INFO    | src.training.finetune | STEP step=340 loss=0.0367 dt_sec=0.66 cum_wall_sec=24.8
03:31:33 | INFO    | src.training.finetune | STEP step=350 loss=0.0764 dt_sec=0.67 cum_wall_sec=25.5
03:31:34 | INFO    | src.training.finetune | STEP step=360 loss=0.0693 dt_sec=0.67 cum_wall_sec=26.2
03:31:35 | INFO    | src.training.finetune | STEP step=370 loss=0.1022 dt_sec=0.67 cum_wall_sec=26.8
03:31:35 | INFO    | src.training.finetune | STEP step=380 loss=0.0801 dt_sec=0.68 cum_wall_sec=27.5
03:31:36 | INFO    | src.training.finetune | STEP step=390 loss=0.1593 dt_sec=0.66 cum_wall_sec=28.2
03:31:37 | INFO    | src.training.finetune | STEP step=400 loss=0.0816 dt_sec=0.67 cum_wall_sec=28.8
03:31:39 | INFO    | src.training.finetune | STEP step=410 loss=0.1183 dt_sec=2.59 cum_wall_sec=31.4
03:31:40 | INFO    | src.training.finetune | STEP step=420 loss=0.0528 dt_sec=0.67 cum_wall_sec=32.1
03:31:41 | INFO    | src.training.finetune | STEP step=430 loss=0.0176 dt_sec=0.68 cum_wall_sec=32.8
03:31:41 | INFO    | src.training.finetune | STEP step=440 loss=0.0733 dt_sec=0.67 cum_wall_sec=33.5
03:31:42 | INFO    | src.training.finetune | STEP step=450 loss=0.0686 dt_sec=0.66 cum_wall_sec=34.1
03:31:43 | INFO    | src.training.finetune | STEP step=460 loss=0.0520 dt_sec=0.67 cum_wall_sec=34.8
03:31:43 | INFO    | src.training.finetune | STEP step=470 loss=0.0368 dt_sec=0.67 cum_wall_sec=35.4
03:31:44 | INFO    | src.training.finetune | STEP step=480 loss=0.1052 dt_sec=0.66 cum_wall_sec=36.1
03:31:45 | INFO    | src.training.finetune | STEP step=490 loss=0.1300 dt_sec=0.67 cum_wall_sec=36.8
03:31:45 | INFO    | src.training.finetune | STEP step=500 loss=0.0185 dt_sec=0.67 cum_wall_sec=37.5
03:31:46 | INFO    | src.training.finetune | STEP step=510 loss=0.0362 dt_sec=0.67 cum_wall_sec=38.1
03:31:47 | INFO    | src.training.finetune | STEP step=520 loss=0.0360 dt_sec=0.67 cum_wall_sec=38.8
03:31:47 | INFO    | src.training.finetune | STEP step=530 loss=0.0225 dt_sec=0.67 cum_wall_sec=39.5
03:31:48 | INFO    | src.training.finetune | STEP step=540 loss=0.0161 dt_sec=0.67 cum_wall_sec=40.1
03:31:49 | INFO    | src.training.finetune | STEP step=550 loss=0.0079 dt_sec=0.67 cum_wall_sec=40.8
03:31:49 | INFO    | src.training.finetune | STEP step=560 loss=0.0318 dt_sec=0.66 cum_wall_sec=41.5
03:31:50 | INFO    | src.training.finetune | STEP step=570 loss=0.0009 dt_sec=0.67 cum_wall_sec=42.1
03:31:51 | INFO    | src.training.finetune | STEP step=580 loss=0.0519 dt_sec=0.67 cum_wall_sec=42.8
03:31:51 | INFO    | src.training.finetune | STEP step=590 loss=0.0015 dt_sec=0.68 cum_wall_sec=43.5
03:31:52 | INFO    | src.training.finetune | STEP step=600 loss=0.0060 dt_sec=0.66 cum_wall_sec=44.1
03:31:54 | INFO    | src.training.finetune | STEP step=610 loss=0.0012 dt_sec=2.51 cum_wall_sec=46.6
03:31:55 | INFO    | src.training.finetune | STEP step=620 loss=0.0958 dt_sec=0.66 cum_wall_sec=47.3
03:31:56 | INFO    | src.training.finetune | STEP step=630 loss=0.0636 dt_sec=0.67 cum_wall_sec=48.0
03:31:56 | INFO    | src.training.finetune | STEP step=640 loss=0.0300 dt_sec=0.65 cum_wall_sec=48.6
03:31:57 | INFO    | src.training.finetune | STEP step=650 loss=0.0531 dt_sec=0.67 cum_wall_sec=49.3
03:31:58 | INFO    | src.training.finetune | STEP step=660 loss=0.0241 dt_sec=0.65 cum_wall_sec=49.9
03:31:58 | INFO    | src.training.finetune | STEP step=670 loss=0.0263 dt_sec=0.67 cum_wall_sec=50.6
03:31:59 | INFO    | src.training.finetune | STEP step=680 loss=0.0005 dt_sec=0.67 cum_wall_sec=51.3
03:32:00 | INFO    | src.training.finetune | STEP step=690 loss=0.0005 dt_sec=0.67 cum_wall_sec=52.0
03:32:00 | INFO    | src.training.finetune | STEP step=700 loss=0.0116 dt_sec=0.68 cum_wall_sec=52.6
03:32:01 | INFO    | src.training.finetune | STEP step=710 loss=0.0004 dt_sec=0.66 cum_wall_sec=53.3
03:32:02 | INFO    | src.training.finetune | STEP step=720 loss=0.0102 dt_sec=0.66 cum_wall_sec=54.0
03:32:02 | INFO    | src.training.finetune | STEP step=730 loss=0.0471 dt_sec=0.67 cum_wall_sec=54.6
03:32:03 | INFO    | src.training.finetune | STEP step=740 loss=0.0019 dt_sec=0.66 cum_wall_sec=55.3
03:32:04 | INFO    | src.training.finetune | STEP step=750 loss=0.0003 dt_sec=0.67 cum_wall_sec=56.0
03:32:04 | INFO    | src.training.finetune | STEP step=760 loss=0.0051 dt_sec=0.67 cum_wall_sec=56.6
03:32:05 | INFO    | src.training.finetune | STEP step=770 loss=0.0043 dt_sec=0.67 cum_wall_sec=57.3
03:32:06 | INFO    | src.training.finetune | STEP step=780 loss=0.0483 dt_sec=0.67 cum_wall_sec=58.0
03:32:06 | INFO    | src.training.finetune | STEP step=790 loss=0.0711 dt_sec=0.67 cum_wall_sec=58.6
03:32:07 | INFO    | src.training.finetune | STEP step=800 loss=0.0266 dt_sec=0.67 cum_wall_sec=59.3
03:32:10 | INFO    | src.training.finetune | STEP step=810 loss=0.0052 dt_sec=2.69 cum_wall_sec=62.0
03:32:11 | INFO    | src.training.finetune | STEP step=820 loss=0.0049 dt_sec=0.66 cum_wall_sec=62.7
03:32:11 | INFO    | src.training.finetune | STEP step=830 loss=0.0003 dt_sec=0.66 cum_wall_sec=63.3
03:32:12 | INFO    | src.training.finetune | STEP step=840 loss=0.0441 dt_sec=0.67 cum_wall_sec=64.0
03:32:13 | INFO    | src.training.finetune | STEP step=850 loss=0.0010 dt_sec=0.66 cum_wall_sec=64.7
03:32:13 | INFO    | src.training.finetune | STEP step=860 loss=0.0178 dt_sec=0.67 cum_wall_sec=65.3
03:32:14 | INFO    | src.training.finetune | STEP step=870 loss=0.0244 dt_sec=0.66 cum_wall_sec=66.0
03:32:14 | INFO    | src.training.finetune | STEP step=880 loss=0.0282 dt_sec=0.66 cum_wall_sec=66.7
03:32:15 | INFO    | src.training.finetune | STEP step=890 loss=0.0016 dt_sec=0.66 cum_wall_sec=67.3
03:32:16 | INFO    | src.training.finetune | STEP step=900 loss=0.0286 dt_sec=0.67 cum_wall_sec=68.0
03:32:16 | INFO    | src.training.finetune | STEP step=910 loss=0.0004 dt_sec=0.66 cum_wall_sec=68.6
03:32:17 | INFO    | src.training.finetune | STEP step=920 loss=0.0003 dt_sec=0.66 cum_wall_sec=69.3
03:32:18 | INFO    | src.training.finetune | STEP step=930 loss=0.0234 dt_sec=0.66 cum_wall_sec=70.0
03:32:18 | INFO    | src.training.finetune | STEP step=940 loss=0.0102 dt_sec=0.67 cum_wall_sec=70.6
03:32:19 | INFO    | src.training.finetune | STEP step=950 loss=0.0581 dt_sec=0.67 cum_wall_sec=71.3
03:32:20 | INFO    | src.training.finetune | STEP step=960 loss=0.0119 dt_sec=0.66 cum_wall_sec=72.0
03:32:20 | INFO    | src.training.finetune | STEP step=970 loss=0.0251 dt_sec=0.67 cum_wall_sec=72.6
03:32:21 | INFO    | src.training.finetune | STEP step=980 loss=0.0208 dt_sec=0.66 cum_wall_sec=73.3
03:32:22 | INFO    | src.training.finetune | STEP step=990 loss=0.0086 dt_sec=0.67 cum_wall_sec=74.0
03:32:22 | INFO    | src.training.finetune | STEP step=1000 loss=0.0108 dt_sec=0.66 cum_wall_sec=74.6
03:32:25 | INFO    | src.training.finetune | STEP step=1010 loss=0.0289 dt_sec=2.49 cum_wall_sec=77.1
03:32:26 | INFO    | src.training.finetune | STEP step=1020 loss=0.0676 dt_sec=0.67 cum_wall_sec=77.8
03:32:26 | INFO    | src.training.finetune | STEP step=1030 loss=0.0115 dt_sec=0.66 cum_wall_sec=78.5
03:32:27 | INFO    | src.training.finetune | STEP step=1040 loss=0.0034 dt_sec=0.66 cum_wall_sec=79.1
03:32:28 | INFO    | src.training.finetune | STEP step=1050 loss=0.0027 dt_sec=0.66 cum_wall_sec=79.8
03:32:28 | INFO    | src.training.finetune | STEP step=1060 loss=0.0002 dt_sec=0.67 cum_wall_sec=80.5
03:32:29 | INFO    | src.training.finetune | STEP step=1070 loss=0.0002 dt_sec=0.67 cum_wall_sec=81.1
03:32:30 | INFO    | src.training.finetune | STEP step=1080 loss=0.0002 dt_sec=0.67 cum_wall_sec=81.8
03:32:30 | INFO    | src.training.finetune | STEP step=1090 loss=0.0003 dt_sec=0.65 cum_wall_sec=82.5
03:32:31 | INFO    | src.training.finetune | STEP step=1100 loss=0.0275 dt_sec=0.67 cum_wall_sec=83.1
03:32:32 | INFO    | src.training.finetune | STEP step=1110 loss=0.0054 dt_sec=0.67 cum_wall_sec=83.8
03:32:32 | INFO    | src.training.finetune | STEP step=1120 loss=0.0338 dt_sec=0.67 cum_wall_sec=84.5
03:32:33 | INFO    | src.training.finetune | STEP step=1130 loss=0.0005 dt_sec=0.67 cum_wall_sec=85.1
03:32:34 | INFO    | src.training.finetune | STEP step=1140 loss=0.0024 dt_sec=0.68 cum_wall_sec=85.8
03:32:34 | INFO    | src.training.finetune | STEP step=1150 loss=0.0083 dt_sec=0.67 cum_wall_sec=86.5
03:32:35 | INFO    | src.training.finetune | STEP step=1160 loss=0.0019 dt_sec=0.67 cum_wall_sec=87.1
03:32:36 | INFO    | src.training.finetune | STEP step=1170 loss=0.0002 dt_sec=0.66 cum_wall_sec=87.8
03:32:36 | INFO    | src.training.finetune | STEP step=1180 loss=0.0752 dt_sec=0.67 cum_wall_sec=88.5
03:32:37 | INFO    | src.training.finetune | STEP step=1190 loss=0.0647 dt_sec=0.66 cum_wall_sec=89.1
03:32:38 | INFO    | src.training.finetune | STEP step=1200 loss=0.0002 dt_sec=0.67 cum_wall_sec=89.8
03:32:40 | INFO    | src.training.finetune | STEP step=1210 loss=0.0004 dt_sec=2.58 cum_wall_sec=92.4
03:32:41 | INFO    | src.training.finetune | STEP step=1220 loss=0.0002 dt_sec=0.66 cum_wall_sec=93.0
03:32:42 | INFO    | src.training.finetune | STEP step=1230 loss=0.0202 dt_sec=0.66 cum_wall_sec=93.7
03:32:42 | INFO    | src.training.finetune | STEP step=1240 loss=0.0001 dt_sec=0.67 cum_wall_sec=94.4
03:32:43 | INFO    | src.training.finetune | STEP step=1250 loss=0.0001 dt_sec=0.66 cum_wall_sec=95.0
03:32:44 | INFO    | src.training.finetune | STEP step=1260 loss=0.0004 dt_sec=0.67 cum_wall_sec=95.7
03:32:44 | INFO    | src.training.finetune | STEP step=1270 loss=0.0002 dt_sec=0.66 cum_wall_sec=96.4
03:32:45 | INFO    | src.training.finetune | STEP step=1280 loss=0.0001 dt_sec=0.67 cum_wall_sec=97.0
03:32:46 | INFO    | src.training.finetune | STEP step=1290 loss=0.0005 dt_sec=0.68 cum_wall_sec=97.7
03:32:46 | INFO    | src.training.finetune | STEP step=1300 loss=0.0529 dt_sec=0.66 cum_wall_sec=98.4
03:32:47 | INFO    | src.training.finetune | STEP step=1310 loss=0.0227 dt_sec=0.66 cum_wall_sec=99.0
03:32:48 | INFO    | src.training.finetune | STEP step=1320 loss=0.0185 dt_sec=0.68 cum_wall_sec=99.7
03:32:48 | INFO    | src.training.finetune | STEP step=1330 loss=0.0001 dt_sec=0.66 cum_wall_sec=100.4
03:32:49 | INFO    | src.training.finetune | STEP step=1340 loss=0.0038 dt_sec=0.68 cum_wall_sec=101.0
03:32:50 | INFO    | src.training.finetune | STEP step=1350 loss=0.0444 dt_sec=0.66 cum_wall_sec=101.7
03:32:50 | INFO    | src.training.finetune | STEP step=1360 loss=0.0001 dt_sec=0.67 cum_wall_sec=102.4
03:32:51 | INFO    | src.training.finetune | STEP step=1370 loss=0.0013 dt_sec=0.68 cum_wall_sec=103.1
03:32:52 | INFO    | src.training.finetune | STEP step=1380 loss=0.0002 dt_sec=0.66 cum_wall_sec=103.7
03:32:52 | INFO    | src.training.finetune | STEP step=1390 loss=0.0008 dt_sec=0.67 cum_wall_sec=104.4
03:32:53 | INFO    | src.training.finetune | STEP step=1400 loss=0.0277 dt_sec=0.67 cum_wall_sec=105.0
03:32:56 | INFO    | src.training.finetune | STEP step=1410 loss=0.0011 dt_sec=2.66 cum_wall_sec=107.7
03:32:56 | INFO    | src.training.finetune | STEP step=1420 loss=0.0002 dt_sec=0.66 cum_wall_sec=108.4
03:32:57 | INFO    | src.training.finetune | STEP step=1430 loss=0.0171 dt_sec=0.66 cum_wall_sec=109.0
03:32:58 | INFO    | src.training.finetune | STEP step=1440 loss=0.0001 dt_sec=0.66 cum_wall_sec=109.7
03:32:58 | INFO    | src.training.finetune | STEP step=1450 loss=0.0001 dt_sec=0.67 cum_wall_sec=110.4
03:32:59 | INFO    | src.training.finetune | STEP step=1460 loss=0.0002 dt_sec=0.68 cum_wall_sec=111.0
03:33:00 | INFO    | src.training.finetune | STEP step=1470 loss=0.0001 dt_sec=0.68 cum_wall_sec=111.7
03:33:00 | INFO    | src.training.finetune | STEP step=1480 loss=0.0001 dt_sec=0.67 cum_wall_sec=112.4
03:33:01 | INFO    | src.training.finetune | STEP step=1490 loss=0.0001 dt_sec=0.67 cum_wall_sec=113.1
03:33:02 | INFO    | src.training.finetune | STEP step=1500 loss=0.0001 dt_sec=0.67 cum_wall_sec=113.7
03:33:02 | INFO    | src.training.finetune | STEP step=1510 loss=0.0268 dt_sec=0.67 cum_wall_sec=114.4
03:33:03 | INFO    | src.training.finetune | STEP step=1520 loss=0.0001 dt_sec=0.67 cum_wall_sec=115.1
03:33:04 | INFO    | src.training.finetune | STEP step=1530 loss=0.0001 dt_sec=0.67 cum_wall_sec=115.7
03:33:04 | INFO    | src.training.finetune | STEP step=1540 loss=0.0001 dt_sec=0.67 cum_wall_sec=116.4
03:33:05 | INFO    | src.training.finetune | STEP step=1550 loss=0.0001 dt_sec=0.67 cum_wall_sec=117.1
03:33:06 | INFO    | src.training.finetune | STEP step=1560 loss=0.0001 dt_sec=0.67 cum_wall_sec=117.8
03:33:06 | INFO    | src.training.finetune | STEP step=1570 loss=0.0001 dt_sec=0.67 cum_wall_sec=118.4
03:33:07 | INFO    | src.training.finetune | STEP step=1580 loss=0.0177 dt_sec=0.67 cum_wall_sec=119.1
03:33:08 | INFO    | src.training.finetune | STEP step=1590 loss=0.0001 dt_sec=0.67 cum_wall_sec=119.8
03:33:08 | INFO    | src.training.finetune | STEP step=1600 loss=0.0003 dt_sec=0.65 cum_wall_sec=120.4
03:33:11 | INFO    | src.training.finetune | STEP step=1610 loss=0.0009 dt_sec=2.67 cum_wall_sec=123.1
03:33:12 | INFO    | src.training.finetune | STEP step=1620 loss=0.0123 dt_sec=0.67 cum_wall_sec=123.8
03:33:12 | INFO    | src.training.finetune | STEP step=1630 loss=0.0001 dt_sec=0.67 cum_wall_sec=124.4
03:33:13 | INFO    | src.training.finetune | STEP step=1640 loss=0.0001 dt_sec=0.68 cum_wall_sec=125.1
03:33:14 | INFO    | src.training.finetune | STEP step=1650 loss=0.0001 dt_sec=0.66 cum_wall_sec=125.8
03:33:14 | INFO    | src.training.finetune | STEP step=1660 loss=0.0001 dt_sec=0.67 cum_wall_sec=126.4
03:33:15 | INFO    | src.training.finetune | STEP step=1670 loss=0.0364 dt_sec=0.67 cum_wall_sec=127.1
03:33:16 | INFO    | src.training.finetune | STEP step=1680 loss=0.0015 dt_sec=0.66 cum_wall_sec=127.8
03:33:16 | INFO    | src.training.finetune | STEP step=1690 loss=0.0001 dt_sec=0.67 cum_wall_sec=128.4
03:33:17 | INFO    | src.training.finetune | STEP step=1700 loss=0.0001 dt_sec=0.67 cum_wall_sec=129.1
03:33:18 | INFO    | src.training.finetune | STEP step=1710 loss=0.0001 dt_sec=0.67 cum_wall_sec=129.8
03:33:18 | INFO    | src.training.finetune | STEP step=1720 loss=0.0001 dt_sec=0.65 cum_wall_sec=130.4
03:33:19 | INFO    | src.training.finetune | STEP step=1730 loss=0.0001 dt_sec=0.68 cum_wall_sec=131.1
03:33:20 | INFO    | src.training.finetune | STEP step=1740 loss=0.0001 dt_sec=0.66 cum_wall_sec=131.8
03:33:20 | INFO    | src.training.finetune | STEP step=1750 loss=0.0005 dt_sec=0.67 cum_wall_sec=132.4
03:33:21 | INFO    | src.training.finetune | STEP step=1760 loss=0.0080 dt_sec=0.65 cum_wall_sec=133.1
03:33:22 | INFO    | src.training.finetune | STEP step=1770 loss=0.0281 dt_sec=0.67 cum_wall_sec=133.8
03:33:22 | INFO    | src.training.finetune | STEP step=1780 loss=0.0001 dt_sec=0.67 cum_wall_sec=134.4
03:33:23 | INFO    | src.training.finetune | STEP step=1790 loss=0.0001 dt_sec=0.67 cum_wall_sec=135.1
03:33:24 | INFO    | src.training.finetune | STEP step=1800 loss=0.0011 dt_sec=0.67 cum_wall_sec=135.8
03:33:26 | INFO    | src.training.finetune | STEP step=1810 loss=0.0002 dt_sec=2.61 cum_wall_sec=138.4
03:33:27 | INFO    | src.training.finetune | STEP step=1820 loss=0.0001 dt_sec=0.66 cum_wall_sec=139.0
03:33:28 | INFO    | src.training.finetune | STEP step=1830 loss=0.0001 dt_sec=0.68 cum_wall_sec=139.7
03:33:28 | INFO    | src.training.finetune | STEP step=1840 loss=0.0001 dt_sec=0.65 cum_wall_sec=140.4
03:33:29 | INFO    | src.training.finetune | STEP step=1850 loss=0.0001 dt_sec=0.68 cum_wall_sec=141.0
03:33:30 | INFO    | src.training.finetune | STEP step=1860 loss=0.0001 dt_sec=0.68 cum_wall_sec=141.7
03:33:30 | INFO    | src.training.finetune | STEP step=1870 loss=0.0001 dt_sec=0.67 cum_wall_sec=142.4
03:33:31 | INFO    | src.training.finetune | STEP step=1880 loss=0.0001 dt_sec=0.67 cum_wall_sec=143.1
03:33:32 | INFO    | src.training.finetune | STEP step=1890 loss=0.0001 dt_sec=0.66 cum_wall_sec=143.7
03:33:32 | INFO    | src.training.finetune | STEP step=1900 loss=0.0026 dt_sec=0.67 cum_wall_sec=144.4
03:33:33 | INFO    | src.training.finetune | STEP step=1910 loss=0.0001 dt_sec=0.67 cum_wall_sec=145.1
03:33:34 | INFO    | src.training.finetune | STEP step=1920 loss=0.0001 dt_sec=0.66 cum_wall_sec=145.7
03:33:34 | INFO    | src.training.finetune | STEP step=1930 loss=0.0001 dt_sec=0.67 cum_wall_sec=146.4
03:33:35 | INFO    | src.training.finetune | STEP step=1940 loss=0.0001 dt_sec=0.67 cum_wall_sec=147.1
03:33:36 | INFO    | src.training.finetune | STEP step=1950 loss=0.0001 dt_sec=0.67 cum_wall_sec=147.7
03:33:36 | INFO    | src.training.finetune | STEP step=1960 loss=0.0001 dt_sec=0.66 cum_wall_sec=148.4
03:33:37 | INFO    | src.training.finetune | STEP step=1970 loss=0.0001 dt_sec=0.68 cum_wall_sec=149.1
03:33:38 | INFO    | src.training.finetune | STEP step=1980 loss=0.0001 dt_sec=0.66 cum_wall_sec=149.7
03:33:38 | INFO    | src.training.finetune | STEP step=1990 loss=0.0209 dt_sec=0.67 cum_wall_sec=150.4
03:33:39 | INFO    | src.training.finetune | STEP step=2000 loss=0.0001 dt_sec=0.66 cum_wall_sec=151.1
03:33:41 | INFO    | src.training.finetune | STAGE=azerbaijani end ts=2026-09-09T03:33:41.455424+00:00 runtime_sec=153.6
03:33:42 | INFO    | src.training.finetune | Best checkpoint restored and verified: step 2000, val macro-F1 = 0.6900
