22:27:53 | INFO    | src.training.finetune | STAGE=turkish_intermediate cache_hit=true ts=2026-09-08T22:27:53.366764+00:00 path=artifacts/tr_stage_cache/base=xlmr__tok=original__tr=real__seed=42__efa2e4215b6f4368
22:27:53 | INFO    | src.training.finetune |   [AZ mərhələsi] 2000 nümunə | 2 sinif | init=TR checkpoint
22:27:53 | INFO    | src.training.finetune | Task head reset: modules=['classifier'] params=592130 (encoder='roberta' untouched)
22:27:53 | INFO    | src.training.finetune | STAGE=azerbaijani start ts=2026-09-08T22:27:53.495486+00:00 n=2000 n_classes=2
22:27:54 | INFO    | src.training.finetune | STEP step=10 loss=0.7382 dt_sec=0.73 cum_wall_sec=0.7
22:27:55 | INFO    | src.training.finetune | STEP step=20 loss=0.7185 dt_sec=0.67 cum_wall_sec=1.4
22:27:56 | INFO    | src.training.finetune | STEP step=30 loss=0.6786 dt_sec=0.67 cum_wall_sec=2.1
22:27:56 | INFO    | src.training.finetune | STEP step=40 loss=0.6294 dt_sec=0.66 cum_wall_sec=2.7
22:27:57 | INFO    | src.training.finetune | STEP step=50 loss=0.5866 dt_sec=0.68 cum_wall_sec=3.4
22:27:58 | INFO    | src.training.finetune | STEP step=60 loss=0.5631 dt_sec=0.69 cum_wall_sec=4.1
22:27:58 | INFO    | src.training.finetune | STEP step=70 loss=0.5259 dt_sec=0.67 cum_wall_sec=4.8
22:27:59 | INFO    | src.training.finetune | STEP step=80 loss=0.5222 dt_sec=0.68 cum_wall_sec=5.5
22:28:00 | INFO    | src.training.finetune | STEP step=90 loss=0.4615 dt_sec=0.68 cum_wall_sec=6.1
22:28:00 | INFO    | src.training.finetune | STEP step=100 loss=0.5027 dt_sec=0.68 cum_wall_sec=6.8
22:28:01 | INFO    | src.training.finetune | STEP step=110 loss=0.4775 dt_sec=0.69 cum_wall_sec=7.5
22:28:02 | INFO    | src.training.finetune | STEP step=120 loss=0.4885 dt_sec=0.67 cum_wall_sec=8.2
22:28:02 | INFO    | src.training.finetune | STEP step=130 loss=0.4839 dt_sec=0.68 cum_wall_sec=8.8
22:28:03 | INFO    | src.training.finetune | STEP step=140 loss=0.3977 dt_sec=0.69 cum_wall_sec=9.5
22:28:04 | INFO    | src.training.finetune | STEP step=150 loss=0.4426 dt_sec=0.68 cum_wall_sec=10.2
22:28:05 | INFO    | src.training.finetune | STEP step=160 loss=0.4139 dt_sec=0.68 cum_wall_sec=10.9
22:28:05 | INFO    | src.training.finetune | STEP step=170 loss=0.3790 dt_sec=0.67 cum_wall_sec=11.6
22:28:06 | INFO    | src.training.finetune | STEP step=180 loss=0.4331 dt_sec=0.68 cum_wall_sec=12.2
22:28:07 | INFO    | src.training.finetune | STEP step=190 loss=0.4223 dt_sec=0.67 cum_wall_sec=12.9
22:28:07 | INFO    | src.training.finetune | STEP step=200 loss=0.4258 dt_sec=0.67 cum_wall_sec=13.6
22:28:10 | INFO    | src.training.finetune | STEP step=210 loss=0.3113 dt_sec=3.06 cum_wall_sec=16.7
22:28:11 | INFO    | src.training.finetune | STEP step=220 loss=0.3877 dt_sec=0.69 cum_wall_sec=17.3
22:28:12 | INFO    | src.training.finetune | STEP step=230 loss=0.3797 dt_sec=0.68 cum_wall_sec=18.0
22:28:12 | INFO    | src.training.finetune | STEP step=240 loss=0.3584 dt_sec=0.67 cum_wall_sec=18.7
22:28:13 | INFO    | src.training.finetune | STEP step=250 loss=0.4132 dt_sec=0.67 cum_wall_sec=19.4
22:28:14 | INFO    | src.training.finetune | STEP step=260 loss=0.2914 dt_sec=0.67 cum_wall_sec=20.0
22:28:14 | INFO    | src.training.finetune | STEP step=270 loss=0.2839 dt_sec=0.69 cum_wall_sec=20.7
22:28:15 | INFO    | src.training.finetune | STEP step=280 loss=0.3069 dt_sec=0.68 cum_wall_sec=21.4
22:28:16 | INFO    | src.training.finetune | STEP step=290 loss=0.3125 dt_sec=0.67 cum_wall_sec=22.1
22:28:16 | INFO    | src.training.finetune | STEP step=300 loss=0.2676 dt_sec=0.68 cum_wall_sec=22.7
22:28:17 | INFO    | src.training.finetune | STEP step=310 loss=0.4175 dt_sec=0.67 cum_wall_sec=23.4
22:28:18 | INFO    | src.training.finetune | STEP step=320 loss=0.3316 dt_sec=0.67 cum_wall_sec=24.1
22:28:18 | INFO    | src.training.finetune | STEP step=330 loss=0.1864 dt_sec=0.68 cum_wall_sec=24.8
22:28:19 | INFO    | src.training.finetune | STEP step=340 loss=0.2768 dt_sec=0.66 cum_wall_sec=25.4
22:28:20 | INFO    | src.training.finetune | STEP step=350 loss=0.3309 dt_sec=0.67 cum_wall_sec=26.1
22:28:20 | INFO    | src.training.finetune | STEP step=360 loss=0.3275 dt_sec=0.68 cum_wall_sec=26.8
22:28:21 | INFO    | src.training.finetune | STEP step=370 loss=0.1970 dt_sec=0.67 cum_wall_sec=27.4
22:28:22 | INFO    | src.training.finetune | STEP step=380 loss=0.2633 dt_sec=0.67 cum_wall_sec=28.1
22:28:22 | INFO    | src.training.finetune | STEP step=390 loss=0.1954 dt_sec=0.67 cum_wall_sec=28.8
22:28:23 | INFO    | src.training.finetune | STEP step=400 loss=0.1644 dt_sec=0.68 cum_wall_sec=29.5
22:28:26 | INFO    | src.training.finetune | STEP step=410 loss=0.2330 dt_sec=3.02 cum_wall_sec=32.5
22:28:27 | INFO    | src.training.finetune | STEP step=420 loss=0.1619 dt_sec=0.68 cum_wall_sec=33.2
22:28:27 | INFO    | src.training.finetune | STEP step=430 loss=0.2805 dt_sec=0.67 cum_wall_sec=33.8
22:28:28 | INFO    | src.training.finetune | STEP step=440 loss=0.3185 dt_sec=0.68 cum_wall_sec=34.5
22:28:29 | INFO    | src.training.finetune | STEP step=450 loss=0.1390 dt_sec=0.66 cum_wall_sec=35.2
22:28:29 | INFO    | src.training.finetune | STEP step=460 loss=0.1293 dt_sec=0.67 cum_wall_sec=35.8
22:28:30 | INFO    | src.training.finetune | STEP step=470 loss=0.1667 dt_sec=0.67 cum_wall_sec=36.5
22:28:31 | INFO    | src.training.finetune | STEP step=480 loss=0.1927 dt_sec=0.68 cum_wall_sec=37.2
22:28:31 | INFO    | src.training.finetune | STEP step=490 loss=0.1946 dt_sec=0.66 cum_wall_sec=37.9
22:28:32 | INFO    | src.training.finetune | STEP step=500 loss=0.2236 dt_sec=0.68 cum_wall_sec=38.5
22:28:33 | INFO    | src.training.finetune | STEP step=510 loss=0.1322 dt_sec=0.67 cum_wall_sec=39.2
22:28:33 | INFO    | src.training.finetune | STEP step=520 loss=0.1529 dt_sec=0.67 cum_wall_sec=39.9
22:28:34 | INFO    | src.training.finetune | STEP step=530 loss=0.1661 dt_sec=0.67 cum_wall_sec=40.6
22:28:35 | INFO    | src.training.finetune | STEP step=540 loss=0.1342 dt_sec=0.68 cum_wall_sec=41.2
22:28:36 | INFO    | src.training.finetune | STEP step=550 loss=0.1458 dt_sec=0.67 cum_wall_sec=41.9
22:28:36 | INFO    | src.training.finetune | STEP step=560 loss=0.1411 dt_sec=0.68 cum_wall_sec=42.6
22:28:37 | INFO    | src.training.finetune | STEP step=570 loss=0.1394 dt_sec=0.66 cum_wall_sec=43.2
22:28:38 | INFO    | src.training.finetune | STEP step=580 loss=0.1295 dt_sec=0.67 cum_wall_sec=43.9
22:28:38 | INFO    | src.training.finetune | STEP step=590 loss=0.1440 dt_sec=0.67 cum_wall_sec=44.6
22:28:39 | INFO    | src.training.finetune | STEP step=600 loss=0.1585 dt_sec=0.68 cum_wall_sec=45.3
22:28:43 | INFO    | src.training.finetune | STEP step=610 loss=0.0824 dt_sec=3.68 cum_wall_sec=48.9
22:28:43 | INFO    | src.training.finetune | STEP step=620 loss=0.1319 dt_sec=0.67 cum_wall_sec=49.6
22:28:44 | INFO    | src.training.finetune | STEP step=630 loss=0.1424 dt_sec=0.66 cum_wall_sec=50.3
22:28:45 | INFO    | src.training.finetune | STEP step=640 loss=0.1132 dt_sec=0.68 cum_wall_sec=51.0
22:28:45 | INFO    | src.training.finetune | STEP step=650 loss=0.1743 dt_sec=0.67 cum_wall_sec=51.6
22:28:46 | INFO    | src.training.finetune | STEP step=660 loss=0.1179 dt_sec=0.67 cum_wall_sec=52.3
22:28:47 | INFO    | src.training.finetune | STEP step=670 loss=0.1418 dt_sec=0.68 cum_wall_sec=53.0
22:28:47 | INFO    | src.training.finetune | STEP step=680 loss=0.0850 dt_sec=0.67 cum_wall_sec=53.6
22:28:48 | INFO    | src.training.finetune | STEP step=690 loss=0.1323 dt_sec=0.68 cum_wall_sec=54.3
22:28:49 | INFO    | src.training.finetune | STEP step=700 loss=0.0920 dt_sec=0.68 cum_wall_sec=55.0
22:28:49 | INFO    | src.training.finetune | STEP step=710 loss=0.0793 dt_sec=0.67 cum_wall_sec=55.7
22:28:50 | INFO    | src.training.finetune | STEP step=720 loss=0.1110 dt_sec=0.67 cum_wall_sec=56.3
22:28:51 | INFO    | src.training.finetune | STEP step=730 loss=0.1003 dt_sec=0.67 cum_wall_sec=57.0
22:28:51 | INFO    | src.training.finetune | STEP step=740 loss=0.1104 dt_sec=0.67 cum_wall_sec=57.7
22:28:52 | INFO    | src.training.finetune | STEP step=750 loss=0.1526 dt_sec=0.68 cum_wall_sec=58.4
22:28:53 | INFO    | src.training.finetune | STEP step=760 loss=0.0716 dt_sec=0.67 cum_wall_sec=59.0
22:28:53 | INFO    | src.training.finetune | STEP step=770 loss=0.0672 dt_sec=0.67 cum_wall_sec=59.7
22:28:54 | INFO    | src.training.finetune | STEP step=780 loss=0.0705 dt_sec=0.69 cum_wall_sec=60.4
22:28:55 | INFO    | src.training.finetune | STEP step=790 loss=0.0589 dt_sec=0.67 cum_wall_sec=61.1
22:28:55 | INFO    | src.training.finetune | STEP step=800 loss=0.1124 dt_sec=0.67 cum_wall_sec=61.7
22:28:58 | INFO    | src.training.finetune | STEP step=810 loss=0.0549 dt_sec=2.98 cum_wall_sec=64.7
22:28:59 | INFO    | src.training.finetune | STEP step=820 loss=0.0494 dt_sec=0.67 cum_wall_sec=65.4
22:29:00 | INFO    | src.training.finetune | STEP step=830 loss=0.0376 dt_sec=0.68 cum_wall_sec=66.1
22:29:00 | INFO    | src.training.finetune | STEP step=840 loss=0.0236 dt_sec=0.68 cum_wall_sec=66.7
22:29:01 | INFO    | src.training.finetune | STEP step=850 loss=0.0234 dt_sec=0.67 cum_wall_sec=67.4
22:29:02 | INFO    | src.training.finetune | STEP step=860 loss=0.0400 dt_sec=0.68 cum_wall_sec=68.1
22:29:02 | INFO    | src.training.finetune | STEP step=870 loss=0.0591 dt_sec=0.68 cum_wall_sec=68.8
22:29:03 | INFO    | src.training.finetune | STEP step=880 loss=0.0755 dt_sec=0.67 cum_wall_sec=69.4
22:29:04 | INFO    | src.training.finetune | STEP step=890 loss=0.1415 dt_sec=0.68 cum_wall_sec=70.1
22:29:04 | INFO    | src.training.finetune | STEP step=900 loss=0.0229 dt_sec=0.67 cum_wall_sec=70.8
22:29:05 | INFO    | src.training.finetune | STEP step=910 loss=0.0782 dt_sec=0.67 cum_wall_sec=71.5
22:29:06 | INFO    | src.training.finetune | STEP step=920 loss=0.0570 dt_sec=0.67 cum_wall_sec=72.1
22:29:06 | INFO    | src.training.finetune | STEP step=930 loss=0.0664 dt_sec=0.67 cum_wall_sec=72.8
22:29:07 | INFO    | src.training.finetune | STEP step=940 loss=0.0162 dt_sec=0.68 cum_wall_sec=73.5
22:29:08 | INFO    | src.training.finetune | STEP step=950 loss=0.0445 dt_sec=0.66 cum_wall_sec=74.1
22:29:08 | INFO    | src.training.finetune | STEP step=960 loss=0.0469 dt_sec=0.68 cum_wall_sec=74.8
22:29:09 | INFO    | src.training.finetune | STEP step=970 loss=0.0436 dt_sec=0.82 cum_wall_sec=75.6
22:29:10 | INFO    | src.training.finetune | STEP step=980 loss=0.0238 dt_sec=0.67 cum_wall_sec=76.3
22:29:11 | INFO    | src.training.finetune | STEP step=990 loss=0.0572 dt_sec=0.67 cum_wall_sec=77.0
22:29:11 | INFO    | src.training.finetune | STEP step=1000 loss=0.0523 dt_sec=0.68 cum_wall_sec=77.7
22:29:15 | INFO    | src.training.finetune | STEP step=1010 loss=0.0138 dt_sec=3.36 cum_wall_sec=81.0
22:29:15 | INFO    | src.training.finetune | STEP step=1020 loss=0.1005 dt_sec=0.68 cum_wall_sec=81.7
22:29:16 | INFO    | src.training.finetune | STEP step=1030 loss=0.0268 dt_sec=0.68 cum_wall_sec=82.4
22:29:17 | INFO    | src.training.finetune | STEP step=1040 loss=0.0194 dt_sec=0.67 cum_wall_sec=83.0
22:29:17 | INFO    | src.training.finetune | STEP step=1050 loss=0.0549 dt_sec=0.68 cum_wall_sec=83.7
22:29:18 | INFO    | src.training.finetune | STEP step=1060 loss=0.0629 dt_sec=0.67 cum_wall_sec=84.4
22:29:19 | INFO    | src.training.finetune | STEP step=1070 loss=0.1227 dt_sec=0.67 cum_wall_sec=85.1
22:29:19 | INFO    | src.training.finetune | STEP step=1080 loss=0.0791 dt_sec=0.68 cum_wall_sec=85.7
22:29:20 | INFO    | src.training.finetune | STEP step=1090 loss=0.0012 dt_sec=0.69 cum_wall_sec=86.4
22:29:21 | INFO    | src.training.finetune | STEP step=1100 loss=0.0896 dt_sec=0.67 cum_wall_sec=87.1
22:29:21 | INFO    | src.training.finetune | STEP step=1110 loss=0.0202 dt_sec=0.67 cum_wall_sec=87.8
22:29:22 | INFO    | src.training.finetune | STEP step=1120 loss=0.0558 dt_sec=0.67 cum_wall_sec=88.4
22:29:23 | INFO    | src.training.finetune | STEP step=1130 loss=0.0725 dt_sec=0.67 cum_wall_sec=89.1
22:29:23 | INFO    | src.training.finetune | STEP step=1140 loss=0.0008 dt_sec=0.67 cum_wall_sec=89.8
22:29:24 | INFO    | src.training.finetune | STEP step=1150 loss=0.0186 dt_sec=0.66 cum_wall_sec=90.4
22:29:25 | INFO    | src.training.finetune | STEP step=1160 loss=0.0399 dt_sec=0.67 cum_wall_sec=91.1
22:29:25 | INFO    | src.training.finetune | STEP step=1170 loss=0.0432 dt_sec=0.68 cum_wall_sec=91.8
22:29:26 | INFO    | src.training.finetune | STEP step=1180 loss=0.0013 dt_sec=0.68 cum_wall_sec=92.5
22:29:27 | INFO    | src.training.finetune | STEP step=1190 loss=0.0170 dt_sec=0.68 cum_wall_sec=93.1
22:29:27 | INFO    | src.training.finetune | STEP step=1200 loss=0.0377 dt_sec=0.67 cum_wall_sec=93.8
22:29:30 | INFO    | src.training.finetune | STEP step=1210 loss=0.0227 dt_sec=2.97 cum_wall_sec=96.8
22:29:31 | INFO    | src.training.finetune | STEP step=1220 loss=0.0660 dt_sec=0.67 cum_wall_sec=97.5
22:29:32 | INFO    | src.training.finetune | STEP step=1230 loss=0.0410 dt_sec=0.68 cum_wall_sec=98.1
22:29:32 | INFO    | src.training.finetune | STEP step=1240 loss=0.0037 dt_sec=0.67 cum_wall_sec=98.8
22:29:33 | INFO    | src.training.finetune | STEP step=1250 loss=0.0058 dt_sec=0.67 cum_wall_sec=99.5
22:29:34 | INFO    | src.training.finetune | STEP step=1260 loss=0.0006 dt_sec=0.67 cum_wall_sec=100.1
22:29:34 | INFO    | src.training.finetune | STEP step=1270 loss=0.0011 dt_sec=0.67 cum_wall_sec=100.8
22:29:35 | INFO    | src.training.finetune | STEP step=1280 loss=0.0388 dt_sec=0.67 cum_wall_sec=101.5
22:29:36 | INFO    | src.training.finetune | STEP step=1290 loss=0.0220 dt_sec=0.68 cum_wall_sec=102.2
22:29:36 | INFO    | src.training.finetune | STEP step=1300 loss=0.0242 dt_sec=0.67 cum_wall_sec=102.8
22:29:37 | INFO    | src.training.finetune | STEP step=1310 loss=0.0806 dt_sec=0.67 cum_wall_sec=103.5
22:29:38 | INFO    | src.training.finetune | STEP step=1320 loss=0.0471 dt_sec=0.66 cum_wall_sec=104.2
22:29:38 | INFO    | src.training.finetune | STEP step=1330 loss=0.0260 dt_sec=0.67 cum_wall_sec=104.8
22:29:39 | INFO    | src.training.finetune | STEP step=1340 loss=0.0252 dt_sec=0.66 cum_wall_sec=105.5
22:29:40 | INFO    | src.training.finetune | STEP step=1350 loss=0.0582 dt_sec=0.67 cum_wall_sec=106.2
22:29:40 | INFO    | src.training.finetune | STEP step=1360 loss=0.0068 dt_sec=0.67 cum_wall_sec=106.8
22:29:41 | INFO    | src.training.finetune | STEP step=1370 loss=0.0355 dt_sec=0.68 cum_wall_sec=107.5
22:29:42 | INFO    | src.training.finetune | STEP step=1380 loss=0.0449 dt_sec=0.67 cum_wall_sec=108.2
22:29:42 | INFO    | src.training.finetune | STEP step=1390 loss=0.0057 dt_sec=0.66 cum_wall_sec=108.9
22:29:43 | INFO    | src.training.finetune | STEP step=1400 loss=0.0055 dt_sec=0.67 cum_wall_sec=109.5
22:29:46 | INFO    | src.training.finetune | STEP step=1410 loss=0.0320 dt_sec=3.21 cum_wall_sec=112.7
22:29:47 | INFO    | src.training.finetune | STEP step=1420 loss=0.0022 dt_sec=0.66 cum_wall_sec=113.4
22:29:48 | INFO    | src.training.finetune | STEP step=1430 loss=0.0049 dt_sec=0.67 cum_wall_sec=114.1
22:29:48 | INFO    | src.training.finetune | STEP step=1440 loss=0.0128 dt_sec=0.68 cum_wall_sec=114.7
22:29:49 | INFO    | src.training.finetune | STEP step=1450 loss=0.0449 dt_sec=0.67 cum_wall_sec=115.4
22:29:50 | INFO    | src.training.finetune | STEP step=1460 loss=0.0004 dt_sec=0.68 cum_wall_sec=116.1
22:29:50 | INFO    | src.training.finetune | STEP step=1470 loss=0.0272 dt_sec=0.67 cum_wall_sec=116.8
22:29:51 | INFO    | src.training.finetune | STEP step=1480 loss=0.0004 dt_sec=0.67 cum_wall_sec=117.4
22:29:52 | INFO    | src.training.finetune | STEP step=1490 loss=0.0418 dt_sec=0.90 cum_wall_sec=118.3
22:29:53 | INFO    | src.training.finetune | STEP step=1500 loss=0.0203 dt_sec=0.67 cum_wall_sec=119.0
22:29:53 | INFO    | src.training.finetune | STEP step=1510 loss=0.0240 dt_sec=0.67 cum_wall_sec=119.7
22:29:54 | INFO    | src.training.finetune | STEP step=1520 loss=0.0240 dt_sec=0.66 cum_wall_sec=120.3
22:29:55 | INFO    | src.training.finetune | STEP step=1530 loss=0.0520 dt_sec=0.64 cum_wall_sec=121.0
22:29:55 | INFO    | src.training.finetune | STEP step=1540 loss=0.0155 dt_sec=0.69 cum_wall_sec=121.7
22:29:56 | INFO    | src.training.finetune | STEP step=1550 loss=0.0109 dt_sec=0.68 cum_wall_sec=122.3
22:29:57 | INFO    | src.training.finetune | STEP step=1560 loss=0.0113 dt_sec=0.68 cum_wall_sec=123.0
22:29:57 | INFO    | src.training.finetune | STEP step=1570 loss=0.0030 dt_sec=0.67 cum_wall_sec=123.7
22:29:58 | INFO    | src.training.finetune | STEP step=1580 loss=0.0005 dt_sec=0.67 cum_wall_sec=124.4
22:29:59 | INFO    | src.training.finetune | STEP step=1590 loss=0.0017 dt_sec=0.66 cum_wall_sec=125.0
22:29:59 | INFO    | src.training.finetune | STEP step=1600 loss=0.0047 dt_sec=0.67 cum_wall_sec=125.7
22:30:03 | INFO    | src.training.finetune | STEP step=1610 loss=0.0003 dt_sec=3.66 cum_wall_sec=129.4
22:30:04 | INFO    | src.training.finetune | STEP step=1620 loss=0.0003 dt_sec=0.68 cum_wall_sec=130.0
22:30:04 | INFO    | src.training.finetune | STEP step=1630 loss=0.0237 dt_sec=0.67 cum_wall_sec=130.7
22:30:05 | INFO    | src.training.finetune | STEP step=1640 loss=0.0012 dt_sec=0.67 cum_wall_sec=131.4
22:30:06 | INFO    | src.training.finetune | STEP step=1650 loss=0.0004 dt_sec=0.67 cum_wall_sec=132.1
22:30:06 | INFO    | src.training.finetune | STEP step=1660 loss=0.0077 dt_sec=0.67 cum_wall_sec=132.7
22:30:07 | INFO    | src.training.finetune | STEP step=1670 loss=0.0098 dt_sec=0.67 cum_wall_sec=133.4
22:30:08 | INFO    | src.training.finetune | STEP step=1680 loss=0.0008 dt_sec=0.67 cum_wall_sec=134.1
22:30:08 | INFO    | src.training.finetune | STEP step=1690 loss=0.0003 dt_sec=0.67 cum_wall_sec=134.7
22:30:09 | INFO    | src.training.finetune | STEP step=1700 loss=0.0367 dt_sec=0.68 cum_wall_sec=135.4
22:30:10 | INFO    | src.training.finetune | STEP step=1710 loss=0.0203 dt_sec=0.67 cum_wall_sec=136.1
22:30:10 | INFO    | src.training.finetune | STEP step=1720 loss=0.0206 dt_sec=0.67 cum_wall_sec=136.7
22:30:11 | INFO    | src.training.finetune | STEP step=1730 loss=0.0180 dt_sec=0.67 cum_wall_sec=137.4
22:30:12 | INFO    | src.training.finetune | STEP step=1740 loss=0.0003 dt_sec=0.68 cum_wall_sec=138.1
22:30:12 | INFO    | src.training.finetune | STEP step=1750 loss=0.0218 dt_sec=0.67 cum_wall_sec=138.8
22:30:13 | INFO    | src.training.finetune | STEP step=1760 loss=0.0090 dt_sec=0.67 cum_wall_sec=139.4
22:30:14 | INFO    | src.training.finetune | STEP step=1770 loss=0.0002 dt_sec=0.66 cum_wall_sec=140.1
22:30:14 | INFO    | src.training.finetune | STEP step=1780 loss=0.0068 dt_sec=0.67 cum_wall_sec=140.8
22:30:15 | INFO    | src.training.finetune | STEP step=1790 loss=0.0002 dt_sec=0.66 cum_wall_sec=141.4
22:30:16 | INFO    | src.training.finetune | STEP step=1800 loss=0.0021 dt_sec=0.66 cum_wall_sec=142.1
22:30:19 | INFO    | src.training.finetune | STEP step=1810 loss=0.0003 dt_sec=2.98 cum_wall_sec=145.1
22:30:19 | INFO    | src.training.finetune | STEP step=1820 loss=0.0002 dt_sec=0.68 cum_wall_sec=145.8
22:30:20 | INFO    | src.training.finetune | STEP step=1830 loss=0.0003 dt_sec=0.67 cum_wall_sec=146.4
22:30:21 | INFO    | src.training.finetune | STEP step=1840 loss=0.0311 dt_sec=0.66 cum_wall_sec=147.1
22:30:21 | INFO    | src.training.finetune | STEP step=1850 loss=0.0003 dt_sec=0.68 cum_wall_sec=147.8
22:30:22 | INFO    | src.training.finetune | STEP step=1860 loss=0.0002 dt_sec=0.67 cum_wall_sec=148.4
22:30:23 | INFO    | src.training.finetune | STEP step=1870 loss=0.0223 dt_sec=0.67 cum_wall_sec=149.1
22:30:23 | INFO    | src.training.finetune | STEP step=1880 loss=0.0003 dt_sec=0.68 cum_wall_sec=149.8
22:30:24 | INFO    | src.training.finetune | STEP step=1890 loss=0.0064 dt_sec=0.66 cum_wall_sec=150.5
22:30:25 | INFO    | src.training.finetune | STEP step=1900 loss=0.0002 dt_sec=0.68 cum_wall_sec=151.1
22:30:25 | INFO    | src.training.finetune | STEP step=1910 loss=0.0016 dt_sec=0.67 cum_wall_sec=151.8
22:30:26 | INFO    | src.training.finetune | STEP step=1920 loss=0.0002 dt_sec=0.67 cum_wall_sec=152.5
22:30:27 | INFO    | src.training.finetune | STEP step=1930 loss=0.0148 dt_sec=0.67 cum_wall_sec=153.1
22:30:27 | INFO    | src.training.finetune | STEP step=1940 loss=0.0236 dt_sec=0.66 cum_wall_sec=153.8
22:30:28 | INFO    | src.training.finetune | STEP step=1950 loss=0.0002 dt_sec=0.66 cum_wall_sec=154.5
22:30:29 | INFO    | src.training.finetune | STEP step=1960 loss=0.0002 dt_sec=0.67 cum_wall_sec=155.1
22:30:29 | INFO    | src.training.finetune | STEP step=1970 loss=0.0003 dt_sec=0.66 cum_wall_sec=155.8
22:30:30 | INFO    | src.training.finetune | STEP step=1980 loss=0.0003 dt_sec=0.67 cum_wall_sec=156.5
22:30:31 | INFO    | src.training.finetune | STEP step=1990 loss=0.0009 dt_sec=0.69 cum_wall_sec=157.2
22:30:31 | INFO    | src.training.finetune | STEP step=2000 loss=0.0002 dt_sec=0.67 cum_wall_sec=157.8
22:30:36 | INFO    | src.training.finetune | STAGE=azerbaijani end ts=2026-09-08T22:30:36.062829+00:00 runtime_sec=162.6
22:30:37 | INFO    | src.training.finetune | Best checkpoint restored and verified: step 1600, val macro-F1 = 0.8309
