21:19:31 | INFO    | src.training.finetune | STAGE=turkish_intermediate cache_hit=true ts=2026-09-08T21:19:31.132531+00:00 path=artifacts/tr_stage_cache/base=xlm15__tok=original__tr=scrambled__seed=7__a056f9dd523e878e
21:19:31 | INFO    | src.training.finetune |   [AZ mərhələsi] 2000 nümunə | 2 sinif | init=TR checkpoint
21:19:31 | INFO    | src.training.finetune | Task head reset: modules=['sequence_summary'] params=2050 (encoder='transformer' untouched)
21:19:31 | INFO    | src.training.finetune | STAGE=azerbaijani start ts=2026-09-08T21:19:31.282120+00:00 n=2000 n_classes=2
21:19:34 | INFO    | src.training.finetune | STEP step=10 loss=2.2622 dt_sec=0.85 cum_wall_sec=0.8
21:19:35 | INFO    | src.training.finetune | STEP step=20 loss=1.2899 dt_sec=0.79 cum_wall_sec=1.6
21:19:36 | INFO    | src.training.finetune | STEP step=30 loss=1.2938 dt_sec=0.80 cum_wall_sec=2.4
21:19:37 | INFO    | src.training.finetune | STEP step=40 loss=1.1345 dt_sec=0.79 cum_wall_sec=3.2
21:19:38 | INFO    | src.training.finetune | STEP step=50 loss=1.2165 dt_sec=0.79 cum_wall_sec=4.0
21:19:38 | INFO    | src.training.finetune | STEP step=60 loss=1.2041 dt_sec=0.79 cum_wall_sec=4.8
21:19:39 | INFO    | src.training.finetune | STEP step=70 loss=1.2163 dt_sec=0.79 cum_wall_sec=5.6
21:19:40 | INFO    | src.training.finetune | STEP step=80 loss=1.1505 dt_sec=0.78 cum_wall_sec=6.4
21:19:41 | INFO    | src.training.finetune | STEP step=90 loss=1.1065 dt_sec=0.79 cum_wall_sec=7.2
21:19:42 | INFO    | src.training.finetune | STEP step=100 loss=1.0759 dt_sec=0.79 cum_wall_sec=8.0
21:19:42 | INFO    | src.training.finetune | STEP step=110 loss=0.9965 dt_sec=0.79 cum_wall_sec=8.7
21:19:43 | INFO    | src.training.finetune | STEP step=120 loss=1.0881 dt_sec=0.79 cum_wall_sec=9.5
21:19:44 | INFO    | src.training.finetune | STEP step=130 loss=1.2014 dt_sec=0.78 cum_wall_sec=10.3
21:19:45 | INFO    | src.training.finetune | STEP step=140 loss=1.4543 dt_sec=0.80 cum_wall_sec=11.1
21:19:45 | INFO    | src.training.finetune | STEP step=150 loss=1.5093 dt_sec=0.79 cum_wall_sec=11.9
21:19:46 | INFO    | src.training.finetune | STEP step=160 loss=1.1056 dt_sec=0.78 cum_wall_sec=12.7
21:19:47 | INFO    | src.training.finetune | STEP step=170 loss=1.1646 dt_sec=0.77 cum_wall_sec=13.5
21:19:48 | INFO    | src.training.finetune | STEP step=180 loss=1.4954 dt_sec=0.78 cum_wall_sec=14.2
21:19:49 | INFO    | src.training.finetune | STEP step=190 loss=1.2325 dt_sec=0.78 cum_wall_sec=15.0
21:19:49 | INFO    | src.training.finetune | STEP step=200 loss=1.3147 dt_sec=0.79 cum_wall_sec=15.8
21:19:53 | INFO    | src.training.finetune | STEP step=210 loss=1.0975 dt_sec=3.64 cum_wall_sec=19.5
21:19:54 | INFO    | src.training.finetune | STEP step=220 loss=1.0177 dt_sec=0.78 cum_wall_sec=20.2
21:19:55 | INFO    | src.training.finetune | STEP step=230 loss=1.1499 dt_sec=0.79 cum_wall_sec=21.0
21:19:55 | INFO    | src.training.finetune | STEP step=240 loss=0.9570 dt_sec=0.78 cum_wall_sec=21.8
21:19:56 | INFO    | src.training.finetune | STEP step=250 loss=0.9708 dt_sec=0.78 cum_wall_sec=22.6
21:19:57 | INFO    | src.training.finetune | STEP step=260 loss=0.9789 dt_sec=0.80 cum_wall_sec=23.4
21:19:58 | INFO    | src.training.finetune | STEP step=270 loss=0.9761 dt_sec=0.77 cum_wall_sec=24.2
21:19:59 | INFO    | src.training.finetune | STEP step=280 loss=0.9192 dt_sec=0.79 cum_wall_sec=25.0
21:19:59 | INFO    | src.training.finetune | STEP step=290 loss=1.1812 dt_sec=0.80 cum_wall_sec=25.8
21:20:00 | INFO    | src.training.finetune | STEP step=300 loss=0.9308 dt_sec=0.79 cum_wall_sec=26.5
21:20:01 | INFO    | src.training.finetune | STEP step=310 loss=0.9843 dt_sec=0.79 cum_wall_sec=27.3
21:20:02 | INFO    | src.training.finetune | STEP step=320 loss=1.0399 dt_sec=0.79 cum_wall_sec=28.1
21:20:02 | INFO    | src.training.finetune | STEP step=330 loss=1.1564 dt_sec=0.78 cum_wall_sec=28.9
21:20:03 | INFO    | src.training.finetune | STEP step=340 loss=1.1809 dt_sec=0.79 cum_wall_sec=29.7
21:20:04 | INFO    | src.training.finetune | STEP step=350 loss=0.9182 dt_sec=0.79 cum_wall_sec=30.5
21:20:05 | INFO    | src.training.finetune | STEP step=360 loss=0.9192 dt_sec=0.79 cum_wall_sec=31.3
21:20:06 | INFO    | src.training.finetune | STEP step=370 loss=0.8573 dt_sec=0.78 cum_wall_sec=32.1
21:20:06 | INFO    | src.training.finetune | STEP step=380 loss=0.9430 dt_sec=0.77 cum_wall_sec=32.8
21:20:07 | INFO    | src.training.finetune | STEP step=390 loss=0.9585 dt_sec=0.79 cum_wall_sec=33.6
21:20:08 | INFO    | src.training.finetune | STEP step=400 loss=0.8374 dt_sec=0.78 cum_wall_sec=34.4
21:20:12 | INFO    | src.training.finetune | STEP step=410 loss=0.8698 dt_sec=3.61 cum_wall_sec=38.0
21:20:12 | INFO    | src.training.finetune | STEP step=420 loss=0.8942 dt_sec=0.78 cum_wall_sec=38.8
21:20:13 | INFO    | src.training.finetune | STEP step=430 loss=0.9389 dt_sec=0.80 cum_wall_sec=39.6
21:20:14 | INFO    | src.training.finetune | STEP step=440 loss=0.8915 dt_sec=0.79 cum_wall_sec=40.4
21:20:15 | INFO    | src.training.finetune | STEP step=450 loss=0.9075 dt_sec=0.79 cum_wall_sec=41.2
21:20:16 | INFO    | src.training.finetune | STEP step=460 loss=0.9450 dt_sec=0.78 cum_wall_sec=41.9
21:20:16 | INFO    | src.training.finetune | STEP step=470 loss=0.8265 dt_sec=0.79 cum_wall_sec=42.7
21:20:17 | INFO    | src.training.finetune | STEP step=480 loss=0.8119 dt_sec=0.79 cum_wall_sec=43.5
21:20:18 | INFO    | src.training.finetune | STEP step=490 loss=0.8412 dt_sec=0.77 cum_wall_sec=44.3
21:20:19 | INFO    | src.training.finetune | STEP step=500 loss=0.9522 dt_sec=0.79 cum_wall_sec=45.1
21:20:19 | INFO    | src.training.finetune | STEP step=510 loss=1.1698 dt_sec=0.77 cum_wall_sec=45.9
21:20:20 | INFO    | src.training.finetune | STEP step=520 loss=1.0358 dt_sec=0.79 cum_wall_sec=46.7
21:20:21 | INFO    | src.training.finetune | STEP step=530 loss=0.8967 dt_sec=0.79 cum_wall_sec=47.4
21:20:22 | INFO    | src.training.finetune | STEP step=540 loss=0.8392 dt_sec=0.78 cum_wall_sec=48.2
21:20:23 | INFO    | src.training.finetune | STEP step=550 loss=0.8569 dt_sec=0.79 cum_wall_sec=49.0
21:20:23 | INFO    | src.training.finetune | STEP step=560 loss=0.8116 dt_sec=0.78 cum_wall_sec=49.8
21:20:24 | INFO    | src.training.finetune | STEP step=570 loss=0.8542 dt_sec=0.78 cum_wall_sec=50.6
21:20:25 | INFO    | src.training.finetune | STEP step=580 loss=0.8246 dt_sec=0.79 cum_wall_sec=51.4
21:20:26 | INFO    | src.training.finetune | STEP step=590 loss=0.8398 dt_sec=0.78 cum_wall_sec=52.2
21:20:27 | INFO    | src.training.finetune | STEP step=600 loss=0.7505 dt_sec=0.78 cum_wall_sec=52.9
21:20:31 | INFO    | src.training.finetune | STEP step=610 loss=0.8255 dt_sec=3.98 cum_wall_sec=56.9
21:20:31 | INFO    | src.training.finetune | STEP step=620 loss=0.7398 dt_sec=0.79 cum_wall_sec=57.7
21:20:32 | INFO    | src.training.finetune | STEP step=630 loss=0.7763 dt_sec=0.77 cum_wall_sec=58.5
21:20:33 | INFO    | src.training.finetune | STEP step=640 loss=0.8239 dt_sec=0.79 cum_wall_sec=59.3
21:20:34 | INFO    | src.training.finetune | STEP step=650 loss=0.8170 dt_sec=0.78 cum_wall_sec=60.1
21:20:34 | INFO    | src.training.finetune | STEP step=660 loss=0.8358 dt_sec=0.79 cum_wall_sec=60.8
21:20:35 | INFO    | src.training.finetune | STEP step=670 loss=0.8645 dt_sec=0.79 cum_wall_sec=61.6
21:20:36 | INFO    | src.training.finetune | STEP step=680 loss=0.7949 dt_sec=0.78 cum_wall_sec=62.4
21:20:37 | INFO    | src.training.finetune | STEP step=690 loss=0.8288 dt_sec=0.79 cum_wall_sec=63.2
21:20:38 | INFO    | src.training.finetune | STEP step=700 loss=0.7766 dt_sec=0.77 cum_wall_sec=64.0
21:20:38 | INFO    | src.training.finetune | STEP step=710 loss=0.8234 dt_sec=0.79 cum_wall_sec=64.8
21:20:39 | INFO    | src.training.finetune | STEP step=720 loss=0.7326 dt_sec=0.77 cum_wall_sec=65.5
21:20:40 | INFO    | src.training.finetune | STEP step=730 loss=0.7353 dt_sec=0.78 cum_wall_sec=66.3
21:20:41 | INFO    | src.training.finetune | STEP step=740 loss=0.8078 dt_sec=0.79 cum_wall_sec=67.1
21:20:41 | INFO    | src.training.finetune | STEP step=750 loss=0.7679 dt_sec=0.79 cum_wall_sec=67.9
21:20:42 | INFO    | src.training.finetune | STEP step=760 loss=0.7816 dt_sec=0.78 cum_wall_sec=68.7
21:20:43 | INFO    | src.training.finetune | STEP step=770 loss=0.7537 dt_sec=0.80 cum_wall_sec=69.5
21:20:44 | INFO    | src.training.finetune | STEP step=780 loss=0.7755 dt_sec=0.79 cum_wall_sec=70.3
21:20:45 | INFO    | src.training.finetune | STEP step=790 loss=0.7789 dt_sec=0.78 cum_wall_sec=71.1
21:20:45 | INFO    | src.training.finetune | STEP step=800 loss=0.7311 dt_sec=0.78 cum_wall_sec=71.8
21:20:49 | INFO    | src.training.finetune | STEP step=810 loss=0.7340 dt_sec=3.59 cum_wall_sec=75.4
21:20:50 | INFO    | src.training.finetune | STEP step=820 loss=0.7588 dt_sec=0.79 cum_wall_sec=76.2
21:20:51 | INFO    | src.training.finetune | STEP step=830 loss=0.7620 dt_sec=0.79 cum_wall_sec=77.0
21:20:51 | INFO    | src.training.finetune | STEP step=840 loss=0.7432 dt_sec=0.78 cum_wall_sec=77.8
21:20:52 | INFO    | src.training.finetune | STEP step=850 loss=0.7378 dt_sec=0.79 cum_wall_sec=78.6
21:20:53 | INFO    | src.training.finetune | STEP step=860 loss=0.7365 dt_sec=0.78 cum_wall_sec=79.4
21:20:54 | INFO    | src.training.finetune | STEP step=870 loss=0.7666 dt_sec=0.79 cum_wall_sec=80.2
21:20:55 | INFO    | src.training.finetune | STEP step=880 loss=0.7223 dt_sec=0.78 cum_wall_sec=80.9
21:20:55 | INFO    | src.training.finetune | STEP step=890 loss=0.7378 dt_sec=0.79 cum_wall_sec=81.7
21:20:56 | INFO    | src.training.finetune | STEP step=900 loss=0.7206 dt_sec=0.78 cum_wall_sec=82.5
21:20:57 | INFO    | src.training.finetune | STEP step=910 loss=1.1032 dt_sec=0.77 cum_wall_sec=83.3
21:20:58 | INFO    | src.training.finetune | STEP step=920 loss=0.7549 dt_sec=0.80 cum_wall_sec=84.1
21:20:58 | INFO    | src.training.finetune | STEP step=930 loss=0.7964 dt_sec=0.79 cum_wall_sec=84.9
21:20:59 | INFO    | src.training.finetune | STEP step=940 loss=0.7694 dt_sec=0.80 cum_wall_sec=85.7
21:21:00 | INFO    | src.training.finetune | STEP step=950 loss=0.7498 dt_sec=0.78 cum_wall_sec=86.4
21:21:01 | INFO    | src.training.finetune | STEP step=960 loss=0.7546 dt_sec=0.79 cum_wall_sec=87.2
21:21:02 | INFO    | src.training.finetune | STEP step=970 loss=0.7399 dt_sec=0.79 cum_wall_sec=88.0
21:21:02 | INFO    | src.training.finetune | STEP step=980 loss=0.7188 dt_sec=0.78 cum_wall_sec=88.8
21:21:03 | INFO    | src.training.finetune | STEP step=990 loss=0.7537 dt_sec=0.79 cum_wall_sec=89.6
21:21:04 | INFO    | src.training.finetune | STEP step=1000 loss=0.7491 dt_sec=0.79 cum_wall_sec=90.4
21:21:08 | INFO    | src.training.finetune | STEP step=1010 loss=0.7260 dt_sec=3.83 cum_wall_sec=94.2
21:21:09 | INFO    | src.training.finetune | STEP step=1020 loss=0.7022 dt_sec=0.78 cum_wall_sec=95.0
21:21:09 | INFO    | src.training.finetune | STEP step=1030 loss=0.7651 dt_sec=0.80 cum_wall_sec=95.8
21:21:10 | INFO    | src.training.finetune | STEP step=1040 loss=0.7365 dt_sec=0.78 cum_wall_sec=96.6
21:21:11 | INFO    | src.training.finetune | STEP step=1050 loss=0.7244 dt_sec=0.80 cum_wall_sec=97.4
21:21:12 | INFO    | src.training.finetune | STEP step=1060 loss=0.7371 dt_sec=0.79 cum_wall_sec=98.2
21:21:13 | INFO    | src.training.finetune | STEP step=1070 loss=0.7498 dt_sec=0.80 cum_wall_sec=99.0
21:21:13 | INFO    | src.training.finetune | STEP step=1080 loss=0.7372 dt_sec=0.78 cum_wall_sec=99.7
21:21:14 | INFO    | src.training.finetune | STEP step=1090 loss=0.7516 dt_sec=0.79 cum_wall_sec=100.5
21:21:15 | INFO    | src.training.finetune | STEP step=1100 loss=0.7154 dt_sec=0.79 cum_wall_sec=101.3
21:21:16 | INFO    | src.training.finetune | STEP step=1110 loss=0.7655 dt_sec=0.80 cum_wall_sec=102.1
21:21:16 | INFO    | src.training.finetune | STEP step=1120 loss=0.7083 dt_sec=0.78 cum_wall_sec=102.9
21:21:17 | INFO    | src.training.finetune | STEP step=1130 loss=0.7254 dt_sec=0.77 cum_wall_sec=103.7
21:21:18 | INFO    | src.training.finetune | STEP step=1140 loss=0.7528 dt_sec=0.78 cum_wall_sec=104.5
21:21:19 | INFO    | src.training.finetune | STEP step=1150 loss=0.7323 dt_sec=0.79 cum_wall_sec=105.2
21:21:20 | INFO    | src.training.finetune | STEP step=1160 loss=0.7466 dt_sec=0.78 cum_wall_sec=106.0
21:21:20 | INFO    | src.training.finetune | STEP step=1170 loss=0.7307 dt_sec=0.79 cum_wall_sec=106.8
21:21:21 | INFO    | src.training.finetune | STEP step=1180 loss=0.7485 dt_sec=0.79 cum_wall_sec=107.6
21:21:22 | INFO    | src.training.finetune | STEP step=1190 loss=0.7312 dt_sec=0.79 cum_wall_sec=108.4
21:21:23 | INFO    | src.training.finetune | STEP step=1200 loss=0.7093 dt_sec=0.78 cum_wall_sec=109.2
21:21:26 | INFO    | src.training.finetune | STEP step=1210 loss=0.7345 dt_sec=3.73 cum_wall_sec=112.9
21:21:27 | INFO    | src.training.finetune | STEP step=1220 loss=0.7986 dt_sec=0.79 cum_wall_sec=113.7
21:21:28 | INFO    | src.training.finetune | STEP step=1230 loss=0.7421 dt_sec=0.79 cum_wall_sec=114.5
21:21:29 | INFO    | src.training.finetune | STEP step=1240 loss=0.6892 dt_sec=0.78 cum_wall_sec=115.3
21:21:30 | INFO    | src.training.finetune | STEP step=1250 loss=0.7231 dt_sec=0.80 cum_wall_sec=116.1
21:21:30 | INFO    | src.training.finetune | STEP step=1260 loss=0.7576 dt_sec=0.79 cum_wall_sec=116.8
21:21:31 | INFO    | src.training.finetune | STEP step=1270 loss=0.7603 dt_sec=0.79 cum_wall_sec=117.6
21:21:32 | INFO    | src.training.finetune | STEP step=1280 loss=0.7358 dt_sec=0.79 cum_wall_sec=118.4
21:21:33 | INFO    | src.training.finetune | STEP step=1290 loss=0.7548 dt_sec=0.79 cum_wall_sec=119.2
21:21:34 | INFO    | src.training.finetune | STEP step=1300 loss=0.7048 dt_sec=0.78 cum_wall_sec=120.0
21:21:34 | INFO    | src.training.finetune | STEP step=1310 loss=0.7303 dt_sec=0.80 cum_wall_sec=120.8
21:21:35 | INFO    | src.training.finetune | STEP step=1320 loss=0.7627 dt_sec=0.79 cum_wall_sec=121.6
21:21:36 | INFO    | src.training.finetune | STEP step=1330 loss=0.7242 dt_sec=0.80 cum_wall_sec=122.4
21:21:37 | INFO    | src.training.finetune | STEP step=1340 loss=0.7411 dt_sec=0.78 cum_wall_sec=123.2
21:21:38 | INFO    | src.training.finetune | STEP step=1350 loss=0.7235 dt_sec=0.80 cum_wall_sec=124.0
21:21:38 | INFO    | src.training.finetune | STEP step=1360 loss=0.7326 dt_sec=0.78 cum_wall_sec=124.8
21:21:39 | INFO    | src.training.finetune | STEP step=1370 loss=0.7414 dt_sec=0.80 cum_wall_sec=125.5
21:21:40 | INFO    | src.training.finetune | STEP step=1380 loss=0.7406 dt_sec=0.78 cum_wall_sec=126.3
21:21:41 | INFO    | src.training.finetune | STEP step=1390 loss=0.6982 dt_sec=0.78 cum_wall_sec=127.1
21:21:42 | INFO    | src.training.finetune | STEP step=1400 loss=0.7351 dt_sec=0.81 cum_wall_sec=127.9
21:21:45 | INFO    | src.training.finetune | STEP step=1410 loss=0.7008 dt_sec=3.79 cum_wall_sec=131.7
21:21:46 | INFO    | src.training.finetune | STEP step=1420 loss=0.7314 dt_sec=0.79 cum_wall_sec=132.5
21:21:47 | INFO    | src.training.finetune | STEP step=1430 loss=0.7228 dt_sec=0.79 cum_wall_sec=133.3
21:21:48 | INFO    | src.training.finetune | STEP step=1440 loss=0.7109 dt_sec=0.78 cum_wall_sec=134.1
21:21:48 | INFO    | src.training.finetune | STEP step=1450 loss=0.7256 dt_sec=0.78 cum_wall_sec=134.8
21:21:49 | INFO    | src.training.finetune | STEP step=1460 loss=0.7568 dt_sec=0.78 cum_wall_sec=135.6
21:21:50 | INFO    | src.training.finetune | STEP step=1470 loss=0.7281 dt_sec=0.80 cum_wall_sec=136.4
21:21:51 | INFO    | src.training.finetune | STEP step=1480 loss=0.7154 dt_sec=0.79 cum_wall_sec=137.2
21:21:52 | INFO    | src.training.finetune | STEP step=1490 loss=0.7230 dt_sec=0.79 cum_wall_sec=138.0
21:21:52 | INFO    | src.training.finetune | STEP step=1500 loss=0.7378 dt_sec=0.79 cum_wall_sec=138.8
21:21:53 | INFO    | src.training.finetune | STEP step=1510 loss=0.7092 dt_sec=0.80 cum_wall_sec=139.6
21:21:54 | INFO    | src.training.finetune | STEP step=1520 loss=0.7350 dt_sec=0.78 cum_wall_sec=140.4
21:21:55 | INFO    | src.training.finetune | STEP step=1530 loss=0.7183 dt_sec=0.80 cum_wall_sec=141.2
21:21:56 | INFO    | src.training.finetune | STEP step=1540 loss=0.7148 dt_sec=0.79 cum_wall_sec=142.0
21:21:56 | INFO    | src.training.finetune | STEP step=1550 loss=0.7211 dt_sec=0.80 cum_wall_sec=142.8
21:21:57 | INFO    | src.training.finetune | STEP step=1560 loss=0.7297 dt_sec=0.78 cum_wall_sec=143.5
21:21:58 | INFO    | src.training.finetune | STEP step=1570 loss=0.7432 dt_sec=0.79 cum_wall_sec=144.3
21:21:59 | INFO    | src.training.finetune | STEP step=1580 loss=0.7228 dt_sec=0.80 cum_wall_sec=145.1
21:22:00 | INFO    | src.training.finetune | STEP step=1590 loss=0.7317 dt_sec=0.79 cum_wall_sec=145.9
21:22:00 | INFO    | src.training.finetune | STEP step=1600 loss=0.7507 dt_sec=0.79 cum_wall_sec=146.7
21:22:04 | INFO    | src.training.finetune | STEP step=1610 loss=0.7134 dt_sec=3.91 cum_wall_sec=150.6
21:22:05 | INFO    | src.training.finetune | STEP step=1620 loss=0.7317 dt_sec=0.78 cum_wall_sec=151.4
21:22:06 | INFO    | src.training.finetune | STEP step=1630 loss=0.6991 dt_sec=0.79 cum_wall_sec=152.2
21:22:07 | INFO    | src.training.finetune | STEP step=1640 loss=0.7030 dt_sec=0.78 cum_wall_sec=153.0
21:22:07 | INFO    | src.training.finetune | STEP step=1650 loss=0.7108 dt_sec=0.78 cum_wall_sec=153.7
21:22:08 | INFO    | src.training.finetune | STEP step=1660 loss=0.6993 dt_sec=0.79 cum_wall_sec=154.5
21:22:09 | INFO    | src.training.finetune | STEP step=1670 loss=0.7391 dt_sec=0.80 cum_wall_sec=155.3
21:22:10 | INFO    | src.training.finetune | STEP step=1680 loss=0.7428 dt_sec=0.79 cum_wall_sec=156.1
21:22:11 | INFO    | src.training.finetune | STEP step=1690 loss=0.7161 dt_sec=0.79 cum_wall_sec=156.9
21:22:11 | INFO    | src.training.finetune | STEP step=1700 loss=0.7089 dt_sec=0.79 cum_wall_sec=157.7
21:22:12 | INFO    | src.training.finetune | STEP step=1710 loss=0.7162 dt_sec=0.79 cum_wall_sec=158.5
21:22:13 | INFO    | src.training.finetune | STEP step=1720 loss=0.6984 dt_sec=0.78 cum_wall_sec=159.3
21:22:14 | INFO    | src.training.finetune | STEP step=1730 loss=0.7251 dt_sec=0.80 cum_wall_sec=160.1
21:22:14 | INFO    | src.training.finetune | STEP step=1740 loss=0.7166 dt_sec=0.78 cum_wall_sec=160.9
21:22:15 | INFO    | src.training.finetune | STEP step=1750 loss=0.7072 dt_sec=0.79 cum_wall_sec=161.7
21:22:16 | INFO    | src.training.finetune | STEP step=1760 loss=0.6993 dt_sec=0.79 cum_wall_sec=162.4
21:22:17 | INFO    | src.training.finetune | STEP step=1770 loss=0.7392 dt_sec=0.79 cum_wall_sec=163.2
21:22:18 | INFO    | src.training.finetune | STEP step=1780 loss=0.7122 dt_sec=0.79 cum_wall_sec=164.0
21:22:18 | INFO    | src.training.finetune | STEP step=1790 loss=0.7218 dt_sec=0.81 cum_wall_sec=164.8
21:22:19 | INFO    | src.training.finetune | STEP step=1800 loss=0.7282 dt_sec=0.79 cum_wall_sec=165.6
21:22:23 | INFO    | src.training.finetune | STEP step=1810 loss=0.7432 dt_sec=3.80 cum_wall_sec=169.4
21:22:24 | INFO    | src.training.finetune | STEP step=1820 loss=0.7182 dt_sec=0.79 cum_wall_sec=170.2
21:22:25 | INFO    | src.training.finetune | STEP step=1830 loss=0.7263 dt_sec=0.78 cum_wall_sec=171.0
21:22:25 | INFO    | src.training.finetune | STEP step=1840 loss=0.7159 dt_sec=0.79 cum_wall_sec=171.8
21:22:26 | INFO    | src.training.finetune | STEP step=1850 loss=0.7017 dt_sec=0.78 cum_wall_sec=172.6
21:22:27 | INFO    | src.training.finetune | STEP step=1860 loss=0.7270 dt_sec=0.79 cum_wall_sec=173.3
21:22:28 | INFO    | src.training.finetune | STEP step=1870 loss=0.7129 dt_sec=0.80 cum_wall_sec=174.1
21:22:29 | INFO    | src.training.finetune | STEP step=1880 loss=0.7309 dt_sec=0.78 cum_wall_sec=174.9
21:22:29 | INFO    | src.training.finetune | STEP step=1890 loss=0.7001 dt_sec=0.79 cum_wall_sec=175.7
21:22:30 | INFO    | src.training.finetune | STEP step=1900 loss=0.7068 dt_sec=0.80 cum_wall_sec=176.5
21:22:31 | INFO    | src.training.finetune | STEP step=1910 loss=0.7085 dt_sec=0.79 cum_wall_sec=177.3
21:22:32 | INFO    | src.training.finetune | STEP step=1920 loss=0.7106 dt_sec=0.78 cum_wall_sec=178.1
21:22:32 | INFO    | src.training.finetune | STEP step=1930 loss=0.7237 dt_sec=0.79 cum_wall_sec=178.9
21:22:33 | INFO    | src.training.finetune | STEP step=1940 loss=0.7196 dt_sec=0.79 cum_wall_sec=179.6
21:22:34 | INFO    | src.training.finetune | STEP step=1950 loss=0.7252 dt_sec=0.80 cum_wall_sec=180.4
21:22:35 | INFO    | src.training.finetune | STEP step=1960 loss=0.7178 dt_sec=0.77 cum_wall_sec=181.2
21:22:36 | INFO    | src.training.finetune | STEP step=1970 loss=0.7308 dt_sec=0.79 cum_wall_sec=182.0
21:22:36 | INFO    | src.training.finetune | STEP step=1980 loss=0.7188 dt_sec=0.80 cum_wall_sec=182.8
21:22:37 | INFO    | src.training.finetune | STEP step=1990 loss=0.7202 dt_sec=0.80 cum_wall_sec=183.6
21:22:38 | INFO    | src.training.finetune | STEP step=2000 loss=0.7291 dt_sec=0.79 cum_wall_sec=184.4
21:22:42 | INFO    | src.training.finetune | STAGE=azerbaijani end ts=2026-09-08T21:22:42.347762+00:00 runtime_sec=191.1
21:22:43 | INFO    | src.training.finetune | Best checkpoint restored and verified: step 600, val macro-F1 = 0.3334
