22:22:40 | INFO    | src.training.finetune |   [AZ mərhələsi] 2000 nümunə | 2 sinif | init=baza
22:22:40 | INFO    | src.training.finetune | Task head reset: modules=['classifier'] params=592130 (encoder='roberta' untouched)
22:22:40 | INFO    | src.training.finetune | STAGE=azerbaijani start ts=2026-09-08T22:22:40.611825+00:00 n=2000 n_classes=2
22:22:41 | INFO    | src.training.finetune | STEP step=10 loss=0.7078 dt_sec=0.72 cum_wall_sec=0.7
22:22:42 | INFO    | src.training.finetune | STEP step=20 loss=0.7007 dt_sec=0.67 cum_wall_sec=1.4
22:22:43 | INFO    | src.training.finetune | STEP step=30 loss=0.7022 dt_sec=0.68 cum_wall_sec=2.1
22:22:43 | INFO    | src.training.finetune | STEP step=40 loss=0.6982 dt_sec=0.67 cum_wall_sec=2.7
22:22:44 | INFO    | src.training.finetune | STEP step=50 loss=0.6996 dt_sec=0.67 cum_wall_sec=3.4
22:22:45 | INFO    | src.training.finetune | STEP step=60 loss=0.6996 dt_sec=0.66 cum_wall_sec=4.1
22:22:45 | INFO    | src.training.finetune | STEP step=70 loss=0.6988 dt_sec=0.67 cum_wall_sec=4.7
22:22:46 | INFO    | src.training.finetune | STEP step=80 loss=0.7000 dt_sec=0.66 cum_wall_sec=5.4
22:22:47 | INFO    | src.training.finetune | STEP step=90 loss=0.6920 dt_sec=0.67 cum_wall_sec=6.1
22:22:47 | INFO    | src.training.finetune | STEP step=100 loss=0.6952 dt_sec=0.67 cum_wall_sec=6.7
22:22:48 | INFO    | src.training.finetune | STEP step=110 loss=0.6723 dt_sec=0.66 cum_wall_sec=7.4
22:22:49 | INFO    | src.training.finetune | STEP step=120 loss=0.7218 dt_sec=0.67 cum_wall_sec=8.1
22:22:49 | INFO    | src.training.finetune | STEP step=130 loss=0.6908 dt_sec=0.66 cum_wall_sec=8.7
22:22:50 | INFO    | src.training.finetune | STEP step=140 loss=0.6871 dt_sec=0.68 cum_wall_sec=9.4
22:22:51 | INFO    | src.training.finetune | STEP step=150 loss=0.6944 dt_sec=0.67 cum_wall_sec=10.1
22:22:51 | INFO    | src.training.finetune | STEP step=160 loss=0.6904 dt_sec=0.66 cum_wall_sec=10.7
22:22:52 | INFO    | src.training.finetune | STEP step=170 loss=0.6914 dt_sec=0.65 cum_wall_sec=11.4
22:22:53 | INFO    | src.training.finetune | STEP step=180 loss=0.6902 dt_sec=0.66 cum_wall_sec=12.0
22:22:53 | INFO    | src.training.finetune | STEP step=190 loss=0.6971 dt_sec=0.66 cum_wall_sec=12.7
22:22:54 | INFO    | src.training.finetune | STEP step=200 loss=0.6749 dt_sec=0.67 cum_wall_sec=13.4
22:22:57 | INFO    | src.training.finetune | STEP step=210 loss=0.6967 dt_sec=2.43 cum_wall_sec=15.8
22:22:57 | INFO    | src.training.finetune | STEP step=220 loss=0.6906 dt_sec=0.67 cum_wall_sec=16.5
22:22:58 | INFO    | src.training.finetune | STEP step=230 loss=0.6817 dt_sec=0.68 cum_wall_sec=17.1
22:22:59 | INFO    | src.training.finetune | STEP step=240 loss=0.6648 dt_sec=0.66 cum_wall_sec=17.8
22:22:59 | INFO    | src.training.finetune | STEP step=250 loss=0.6840 dt_sec=0.67 cum_wall_sec=18.5
22:23:00 | INFO    | src.training.finetune | STEP step=260 loss=0.6610 dt_sec=0.66 cum_wall_sec=19.1
22:23:00 | INFO    | src.training.finetune | STEP step=270 loss=0.6591 dt_sec=0.62 cum_wall_sec=19.8
22:23:01 | INFO    | src.training.finetune | STEP step=280 loss=0.6661 dt_sec=0.64 cum_wall_sec=20.4
22:23:02 | INFO    | src.training.finetune | STEP step=290 loss=0.6305 dt_sec=0.65 cum_wall_sec=21.0
22:23:02 | INFO    | src.training.finetune | STEP step=300 loss=0.6569 dt_sec=0.64 cum_wall_sec=21.7
22:23:03 | INFO    | src.training.finetune | STEP step=310 loss=0.6586 dt_sec=0.64 cum_wall_sec=22.3
22:23:04 | INFO    | src.training.finetune | STEP step=320 loss=0.6456 dt_sec=0.64 cum_wall_sec=23.0
22:23:04 | INFO    | src.training.finetune | STEP step=330 loss=0.6573 dt_sec=0.64 cum_wall_sec=23.6
22:23:05 | INFO    | src.training.finetune | STEP step=340 loss=0.6296 dt_sec=0.64 cum_wall_sec=24.2
22:23:06 | INFO    | src.training.finetune | STEP step=350 loss=0.6331 dt_sec=0.64 cum_wall_sec=24.9
22:23:06 | INFO    | src.training.finetune | STEP step=360 loss=0.6465 dt_sec=0.63 cum_wall_sec=25.5
22:23:07 | INFO    | src.training.finetune | STEP step=370 loss=0.6243 dt_sec=0.63 cum_wall_sec=26.1
22:23:07 | INFO    | src.training.finetune | STEP step=380 loss=0.5975 dt_sec=0.63 cum_wall_sec=26.8
22:23:08 | INFO    | src.training.finetune | STEP step=390 loss=0.6192 dt_sec=0.64 cum_wall_sec=27.4
22:23:09 | INFO    | src.training.finetune | STEP step=400 loss=0.6323 dt_sec=0.64 cum_wall_sec=28.0
22:23:11 | INFO    | src.training.finetune | STEP step=410 loss=0.6315 dt_sec=2.50 cum_wall_sec=30.5
22:23:12 | INFO    | src.training.finetune | STEP step=420 loss=0.6536 dt_sec=0.64 cum_wall_sec=31.2
22:23:13 | INFO    | src.training.finetune | STEP step=430 loss=0.6227 dt_sec=0.64 cum_wall_sec=31.8
22:23:13 | INFO    | src.training.finetune | STEP step=440 loss=0.6263 dt_sec=0.64 cum_wall_sec=32.5
22:23:14 | INFO    | src.training.finetune | STEP step=450 loss=0.5877 dt_sec=0.64 cum_wall_sec=33.1
22:23:14 | INFO    | src.training.finetune | STEP step=460 loss=0.6207 dt_sec=0.63 cum_wall_sec=33.7
22:23:15 | INFO    | src.training.finetune | STEP step=470 loss=0.6322 dt_sec=0.63 cum_wall_sec=34.4
22:23:16 | INFO    | src.training.finetune | STEP step=480 loss=0.6403 dt_sec=0.64 cum_wall_sec=35.0
22:23:16 | INFO    | src.training.finetune | STEP step=490 loss=0.5802 dt_sec=0.63 cum_wall_sec=35.6
22:23:17 | INFO    | src.training.finetune | STEP step=500 loss=0.5953 dt_sec=0.64 cum_wall_sec=36.3
22:23:18 | INFO    | src.training.finetune | STEP step=510 loss=0.6240 dt_sec=0.63 cum_wall_sec=36.9
22:23:18 | INFO    | src.training.finetune | STEP step=520 loss=0.5675 dt_sec=0.65 cum_wall_sec=37.6
22:23:19 | INFO    | src.training.finetune | STEP step=530 loss=0.5821 dt_sec=0.64 cum_wall_sec=38.2
22:23:20 | INFO    | src.training.finetune | STEP step=540 loss=0.6017 dt_sec=0.63 cum_wall_sec=38.8
22:23:20 | INFO    | src.training.finetune | STEP step=550 loss=0.6640 dt_sec=0.64 cum_wall_sec=39.5
22:23:21 | INFO    | src.training.finetune | STEP step=560 loss=0.5816 dt_sec=0.64 cum_wall_sec=40.1
22:23:21 | INFO    | src.training.finetune | STEP step=570 loss=0.5874 dt_sec=0.63 cum_wall_sec=40.8
22:23:22 | INFO    | src.training.finetune | STEP step=580 loss=0.6407 dt_sec=0.64 cum_wall_sec=41.4
22:23:23 | INFO    | src.training.finetune | STEP step=590 loss=0.5551 dt_sec=0.64 cum_wall_sec=42.0
22:23:23 | INFO    | src.training.finetune | STEP step=600 loss=0.5749 dt_sec=0.64 cum_wall_sec=42.7
22:23:26 | INFO    | src.training.finetune | STEP step=610 loss=0.5636 dt_sec=2.47 cum_wall_sec=45.1
22:23:27 | INFO    | src.training.finetune | STEP step=620 loss=0.5751 dt_sec=0.64 cum_wall_sec=45.8
22:23:27 | INFO    | src.training.finetune | STEP step=630 loss=0.5822 dt_sec=0.62 cum_wall_sec=46.4
22:23:28 | INFO    | src.training.finetune | STEP step=640 loss=0.6050 dt_sec=0.64 cum_wall_sec=47.0
22:23:28 | INFO    | src.training.finetune | STEP step=650 loss=0.5730 dt_sec=0.64 cum_wall_sec=47.7
22:23:29 | INFO    | src.training.finetune | STEP step=660 loss=0.5708 dt_sec=0.64 cum_wall_sec=48.3
22:23:30 | INFO    | src.training.finetune | STEP step=670 loss=0.5875 dt_sec=0.64 cum_wall_sec=49.0
22:23:30 | INFO    | src.training.finetune | STEP step=680 loss=0.5193 dt_sec=0.63 cum_wall_sec=49.6
22:23:31 | INFO    | src.training.finetune | STEP step=690 loss=0.5872 dt_sec=0.64 cum_wall_sec=50.2
22:23:32 | INFO    | src.training.finetune | STEP step=700 loss=0.6086 dt_sec=0.63 cum_wall_sec=50.9
22:23:32 | INFO    | src.training.finetune | STEP step=710 loss=0.5769 dt_sec=0.64 cum_wall_sec=51.5
22:23:33 | INFO    | src.training.finetune | STEP step=720 loss=0.5192 dt_sec=0.63 cum_wall_sec=52.1
22:23:33 | INFO    | src.training.finetune | STEP step=730 loss=0.4875 dt_sec=0.64 cum_wall_sec=52.8
22:23:34 | INFO    | src.training.finetune | STEP step=740 loss=0.5435 dt_sec=0.65 cum_wall_sec=53.4
22:23:35 | INFO    | src.training.finetune | STEP step=750 loss=0.5461 dt_sec=0.64 cum_wall_sec=54.0
22:23:35 | INFO    | src.training.finetune | STEP step=760 loss=0.5101 dt_sec=0.63 cum_wall_sec=54.7
22:23:36 | INFO    | src.training.finetune | STEP step=770 loss=0.5416 dt_sec=0.64 cum_wall_sec=55.3
22:23:37 | INFO    | src.training.finetune | STEP step=780 loss=0.5102 dt_sec=0.64 cum_wall_sec=56.0
22:23:37 | INFO    | src.training.finetune | STEP step=790 loss=0.4734 dt_sec=0.63 cum_wall_sec=56.6
22:23:38 | INFO    | src.training.finetune | STEP step=800 loss=0.4658 dt_sec=0.64 cum_wall_sec=57.2
22:23:41 | INFO    | src.training.finetune | STEP step=810 loss=0.5130 dt_sec=2.77 cum_wall_sec=60.0
22:23:41 | INFO    | src.training.finetune | STEP step=820 loss=0.5266 dt_sec=0.64 cum_wall_sec=60.6
22:23:42 | INFO    | src.training.finetune | STEP step=830 loss=0.4579 dt_sec=0.64 cum_wall_sec=61.3
22:23:43 | INFO    | src.training.finetune | STEP step=840 loss=0.4466 dt_sec=0.63 cum_wall_sec=61.9
22:23:43 | INFO    | src.training.finetune | STEP step=850 loss=0.4333 dt_sec=0.64 cum_wall_sec=62.5
22:23:44 | INFO    | src.training.finetune | STEP step=860 loss=0.4613 dt_sec=0.64 cum_wall_sec=63.2
22:23:45 | INFO    | src.training.finetune | STEP step=870 loss=0.5621 dt_sec=0.64 cum_wall_sec=63.8
22:23:45 | INFO    | src.training.finetune | STEP step=880 loss=0.4101 dt_sec=0.64 cum_wall_sec=64.5
22:23:46 | INFO    | src.training.finetune | STEP step=890 loss=0.4291 dt_sec=0.65 cum_wall_sec=65.1
22:23:46 | INFO    | src.training.finetune | STEP step=900 loss=0.5317 dt_sec=0.63 cum_wall_sec=65.7
22:23:47 | INFO    | src.training.finetune | STEP step=910 loss=0.4084 dt_sec=0.63 cum_wall_sec=66.4
22:23:48 | INFO    | src.training.finetune | STEP step=920 loss=0.4516 dt_sec=0.65 cum_wall_sec=67.0
22:23:48 | INFO    | src.training.finetune | STEP step=930 loss=0.5295 dt_sec=0.64 cum_wall_sec=67.6
22:23:49 | INFO    | src.training.finetune | STEP step=940 loss=0.4271 dt_sec=0.65 cum_wall_sec=68.3
22:23:50 | INFO    | src.training.finetune | STEP step=950 loss=0.4405 dt_sec=0.64 cum_wall_sec=68.9
22:23:50 | INFO    | src.training.finetune | STEP step=960 loss=0.4565 dt_sec=0.64 cum_wall_sec=69.6
22:23:51 | INFO    | src.training.finetune | STEP step=970 loss=0.4437 dt_sec=0.64 cum_wall_sec=70.2
22:23:52 | INFO    | src.training.finetune | STEP step=980 loss=0.3549 dt_sec=0.64 cum_wall_sec=70.8
22:23:52 | INFO    | src.training.finetune | STEP step=990 loss=0.3939 dt_sec=0.64 cum_wall_sec=71.5
22:23:53 | INFO    | src.training.finetune | STEP step=1000 loss=0.3808 dt_sec=0.63 cum_wall_sec=72.1
22:23:55 | INFO    | src.training.finetune | STEP step=1010 loss=0.3993 dt_sec=2.46 cum_wall_sec=74.6
22:23:56 | INFO    | src.training.finetune | STEP step=1020 loss=0.3807 dt_sec=0.63 cum_wall_sec=75.2
22:23:57 | INFO    | src.training.finetune | STEP step=1030 loss=0.3578 dt_sec=0.64 cum_wall_sec=75.8
22:23:57 | INFO    | src.training.finetune | STEP step=1040 loss=0.3497 dt_sec=0.63 cum_wall_sec=76.5
22:23:58 | INFO    | src.training.finetune | STEP step=1050 loss=0.4092 dt_sec=0.65 cum_wall_sec=77.1
22:23:58 | INFO    | src.training.finetune | STEP step=1060 loss=0.4285 dt_sec=0.63 cum_wall_sec=77.8
22:23:59 | INFO    | src.training.finetune | STEP step=1070 loss=0.3761 dt_sec=0.65 cum_wall_sec=78.4
22:24:00 | INFO    | src.training.finetune | STEP step=1080 loss=0.3975 dt_sec=0.63 cum_wall_sec=79.0
22:24:00 | INFO    | src.training.finetune | STEP step=1090 loss=0.3542 dt_sec=0.64 cum_wall_sec=79.7
22:24:01 | INFO    | src.training.finetune | STEP step=1100 loss=0.3148 dt_sec=0.64 cum_wall_sec=80.3
22:24:02 | INFO    | src.training.finetune | STEP step=1110 loss=0.3299 dt_sec=0.64 cum_wall_sec=81.0
22:24:02 | INFO    | src.training.finetune | STEP step=1120 loss=0.3670 dt_sec=0.64 cum_wall_sec=81.6
22:24:03 | INFO    | src.training.finetune | STEP step=1130 loss=0.3502 dt_sec=0.63 cum_wall_sec=82.2
22:24:04 | INFO    | src.training.finetune | STEP step=1140 loss=0.2751 dt_sec=0.63 cum_wall_sec=82.8
22:24:04 | INFO    | src.training.finetune | STEP step=1150 loss=0.3243 dt_sec=0.64 cum_wall_sec=83.5
22:24:05 | INFO    | src.training.finetune | STEP step=1160 loss=0.3346 dt_sec=0.63 cum_wall_sec=84.1
22:24:05 | INFO    | src.training.finetune | STEP step=1170 loss=0.3259 dt_sec=0.64 cum_wall_sec=84.8
22:24:06 | INFO    | src.training.finetune | STEP step=1180 loss=0.3037 dt_sec=0.63 cum_wall_sec=85.4
22:24:07 | INFO    | src.training.finetune | STEP step=1190 loss=0.2965 dt_sec=0.65 cum_wall_sec=86.0
22:24:07 | INFO    | src.training.finetune | STEP step=1200 loss=0.3014 dt_sec=0.66 cum_wall_sec=86.7
22:24:10 | INFO    | src.training.finetune | STEP step=1210 loss=0.2570 dt_sec=2.42 cum_wall_sec=89.1
22:24:11 | INFO    | src.training.finetune | STEP step=1220 loss=0.2638 dt_sec=0.67 cum_wall_sec=89.8
22:24:11 | INFO    | src.training.finetune | STEP step=1230 loss=0.2463 dt_sec=0.66 cum_wall_sec=90.4
22:24:12 | INFO    | src.training.finetune | STEP step=1240 loss=0.2687 dt_sec=0.65 cum_wall_sec=91.1
22:24:12 | INFO    | src.training.finetune | STEP step=1250 loss=0.2809 dt_sec=0.67 cum_wall_sec=91.8
22:24:13 | INFO    | src.training.finetune | STEP step=1260 loss=0.2728 dt_sec=0.67 cum_wall_sec=92.4
22:24:14 | INFO    | src.training.finetune | STEP step=1270 loss=0.2516 dt_sec=0.67 cum_wall_sec=93.1
22:24:14 | INFO    | src.training.finetune | STEP step=1280 loss=0.2413 dt_sec=0.66 cum_wall_sec=93.8
22:24:15 | INFO    | src.training.finetune | STEP step=1290 loss=0.2082 dt_sec=0.66 cum_wall_sec=94.4
22:24:16 | INFO    | src.training.finetune | STEP step=1300 loss=0.2932 dt_sec=0.66 cum_wall_sec=95.1
22:24:16 | INFO    | src.training.finetune | STEP step=1310 loss=0.3316 dt_sec=0.67 cum_wall_sec=95.8
22:24:17 | INFO    | src.training.finetune | STEP step=1320 loss=0.3242 dt_sec=0.66 cum_wall_sec=96.4
22:24:18 | INFO    | src.training.finetune | STEP step=1330 loss=0.2985 dt_sec=0.68 cum_wall_sec=97.1
22:24:18 | INFO    | src.training.finetune | STEP step=1340 loss=0.2760 dt_sec=0.66 cum_wall_sec=97.7
22:24:19 | INFO    | src.training.finetune | STEP step=1350 loss=0.2401 dt_sec=0.68 cum_wall_sec=98.4
22:24:20 | INFO    | src.training.finetune | STEP step=1360 loss=0.2666 dt_sec=0.66 cum_wall_sec=99.1
22:24:20 | INFO    | src.training.finetune | STEP step=1370 loss=0.2459 dt_sec=0.67 cum_wall_sec=99.8
22:24:21 | INFO    | src.training.finetune | STEP step=1380 loss=0.2607 dt_sec=0.66 cum_wall_sec=100.4
22:24:22 | INFO    | src.training.finetune | STEP step=1390 loss=0.2194 dt_sec=0.66 cum_wall_sec=101.1
22:24:22 | INFO    | src.training.finetune | STEP step=1400 loss=0.2289 dt_sec=0.68 cum_wall_sec=101.8
22:24:25 | INFO    | src.training.finetune | STEP step=1410 loss=0.1875 dt_sec=2.50 cum_wall_sec=104.3
22:24:26 | INFO    | src.training.finetune | STEP step=1420 loss=0.2605 dt_sec=0.67 cum_wall_sec=104.9
22:24:26 | INFO    | src.training.finetune | STEP step=1430 loss=0.1923 dt_sec=0.66 cum_wall_sec=105.6
22:24:27 | INFO    | src.training.finetune | STEP step=1440 loss=0.2053 dt_sec=0.66 cum_wall_sec=106.2
22:24:28 | INFO    | src.training.finetune | STEP step=1450 loss=0.2004 dt_sec=0.66 cum_wall_sec=106.9
22:24:28 | INFO    | src.training.finetune | STEP step=1460 loss=0.2229 dt_sec=0.67 cum_wall_sec=107.6
22:24:29 | INFO    | src.training.finetune | STEP step=1470 loss=0.1377 dt_sec=0.66 cum_wall_sec=108.2
22:24:30 | INFO    | src.training.finetune | STEP step=1480 loss=0.1886 dt_sec=0.64 cum_wall_sec=108.9
22:24:30 | INFO    | src.training.finetune | STEP step=1490 loss=0.1656 dt_sec=0.64 cum_wall_sec=109.5
22:24:31 | INFO    | src.training.finetune | STEP step=1500 loss=0.1865 dt_sec=0.63 cum_wall_sec=110.1
22:24:32 | INFO    | src.training.finetune | STEP step=1510 loss=0.2185 dt_sec=0.65 cum_wall_sec=110.8
22:24:32 | INFO    | src.training.finetune | STEP step=1520 loss=0.1631 dt_sec=0.63 cum_wall_sec=111.4
22:24:33 | INFO    | src.training.finetune | STEP step=1530 loss=0.1706 dt_sec=0.65 cum_wall_sec=112.1
22:24:33 | INFO    | src.training.finetune | STEP step=1540 loss=0.1707 dt_sec=0.64 cum_wall_sec=112.7
22:24:34 | INFO    | src.training.finetune | STEP step=1550 loss=0.1697 dt_sec=0.65 cum_wall_sec=113.4
22:24:35 | INFO    | src.training.finetune | STEP step=1560 loss=0.1733 dt_sec=0.63 cum_wall_sec=114.0
22:24:35 | INFO    | src.training.finetune | STEP step=1570 loss=0.2437 dt_sec=0.64 cum_wall_sec=114.6
22:24:36 | INFO    | src.training.finetune | STEP step=1580 loss=0.1366 dt_sec=0.65 cum_wall_sec=115.3
22:24:37 | INFO    | src.training.finetune | STEP step=1590 loss=0.1886 dt_sec=0.64 cum_wall_sec=115.9
22:24:37 | INFO    | src.training.finetune | STEP step=1600 loss=0.1519 dt_sec=0.64 cum_wall_sec=116.6
22:24:40 | INFO    | src.training.finetune | STEP step=1610 loss=0.1923 dt_sec=2.56 cum_wall_sec=119.1
22:24:40 | INFO    | src.training.finetune | STEP step=1620 loss=0.1764 dt_sec=0.64 cum_wall_sec=119.8
22:24:41 | INFO    | src.training.finetune | STEP step=1630 loss=0.1776 dt_sec=0.64 cum_wall_sec=120.4
22:24:42 | INFO    | src.training.finetune | STEP step=1640 loss=0.0843 dt_sec=0.63 cum_wall_sec=121.0
22:24:42 | INFO    | src.training.finetune | STEP step=1650 loss=0.2014 dt_sec=0.64 cum_wall_sec=121.7
22:24:43 | INFO    | src.training.finetune | STEP step=1660 loss=0.1442 dt_sec=0.64 cum_wall_sec=122.3
22:24:44 | INFO    | src.training.finetune | STEP step=1670 loss=0.1305 dt_sec=0.65 cum_wall_sec=123.0
22:24:44 | INFO    | src.training.finetune | STEP step=1680 loss=0.1453 dt_sec=0.64 cum_wall_sec=123.6
22:24:45 | INFO    | src.training.finetune | STEP step=1690 loss=0.1666 dt_sec=0.64 cum_wall_sec=124.2
22:24:46 | INFO    | src.training.finetune | STEP step=1700 loss=0.1550 dt_sec=0.64 cum_wall_sec=124.9
22:24:46 | INFO    | src.training.finetune | STEP step=1710 loss=0.0915 dt_sec=0.64 cum_wall_sec=125.5
22:24:47 | INFO    | src.training.finetune | STEP step=1720 loss=0.1188 dt_sec=0.64 cum_wall_sec=126.2
22:24:48 | INFO    | src.training.finetune | STEP step=1730 loss=0.1566 dt_sec=0.65 cum_wall_sec=126.8
22:24:48 | INFO    | src.training.finetune | STEP step=1740 loss=0.1940 dt_sec=0.63 cum_wall_sec=127.5
22:24:49 | INFO    | src.training.finetune | STEP step=1750 loss=0.2409 dt_sec=0.64 cum_wall_sec=128.1
22:24:49 | INFO    | src.training.finetune | STEP step=1760 loss=0.1423 dt_sec=0.64 cum_wall_sec=128.7
22:24:50 | INFO    | src.training.finetune | STEP step=1770 loss=0.1514 dt_sec=0.64 cum_wall_sec=129.4
22:24:51 | INFO    | src.training.finetune | STEP step=1780 loss=0.1047 dt_sec=0.64 cum_wall_sec=130.0
22:24:51 | INFO    | src.training.finetune | STEP step=1790 loss=0.1515 dt_sec=0.65 cum_wall_sec=130.7
22:24:52 | INFO    | src.training.finetune | STEP step=1800 loss=0.1215 dt_sec=0.64 cum_wall_sec=131.3
22:24:54 | INFO    | src.training.finetune | STEP step=1810 loss=0.1226 dt_sec=2.39 cum_wall_sec=133.7
22:24:55 | INFO    | src.training.finetune | STEP step=1820 loss=0.1051 dt_sec=0.64 cum_wall_sec=134.3
22:24:56 | INFO    | src.training.finetune | STEP step=1830 loss=0.0991 dt_sec=0.64 cum_wall_sec=135.0
22:24:56 | INFO    | src.training.finetune | STEP step=1840 loss=0.1249 dt_sec=0.64 cum_wall_sec=135.6
22:24:57 | INFO    | src.training.finetune | STEP step=1850 loss=0.0864 dt_sec=0.63 cum_wall_sec=136.3
22:24:58 | INFO    | src.training.finetune | STEP step=1860 loss=0.0866 dt_sec=0.64 cum_wall_sec=136.9
22:24:58 | INFO    | src.training.finetune | STEP step=1870 loss=0.1252 dt_sec=0.65 cum_wall_sec=137.5
22:24:59 | INFO    | src.training.finetune | STEP step=1880 loss=0.0793 dt_sec=0.64 cum_wall_sec=138.2
22:25:00 | INFO    | src.training.finetune | STEP step=1890 loss=0.1404 dt_sec=0.64 cum_wall_sec=138.8
22:25:00 | INFO    | src.training.finetune | STEP step=1900 loss=0.1456 dt_sec=0.65 cum_wall_sec=139.5
22:25:01 | INFO    | src.training.finetune | STEP step=1910 loss=0.1079 dt_sec=0.64 cum_wall_sec=140.1
22:25:01 | INFO    | src.training.finetune | STEP step=1920 loss=0.1104 dt_sec=0.64 cum_wall_sec=140.7
22:25:02 | INFO    | src.training.finetune | STEP step=1930 loss=0.1242 dt_sec=0.64 cum_wall_sec=141.4
22:25:03 | INFO    | src.training.finetune | STEP step=1940 loss=0.1084 dt_sec=0.64 cum_wall_sec=142.0
22:25:03 | INFO    | src.training.finetune | STEP step=1950 loss=0.1201 dt_sec=0.65 cum_wall_sec=142.7
22:25:04 | INFO    | src.training.finetune | STEP step=1960 loss=0.1096 dt_sec=0.63 cum_wall_sec=143.3
22:25:05 | INFO    | src.training.finetune | STEP step=1970 loss=0.1005 dt_sec=0.64 cum_wall_sec=143.9
22:25:05 | INFO    | src.training.finetune | STEP step=1980 loss=0.1271 dt_sec=0.65 cum_wall_sec=144.6
22:25:06 | INFO    | src.training.finetune | STEP step=1990 loss=0.0869 dt_sec=0.65 cum_wall_sec=145.2
22:25:07 | INFO    | src.training.finetune | STEP step=2000 loss=0.0975 dt_sec=0.64 cum_wall_sec=145.9
22:25:09 | INFO    | src.training.finetune | STAGE=azerbaijani end ts=2026-09-08T22:25:09.150999+00:00 runtime_sec=148.5
22:25:10 | INFO    | src.training.finetune | Best checkpoint restored and verified: step 1600, val macro-F1 = 0.7273
