21:12:52 | INFO    | src.training.finetune | STAGE=turkish_intermediate cache_hit=true ts=2026-09-08T21:12:52.730413+00:00 path=artifacts/tr_stage_cache/base=xlm15__tok=original__tr=scrambled__seed=1337__a87c31afdfa897fc
21:12:52 | WARNING | src.training.finetune | SOURCE STAGE DEGENERATE (cache hit): tr macro-F1=0.3764 constant_prediction=False — this run's Turkish manipulation did NOT take effect. Recorded, not excluded.
21:12:52 | INFO    | src.training.finetune |   [AZ mərhələsi] 2000 nümunə | 2 sinif | init=TR checkpoint
21:12:52 | INFO    | src.training.finetune | Task head reset: modules=['sequence_summary'] params=2050 (encoder='transformer' untouched)
21:12:52 | INFO    | src.training.finetune | STAGE=azerbaijani start ts=2026-09-08T21:12:52.827222+00:00 n=2000 n_classes=2
21:12:56 | INFO    | src.training.finetune | STEP step=10 loss=1.1924 dt_sec=0.86 cum_wall_sec=0.9
21:12:57 | INFO    | src.training.finetune | STEP step=20 loss=1.0315 dt_sec=0.78 cum_wall_sec=1.6
21:12:58 | INFO    | src.training.finetune | STEP step=30 loss=1.0481 dt_sec=0.78 cum_wall_sec=2.4
21:12:58 | INFO    | src.training.finetune | STEP step=40 loss=1.0003 dt_sec=0.79 cum_wall_sec=3.2
21:12:59 | INFO    | src.training.finetune | STEP step=50 loss=1.1260 dt_sec=0.78 cum_wall_sec=4.0
21:13:00 | INFO    | src.training.finetune | STEP step=60 loss=1.0872 dt_sec=0.78 cum_wall_sec=4.8
21:13:01 | INFO    | src.training.finetune | STEP step=70 loss=1.1572 dt_sec=0.77 cum_wall_sec=5.6
21:13:01 | INFO    | src.training.finetune | STEP step=80 loss=1.1826 dt_sec=0.79 cum_wall_sec=6.3
21:13:02 | INFO    | src.training.finetune | STEP step=90 loss=1.1751 dt_sec=0.79 cum_wall_sec=7.1
21:13:03 | INFO    | src.training.finetune | STEP step=100 loss=1.1333 dt_sec=0.79 cum_wall_sec=7.9
21:13:04 | INFO    | src.training.finetune | STEP step=110 loss=1.0660 dt_sec=0.79 cum_wall_sec=8.7
21:13:05 | INFO    | src.training.finetune | STEP step=120 loss=1.1206 dt_sec=0.78 cum_wall_sec=9.5
21:13:05 | INFO    | src.training.finetune | STEP step=130 loss=1.0389 dt_sec=0.77 cum_wall_sec=10.3
21:13:06 | INFO    | src.training.finetune | STEP step=140 loss=1.0559 dt_sec=0.78 cum_wall_sec=11.0
21:13:07 | INFO    | src.training.finetune | STEP step=150 loss=1.0717 dt_sec=0.78 cum_wall_sec=11.8
21:13:08 | INFO    | src.training.finetune | STEP step=160 loss=1.0149 dt_sec=0.79 cum_wall_sec=12.6
21:13:08 | INFO    | src.training.finetune | STEP step=170 loss=1.0517 dt_sec=0.77 cum_wall_sec=13.4
21:13:09 | INFO    | src.training.finetune | STEP step=180 loss=0.9099 dt_sec=0.79 cum_wall_sec=14.2
21:13:10 | INFO    | src.training.finetune | STEP step=190 loss=0.9838 dt_sec=0.77 cum_wall_sec=14.9
21:13:11 | INFO    | src.training.finetune | STEP step=200 loss=1.0900 dt_sec=0.78 cum_wall_sec=15.7
21:13:14 | INFO    | src.training.finetune | STEP step=210 loss=1.0423 dt_sec=3.59 cum_wall_sec=19.3
21:13:15 | INFO    | src.training.finetune | STEP step=220 loss=0.9342 dt_sec=0.79 cum_wall_sec=20.1
21:13:16 | INFO    | src.training.finetune | STEP step=230 loss=0.9427 dt_sec=0.80 cum_wall_sec=20.9
21:13:17 | INFO    | src.training.finetune | STEP step=240 loss=1.0385 dt_sec=0.78 cum_wall_sec=21.7
21:13:18 | INFO    | src.training.finetune | STEP step=250 loss=1.0723 dt_sec=0.79 cum_wall_sec=22.5
21:13:18 | INFO    | src.training.finetune | STEP step=260 loss=1.1129 dt_sec=0.78 cum_wall_sec=23.3
21:13:19 | INFO    | src.training.finetune | STEP step=270 loss=0.9382 dt_sec=0.79 cum_wall_sec=24.0
21:13:20 | INFO    | src.training.finetune | STEP step=280 loss=0.9382 dt_sec=0.79 cum_wall_sec=24.8
21:13:21 | INFO    | src.training.finetune | STEP step=290 loss=0.9464 dt_sec=0.77 cum_wall_sec=25.6
21:13:21 | INFO    | src.training.finetune | STEP step=300 loss=0.9399 dt_sec=0.79 cum_wall_sec=26.4
21:13:22 | INFO    | src.training.finetune | STEP step=310 loss=0.9555 dt_sec=0.78 cum_wall_sec=27.2
21:13:23 | INFO    | src.training.finetune | STEP step=320 loss=0.8473 dt_sec=0.79 cum_wall_sec=28.0
21:13:24 | INFO    | src.training.finetune | STEP step=330 loss=0.8995 dt_sec=0.78 cum_wall_sec=28.7
21:13:25 | INFO    | src.training.finetune | STEP step=340 loss=0.9002 dt_sec=0.79 cum_wall_sec=29.5
21:13:25 | INFO    | src.training.finetune | STEP step=350 loss=0.9438 dt_sec=0.79 cum_wall_sec=30.3
21:13:26 | INFO    | src.training.finetune | STEP step=360 loss=0.8972 dt_sec=0.79 cum_wall_sec=31.1
21:13:27 | INFO    | src.training.finetune | STEP step=370 loss=0.7948 dt_sec=0.78 cum_wall_sec=31.9
21:13:28 | INFO    | src.training.finetune | STEP step=380 loss=0.9038 dt_sec=0.78 cum_wall_sec=32.7
21:13:29 | INFO    | src.training.finetune | STEP step=390 loss=0.9401 dt_sec=0.78 cum_wall_sec=33.5
21:13:29 | INFO    | src.training.finetune | STEP step=400 loss=0.8315 dt_sec=0.78 cum_wall_sec=34.2
21:13:33 | INFO    | src.training.finetune | STEP step=410 loss=0.9022 dt_sec=3.61 cum_wall_sec=37.9
21:13:34 | INFO    | src.training.finetune | STEP step=420 loss=0.8178 dt_sec=0.78 cum_wall_sec=38.6
21:13:35 | INFO    | src.training.finetune | STEP step=430 loss=0.7597 dt_sec=0.78 cum_wall_sec=39.4
21:13:35 | INFO    | src.training.finetune | STEP step=440 loss=0.8454 dt_sec=0.78 cum_wall_sec=40.2
21:13:36 | INFO    | src.training.finetune | STEP step=450 loss=0.7980 dt_sec=0.79 cum_wall_sec=41.0
21:13:37 | INFO    | src.training.finetune | STEP step=460 loss=0.8835 dt_sec=0.80 cum_wall_sec=41.8
21:13:38 | INFO    | src.training.finetune | STEP step=470 loss=0.7741 dt_sec=0.79 cum_wall_sec=42.6
21:13:38 | INFO    | src.training.finetune | STEP step=480 loss=0.8085 dt_sec=0.78 cum_wall_sec=43.3
21:13:39 | INFO    | src.training.finetune | STEP step=490 loss=0.8200 dt_sec=0.79 cum_wall_sec=44.1
21:13:40 | INFO    | src.training.finetune | STEP step=500 loss=0.9068 dt_sec=0.78 cum_wall_sec=44.9
21:13:41 | INFO    | src.training.finetune | STEP step=510 loss=0.8218 dt_sec=0.78 cum_wall_sec=45.7
21:13:42 | INFO    | src.training.finetune | STEP step=520 loss=0.8766 dt_sec=0.78 cum_wall_sec=46.5
21:13:42 | INFO    | src.training.finetune | STEP step=530 loss=0.8384 dt_sec=0.78 cum_wall_sec=47.3
21:13:43 | INFO    | src.training.finetune | STEP step=540 loss=0.8467 dt_sec=0.78 cum_wall_sec=48.0
21:13:44 | INFO    | src.training.finetune | STEP step=550 loss=0.8822 dt_sec=0.79 cum_wall_sec=48.8
21:13:45 | INFO    | src.training.finetune | STEP step=560 loss=0.8336 dt_sec=0.78 cum_wall_sec=49.6
21:13:45 | INFO    | src.training.finetune | STEP step=570 loss=0.7939 dt_sec=0.77 cum_wall_sec=50.4
21:13:46 | INFO    | src.training.finetune | STEP step=580 loss=0.8033 dt_sec=0.79 cum_wall_sec=51.2
21:13:47 | INFO    | src.training.finetune | STEP step=590 loss=0.7649 dt_sec=0.78 cum_wall_sec=51.9
21:13:48 | INFO    | src.training.finetune | STEP step=600 loss=0.7945 dt_sec=0.80 cum_wall_sec=52.7
21:13:52 | INFO    | src.training.finetune | STEP step=610 loss=0.8027 dt_sec=3.80 cum_wall_sec=56.5
21:13:52 | INFO    | src.training.finetune | STEP step=620 loss=0.7434 dt_sec=0.78 cum_wall_sec=57.3
21:13:53 | INFO    | src.training.finetune | STEP step=630 loss=0.7915 dt_sec=0.78 cum_wall_sec=58.1
21:13:54 | INFO    | src.training.finetune | STEP step=640 loss=0.8150 dt_sec=0.79 cum_wall_sec=58.9
21:13:55 | INFO    | src.training.finetune | STEP step=650 loss=0.7833 dt_sec=0.78 cum_wall_sec=59.7
21:13:56 | INFO    | src.training.finetune | STEP step=660 loss=0.7767 dt_sec=0.79 cum_wall_sec=60.5
21:13:56 | INFO    | src.training.finetune | STEP step=670 loss=0.7954 dt_sec=0.78 cum_wall_sec=61.2
21:13:57 | INFO    | src.training.finetune | STEP step=680 loss=0.7663 dt_sec=0.79 cum_wall_sec=62.0
21:13:58 | INFO    | src.training.finetune | STEP step=690 loss=0.7761 dt_sec=0.78 cum_wall_sec=62.8
21:13:59 | INFO    | src.training.finetune | STEP step=700 loss=0.7516 dt_sec=0.77 cum_wall_sec=63.6
21:13:59 | INFO    | src.training.finetune | STEP step=710 loss=0.7721 dt_sec=0.79 cum_wall_sec=64.4
21:14:00 | INFO    | src.training.finetune | STEP step=720 loss=0.7555 dt_sec=0.78 cum_wall_sec=65.2
21:14:01 | INFO    | src.training.finetune | STEP step=730 loss=0.7855 dt_sec=0.78 cum_wall_sec=65.9
21:14:02 | INFO    | src.training.finetune | STEP step=740 loss=0.9213 dt_sec=0.79 cum_wall_sec=66.7
21:14:03 | INFO    | src.training.finetune | STEP step=750 loss=0.7752 dt_sec=0.79 cum_wall_sec=67.5
21:14:03 | INFO    | src.training.finetune | STEP step=760 loss=0.8038 dt_sec=0.78 cum_wall_sec=68.3
21:14:04 | INFO    | src.training.finetune | STEP step=770 loss=0.7824 dt_sec=0.78 cum_wall_sec=69.1
21:14:05 | INFO    | src.training.finetune | STEP step=780 loss=0.7763 dt_sec=0.79 cum_wall_sec=69.9
21:14:06 | INFO    | src.training.finetune | STEP step=790 loss=0.7516 dt_sec=0.79 cum_wall_sec=70.7
21:14:07 | INFO    | src.training.finetune | STEP step=800 loss=0.7442 dt_sec=0.79 cum_wall_sec=71.4
21:14:10 | INFO    | src.training.finetune | STEP step=810 loss=0.7439 dt_sec=3.74 cum_wall_sec=75.2
21:14:11 | INFO    | src.training.finetune | STEP step=820 loss=0.7240 dt_sec=0.78 cum_wall_sec=76.0
21:14:12 | INFO    | src.training.finetune | STEP step=830 loss=0.8618 dt_sec=0.79 cum_wall_sec=76.8
21:14:13 | INFO    | src.training.finetune | STEP step=840 loss=0.7685 dt_sec=0.78 cum_wall_sec=77.5
21:14:13 | INFO    | src.training.finetune | STEP step=850 loss=0.7401 dt_sec=0.78 cum_wall_sec=78.3
21:14:14 | INFO    | src.training.finetune | STEP step=860 loss=0.7858 dt_sec=0.78 cum_wall_sec=79.1
21:14:15 | INFO    | src.training.finetune | STEP step=870 loss=0.7909 dt_sec=0.80 cum_wall_sec=79.9
21:14:16 | INFO    | src.training.finetune | STEP step=880 loss=0.7665 dt_sec=0.79 cum_wall_sec=80.7
21:14:17 | INFO    | src.training.finetune | STEP step=890 loss=0.7107 dt_sec=0.78 cum_wall_sec=81.5
21:14:17 | INFO    | src.training.finetune | STEP step=900 loss=0.7531 dt_sec=0.79 cum_wall_sec=82.2
21:14:18 | INFO    | src.training.finetune | STEP step=910 loss=0.7763 dt_sec=0.79 cum_wall_sec=83.0
21:14:19 | INFO    | src.training.finetune | STEP step=920 loss=0.7448 dt_sec=0.78 cum_wall_sec=83.8
21:14:20 | INFO    | src.training.finetune | STEP step=930 loss=0.7492 dt_sec=0.78 cum_wall_sec=84.6
21:14:20 | INFO    | src.training.finetune | STEP step=940 loss=0.7576 dt_sec=0.79 cum_wall_sec=85.4
21:14:21 | INFO    | src.training.finetune | STEP step=950 loss=0.7238 dt_sec=0.78 cum_wall_sec=86.2
21:14:22 | INFO    | src.training.finetune | STEP step=960 loss=0.7413 dt_sec=0.79 cum_wall_sec=86.9
21:14:23 | INFO    | src.training.finetune | STEP step=970 loss=0.7533 dt_sec=0.77 cum_wall_sec=87.7
21:14:24 | INFO    | src.training.finetune | STEP step=980 loss=0.7350 dt_sec=0.79 cum_wall_sec=88.5
21:14:24 | INFO    | src.training.finetune | STEP step=990 loss=0.7312 dt_sec=0.80 cum_wall_sec=89.3
21:14:25 | INFO    | src.training.finetune | STEP step=1000 loss=0.7270 dt_sec=0.78 cum_wall_sec=90.1
21:14:29 | INFO    | src.training.finetune | STEP step=1010 loss=0.7336 dt_sec=3.78 cum_wall_sec=93.9
21:14:30 | INFO    | src.training.finetune | STEP step=1020 loss=0.7487 dt_sec=0.79 cum_wall_sec=94.7
21:14:31 | INFO    | src.training.finetune | STEP step=1030 loss=0.7469 dt_sec=0.79 cum_wall_sec=95.4
21:14:31 | INFO    | src.training.finetune | STEP step=1040 loss=0.7304 dt_sec=0.79 cum_wall_sec=96.2
21:14:32 | INFO    | src.training.finetune | STEP step=1050 loss=0.7186 dt_sec=0.78 cum_wall_sec=97.0
21:14:33 | INFO    | src.training.finetune | STEP step=1060 loss=0.7232 dt_sec=0.77 cum_wall_sec=97.8
21:14:34 | INFO    | src.training.finetune | STEP step=1070 loss=0.7317 dt_sec=0.78 cum_wall_sec=98.6
21:14:34 | INFO    | src.training.finetune | STEP step=1080 loss=0.7323 dt_sec=0.77 cum_wall_sec=99.3
21:14:35 | INFO    | src.training.finetune | STEP step=1090 loss=0.7262 dt_sec=0.78 cum_wall_sec=100.1
21:14:36 | INFO    | src.training.finetune | STEP step=1100 loss=0.7476 dt_sec=0.78 cum_wall_sec=100.9
21:14:37 | INFO    | src.training.finetune | STEP step=1110 loss=0.7084 dt_sec=0.78 cum_wall_sec=101.7
21:14:38 | INFO    | src.training.finetune | STEP step=1120 loss=0.7470 dt_sec=0.79 cum_wall_sec=102.5
21:14:38 | INFO    | src.training.finetune | STEP step=1130 loss=0.7141 dt_sec=0.79 cum_wall_sec=103.2
21:14:39 | INFO    | src.training.finetune | STEP step=1140 loss=0.7397 dt_sec=0.78 cum_wall_sec=104.0
21:14:40 | INFO    | src.training.finetune | STEP step=1150 loss=0.7395 dt_sec=0.78 cum_wall_sec=104.8
21:14:41 | INFO    | src.training.finetune | STEP step=1160 loss=0.7458 dt_sec=0.79 cum_wall_sec=105.6
21:14:41 | INFO    | src.training.finetune | STEP step=1170 loss=0.7313 dt_sec=0.78 cum_wall_sec=106.4
21:14:42 | INFO    | src.training.finetune | STEP step=1180 loss=0.7060 dt_sec=0.79 cum_wall_sec=107.2
21:14:43 | INFO    | src.training.finetune | STEP step=1190 loss=0.7435 dt_sec=0.78 cum_wall_sec=108.0
21:14:44 | INFO    | src.training.finetune | STEP step=1200 loss=0.7130 dt_sec=0.77 cum_wall_sec=108.7
21:14:48 | INFO    | src.training.finetune | STEP step=1210 loss=0.7295 dt_sec=3.99 cum_wall_sec=112.7
21:14:49 | INFO    | src.training.finetune | STEP step=1220 loss=0.7516 dt_sec=0.79 cum_wall_sec=113.5
21:14:49 | INFO    | src.training.finetune | STEP step=1230 loss=0.7769 dt_sec=0.78 cum_wall_sec=114.3
21:14:50 | INFO    | src.training.finetune | STEP step=1240 loss=0.7877 dt_sec=0.77 cum_wall_sec=115.1
21:14:51 | INFO    | src.training.finetune | STEP step=1250 loss=0.8081 dt_sec=0.77 cum_wall_sec=115.8
21:14:52 | INFO    | src.training.finetune | STEP step=1260 loss=0.7425 dt_sec=0.79 cum_wall_sec=116.6
21:14:52 | INFO    | src.training.finetune | STEP step=1270 loss=0.7274 dt_sec=0.78 cum_wall_sec=117.4
21:14:53 | INFO    | src.training.finetune | STEP step=1280 loss=0.7365 dt_sec=0.78 cum_wall_sec=118.2
21:14:54 | INFO    | src.training.finetune | STEP step=1290 loss=0.7138 dt_sec=0.78 cum_wall_sec=118.9
21:14:55 | INFO    | src.training.finetune | STEP step=1300 loss=0.7115 dt_sec=0.79 cum_wall_sec=119.7
21:14:56 | INFO    | src.training.finetune | STEP step=1310 loss=0.7246 dt_sec=0.78 cum_wall_sec=120.5
21:14:56 | INFO    | src.training.finetune | STEP step=1320 loss=0.7118 dt_sec=0.79 cum_wall_sec=121.3
21:14:57 | INFO    | src.training.finetune | STEP step=1330 loss=0.7153 dt_sec=0.77 cum_wall_sec=122.1
21:14:58 | INFO    | src.training.finetune | STEP step=1340 loss=0.7359 dt_sec=0.78 cum_wall_sec=122.9
21:14:59 | INFO    | src.training.finetune | STEP step=1350 loss=0.7162 dt_sec=0.78 cum_wall_sec=123.6
21:15:00 | INFO    | src.training.finetune | STEP step=1360 loss=0.6999 dt_sec=0.79 cum_wall_sec=124.4
21:15:00 | INFO    | src.training.finetune | STEP step=1370 loss=0.7405 dt_sec=0.78 cum_wall_sec=125.2
21:15:01 | INFO    | src.training.finetune | STEP step=1380 loss=0.7317 dt_sec=0.78 cum_wall_sec=126.0
21:15:02 | INFO    | src.training.finetune | STEP step=1390 loss=0.7143 dt_sec=0.77 cum_wall_sec=126.8
21:15:03 | INFO    | src.training.finetune | STEP step=1400 loss=0.7305 dt_sec=0.78 cum_wall_sec=127.5
21:15:06 | INFO    | src.training.finetune | STEP step=1410 loss=0.7338 dt_sec=3.76 cum_wall_sec=131.3
21:15:07 | INFO    | src.training.finetune | STEP step=1420 loss=0.7252 dt_sec=0.80 cum_wall_sec=132.1
21:15:08 | INFO    | src.training.finetune | STEP step=1430 loss=0.7478 dt_sec=0.79 cum_wall_sec=132.9
21:15:09 | INFO    | src.training.finetune | STEP step=1440 loss=0.7265 dt_sec=0.78 cum_wall_sec=133.7
21:15:10 | INFO    | src.training.finetune | STEP step=1450 loss=0.7438 dt_sec=0.78 cum_wall_sec=134.5
21:15:10 | INFO    | src.training.finetune | STEP step=1460 loss=0.7351 dt_sec=0.78 cum_wall_sec=135.2
21:15:11 | INFO    | src.training.finetune | STEP step=1470 loss=0.7279 dt_sec=0.79 cum_wall_sec=136.0
21:15:12 | INFO    | src.training.finetune | STEP step=1480 loss=0.7390 dt_sec=0.77 cum_wall_sec=136.8
21:15:13 | INFO    | src.training.finetune | STEP step=1490 loss=0.7204 dt_sec=0.78 cum_wall_sec=137.6
21:15:13 | INFO    | src.training.finetune | STEP step=1500 loss=0.7178 dt_sec=0.80 cum_wall_sec=138.4
21:15:14 | INFO    | src.training.finetune | STEP step=1510 loss=0.7359 dt_sec=0.77 cum_wall_sec=139.1
21:15:15 | INFO    | src.training.finetune | STEP step=1520 loss=0.7364 dt_sec=0.78 cum_wall_sec=139.9
21:15:16 | INFO    | src.training.finetune | STEP step=1530 loss=0.7086 dt_sec=0.78 cum_wall_sec=140.7
21:15:17 | INFO    | src.training.finetune | STEP step=1540 loss=0.7117 dt_sec=0.79 cum_wall_sec=141.5
21:15:17 | INFO    | src.training.finetune | STEP step=1550 loss=0.7275 dt_sec=0.78 cum_wall_sec=142.3
21:15:18 | INFO    | src.training.finetune | STEP step=1560 loss=0.7146 dt_sec=0.78 cum_wall_sec=143.0
21:15:19 | INFO    | src.training.finetune | STEP step=1570 loss=0.7247 dt_sec=0.79 cum_wall_sec=143.8
21:15:20 | INFO    | src.training.finetune | STEP step=1580 loss=0.7280 dt_sec=0.77 cum_wall_sec=144.6
21:15:20 | INFO    | src.training.finetune | STEP step=1590 loss=0.7103 dt_sec=0.77 cum_wall_sec=145.4
21:15:21 | INFO    | src.training.finetune | STEP step=1600 loss=0.7102 dt_sec=0.78 cum_wall_sec=146.2
21:15:25 | INFO    | src.training.finetune | STEP step=1610 loss=0.7229 dt_sec=4.02 cum_wall_sec=150.2
21:15:26 | INFO    | src.training.finetune | STEP step=1620 loss=0.7118 dt_sec=0.79 cum_wall_sec=151.0
21:15:27 | INFO    | src.training.finetune | STEP step=1630 loss=0.7232 dt_sec=0.78 cum_wall_sec=151.7
21:15:28 | INFO    | src.training.finetune | STEP step=1640 loss=0.7235 dt_sec=0.78 cum_wall_sec=152.5
21:15:28 | INFO    | src.training.finetune | STEP step=1650 loss=0.7001 dt_sec=0.79 cum_wall_sec=153.3
21:15:29 | INFO    | src.training.finetune | STEP step=1660 loss=0.7186 dt_sec=0.77 cum_wall_sec=154.1
21:15:30 | INFO    | src.training.finetune | STEP step=1670 loss=0.7192 dt_sec=0.77 cum_wall_sec=154.9
21:15:31 | INFO    | src.training.finetune | STEP step=1680 loss=0.7365 dt_sec=0.78 cum_wall_sec=155.6
21:15:32 | INFO    | src.training.finetune | STEP step=1690 loss=0.7276 dt_sec=0.78 cum_wall_sec=156.4
21:15:32 | INFO    | src.training.finetune | STEP step=1700 loss=0.7263 dt_sec=0.78 cum_wall_sec=157.2
21:15:33 | INFO    | src.training.finetune | STEP step=1710 loss=0.7269 dt_sec=0.77 cum_wall_sec=158.0
21:15:34 | INFO    | src.training.finetune | STEP step=1720 loss=0.6949 dt_sec=0.78 cum_wall_sec=158.7
21:15:35 | INFO    | src.training.finetune | STEP step=1730 loss=0.7072 dt_sec=0.78 cum_wall_sec=159.5
21:15:35 | INFO    | src.training.finetune | STEP step=1740 loss=0.7299 dt_sec=0.77 cum_wall_sec=160.3
21:15:36 | INFO    | src.training.finetune | STEP step=1750 loss=0.7003 dt_sec=0.77 cum_wall_sec=161.1
21:15:37 | INFO    | src.training.finetune | STEP step=1760 loss=0.6844 dt_sec=0.79 cum_wall_sec=161.9
21:15:38 | INFO    | src.training.finetune | STEP step=1770 loss=0.7274 dt_sec=0.77 cum_wall_sec=162.6
21:15:39 | INFO    | src.training.finetune | STEP step=1780 loss=0.7003 dt_sec=0.78 cum_wall_sec=163.4
21:15:39 | INFO    | src.training.finetune | STEP step=1790 loss=0.7187 dt_sec=0.79 cum_wall_sec=164.2
21:15:40 | INFO    | src.training.finetune | STEP step=1800 loss=0.7069 dt_sec=0.78 cum_wall_sec=165.0
21:15:44 | INFO    | src.training.finetune | STEP step=1810 loss=0.7259 dt_sec=3.75 cum_wall_sec=168.7
21:15:45 | INFO    | src.training.finetune | STEP step=1820 loss=0.7212 dt_sec=0.77 cum_wall_sec=169.5
21:15:45 | INFO    | src.training.finetune | STEP step=1830 loss=0.7092 dt_sec=0.77 cum_wall_sec=170.3
21:15:46 | INFO    | src.training.finetune | STEP step=1840 loss=0.7170 dt_sec=0.79 cum_wall_sec=171.1
21:15:47 | INFO    | src.training.finetune | STEP step=1850 loss=0.6998 dt_sec=0.76 cum_wall_sec=171.8
21:15:48 | INFO    | src.training.finetune | STEP step=1860 loss=0.7197 dt_sec=0.78 cum_wall_sec=172.6
21:15:48 | INFO    | src.training.finetune | STEP step=1870 loss=0.7151 dt_sec=0.78 cum_wall_sec=173.4
21:15:49 | INFO    | src.training.finetune | STEP step=1880 loss=0.7418 dt_sec=0.78 cum_wall_sec=174.2
21:15:50 | INFO    | src.training.finetune | STEP step=1890 loss=0.7261 dt_sec=0.76 cum_wall_sec=174.9
21:15:51 | INFO    | src.training.finetune | STEP step=1900 loss=0.7183 dt_sec=0.78 cum_wall_sec=175.7
21:15:52 | INFO    | src.training.finetune | STEP step=1910 loss=0.7175 dt_sec=0.78 cum_wall_sec=176.5
21:15:52 | INFO    | src.training.finetune | STEP step=1920 loss=0.7126 dt_sec=0.77 cum_wall_sec=177.3
21:15:53 | INFO    | src.training.finetune | STEP step=1930 loss=0.7043 dt_sec=0.77 cum_wall_sec=178.0
21:15:54 | INFO    | src.training.finetune | STEP step=1940 loss=0.7221 dt_sec=0.76 cum_wall_sec=178.8
21:15:55 | INFO    | src.training.finetune | STEP step=1950 loss=0.7106 dt_sec=0.79 cum_wall_sec=179.6
21:15:55 | INFO    | src.training.finetune | STEP step=1960 loss=0.7225 dt_sec=0.78 cum_wall_sec=180.4
21:15:56 | INFO    | src.training.finetune | STEP step=1970 loss=0.7203 dt_sec=0.76 cum_wall_sec=181.1
21:15:57 | INFO    | src.training.finetune | STEP step=1980 loss=0.7084 dt_sec=0.77 cum_wall_sec=181.9
21:15:58 | INFO    | src.training.finetune | STEP step=1990 loss=0.7165 dt_sec=0.77 cum_wall_sec=182.7
21:15:59 | INFO    | src.training.finetune | STEP step=2000 loss=0.6905 dt_sec=0.79 cum_wall_sec=183.5
21:16:02 | INFO    | src.training.finetune | STAGE=azerbaijani end ts=2026-09-08T21:16:02.656612+00:00 runtime_sec=189.8
21:16:04 | INFO    | src.training.finetune | Best checkpoint restored and verified: step 200, val macro-F1 = 0.3334
