21:16:13 | INFO    | src.training.finetune | STAGE=turkish_intermediate cache_hit=true ts=2026-09-08T21:16:13.373485+00:00 path=artifacts/tr_stage_cache/base=xlm15__tok=original__tr=scrambled__seed=13__8a84f781768ea351
21:16:13 | INFO    | src.training.finetune |   [AZ mərhələsi] 2000 nümunə | 2 sinif | init=TR checkpoint
21:16:13 | INFO    | src.training.finetune | Task head reset: modules=['sequence_summary'] params=2050 (encoder='transformer' untouched)
21:16:13 | INFO    | src.training.finetune | STAGE=azerbaijani start ts=2026-09-08T21:16:13.468286+00:00 n=2000 n_classes=2
21:16:17 | INFO    | src.training.finetune | STEP step=10 loss=3.0327 dt_sec=0.82 cum_wall_sec=0.8
21:16:17 | INFO    | src.training.finetune | STEP step=20 loss=1.6682 dt_sec=0.76 cum_wall_sec=1.6
21:16:18 | INFO    | src.training.finetune | STEP step=30 loss=1.2926 dt_sec=0.75 cum_wall_sec=2.3
21:16:19 | INFO    | src.training.finetune | STEP step=40 loss=1.1894 dt_sec=0.76 cum_wall_sec=3.1
21:16:20 | INFO    | src.training.finetune | STEP step=50 loss=1.1989 dt_sec=0.75 cum_wall_sec=3.8
21:16:20 | INFO    | src.training.finetune | STEP step=60 loss=1.2622 dt_sec=0.75 cum_wall_sec=4.6
21:16:21 | INFO    | src.training.finetune | STEP step=70 loss=1.1609 dt_sec=0.75 cum_wall_sec=5.3
21:16:22 | INFO    | src.training.finetune | STEP step=80 loss=1.1773 dt_sec=0.76 cum_wall_sec=6.1
21:16:23 | INFO    | src.training.finetune | STEP step=90 loss=1.1909 dt_sec=0.76 cum_wall_sec=6.9
21:16:23 | INFO    | src.training.finetune | STEP step=100 loss=0.9740 dt_sec=0.76 cum_wall_sec=7.6
21:16:24 | INFO    | src.training.finetune | STEP step=110 loss=1.3224 dt_sec=0.75 cum_wall_sec=8.4
21:16:25 | INFO    | src.training.finetune | STEP step=120 loss=1.0433 dt_sec=0.75 cum_wall_sec=9.1
21:16:26 | INFO    | src.training.finetune | STEP step=130 loss=1.2759 dt_sec=0.75 cum_wall_sec=9.9
21:16:26 | INFO    | src.training.finetune | STEP step=140 loss=1.2357 dt_sec=0.75 cum_wall_sec=10.6
21:16:27 | INFO    | src.training.finetune | STEP step=150 loss=1.1720 dt_sec=0.75 cum_wall_sec=11.4
21:16:28 | INFO    | src.training.finetune | STEP step=160 loss=1.4197 dt_sec=0.76 cum_wall_sec=12.1
21:16:29 | INFO    | src.training.finetune | STEP step=170 loss=1.1872 dt_sec=0.75 cum_wall_sec=12.9
21:16:29 | INFO    | src.training.finetune | STEP step=180 loss=1.3353 dt_sec=0.76 cum_wall_sec=13.6
21:16:30 | INFO    | src.training.finetune | STEP step=190 loss=1.2330 dt_sec=0.74 cum_wall_sec=14.4
21:16:31 | INFO    | src.training.finetune | STEP step=200 loss=1.4361 dt_sec=0.77 cum_wall_sec=15.1
21:16:34 | INFO    | src.training.finetune | STEP step=210 loss=1.1991 dt_sec=3.59 cum_wall_sec=18.7
21:16:35 | INFO    | src.training.finetune | STEP step=220 loss=1.0921 dt_sec=0.74 cum_wall_sec=19.5
21:16:36 | INFO    | src.training.finetune | STEP step=230 loss=1.1908 dt_sec=0.76 cum_wall_sec=20.2
21:16:37 | INFO    | src.training.finetune | STEP step=240 loss=1.0207 dt_sec=0.75 cum_wall_sec=21.0
21:16:37 | INFO    | src.training.finetune | STEP step=250 loss=1.0334 dt_sec=0.76 cum_wall_sec=21.7
21:16:38 | INFO    | src.training.finetune | STEP step=260 loss=1.0371 dt_sec=0.74 cum_wall_sec=22.5
21:16:39 | INFO    | src.training.finetune | STEP step=270 loss=1.1190 dt_sec=0.75 cum_wall_sec=23.2
21:16:40 | INFO    | src.training.finetune | STEP step=280 loss=1.0320 dt_sec=0.76 cum_wall_sec=24.0
21:16:40 | INFO    | src.training.finetune | STEP step=290 loss=0.9554 dt_sec=0.77 cum_wall_sec=24.8
21:16:41 | INFO    | src.training.finetune | STEP step=300 loss=0.9925 dt_sec=0.76 cum_wall_sec=25.5
21:16:42 | INFO    | src.training.finetune | STEP step=310 loss=0.9398 dt_sec=0.78 cum_wall_sec=26.3
21:16:43 | INFO    | src.training.finetune | STEP step=320 loss=1.1377 dt_sec=0.78 cum_wall_sec=27.1
21:16:44 | INFO    | src.training.finetune | STEP step=330 loss=1.0663 dt_sec=0.77 cum_wall_sec=27.8
21:16:44 | INFO    | src.training.finetune | STEP step=340 loss=0.9433 dt_sec=0.78 cum_wall_sec=28.6
21:16:45 | INFO    | src.training.finetune | STEP step=350 loss=0.8060 dt_sec=0.79 cum_wall_sec=29.4
21:16:46 | INFO    | src.training.finetune | STEP step=360 loss=0.9086 dt_sec=0.78 cum_wall_sec=30.2
21:16:47 | INFO    | src.training.finetune | STEP step=370 loss=0.8649 dt_sec=0.77 cum_wall_sec=31.0
21:16:47 | INFO    | src.training.finetune | STEP step=380 loss=0.7908 dt_sec=0.77 cum_wall_sec=31.7
21:16:48 | INFO    | src.training.finetune | STEP step=390 loss=0.6938 dt_sec=0.79 cum_wall_sec=32.5
21:16:49 | INFO    | src.training.finetune | STEP step=400 loss=0.7054 dt_sec=0.78 cum_wall_sec=33.3
21:16:53 | INFO    | src.training.finetune | STEP step=410 loss=0.7461 dt_sec=3.74 cum_wall_sec=37.1
21:16:54 | INFO    | src.training.finetune | STEP step=420 loss=0.7015 dt_sec=0.77 cum_wall_sec=37.8
21:16:54 | INFO    | src.training.finetune | STEP step=430 loss=0.7509 dt_sec=0.76 cum_wall_sec=38.6
21:16:55 | INFO    | src.training.finetune | STEP step=440 loss=0.7517 dt_sec=0.77 cum_wall_sec=39.4
21:16:56 | INFO    | src.training.finetune | STEP step=450 loss=0.7022 dt_sec=0.77 cum_wall_sec=40.1
21:16:57 | INFO    | src.training.finetune | STEP step=460 loss=0.6213 dt_sec=0.77 cum_wall_sec=40.9
21:16:57 | INFO    | src.training.finetune | STEP step=470 loss=0.5353 dt_sec=0.78 cum_wall_sec=41.7
21:16:58 | INFO    | src.training.finetune | STEP step=480 loss=0.5988 dt_sec=0.79 cum_wall_sec=42.5
21:16:59 | INFO    | src.training.finetune | STEP step=490 loss=0.5528 dt_sec=0.77 cum_wall_sec=43.2
21:17:00 | INFO    | src.training.finetune | STEP step=500 loss=0.6615 dt_sec=0.77 cum_wall_sec=44.0
21:17:00 | INFO    | src.training.finetune | STEP step=510 loss=0.6510 dt_sec=0.77 cum_wall_sec=44.8
21:17:01 | INFO    | src.training.finetune | STEP step=520 loss=0.5052 dt_sec=0.78 cum_wall_sec=45.6
21:17:02 | INFO    | src.training.finetune | STEP step=530 loss=0.5246 dt_sec=0.78 cum_wall_sec=46.4
21:17:03 | INFO    | src.training.finetune | STEP step=540 loss=0.6018 dt_sec=0.78 cum_wall_sec=47.1
21:17:04 | INFO    | src.training.finetune | STEP step=550 loss=0.8564 dt_sec=0.78 cum_wall_sec=47.9
21:17:04 | INFO    | src.training.finetune | STEP step=560 loss=0.5277 dt_sec=0.78 cum_wall_sec=48.7
21:17:05 | INFO    | src.training.finetune | STEP step=570 loss=0.3734 dt_sec=0.77 cum_wall_sec=49.5
21:17:06 | INFO    | src.training.finetune | STEP step=580 loss=0.6381 dt_sec=0.78 cum_wall_sec=50.2
21:17:07 | INFO    | src.training.finetune | STEP step=590 loss=0.5221 dt_sec=0.78 cum_wall_sec=51.0
21:17:08 | INFO    | src.training.finetune | STEP step=600 loss=0.5259 dt_sec=0.79 cum_wall_sec=51.8
21:17:11 | INFO    | src.training.finetune | STEP step=610 loss=0.3461 dt_sec=3.82 cum_wall_sec=55.6
21:17:12 | INFO    | src.training.finetune | STEP step=620 loss=0.4789 dt_sec=0.79 cum_wall_sec=56.4
21:17:13 | INFO    | src.training.finetune | STEP step=630 loss=0.3798 dt_sec=0.77 cum_wall_sec=57.2
21:17:14 | INFO    | src.training.finetune | STEP step=640 loss=0.3308 dt_sec=0.80 cum_wall_sec=58.0
21:17:14 | INFO    | src.training.finetune | STEP step=650 loss=0.5099 dt_sec=0.78 cum_wall_sec=58.8
21:17:15 | INFO    | src.training.finetune | STEP step=660 loss=0.3068 dt_sec=0.77 cum_wall_sec=59.5
21:17:16 | INFO    | src.training.finetune | STEP step=670 loss=0.4318 dt_sec=0.79 cum_wall_sec=60.3
21:17:17 | INFO    | src.training.finetune | STEP step=680 loss=0.6859 dt_sec=0.77 cum_wall_sec=61.1
21:17:18 | INFO    | src.training.finetune | STEP step=690 loss=0.5059 dt_sec=0.78 cum_wall_sec=61.9
21:17:18 | INFO    | src.training.finetune | STEP step=700 loss=0.3541 dt_sec=0.76 cum_wall_sec=62.6
21:17:19 | INFO    | src.training.finetune | STEP step=710 loss=0.2802 dt_sec=0.78 cum_wall_sec=63.4
21:17:20 | INFO    | src.training.finetune | STEP step=720 loss=0.2793 dt_sec=0.78 cum_wall_sec=64.2
21:17:21 | INFO    | src.training.finetune | STEP step=730 loss=0.3375 dt_sec=0.78 cum_wall_sec=65.0
21:17:21 | INFO    | src.training.finetune | STEP step=740 loss=0.3842 dt_sec=0.78 cum_wall_sec=65.7
21:17:22 | INFO    | src.training.finetune | STEP step=750 loss=0.2315 dt_sec=0.78 cum_wall_sec=66.5
21:17:23 | INFO    | src.training.finetune | STEP step=760 loss=0.2896 dt_sec=0.77 cum_wall_sec=67.3
21:17:24 | INFO    | src.training.finetune | STEP step=770 loss=0.2481 dt_sec=0.79 cum_wall_sec=68.1
21:17:25 | INFO    | src.training.finetune | STEP step=780 loss=0.1790 dt_sec=0.77 cum_wall_sec=68.9
21:17:25 | INFO    | src.training.finetune | STEP step=790 loss=0.1841 dt_sec=0.79 cum_wall_sec=69.7
21:17:26 | INFO    | src.training.finetune | STEP step=800 loss=0.1625 dt_sec=0.78 cum_wall_sec=70.4
21:17:30 | INFO    | src.training.finetune | STEP step=810 loss=0.2509 dt_sec=3.57 cum_wall_sec=74.0
21:17:30 | INFO    | src.training.finetune | STEP step=820 loss=0.2944 dt_sec=0.77 cum_wall_sec=74.8
21:17:31 | INFO    | src.training.finetune | STEP step=830 loss=0.1601 dt_sec=0.79 cum_wall_sec=75.6
21:17:32 | INFO    | src.training.finetune | STEP step=840 loss=0.1702 dt_sec=0.78 cum_wall_sec=76.3
21:17:33 | INFO    | src.training.finetune | STEP step=850 loss=0.2795 dt_sec=0.77 cum_wall_sec=77.1
21:17:34 | INFO    | src.training.finetune | STEP step=860 loss=0.2004 dt_sec=0.78 cum_wall_sec=77.9
21:17:34 | INFO    | src.training.finetune | STEP step=870 loss=0.2155 dt_sec=0.79 cum_wall_sec=78.7
21:17:35 | INFO    | src.training.finetune | STEP step=880 loss=0.1661 dt_sec=0.78 cum_wall_sec=79.5
21:17:36 | INFO    | src.training.finetune | STEP step=890 loss=0.1510 dt_sec=0.77 cum_wall_sec=80.2
21:17:37 | INFO    | src.training.finetune | STEP step=900 loss=0.0740 dt_sec=0.78 cum_wall_sec=81.0
21:17:38 | INFO    | src.training.finetune | STEP step=910 loss=0.1110 dt_sec=0.78 cum_wall_sec=81.8
21:17:38 | INFO    | src.training.finetune | STEP step=920 loss=0.1588 dt_sec=0.78 cum_wall_sec=82.6
21:17:39 | INFO    | src.training.finetune | STEP step=930 loss=0.1671 dt_sec=0.78 cum_wall_sec=83.4
21:17:40 | INFO    | src.training.finetune | STEP step=940 loss=0.4419 dt_sec=0.79 cum_wall_sec=84.1
21:17:41 | INFO    | src.training.finetune | STEP step=950 loss=0.2959 dt_sec=0.78 cum_wall_sec=84.9
21:17:41 | INFO    | src.training.finetune | STEP step=960 loss=0.1280 dt_sec=0.77 cum_wall_sec=85.7
21:17:42 | INFO    | src.training.finetune | STEP step=970 loss=0.1146 dt_sec=0.78 cum_wall_sec=86.5
21:17:43 | INFO    | src.training.finetune | STEP step=980 loss=0.1671 dt_sec=0.77 cum_wall_sec=87.2
21:17:44 | INFO    | src.training.finetune | STEP step=990 loss=0.1058 dt_sec=0.78 cum_wall_sec=88.0
21:17:45 | INFO    | src.training.finetune | STEP step=1000 loss=0.1350 dt_sec=0.78 cum_wall_sec=88.8
21:17:48 | INFO    | src.training.finetune | STEP step=1010 loss=0.1388 dt_sec=3.80 cum_wall_sec=92.6
21:17:49 | INFO    | src.training.finetune | STEP step=1020 loss=0.1671 dt_sec=0.78 cum_wall_sec=93.4
21:17:50 | INFO    | src.training.finetune | STEP step=1030 loss=0.1284 dt_sec=0.78 cum_wall_sec=94.2
21:17:51 | INFO    | src.training.finetune | STEP step=1040 loss=0.1183 dt_sec=0.78 cum_wall_sec=94.9
21:17:51 | INFO    | src.training.finetune | STEP step=1050 loss=0.1003 dt_sec=0.78 cum_wall_sec=95.7
21:17:52 | INFO    | src.training.finetune | STEP step=1060 loss=0.0561 dt_sec=0.78 cum_wall_sec=96.5
21:17:53 | INFO    | src.training.finetune | STEP step=1070 loss=0.0795 dt_sec=0.79 cum_wall_sec=97.3
21:17:54 | INFO    | src.training.finetune | STEP step=1080 loss=0.0722 dt_sec=0.78 cum_wall_sec=98.1
21:17:55 | INFO    | src.training.finetune | STEP step=1090 loss=0.1259 dt_sec=0.77 cum_wall_sec=98.8
21:17:55 | INFO    | src.training.finetune | STEP step=1100 loss=0.1920 dt_sec=0.78 cum_wall_sec=99.6
21:17:56 | INFO    | src.training.finetune | STEP step=1110 loss=0.2939 dt_sec=0.79 cum_wall_sec=100.4
21:17:57 | INFO    | src.training.finetune | STEP step=1120 loss=0.0140 dt_sec=0.77 cum_wall_sec=101.2
21:17:58 | INFO    | src.training.finetune | STEP step=1130 loss=0.0463 dt_sec=0.78 cum_wall_sec=101.9
21:17:58 | INFO    | src.training.finetune | STEP step=1140 loss=0.1114 dt_sec=0.76 cum_wall_sec=102.7
21:17:59 | INFO    | src.training.finetune | STEP step=1150 loss=0.0469 dt_sec=0.79 cum_wall_sec=103.5
21:18:00 | INFO    | src.training.finetune | STEP step=1160 loss=0.1062 dt_sec=0.78 cum_wall_sec=104.3
21:18:01 | INFO    | src.training.finetune | STEP step=1170 loss=0.0684 dt_sec=0.77 cum_wall_sec=105.0
21:18:02 | INFO    | src.training.finetune | STEP step=1180 loss=0.0629 dt_sec=0.77 cum_wall_sec=105.8
21:18:02 | INFO    | src.training.finetune | STEP step=1190 loss=0.0746 dt_sec=0.78 cum_wall_sec=106.6
21:18:03 | INFO    | src.training.finetune | STEP step=1200 loss=0.1215 dt_sec=0.77 cum_wall_sec=107.4
21:18:07 | INFO    | src.training.finetune | STEP step=1210 loss=0.0924 dt_sec=3.73 cum_wall_sec=111.1
21:18:08 | INFO    | src.training.finetune | STEP step=1220 loss=0.0361 dt_sec=0.78 cum_wall_sec=111.9
21:18:08 | INFO    | src.training.finetune | STEP step=1230 loss=0.3479 dt_sec=0.77 cum_wall_sec=112.6
21:18:09 | INFO    | src.training.finetune | STEP step=1240 loss=0.1750 dt_sec=0.78 cum_wall_sec=113.4
21:18:10 | INFO    | src.training.finetune | STEP step=1250 loss=0.0436 dt_sec=0.78 cum_wall_sec=114.2
21:18:11 | INFO    | src.training.finetune | STEP step=1260 loss=0.1686 dt_sec=0.77 cum_wall_sec=115.0
21:18:11 | INFO    | src.training.finetune | STEP step=1270 loss=0.0576 dt_sec=0.78 cum_wall_sec=115.8
21:18:12 | INFO    | src.training.finetune | STEP step=1280 loss=0.0585 dt_sec=0.79 cum_wall_sec=116.5
21:18:13 | INFO    | src.training.finetune | STEP step=1290 loss=0.0661 dt_sec=0.77 cum_wall_sec=117.3
21:18:14 | INFO    | src.training.finetune | STEP step=1300 loss=0.0619 dt_sec=0.77 cum_wall_sec=118.1
21:18:15 | INFO    | src.training.finetune | STEP step=1310 loss=0.0223 dt_sec=0.78 cum_wall_sec=118.9
21:18:15 | INFO    | src.training.finetune | STEP step=1320 loss=0.1513 dt_sec=0.79 cum_wall_sec=119.7
21:18:16 | INFO    | src.training.finetune | STEP step=1330 loss=0.0205 dt_sec=0.77 cum_wall_sec=120.4
21:18:17 | INFO    | src.training.finetune | STEP step=1340 loss=0.0373 dt_sec=0.78 cum_wall_sec=121.2
21:18:18 | INFO    | src.training.finetune | STEP step=1350 loss=0.0810 dt_sec=0.78 cum_wall_sec=122.0
21:18:18 | INFO    | src.training.finetune | STEP step=1360 loss=0.1118 dt_sec=0.76 cum_wall_sec=122.8
21:18:19 | INFO    | src.training.finetune | STEP step=1370 loss=0.0487 dt_sec=0.79 cum_wall_sec=123.5
21:18:20 | INFO    | src.training.finetune | STEP step=1380 loss=0.0908 dt_sec=0.78 cum_wall_sec=124.3
21:18:21 | INFO    | src.training.finetune | STEP step=1390 loss=0.0255 dt_sec=0.79 cum_wall_sec=125.1
21:18:22 | INFO    | src.training.finetune | STEP step=1400 loss=0.0788 dt_sec=0.77 cum_wall_sec=125.9
21:18:25 | INFO    | src.training.finetune | STEP step=1410 loss=0.0096 dt_sec=3.76 cum_wall_sec=129.7
21:18:26 | INFO    | src.training.finetune | STEP step=1420 loss=0.0654 dt_sec=0.77 cum_wall_sec=130.4
21:18:27 | INFO    | src.training.finetune | STEP step=1430 loss=0.0301 dt_sec=0.79 cum_wall_sec=131.2
21:18:28 | INFO    | src.training.finetune | STEP step=1440 loss=0.0334 dt_sec=0.79 cum_wall_sec=132.0
21:18:28 | INFO    | src.training.finetune | STEP step=1450 loss=0.0694 dt_sec=0.77 cum_wall_sec=132.8
21:18:29 | INFO    | src.training.finetune | STEP step=1460 loss=0.0522 dt_sec=0.78 cum_wall_sec=133.6
21:18:30 | INFO    | src.training.finetune | STEP step=1470 loss=0.1559 dt_sec=0.78 cum_wall_sec=134.3
21:18:31 | INFO    | src.training.finetune | STEP step=1480 loss=0.0969 dt_sec=0.79 cum_wall_sec=135.1
21:18:32 | INFO    | src.training.finetune | STEP step=1490 loss=0.0448 dt_sec=0.77 cum_wall_sec=135.9
21:18:32 | INFO    | src.training.finetune | STEP step=1500 loss=0.0364 dt_sec=0.78 cum_wall_sec=136.7
21:18:33 | INFO    | src.training.finetune | STEP step=1510 loss=0.0355 dt_sec=0.78 cum_wall_sec=137.4
21:18:34 | INFO    | src.training.finetune | STEP step=1520 loss=0.0545 dt_sec=0.77 cum_wall_sec=138.2
21:18:35 | INFO    | src.training.finetune | STEP step=1530 loss=0.0617 dt_sec=0.78 cum_wall_sec=139.0
21:18:35 | INFO    | src.training.finetune | STEP step=1540 loss=0.0090 dt_sec=0.78 cum_wall_sec=139.8
21:18:36 | INFO    | src.training.finetune | STEP step=1550 loss=0.0297 dt_sec=0.78 cum_wall_sec=140.6
21:18:37 | INFO    | src.training.finetune | STEP step=1560 loss=0.0624 dt_sec=0.77 cum_wall_sec=141.3
21:18:38 | INFO    | src.training.finetune | STEP step=1570 loss=0.1027 dt_sec=0.77 cum_wall_sec=142.1
21:18:39 | INFO    | src.training.finetune | STEP step=1580 loss=0.0070 dt_sec=0.78 cum_wall_sec=142.9
21:18:39 | INFO    | src.training.finetune | STEP step=1590 loss=0.0343 dt_sec=0.77 cum_wall_sec=143.7
21:18:40 | INFO    | src.training.finetune | STEP step=1600 loss=0.0200 dt_sec=0.78 cum_wall_sec=144.4
21:18:44 | INFO    | src.training.finetune | STEP step=1610 loss=0.0424 dt_sec=3.71 cum_wall_sec=148.1
21:18:45 | INFO    | src.training.finetune | STEP step=1620 loss=0.0131 dt_sec=0.75 cum_wall_sec=148.9
21:18:45 | INFO    | src.training.finetune | STEP step=1630 loss=0.0422 dt_sec=0.75 cum_wall_sec=149.6
21:18:46 | INFO    | src.training.finetune | STEP step=1640 loss=0.0406 dt_sec=0.76 cum_wall_sec=150.4
21:18:47 | INFO    | src.training.finetune | STEP step=1650 loss=0.0247 dt_sec=0.77 cum_wall_sec=151.2
21:18:48 | INFO    | src.training.finetune | STEP step=1660 loss=0.0813 dt_sec=0.76 cum_wall_sec=151.9
21:18:48 | INFO    | src.training.finetune | STEP step=1670 loss=0.0128 dt_sec=0.75 cum_wall_sec=152.7
21:18:49 | INFO    | src.training.finetune | STEP step=1680 loss=0.0535 dt_sec=0.76 cum_wall_sec=153.4
21:18:50 | INFO    | src.training.finetune | STEP step=1690 loss=0.0381 dt_sec=0.74 cum_wall_sec=154.2
21:18:51 | INFO    | src.training.finetune | STEP step=1700 loss=0.0538 dt_sec=0.75 cum_wall_sec=154.9
21:18:51 | INFO    | src.training.finetune | STEP step=1710 loss=0.0276 dt_sec=0.76 cum_wall_sec=155.7
21:18:52 | INFO    | src.training.finetune | STEP step=1720 loss=0.0514 dt_sec=0.75 cum_wall_sec=156.4
21:18:53 | INFO    | src.training.finetune | STEP step=1730 loss=0.0001 dt_sec=0.75 cum_wall_sec=157.2
21:18:54 | INFO    | src.training.finetune | STEP step=1740 loss=0.0906 dt_sec=0.75 cum_wall_sec=157.9
21:18:54 | INFO    | src.training.finetune | STEP step=1750 loss=0.0425 dt_sec=0.76 cum_wall_sec=158.7
21:18:55 | INFO    | src.training.finetune | STEP step=1760 loss=0.0057 dt_sec=0.76 cum_wall_sec=159.5
21:18:56 | INFO    | src.training.finetune | STEP step=1770 loss=0.0569 dt_sec=0.74 cum_wall_sec=160.2
21:18:57 | INFO    | src.training.finetune | STEP step=1780 loss=0.0232 dt_sec=0.75 cum_wall_sec=161.0
21:18:57 | INFO    | src.training.finetune | STEP step=1790 loss=0.0583 dt_sec=0.76 cum_wall_sec=161.7
21:18:58 | INFO    | src.training.finetune | STEP step=1800 loss=0.0374 dt_sec=0.75 cum_wall_sec=162.5
21:19:02 | INFO    | src.training.finetune | STEP step=1810 loss=0.0402 dt_sec=3.81 cum_wall_sec=166.3
21:19:03 | INFO    | src.training.finetune | STEP step=1820 loss=0.0007 dt_sec=0.76 cum_wall_sec=167.0
21:19:03 | INFO    | src.training.finetune | STEP step=1830 loss=0.0929 dt_sec=0.75 cum_wall_sec=167.8
21:19:04 | INFO    | src.training.finetune | STEP step=1840 loss=0.0204 dt_sec=0.77 cum_wall_sec=168.6
21:19:05 | INFO    | src.training.finetune | STEP step=1850 loss=0.0352 dt_sec=0.75 cum_wall_sec=169.3
21:19:06 | INFO    | src.training.finetune | STEP step=1860 loss=0.0236 dt_sec=0.75 cum_wall_sec=170.1
21:19:07 | INFO    | src.training.finetune | STEP step=1870 loss=0.0003 dt_sec=0.74 cum_wall_sec=170.8
21:19:07 | INFO    | src.training.finetune | STEP step=1880 loss=0.0254 dt_sec=0.76 cum_wall_sec=171.6
21:19:08 | INFO    | src.training.finetune | STEP step=1890 loss=0.0167 dt_sec=0.74 cum_wall_sec=172.3
21:19:09 | INFO    | src.training.finetune | STEP step=1900 loss=0.0219 dt_sec=0.76 cum_wall_sec=173.1
21:19:10 | INFO    | src.training.finetune | STEP step=1910 loss=0.0224 dt_sec=0.74 cum_wall_sec=173.8
21:19:10 | INFO    | src.training.finetune | STEP step=1920 loss=0.0435 dt_sec=0.77 cum_wall_sec=174.6
21:19:11 | INFO    | src.training.finetune | STEP step=1930 loss=0.0006 dt_sec=0.75 cum_wall_sec=175.3
21:19:12 | INFO    | src.training.finetune | STEP step=1940 loss=0.0154 dt_sec=0.76 cum_wall_sec=176.1
21:19:13 | INFO    | src.training.finetune | STEP step=1950 loss=0.0333 dt_sec=0.75 cum_wall_sec=176.8
21:19:13 | INFO    | src.training.finetune | STEP step=1960 loss=0.0006 dt_sec=0.76 cum_wall_sec=177.6
21:19:14 | INFO    | src.training.finetune | STEP step=1970 loss=0.0002 dt_sec=0.75 cum_wall_sec=178.3
21:19:15 | INFO    | src.training.finetune | STEP step=1980 loss=0.0683 dt_sec=0.76 cum_wall_sec=179.1
21:19:16 | INFO    | src.training.finetune | STEP step=1990 loss=0.0983 dt_sec=0.75 cum_wall_sec=179.9
21:19:16 | INFO    | src.training.finetune | STEP step=2000 loss=0.0001 dt_sec=0.75 cum_wall_sec=180.6
21:19:20 | INFO    | src.training.finetune | STAGE=azerbaijani end ts=2026-09-08T21:19:20.465901+00:00 runtime_sec=187.0
21:19:22 | INFO    | src.training.finetune | Best checkpoint restored and verified: step 600, val macro-F1 = 0.6921
