03:47:14 | INFO    | src.training.finetune | STAGE=turkish_intermediate cache_hit=true ts=2026-09-09T03:47:14.195094+00:00 path=artifacts/tr_stage_cache/base=xlmr__tok=original__tr=scrambled__seed=1337__14ca5b65e54bb0aa
03:47:14 | INFO    | src.training.finetune |   [AZ mərhələsi] 500 nümunə | 2 sinif | init=TR checkpoint
03:47:14 | INFO    | src.training.finetune | Task head reset: modules=['classifier'] params=592130 (encoder='roberta' untouched)
03:47:14 | INFO    | src.training.finetune | STAGE=azerbaijani start ts=2026-09-09T03:47:14.322873+00:00 n=500 n_classes=2
03:47:15 | INFO    | src.training.finetune | STEP step=10 loss=0.7207 dt_sec=0.71 cum_wall_sec=0.7
03:47:16 | INFO    | src.training.finetune | STEP step=20 loss=0.7057 dt_sec=0.69 cum_wall_sec=1.4
03:47:16 | INFO    | src.training.finetune | STEP step=30 loss=0.6836 dt_sec=0.67 cum_wall_sec=2.1
03:47:17 | INFO    | src.training.finetune | STEP step=40 loss=0.6582 dt_sec=0.67 cum_wall_sec=2.8
03:47:18 | INFO    | src.training.finetune | STEP step=50 loss=0.6062 dt_sec=0.66 cum_wall_sec=3.4
03:47:18 | INFO    | src.training.finetune | STEP step=60 loss=0.5725 dt_sec=0.67 cum_wall_sec=4.1
03:47:19 | INFO    | src.training.finetune | STEP step=70 loss=0.4845 dt_sec=0.67 cum_wall_sec=4.7
03:47:20 | INFO    | src.training.finetune | STEP step=80 loss=0.4583 dt_sec=0.67 cum_wall_sec=5.4
03:47:20 | INFO    | src.training.finetune | STEP step=90 loss=0.4441 dt_sec=0.67 cum_wall_sec=6.1
03:47:21 | INFO    | src.training.finetune | STEP step=100 loss=0.3492 dt_sec=0.75 cum_wall_sec=6.8
03:47:22 | INFO    | src.training.finetune | STEP step=110 loss=0.3819 dt_sec=0.67 cum_wall_sec=7.5
03:47:23 | INFO    | src.training.finetune | STEP step=120 loss=0.3420 dt_sec=0.67 cum_wall_sec=8.2
03:47:23 | INFO    | src.training.finetune | STEP step=130 loss=0.2973 dt_sec=0.66 cum_wall_sec=8.8
03:47:24 | INFO    | src.training.finetune | STEP step=140 loss=0.2526 dt_sec=0.66 cum_wall_sec=9.5
03:47:25 | INFO    | src.training.finetune | STEP step=150 loss=0.2511 dt_sec=0.67 cum_wall_sec=10.2
03:47:25 | INFO    | src.training.finetune | STEP step=160 loss=0.1862 dt_sec=0.67 cum_wall_sec=10.8
03:47:26 | INFO    | src.training.finetune | STEP step=170 loss=0.1851 dt_sec=0.67 cum_wall_sec=11.5
03:47:27 | INFO    | src.training.finetune | STEP step=180 loss=0.2003 dt_sec=0.67 cum_wall_sec=12.2
03:47:27 | INFO    | src.training.finetune | STEP step=190 loss=0.1622 dt_sec=0.67 cum_wall_sec=12.8
03:47:28 | INFO    | src.training.finetune | STEP step=200 loss=0.1909 dt_sec=0.66 cum_wall_sec=13.5
03:47:31 | INFO    | src.training.finetune | STEP step=210 loss=0.1489 dt_sec=3.07 cum_wall_sec=16.6
03:47:32 | INFO    | src.training.finetune | STEP step=220 loss=0.1409 dt_sec=0.67 cum_wall_sec=17.2
03:47:32 | INFO    | src.training.finetune | STEP step=230 loss=0.0820 dt_sec=0.67 cum_wall_sec=17.9
03:47:33 | INFO    | src.training.finetune | STEP step=240 loss=0.1340 dt_sec=0.66 cum_wall_sec=18.6
03:47:34 | INFO    | src.training.finetune | STEP step=250 loss=0.1602 dt_sec=0.67 cum_wall_sec=19.3
03:47:34 | INFO    | src.training.finetune | STEP step=260 loss=0.1976 dt_sec=0.67 cum_wall_sec=19.9
03:47:35 | INFO    | src.training.finetune | STEP step=270 loss=0.1372 dt_sec=0.67 cum_wall_sec=20.6
03:47:36 | INFO    | src.training.finetune | STEP step=280 loss=0.0883 dt_sec=0.67 cum_wall_sec=21.3
03:47:36 | INFO    | src.training.finetune | STEP step=290 loss=0.1366 dt_sec=0.67 cum_wall_sec=21.9
03:47:37 | INFO    | src.training.finetune | STEP step=300 loss=0.0782 dt_sec=0.67 cum_wall_sec=22.6
03:47:38 | INFO    | src.training.finetune | STEP step=310 loss=0.1291 dt_sec=0.66 cum_wall_sec=23.3
03:47:38 | INFO    | src.training.finetune | STEP step=320 loss=0.1248 dt_sec=0.67 cum_wall_sec=23.9
03:47:39 | INFO    | src.training.finetune | STEP step=330 loss=0.0811 dt_sec=0.67 cum_wall_sec=24.6
03:47:40 | INFO    | src.training.finetune | STEP step=340 loss=0.0583 dt_sec=0.67 cum_wall_sec=25.3
03:47:40 | INFO    | src.training.finetune | STEP step=350 loss=0.1017 dt_sec=0.67 cum_wall_sec=25.9
03:47:41 | INFO    | src.training.finetune | STEP step=360 loss=0.0747 dt_sec=0.66 cum_wall_sec=26.6
03:47:42 | INFO    | src.training.finetune | STEP step=370 loss=0.0554 dt_sec=0.67 cum_wall_sec=27.3
03:47:42 | INFO    | src.training.finetune | STEP step=380 loss=0.0533 dt_sec=0.68 cum_wall_sec=27.9
03:47:43 | INFO    | src.training.finetune | STEP step=390 loss=0.0867 dt_sec=0.66 cum_wall_sec=28.6
03:47:44 | INFO    | src.training.finetune | STEP step=400 loss=0.1074 dt_sec=0.67 cum_wall_sec=29.3
03:47:47 | INFO    | src.training.finetune | STEP step=410 loss=0.0549 dt_sec=3.24 cum_wall_sec=32.5
03:47:48 | INFO    | src.training.finetune | STEP step=420 loss=0.0851 dt_sec=0.67 cum_wall_sec=33.2
03:47:48 | INFO    | src.training.finetune | STEP step=430 loss=0.0242 dt_sec=0.68 cum_wall_sec=33.8
03:47:49 | INFO    | src.training.finetune | STEP step=440 loss=0.0408 dt_sec=0.68 cum_wall_sec=34.5
03:47:50 | INFO    | src.training.finetune | STEP step=450 loss=0.0180 dt_sec=0.67 cum_wall_sec=35.2
03:47:50 | INFO    | src.training.finetune | STEP step=460 loss=0.0454 dt_sec=0.67 cum_wall_sec=35.9
03:47:51 | INFO    | src.training.finetune | STEP step=470 loss=0.0420 dt_sec=0.66 cum_wall_sec=36.5
03:47:52 | INFO    | src.training.finetune | STEP step=480 loss=0.0831 dt_sec=0.66 cum_wall_sec=37.2
03:47:52 | INFO    | src.training.finetune | STEP step=490 loss=0.0173 dt_sec=0.68 cum_wall_sec=37.9
03:47:53 | INFO    | src.training.finetune | STEP step=500 loss=0.0256 dt_sec=0.67 cum_wall_sec=38.5
03:47:54 | INFO    | src.training.finetune | STEP step=510 loss=0.0025 dt_sec=0.66 cum_wall_sec=39.2
03:47:54 | INFO    | src.training.finetune | STEP step=520 loss=0.0016 dt_sec=0.66 cum_wall_sec=39.9
03:47:55 | INFO    | src.training.finetune | STEP step=530 loss=0.0105 dt_sec=0.68 cum_wall_sec=40.5
03:47:56 | INFO    | src.training.finetune | STEP step=540 loss=0.0009 dt_sec=0.66 cum_wall_sec=41.2
03:47:56 | INFO    | src.training.finetune | STEP step=550 loss=0.0170 dt_sec=0.68 cum_wall_sec=41.9
03:47:57 | INFO    | src.training.finetune | STEP step=560 loss=0.0015 dt_sec=0.66 cum_wall_sec=42.5
03:47:58 | INFO    | src.training.finetune | STEP step=570 loss=0.0188 dt_sec=0.67 cum_wall_sec=43.2
03:47:58 | INFO    | src.training.finetune | STEP step=580 loss=0.0011 dt_sec=0.66 cum_wall_sec=43.9
03:47:59 | INFO    | src.training.finetune | STEP step=590 loss=0.0005 dt_sec=0.67 cum_wall_sec=44.5
03:48:00 | INFO    | src.training.finetune | STEP step=600 loss=0.0005 dt_sec=0.67 cum_wall_sec=45.2
03:48:03 | INFO    | src.training.finetune | STEP step=610 loss=0.0092 dt_sec=3.27 cum_wall_sec=48.5
03:48:04 | INFO    | src.training.finetune | STEP step=620 loss=0.0211 dt_sec=0.66 cum_wall_sec=49.1
03:48:04 | INFO    | src.training.finetune | STEP step=630 loss=0.0212 dt_sec=0.67 cum_wall_sec=49.8
03:48:05 | INFO    | src.training.finetune | STEP step=640 loss=0.0204 dt_sec=0.67 cum_wall_sec=50.5
03:48:06 | INFO    | src.training.finetune | STEP step=650 loss=0.0021 dt_sec=0.68 cum_wall_sec=51.2
03:48:06 | INFO    | src.training.finetune | STEP step=660 loss=0.0095 dt_sec=0.66 cum_wall_sec=51.8
03:48:07 | INFO    | src.training.finetune | STEP step=670 loss=0.0004 dt_sec=0.67 cum_wall_sec=52.5
03:48:08 | INFO    | src.training.finetune | STEP step=680 loss=0.0004 dt_sec=0.66 cum_wall_sec=53.1
03:48:08 | INFO    | src.training.finetune | STEP step=690 loss=0.0004 dt_sec=0.67 cum_wall_sec=53.8
03:48:09 | INFO    | src.training.finetune | STEP step=700 loss=0.0017 dt_sec=0.67 cum_wall_sec=54.5
03:48:10 | INFO    | src.training.finetune | STEP step=710 loss=0.0006 dt_sec=0.66 cum_wall_sec=55.1
03:48:10 | INFO    | src.training.finetune | STEP step=720 loss=0.0053 dt_sec=0.67 cum_wall_sec=55.8
03:48:11 | INFO    | src.training.finetune | STEP step=730 loss=0.0247 dt_sec=0.68 cum_wall_sec=56.5
03:48:12 | INFO    | src.training.finetune | STEP step=740 loss=0.0003 dt_sec=0.66 cum_wall_sec=57.2
03:48:12 | INFO    | src.training.finetune | STEP step=750 loss=0.0452 dt_sec=0.67 cum_wall_sec=57.8
03:48:13 | INFO    | src.training.finetune | STEP step=760 loss=0.0003 dt_sec=0.67 cum_wall_sec=58.5
03:48:14 | INFO    | src.training.finetune | STEP step=770 loss=0.0003 dt_sec=0.67 cum_wall_sec=59.2
03:48:14 | INFO    | src.training.finetune | STEP step=780 loss=0.0003 dt_sec=0.68 cum_wall_sec=59.8
03:48:15 | INFO    | src.training.finetune | STEP step=790 loss=0.0003 dt_sec=0.67 cum_wall_sec=60.5
03:48:16 | INFO    | src.training.finetune | STEP step=800 loss=0.0003 dt_sec=0.67 cum_wall_sec=61.2
03:48:19 | INFO    | src.training.finetune | STEP step=810 loss=0.0002 dt_sec=3.05 cum_wall_sec=64.2
03:48:19 | INFO    | src.training.finetune | STEP step=820 loss=0.0002 dt_sec=0.67 cum_wall_sec=64.9
03:48:20 | INFO    | src.training.finetune | STEP step=830 loss=0.0005 dt_sec=0.67 cum_wall_sec=65.6
03:48:21 | INFO    | src.training.finetune | STEP step=840 loss=0.0002 dt_sec=0.66 cum_wall_sec=66.2
03:48:21 | INFO    | src.training.finetune | STEP step=850 loss=0.0440 dt_sec=0.67 cum_wall_sec=66.9
03:48:22 | INFO    | src.training.finetune | STEP step=860 loss=0.0224 dt_sec=0.66 cum_wall_sec=67.6
03:48:23 | INFO    | src.training.finetune | STEP step=870 loss=0.0002 dt_sec=1.11 cum_wall_sec=68.7
03:48:24 | INFO    | src.training.finetune | STEP step=880 loss=0.0232 dt_sec=0.67 cum_wall_sec=69.3
03:48:24 | INFO    | src.training.finetune | STEP step=890 loss=0.0002 dt_sec=0.68 cum_wall_sec=70.0
03:48:25 | INFO    | src.training.finetune | STEP step=900 loss=0.0230 dt_sec=0.66 cum_wall_sec=70.7
03:48:26 | INFO    | src.training.finetune | STEP step=910 loss=0.0006 dt_sec=0.68 cum_wall_sec=71.4
03:48:26 | INFO    | src.training.finetune | STEP step=920 loss=0.0209 dt_sec=0.67 cum_wall_sec=72.0
03:48:27 | INFO    | src.training.finetune | STEP step=930 loss=0.0002 dt_sec=0.67 cum_wall_sec=72.7
03:48:28 | INFO    | src.training.finetune | STEP step=940 loss=0.0002 dt_sec=0.67 cum_wall_sec=73.4
03:48:28 | INFO    | src.training.finetune | STEP step=950 loss=0.0002 dt_sec=0.67 cum_wall_sec=74.0
03:48:29 | INFO    | src.training.finetune | STEP step=960 loss=0.0255 dt_sec=0.66 cum_wall_sec=74.7
03:48:30 | INFO    | src.training.finetune | STEP step=970 loss=0.0002 dt_sec=0.67 cum_wall_sec=75.4
03:48:30 | INFO    | src.training.finetune | STEP step=980 loss=0.0007 dt_sec=0.67 cum_wall_sec=76.0
03:48:31 | INFO    | src.training.finetune | STEP step=990 loss=0.0111 dt_sec=0.67 cum_wall_sec=76.7
03:48:32 | INFO    | src.training.finetune | STEP step=1000 loss=0.0152 dt_sec=0.67 cum_wall_sec=77.4
03:48:35 | INFO    | src.training.finetune | STEP step=1010 loss=0.0002 dt_sec=3.45 cum_wall_sec=80.8
03:48:36 | INFO    | src.training.finetune | STEP step=1020 loss=0.0002 dt_sec=0.67 cum_wall_sec=81.5
03:48:37 | INFO    | src.training.finetune | STEP step=1030 loss=0.0002 dt_sec=0.67 cum_wall_sec=82.2
03:48:37 | INFO    | src.training.finetune | STEP step=1040 loss=0.0002 dt_sec=0.67 cum_wall_sec=82.8
03:48:38 | INFO    | src.training.finetune | STEP step=1050 loss=0.0001 dt_sec=0.68 cum_wall_sec=83.5
03:48:39 | INFO    | src.training.finetune | STEP step=1060 loss=0.0001 dt_sec=0.66 cum_wall_sec=84.2
03:48:39 | INFO    | src.training.finetune | STEP step=1070 loss=0.0001 dt_sec=0.67 cum_wall_sec=84.8
03:48:40 | INFO    | src.training.finetune | STEP step=1080 loss=0.0221 dt_sec=0.66 cum_wall_sec=85.5
03:48:41 | INFO    | src.training.finetune | STEP step=1090 loss=0.0001 dt_sec=0.67 cum_wall_sec=86.2
03:48:41 | INFO    | src.training.finetune | STEP step=1100 loss=0.0001 dt_sec=0.68 cum_wall_sec=86.9
03:48:42 | INFO    | src.training.finetune | STEP step=1110 loss=0.0001 dt_sec=0.67 cum_wall_sec=87.5
03:48:43 | INFO    | src.training.finetune | STEP step=1120 loss=0.0001 dt_sec=0.66 cum_wall_sec=88.2
03:48:43 | INFO    | src.training.finetune | STEP step=1130 loss=0.0004 dt_sec=0.67 cum_wall_sec=88.9
03:48:44 | INFO    | src.training.finetune | STEP step=1140 loss=0.0001 dt_sec=0.66 cum_wall_sec=89.5
03:48:45 | INFO    | src.training.finetune | STEP step=1150 loss=0.0142 dt_sec=0.67 cum_wall_sec=90.2
03:48:45 | INFO    | src.training.finetune | STEP step=1160 loss=0.0001 dt_sec=0.68 cum_wall_sec=90.9
03:48:46 | INFO    | src.training.finetune | STEP step=1170 loss=0.0171 dt_sec=0.67 cum_wall_sec=91.5
03:48:47 | INFO    | src.training.finetune | STEP step=1180 loss=0.0001 dt_sec=0.67 cum_wall_sec=92.2
03:48:47 | INFO    | src.training.finetune | STEP step=1190 loss=0.0008 dt_sec=0.67 cum_wall_sec=92.9
03:48:48 | INFO    | src.training.finetune | STEP step=1200 loss=0.0002 dt_sec=0.66 cum_wall_sec=93.5
03:48:51 | INFO    | src.training.finetune | STEP step=1210 loss=0.0001 dt_sec=3.05 cum_wall_sec=96.6
03:48:52 | INFO    | src.training.finetune | STEP step=1220 loss=0.0002 dt_sec=0.67 cum_wall_sec=97.3
03:48:52 | INFO    | src.training.finetune | STEP step=1230 loss=0.0239 dt_sec=0.67 cum_wall_sec=97.9
03:48:53 | INFO    | src.training.finetune | STEP step=1240 loss=0.0001 dt_sec=0.67 cum_wall_sec=98.6
03:48:54 | INFO    | src.training.finetune | STEP step=1250 loss=0.0001 dt_sec=0.67 cum_wall_sec=99.3
03:48:54 | INFO    | src.training.finetune | STEP step=1260 loss=0.0001 dt_sec=0.68 cum_wall_sec=99.9
03:48:55 | INFO    | src.training.finetune | STEP step=1270 loss=0.0001 dt_sec=0.67 cum_wall_sec=100.6
03:48:56 | INFO    | src.training.finetune | STEP step=1280 loss=0.0316 dt_sec=0.66 cum_wall_sec=101.3
03:48:56 | INFO    | src.training.finetune | STEP step=1290 loss=0.0001 dt_sec=0.68 cum_wall_sec=102.0
03:48:57 | INFO    | src.training.finetune | STEP step=1300 loss=0.0001 dt_sec=0.67 cum_wall_sec=102.6
03:48:58 | INFO    | src.training.finetune | STEP step=1310 loss=0.0001 dt_sec=0.67 cum_wall_sec=103.3
03:48:58 | INFO    | src.training.finetune | STEP step=1320 loss=0.0084 dt_sec=0.67 cum_wall_sec=104.0
03:48:59 | INFO    | src.training.finetune | STEP step=1330 loss=0.0001 dt_sec=0.67 cum_wall_sec=104.6
03:49:00 | INFO    | src.training.finetune | STEP step=1340 loss=0.0001 dt_sec=0.67 cum_wall_sec=105.3
03:49:00 | INFO    | src.training.finetune | STEP step=1350 loss=0.0001 dt_sec=0.67 cum_wall_sec=106.0
03:49:01 | INFO    | src.training.finetune | STEP step=1360 loss=0.0001 dt_sec=0.67 cum_wall_sec=106.6
03:49:02 | INFO    | src.training.finetune | STEP step=1370 loss=0.0013 dt_sec=0.66 cum_wall_sec=107.3
03:49:02 | INFO    | src.training.finetune | STEP step=1380 loss=0.0001 dt_sec=0.67 cum_wall_sec=108.0
03:49:03 | INFO    | src.training.finetune | STEP step=1390 loss=0.0001 dt_sec=0.66 cum_wall_sec=108.6
03:49:04 | INFO    | src.training.finetune | STEP step=1400 loss=0.0440 dt_sec=0.68 cum_wall_sec=109.3
03:49:08 | INFO    | src.training.finetune | STEP step=1410 loss=0.0001 dt_sec=3.96 cum_wall_sec=113.3
03:49:08 | INFO    | src.training.finetune | STEP step=1420 loss=0.0001 dt_sec=0.67 cum_wall_sec=113.9
03:49:09 | INFO    | src.training.finetune | STEP step=1430 loss=0.0001 dt_sec=0.67 cum_wall_sec=114.6
03:49:10 | INFO    | src.training.finetune | STEP step=1440 loss=0.0001 dt_sec=0.67 cum_wall_sec=115.3
03:49:10 | INFO    | src.training.finetune | STEP step=1450 loss=0.0001 dt_sec=0.67 cum_wall_sec=116.0
03:49:11 | INFO    | src.training.finetune | STEP step=1460 loss=0.0034 dt_sec=0.67 cum_wall_sec=116.6
03:49:12 | INFO    | src.training.finetune | STEP step=1470 loss=0.0138 dt_sec=0.67 cum_wall_sec=117.3
03:49:12 | INFO    | src.training.finetune | STEP step=1480 loss=0.0001 dt_sec=0.68 cum_wall_sec=118.0
03:49:13 | INFO    | src.training.finetune | STEP step=1490 loss=0.0012 dt_sec=0.66 cum_wall_sec=118.6
03:49:14 | INFO    | src.training.finetune | STEP step=1500 loss=0.0001 dt_sec=0.67 cum_wall_sec=119.3
03:49:14 | INFO    | src.training.finetune | STEP step=1510 loss=0.0001 dt_sec=0.67 cum_wall_sec=120.0
03:49:15 | INFO    | src.training.finetune | STEP step=1520 loss=0.0001 dt_sec=0.67 cum_wall_sec=120.6
03:49:16 | INFO    | src.training.finetune | STEP step=1530 loss=0.0001 dt_sec=0.67 cum_wall_sec=121.3
03:49:16 | INFO    | src.training.finetune | STEP step=1540 loss=0.0178 dt_sec=0.66 cum_wall_sec=122.0
03:49:17 | INFO    | src.training.finetune | STEP step=1550 loss=0.0001 dt_sec=0.67 cum_wall_sec=122.6
03:49:18 | INFO    | src.training.finetune | STEP step=1560 loss=0.0001 dt_sec=0.67 cum_wall_sec=123.3
03:49:18 | INFO    | src.training.finetune | STEP step=1570 loss=0.0001 dt_sec=0.67 cum_wall_sec=124.0
03:49:19 | INFO    | src.training.finetune | STEP step=1580 loss=0.0001 dt_sec=0.67 cum_wall_sec=124.7
03:49:20 | INFO    | src.training.finetune | STEP step=1590 loss=0.0001 dt_sec=0.66 cum_wall_sec=125.3
03:49:20 | INFO    | src.training.finetune | STEP step=1600 loss=0.0214 dt_sec=0.67 cum_wall_sec=126.0
03:49:23 | INFO    | src.training.finetune | STEP step=1610 loss=0.0001 dt_sec=3.06 cum_wall_sec=129.0
03:49:24 | INFO    | src.training.finetune | STEP step=1620 loss=0.0001 dt_sec=0.66 cum_wall_sec=129.7
03:49:25 | INFO    | src.training.finetune | STEP step=1630 loss=0.0001 dt_sec=0.68 cum_wall_sec=130.4
03:49:25 | INFO    | src.training.finetune | STEP step=1640 loss=0.0001 dt_sec=0.66 cum_wall_sec=131.0
03:49:26 | INFO    | src.training.finetune | STEP step=1650 loss=0.0001 dt_sec=0.67 cum_wall_sec=131.7
03:49:27 | INFO    | src.training.finetune | STEP step=1660 loss=0.0001 dt_sec=0.67 cum_wall_sec=132.4
03:49:27 | INFO    | src.training.finetune | STEP step=1670 loss=0.0001 dt_sec=0.67 cum_wall_sec=133.1
03:49:28 | INFO    | src.training.finetune | STEP step=1680 loss=0.0001 dt_sec=0.66 cum_wall_sec=133.7
03:49:29 | INFO    | src.training.finetune | STEP step=1690 loss=0.0001 dt_sec=0.67 cum_wall_sec=134.4
03:49:29 | INFO    | src.training.finetune | STEP step=1700 loss=0.0001 dt_sec=0.68 cum_wall_sec=135.1
03:49:30 | INFO    | src.training.finetune | STEP step=1710 loss=0.0001 dt_sec=0.67 cum_wall_sec=135.7
03:49:31 | INFO    | src.training.finetune | STEP step=1720 loss=0.0001 dt_sec=0.66 cum_wall_sec=136.4
03:49:31 | INFO    | src.training.finetune | STEP step=1730 loss=0.0001 dt_sec=0.68 cum_wall_sec=137.1
03:49:32 | INFO    | src.training.finetune | STEP step=1740 loss=0.0001 dt_sec=0.68 cum_wall_sec=137.8
03:49:33 | INFO    | src.training.finetune | STEP step=1750 loss=0.0001 dt_sec=0.67 cum_wall_sec=138.4
03:49:34 | INFO    | src.training.finetune | STEP step=1760 loss=0.0001 dt_sec=0.66 cum_wall_sec=139.1
03:49:34 | INFO    | src.training.finetune | STEP step=1770 loss=0.0001 dt_sec=0.68 cum_wall_sec=139.8
03:49:35 | INFO    | src.training.finetune | STEP step=1780 loss=0.0001 dt_sec=0.67 cum_wall_sec=140.4
03:49:36 | INFO    | src.training.finetune | STEP step=1790 loss=0.0001 dt_sec=0.67 cum_wall_sec=141.1
03:49:36 | INFO    | src.training.finetune | STEP step=1800 loss=0.0001 dt_sec=0.66 cum_wall_sec=141.8
03:49:39 | INFO    | src.training.finetune | STEP step=1810 loss=0.0001 dt_sec=3.30 cum_wall_sec=145.1
03:49:40 | INFO    | src.training.finetune | STEP step=1820 loss=0.0001 dt_sec=0.68 cum_wall_sec=145.8
03:49:41 | INFO    | src.training.finetune | STEP step=1830 loss=0.0001 dt_sec=0.67 cum_wall_sec=146.4
03:49:41 | INFO    | src.training.finetune | STEP step=1840 loss=0.0129 dt_sec=0.66 cum_wall_sec=147.1
03:49:42 | INFO    | src.training.finetune | STEP step=1850 loss=0.0001 dt_sec=0.68 cum_wall_sec=147.8
03:49:43 | INFO    | src.training.finetune | STEP step=1860 loss=0.0001 dt_sec=0.66 cum_wall_sec=148.4
03:49:44 | INFO    | src.training.finetune | STEP step=1870 loss=0.0001 dt_sec=0.68 cum_wall_sec=149.1
03:49:44 | INFO    | src.training.finetune | STEP step=1880 loss=0.0001 dt_sec=0.67 cum_wall_sec=149.8
03:49:45 | INFO    | src.training.finetune | STEP step=1890 loss=0.0001 dt_sec=0.66 cum_wall_sec=150.4
03:49:46 | INFO    | src.training.finetune | STEP step=1900 loss=0.0001 dt_sec=0.68 cum_wall_sec=151.1
03:49:46 | INFO    | src.training.finetune | STEP step=1910 loss=0.0001 dt_sec=0.67 cum_wall_sec=151.8
03:49:47 | INFO    | src.training.finetune | STEP step=1920 loss=0.0001 dt_sec=0.67 cum_wall_sec=152.5
03:49:48 | INFO    | src.training.finetune | STEP step=1930 loss=0.0001 dt_sec=0.68 cum_wall_sec=153.1
03:49:48 | INFO    | src.training.finetune | STEP step=1940 loss=0.0001 dt_sec=0.66 cum_wall_sec=153.8
03:49:49 | INFO    | src.training.finetune | STEP step=1950 loss=0.0001 dt_sec=0.67 cum_wall_sec=154.5
03:49:50 | INFO    | src.training.finetune | STEP step=1960 loss=0.0001 dt_sec=0.67 cum_wall_sec=155.1
03:49:50 | INFO    | src.training.finetune | STEP step=1970 loss=0.0234 dt_sec=0.67 cum_wall_sec=155.8
03:49:51 | INFO    | src.training.finetune | STEP step=1980 loss=0.0206 dt_sec=0.67 cum_wall_sec=156.5
03:49:52 | INFO    | src.training.finetune | STEP step=1990 loss=0.0001 dt_sec=0.67 cum_wall_sec=157.1
03:49:52 | INFO    | src.training.finetune | STEP step=2000 loss=0.0001 dt_sec=0.67 cum_wall_sec=157.8
03:49:55 | INFO    | src.training.finetune | STAGE=azerbaijani end ts=2026-09-09T03:49:55.816074+00:00 runtime_sec=161.5
03:49:57 | INFO    | src.training.finetune | Best checkpoint restored and verified: step 1400, val macro-F1 = 0.8118
