23:32:27 | INFO    | src.training.finetune |   [AZ mərhələsi] 500 nümunə | 2 sinif | init=baza
23:32:27 | INFO    | src.training.finetune | Task head reset: modules=['sequence_summary'] params=2050 (encoder='transformer' untouched)
23:32:27 | INFO    | src.training.finetune | STAGE=azerbaijani start ts=2026-09-08T23:32:27.636847+00:00 n=500 n_classes=2
23:32:28 | INFO    | src.training.finetune | STEP step=10 loss=3.4979 dt_sec=0.82 cum_wall_sec=0.8
23:32:29 | INFO    | src.training.finetune | STEP step=20 loss=2.6309 dt_sec=0.74 cum_wall_sec=1.6
23:32:30 | INFO    | src.training.finetune | STEP step=30 loss=2.4509 dt_sec=0.74 cum_wall_sec=2.3
23:32:31 | INFO    | src.training.finetune | STEP step=40 loss=2.2432 dt_sec=0.75 cum_wall_sec=3.1
23:32:31 | INFO    | src.training.finetune | STEP step=50 loss=1.5855 dt_sec=0.75 cum_wall_sec=3.8
23:32:32 | INFO    | src.training.finetune | STEP step=60 loss=2.0252 dt_sec=0.74 cum_wall_sec=4.5
23:32:33 | INFO    | src.training.finetune | STEP step=70 loss=1.8818 dt_sec=0.75 cum_wall_sec=5.3
23:32:34 | INFO    | src.training.finetune | STEP step=80 loss=1.1951 dt_sec=0.74 cum_wall_sec=6.0
23:32:34 | INFO    | src.training.finetune | STEP step=90 loss=1.5325 dt_sec=0.74 cum_wall_sec=6.8
23:32:35 | INFO    | src.training.finetune | STEP step=100 loss=1.2053 dt_sec=0.74 cum_wall_sec=7.5
23:32:36 | INFO    | src.training.finetune | STEP step=110 loss=1.1697 dt_sec=0.75 cum_wall_sec=8.3
23:32:37 | INFO    | src.training.finetune | STEP step=120 loss=1.4371 dt_sec=0.75 cum_wall_sec=9.0
23:32:37 | INFO    | src.training.finetune | STEP step=130 loss=1.3953 dt_sec=0.74 cum_wall_sec=9.8
23:32:38 | INFO    | src.training.finetune | STEP step=140 loss=1.3004 dt_sec=0.75 cum_wall_sec=10.5
23:32:39 | INFO    | src.training.finetune | STEP step=150 loss=1.4183 dt_sec=0.74 cum_wall_sec=11.2
23:32:40 | INFO    | src.training.finetune | STEP step=160 loss=1.2853 dt_sec=0.75 cum_wall_sec=12.0
23:32:40 | INFO    | src.training.finetune | STEP step=170 loss=1.1166 dt_sec=0.75 cum_wall_sec=12.7
23:32:41 | INFO    | src.training.finetune | STEP step=180 loss=1.1895 dt_sec=0.74 cum_wall_sec=13.5
23:32:42 | INFO    | src.training.finetune | STEP step=190 loss=1.0756 dt_sec=0.74 cum_wall_sec=14.2
23:32:43 | INFO    | src.training.finetune | STEP step=200 loss=1.0828 dt_sec=0.73 cum_wall_sec=15.0
23:32:46 | INFO    | src.training.finetune | STEP step=210 loss=1.1814 dt_sec=3.08 cum_wall_sec=18.0
23:32:46 | INFO    | src.training.finetune | STEP step=220 loss=0.8542 dt_sec=0.75 cum_wall_sec=18.8
23:32:47 | INFO    | src.training.finetune | STEP step=230 loss=0.9501 dt_sec=0.73 cum_wall_sec=19.5
23:32:48 | INFO    | src.training.finetune | STEP step=240 loss=0.8680 dt_sec=0.76 cum_wall_sec=20.3
23:32:49 | INFO    | src.training.finetune | STEP step=250 loss=0.8568 dt_sec=0.75 cum_wall_sec=21.0
23:32:49 | INFO    | src.training.finetune | STEP step=260 loss=0.8732 dt_sec=0.74 cum_wall_sec=21.8
23:32:50 | INFO    | src.training.finetune | STEP step=270 loss=0.8666 dt_sec=0.75 cum_wall_sec=22.5
23:32:51 | INFO    | src.training.finetune | STEP step=280 loss=0.8889 dt_sec=0.74 cum_wall_sec=23.2
23:32:52 | INFO    | src.training.finetune | STEP step=290 loss=0.8318 dt_sec=0.75 cum_wall_sec=24.0
23:32:52 | INFO    | src.training.finetune | STEP step=300 loss=0.9511 dt_sec=0.74 cum_wall_sec=24.7
23:32:53 | INFO    | src.training.finetune | STEP step=310 loss=0.7935 dt_sec=0.75 cum_wall_sec=25.5
23:32:54 | INFO    | src.training.finetune | STEP step=320 loss=0.9529 dt_sec=0.75 cum_wall_sec=26.2
23:32:55 | INFO    | src.training.finetune | STEP step=330 loss=0.8340 dt_sec=0.75 cum_wall_sec=27.0
23:32:55 | INFO    | src.training.finetune | STEP step=340 loss=0.8917 dt_sec=0.75 cum_wall_sec=27.7
23:32:56 | INFO    | src.training.finetune | STEP step=350 loss=0.8126 dt_sec=0.74 cum_wall_sec=28.5
23:32:57 | INFO    | src.training.finetune | STEP step=360 loss=0.7899 dt_sec=0.74 cum_wall_sec=29.2
23:32:58 | INFO    | src.training.finetune | STEP step=370 loss=0.8631 dt_sec=0.76 cum_wall_sec=30.0
23:32:58 | INFO    | src.training.finetune | STEP step=380 loss=0.8562 dt_sec=0.74 cum_wall_sec=30.7
23:32:59 | INFO    | src.training.finetune | STEP step=390 loss=0.7682 dt_sec=0.73 cum_wall_sec=31.5
23:33:00 | INFO    | src.training.finetune | STEP step=400 loss=0.8316 dt_sec=0.75 cum_wall_sec=32.2
23:33:03 | INFO    | src.training.finetune | STEP step=410 loss=0.8265 dt_sec=3.09 cum_wall_sec=35.3
23:33:04 | INFO    | src.training.finetune | STEP step=420 loss=0.7904 dt_sec=0.74 cum_wall_sec=36.0
23:33:04 | INFO    | src.training.finetune | STEP step=430 loss=0.8277 dt_sec=0.75 cum_wall_sec=36.8
23:33:05 | INFO    | src.training.finetune | STEP step=440 loss=0.7717 dt_sec=0.74 cum_wall_sec=37.5
23:33:06 | INFO    | src.training.finetune | STEP step=450 loss=0.8245 dt_sec=0.75 cum_wall_sec=38.3
23:33:07 | INFO    | src.training.finetune | STEP step=460 loss=0.8470 dt_sec=0.74 cum_wall_sec=39.0
23:33:07 | INFO    | src.training.finetune | STEP step=470 loss=0.7689 dt_sec=0.78 cum_wall_sec=39.8
23:33:08 | INFO    | src.training.finetune | STEP step=480 loss=0.7819 dt_sec=0.75 cum_wall_sec=40.5
23:33:09 | INFO    | src.training.finetune | STEP step=490 loss=0.9270 dt_sec=0.75 cum_wall_sec=41.3
23:33:10 | INFO    | src.training.finetune | STEP step=500 loss=0.7771 dt_sec=0.73 cum_wall_sec=42.0
23:33:10 | INFO    | src.training.finetune | STEP step=510 loss=0.9029 dt_sec=0.74 cum_wall_sec=42.8
23:33:11 | INFO    | src.training.finetune | STEP step=520 loss=0.8413 dt_sec=0.75 cum_wall_sec=43.5
23:33:12 | INFO    | src.training.finetune | STEP step=530 loss=0.7401 dt_sec=0.74 cum_wall_sec=44.3
23:33:13 | INFO    | src.training.finetune | STEP step=540 loss=0.7836 dt_sec=0.74 cum_wall_sec=45.0
23:33:13 | INFO    | src.training.finetune | STEP step=550 loss=0.7566 dt_sec=0.74 cum_wall_sec=45.7
23:33:14 | INFO    | src.training.finetune | STEP step=560 loss=0.7672 dt_sec=0.73 cum_wall_sec=46.5
23:33:15 | INFO    | src.training.finetune | STEP step=570 loss=0.7940 dt_sec=0.75 cum_wall_sec=47.2
23:33:16 | INFO    | src.training.finetune | STEP step=580 loss=0.8013 dt_sec=0.75 cum_wall_sec=48.0
23:33:16 | INFO    | src.training.finetune | STEP step=590 loss=0.7405 dt_sec=0.74 cum_wall_sec=48.7
23:33:17 | INFO    | src.training.finetune | STEP step=600 loss=0.7729 dt_sec=0.75 cum_wall_sec=49.5
23:33:20 | INFO    | src.training.finetune | STEP step=610 loss=0.7221 dt_sec=3.28 cum_wall_sec=52.7
23:33:21 | INFO    | src.training.finetune | STEP step=620 loss=0.7893 dt_sec=0.75 cum_wall_sec=53.5
23:33:22 | INFO    | src.training.finetune | STEP step=630 loss=0.7905 dt_sec=0.76 cum_wall_sec=54.2
23:33:23 | INFO    | src.training.finetune | STEP step=640 loss=0.7311 dt_sec=0.74 cum_wall_sec=55.0
23:33:23 | INFO    | src.training.finetune | STEP step=650 loss=0.7393 dt_sec=0.75 cum_wall_sec=55.7
23:33:24 | INFO    | src.training.finetune | STEP step=660 loss=0.7832 dt_sec=0.74 cum_wall_sec=56.5
23:33:25 | INFO    | src.training.finetune | STEP step=670 loss=0.7648 dt_sec=0.75 cum_wall_sec=57.2
23:33:26 | INFO    | src.training.finetune | STEP step=680 loss=0.7347 dt_sec=0.75 cum_wall_sec=58.0
23:33:26 | INFO    | src.training.finetune | STEP step=690 loss=0.7764 dt_sec=0.74 cum_wall_sec=58.7
23:33:27 | INFO    | src.training.finetune | STEP step=700 loss=0.7894 dt_sec=0.75 cum_wall_sec=59.4
23:33:28 | INFO    | src.training.finetune | STEP step=710 loss=0.7498 dt_sec=0.74 cum_wall_sec=60.2
23:33:29 | INFO    | src.training.finetune | STEP step=720 loss=0.7420 dt_sec=0.76 cum_wall_sec=60.9
23:33:29 | INFO    | src.training.finetune | STEP step=730 loss=0.7354 dt_sec=0.76 cum_wall_sec=61.7
23:33:30 | INFO    | src.training.finetune | STEP step=740 loss=0.7319 dt_sec=0.74 cum_wall_sec=62.4
23:33:31 | INFO    | src.training.finetune | STEP step=750 loss=0.7253 dt_sec=0.74 cum_wall_sec=63.2
23:33:32 | INFO    | src.training.finetune | STEP step=760 loss=0.7387 dt_sec=0.74 cum_wall_sec=63.9
23:33:32 | INFO    | src.training.finetune | STEP step=770 loss=0.7141 dt_sec=0.74 cum_wall_sec=64.7
23:33:33 | INFO    | src.training.finetune | STEP step=780 loss=0.7580 dt_sec=0.75 cum_wall_sec=65.4
23:33:34 | INFO    | src.training.finetune | STEP step=790 loss=0.7726 dt_sec=0.74 cum_wall_sec=66.1
23:33:35 | INFO    | src.training.finetune | STEP step=800 loss=0.7010 dt_sec=0.76 cum_wall_sec=66.9
23:33:38 | INFO    | src.training.finetune | STEP step=810 loss=0.7459 dt_sec=3.17 cum_wall_sec=70.1
23:33:38 | INFO    | src.training.finetune | STEP step=820 loss=0.7521 dt_sec=0.77 cum_wall_sec=70.8
23:33:39 | INFO    | src.training.finetune | STEP step=830 loss=0.7072 dt_sec=0.77 cum_wall_sec=71.6
23:33:40 | INFO    | src.training.finetune | STEP step=840 loss=0.7672 dt_sec=0.77 cum_wall_sec=72.4
23:33:41 | INFO    | src.training.finetune | STEP step=850 loss=0.7444 dt_sec=0.77 cum_wall_sec=73.2
23:33:42 | INFO    | src.training.finetune | STEP step=860 loss=0.7274 dt_sec=0.78 cum_wall_sec=73.9
23:33:42 | INFO    | src.training.finetune | STEP step=870 loss=0.7170 dt_sec=0.76 cum_wall_sec=74.7
23:33:43 | INFO    | src.training.finetune | STEP step=880 loss=0.7391 dt_sec=0.79 cum_wall_sec=75.5
23:33:44 | INFO    | src.training.finetune | STEP step=890 loss=0.7152 dt_sec=0.77 cum_wall_sec=76.2
23:33:45 | INFO    | src.training.finetune | STEP step=900 loss=0.7361 dt_sec=0.79 cum_wall_sec=77.0
23:33:45 | INFO    | src.training.finetune | STEP step=910 loss=0.7525 dt_sec=0.76 cum_wall_sec=77.8
23:33:46 | INFO    | src.training.finetune | STEP step=920 loss=0.7605 dt_sec=0.78 cum_wall_sec=78.6
23:33:47 | INFO    | src.training.finetune | STEP step=930 loss=0.7477 dt_sec=0.76 cum_wall_sec=79.3
23:33:48 | INFO    | src.training.finetune | STEP step=940 loss=0.7243 dt_sec=0.79 cum_wall_sec=80.1
23:33:49 | INFO    | src.training.finetune | STEP step=950 loss=0.7549 dt_sec=0.76 cum_wall_sec=80.9
23:33:49 | INFO    | src.training.finetune | STEP step=960 loss=0.7234 dt_sec=0.78 cum_wall_sec=81.7
23:33:50 | INFO    | src.training.finetune | STEP step=970 loss=0.7416 dt_sec=0.79 cum_wall_sec=82.5
23:33:51 | INFO    | src.training.finetune | STEP step=980 loss=0.7308 dt_sec=0.77 cum_wall_sec=83.2
23:33:52 | INFO    | src.training.finetune | STEP step=990 loss=0.7288 dt_sec=0.77 cum_wall_sec=84.0
23:33:52 | INFO    | src.training.finetune | STEP step=1000 loss=0.7652 dt_sec=0.78 cum_wall_sec=84.8
23:33:56 | INFO    | src.training.finetune | STEP step=1010 loss=0.7411 dt_sec=3.17 cum_wall_sec=88.0
23:33:56 | INFO    | src.training.finetune | STEP step=1020 loss=0.7725 dt_sec=0.77 cum_wall_sec=88.7
23:33:57 | INFO    | src.training.finetune | STEP step=1030 loss=0.7023 dt_sec=0.77 cum_wall_sec=89.5
23:33:58 | INFO    | src.training.finetune | STEP step=1040 loss=0.7169 dt_sec=0.77 cum_wall_sec=90.3
23:33:59 | INFO    | src.training.finetune | STEP step=1050 loss=0.7092 dt_sec=0.79 cum_wall_sec=91.1
23:33:59 | INFO    | src.training.finetune | STEP step=1060 loss=0.7432 dt_sec=0.77 cum_wall_sec=91.8
23:34:00 | INFO    | src.training.finetune | STEP step=1070 loss=0.7178 dt_sec=0.77 cum_wall_sec=92.6
23:34:01 | INFO    | src.training.finetune | STEP step=1080 loss=0.7295 dt_sec=0.76 cum_wall_sec=93.4
23:34:02 | INFO    | src.training.finetune | STEP step=1090 loss=0.7172 dt_sec=0.77 cum_wall_sec=94.1
23:34:03 | INFO    | src.training.finetune | STEP step=1100 loss=0.7262 dt_sec=0.77 cum_wall_sec=94.9
23:34:03 | INFO    | src.training.finetune | STEP step=1110 loss=0.7097 dt_sec=0.79 cum_wall_sec=95.7
23:34:04 | INFO    | src.training.finetune | STEP step=1120 loss=0.7019 dt_sec=0.77 cum_wall_sec=96.5
23:34:05 | INFO    | src.training.finetune | STEP step=1130 loss=0.7119 dt_sec=0.78 cum_wall_sec=97.2
23:34:06 | INFO    | src.training.finetune | STEP step=1140 loss=0.7117 dt_sec=0.76 cum_wall_sec=98.0
23:34:06 | INFO    | src.training.finetune | STEP step=1150 loss=0.7165 dt_sec=0.78 cum_wall_sec=98.8
23:34:07 | INFO    | src.training.finetune | STEP step=1160 loss=0.7120 dt_sec=0.77 cum_wall_sec=99.6
23:34:08 | INFO    | src.training.finetune | STEP step=1170 loss=0.7250 dt_sec=0.78 cum_wall_sec=100.3
23:34:09 | INFO    | src.training.finetune | STEP step=1180 loss=0.7177 dt_sec=0.78 cum_wall_sec=101.1
23:34:10 | INFO    | src.training.finetune | STEP step=1190 loss=0.7073 dt_sec=0.77 cum_wall_sec=101.9
23:34:10 | INFO    | src.training.finetune | STEP step=1200 loss=0.7169 dt_sec=0.76 cum_wall_sec=102.6
23:34:14 | INFO    | src.training.finetune | STEP step=1210 loss=0.7289 dt_sec=3.92 cum_wall_sec=106.6
23:34:15 | INFO    | src.training.finetune | STEP step=1220 loss=0.7141 dt_sec=0.75 cum_wall_sec=107.3
23:34:16 | INFO    | src.training.finetune | STEP step=1230 loss=0.7039 dt_sec=0.78 cum_wall_sec=108.1
23:34:16 | INFO    | src.training.finetune | STEP step=1240 loss=0.7052 dt_sec=0.77 cum_wall_sec=108.9
23:34:17 | INFO    | src.training.finetune | STEP step=1250 loss=0.7249 dt_sec=0.78 cum_wall_sec=109.6
23:34:18 | INFO    | src.training.finetune | STEP step=1260 loss=0.7500 dt_sec=0.78 cum_wall_sec=110.4
23:34:19 | INFO    | src.training.finetune | STEP step=1270 loss=0.7156 dt_sec=0.78 cum_wall_sec=111.2
23:34:20 | INFO    | src.training.finetune | STEP step=1280 loss=0.7061 dt_sec=0.76 cum_wall_sec=112.0
23:34:20 | INFO    | src.training.finetune | STEP step=1290 loss=0.7290 dt_sec=0.76 cum_wall_sec=112.7
23:34:21 | INFO    | src.training.finetune | STEP step=1300 loss=0.7261 dt_sec=0.78 cum_wall_sec=113.5
23:34:22 | INFO    | src.training.finetune | STEP step=1310 loss=0.7224 dt_sec=0.78 cum_wall_sec=114.3
23:34:23 | INFO    | src.training.finetune | STEP step=1320 loss=0.7312 dt_sec=0.76 cum_wall_sec=115.1
23:34:23 | INFO    | src.training.finetune | STEP step=1330 loss=0.7205 dt_sec=0.78 cum_wall_sec=115.8
23:34:24 | INFO    | src.training.finetune | STEP step=1340 loss=0.7409 dt_sec=0.78 cum_wall_sec=116.6
23:34:25 | INFO    | src.training.finetune | STEP step=1350 loss=0.7193 dt_sec=0.78 cum_wall_sec=117.4
23:34:26 | INFO    | src.training.finetune | STEP step=1360 loss=0.7495 dt_sec=0.77 cum_wall_sec=118.2
23:34:27 | INFO    | src.training.finetune | STEP step=1370 loss=0.7408 dt_sec=0.78 cum_wall_sec=118.9
23:34:27 | INFO    | src.training.finetune | STEP step=1380 loss=0.7552 dt_sec=0.76 cum_wall_sec=119.7
23:34:28 | INFO    | src.training.finetune | STEP step=1390 loss=0.7091 dt_sec=0.77 cum_wall_sec=120.5
23:34:29 | INFO    | src.training.finetune | STEP step=1400 loss=0.7213 dt_sec=0.77 cum_wall_sec=121.2
23:34:32 | INFO    | src.training.finetune | STEP step=1410 loss=0.7070 dt_sec=3.20 cum_wall_sec=124.4
23:34:33 | INFO    | src.training.finetune | STEP step=1420 loss=0.7447 dt_sec=0.77 cum_wall_sec=125.2
23:34:34 | INFO    | src.training.finetune | STEP step=1430 loss=0.7138 dt_sec=0.78 cum_wall_sec=126.0
23:34:34 | INFO    | src.training.finetune | STEP step=1440 loss=0.7163 dt_sec=0.76 cum_wall_sec=126.8
23:34:35 | INFO    | src.training.finetune | STEP step=1450 loss=0.7218 dt_sec=0.78 cum_wall_sec=127.5
23:34:36 | INFO    | src.training.finetune | STEP step=1460 loss=0.7323 dt_sec=0.78 cum_wall_sec=128.3
23:34:37 | INFO    | src.training.finetune | STEP step=1470 loss=0.7381 dt_sec=0.78 cum_wall_sec=129.1
23:34:37 | INFO    | src.training.finetune | STEP step=1480 loss=0.7251 dt_sec=0.78 cum_wall_sec=129.9
23:34:38 | INFO    | src.training.finetune | STEP step=1490 loss=0.6984 dt_sec=0.77 cum_wall_sec=130.6
23:34:39 | INFO    | src.training.finetune | STEP step=1500 loss=0.7237 dt_sec=0.78 cum_wall_sec=131.4
23:34:40 | INFO    | src.training.finetune | STEP step=1510 loss=0.7087 dt_sec=0.77 cum_wall_sec=132.2
23:34:41 | INFO    | src.training.finetune | STEP step=1520 loss=0.6868 dt_sec=0.77 cum_wall_sec=133.0
23:34:41 | INFO    | src.training.finetune | STEP step=1530 loss=0.7170 dt_sec=0.79 cum_wall_sec=133.7
23:34:42 | INFO    | src.training.finetune | STEP step=1540 loss=0.7175 dt_sec=0.77 cum_wall_sec=134.5
23:34:43 | INFO    | src.training.finetune | STEP step=1550 loss=0.7097 dt_sec=0.77 cum_wall_sec=135.3
23:34:44 | INFO    | src.training.finetune | STEP step=1560 loss=0.6966 dt_sec=0.79 cum_wall_sec=136.1
23:34:44 | INFO    | src.training.finetune | STEP step=1570 loss=0.7142 dt_sec=0.76 cum_wall_sec=136.8
23:34:45 | INFO    | src.training.finetune | STEP step=1580 loss=0.7186 dt_sec=0.78 cum_wall_sec=137.6
23:34:46 | INFO    | src.training.finetune | STEP step=1590 loss=0.7222 dt_sec=0.78 cum_wall_sec=138.4
23:34:47 | INFO    | src.training.finetune | STEP step=1600 loss=0.6923 dt_sec=0.77 cum_wall_sec=139.2
23:34:50 | INFO    | src.training.finetune | STEP step=1610 loss=0.7323 dt_sec=3.30 cum_wall_sec=142.5
23:34:51 | INFO    | src.training.finetune | STEP step=1620 loss=0.6994 dt_sec=0.78 cum_wall_sec=143.2
23:34:52 | INFO    | src.training.finetune | STEP step=1630 loss=0.7151 dt_sec=0.77 cum_wall_sec=144.0
23:34:52 | INFO    | src.training.finetune | STEP step=1640 loss=0.7046 dt_sec=0.77 cum_wall_sec=144.8
23:34:53 | INFO    | src.training.finetune | STEP step=1650 loss=0.7295 dt_sec=0.78 cum_wall_sec=145.6
23:34:54 | INFO    | src.training.finetune | STEP step=1660 loss=0.6933 dt_sec=0.77 cum_wall_sec=146.3
23:34:55 | INFO    | src.training.finetune | STEP step=1670 loss=0.7024 dt_sec=0.77 cum_wall_sec=147.1
23:34:56 | INFO    | src.training.finetune | STEP step=1680 loss=0.7286 dt_sec=0.77 cum_wall_sec=147.9
23:34:56 | INFO    | src.training.finetune | STEP step=1690 loss=0.7087 dt_sec=0.77 cum_wall_sec=148.6
23:34:57 | INFO    | src.training.finetune | STEP step=1700 loss=0.7151 dt_sec=0.79 cum_wall_sec=149.4
23:34:58 | INFO    | src.training.finetune | STEP step=1710 loss=0.7051 dt_sec=0.77 cum_wall_sec=150.2
23:34:59 | INFO    | src.training.finetune | STEP step=1720 loss=0.6933 dt_sec=0.77 cum_wall_sec=151.0
23:34:59 | INFO    | src.training.finetune | STEP step=1730 loss=0.7194 dt_sec=0.78 cum_wall_sec=151.7
23:35:00 | INFO    | src.training.finetune | STEP step=1740 loss=0.7011 dt_sec=0.77 cum_wall_sec=152.5
23:35:01 | INFO    | src.training.finetune | STEP step=1750 loss=0.7161 dt_sec=0.77 cum_wall_sec=153.3
23:35:02 | INFO    | src.training.finetune | STEP step=1760 loss=0.6975 dt_sec=0.78 cum_wall_sec=154.1
23:35:02 | INFO    | src.training.finetune | STEP step=1770 loss=0.7069 dt_sec=0.78 cum_wall_sec=154.8
23:35:03 | INFO    | src.training.finetune | STEP step=1780 loss=0.7047 dt_sec=0.74 cum_wall_sec=155.6
23:35:04 | INFO    | src.training.finetune | STEP step=1790 loss=0.7147 dt_sec=0.74 cum_wall_sec=156.3
23:35:05 | INFO    | src.training.finetune | STEP step=1800 loss=0.7052 dt_sec=0.74 cum_wall_sec=157.1
23:35:08 | INFO    | src.training.finetune | STEP step=1810 loss=0.7247 dt_sec=3.14 cum_wall_sec=160.2
23:35:09 | INFO    | src.training.finetune | STEP step=1820 loss=0.6989 dt_sec=0.74 cum_wall_sec=160.9
23:35:09 | INFO    | src.training.finetune | STEP step=1830 loss=0.6988 dt_sec=0.74 cum_wall_sec=161.7
23:35:10 | INFO    | src.training.finetune | STEP step=1840 loss=0.6917 dt_sec=0.75 cum_wall_sec=162.4
23:35:11 | INFO    | src.training.finetune | STEP step=1850 loss=0.7093 dt_sec=0.74 cum_wall_sec=163.2
23:35:12 | INFO    | src.training.finetune | STEP step=1860 loss=0.7193 dt_sec=0.75 cum_wall_sec=163.9
23:35:12 | INFO    | src.training.finetune | STEP step=1870 loss=0.7192 dt_sec=0.75 cum_wall_sec=164.7
23:35:13 | INFO    | src.training.finetune | STEP step=1880 loss=0.7066 dt_sec=0.73 cum_wall_sec=165.4
23:35:14 | INFO    | src.training.finetune | STEP step=1890 loss=0.7147 dt_sec=0.75 cum_wall_sec=166.2
23:35:15 | INFO    | src.training.finetune | STEP step=1900 loss=0.7107 dt_sec=0.75 cum_wall_sec=166.9
23:35:15 | INFO    | src.training.finetune | STEP step=1910 loss=0.7051 dt_sec=0.74 cum_wall_sec=167.6
23:35:16 | INFO    | src.training.finetune | STEP step=1920 loss=0.7310 dt_sec=0.74 cum_wall_sec=168.4
23:35:17 | INFO    | src.training.finetune | STEP step=1930 loss=0.6999 dt_sec=0.76 cum_wall_sec=169.2
23:35:18 | INFO    | src.training.finetune | STEP step=1940 loss=0.7032 dt_sec=0.74 cum_wall_sec=169.9
23:35:18 | INFO    | src.training.finetune | STEP step=1950 loss=0.7088 dt_sec=0.73 cum_wall_sec=170.6
23:35:19 | INFO    | src.training.finetune | STEP step=1960 loss=0.7073 dt_sec=0.76 cum_wall_sec=171.4
23:35:20 | INFO    | src.training.finetune | STEP step=1970 loss=0.6954 dt_sec=0.74 cum_wall_sec=172.1
23:35:20 | INFO    | src.training.finetune | STEP step=1980 loss=0.7051 dt_sec=0.75 cum_wall_sec=172.9
23:35:21 | INFO    | src.training.finetune | STEP step=1990 loss=0.7112 dt_sec=0.73 cum_wall_sec=173.6
23:35:22 | INFO    | src.training.finetune | STEP step=2000 loss=0.7267 dt_sec=0.74 cum_wall_sec=174.3
23:35:25 | INFO    | src.training.finetune | STAGE=azerbaijani end ts=2026-09-08T23:35:25.213037+00:00 runtime_sec=177.6
23:35:26 | INFO    | src.training.finetune | Best checkpoint restored and verified: step 200, val macro-F1 = 0.3334
