21:06:32 | INFO    | src.training.finetune | STAGE=turkish_intermediate cache_hit=true ts=2026-09-08T21:06:32.508760+00:00 path=artifacts/tr_stage_cache/base=xlm15__tok=omp__tr=real__seed=2024__849fe4b97186040c
21:06:32 | INFO    | src.training.finetune |   [AZ mərhələsi] 2000 nümunə | 2 sinif | init=TR checkpoint
21:06:32 | INFO    | src.training.finetune | Task head reset: modules=['sequence_summary'] params=2050 (encoder='transformer' untouched)
21:06:32 | INFO    | src.training.finetune | STAGE=azerbaijani start ts=2026-09-08T21:06:32.571853+00:00 n=2000 n_classes=2
21:06:34 | INFO    | src.training.finetune | STEP step=10 loss=2.0749 dt_sec=0.82 cum_wall_sec=0.8
21:06:34 | INFO    | src.training.finetune | STEP step=20 loss=1.1189 dt_sec=0.75 cum_wall_sec=1.6
21:06:35 | INFO    | src.training.finetune | STEP step=30 loss=0.9799 dt_sec=0.74 cum_wall_sec=2.3
21:06:36 | INFO    | src.training.finetune | STEP step=40 loss=1.0812 dt_sec=0.76 cum_wall_sec=3.1
21:06:37 | INFO    | src.training.finetune | STEP step=50 loss=1.0777 dt_sec=0.75 cum_wall_sec=3.8
21:06:37 | INFO    | src.training.finetune | STEP step=60 loss=0.9862 dt_sec=0.75 cum_wall_sec=4.6
21:06:38 | INFO    | src.training.finetune | STEP step=70 loss=1.2058 dt_sec=0.74 cum_wall_sec=5.3
21:06:39 | INFO    | src.training.finetune | STEP step=80 loss=1.1486 dt_sec=0.74 cum_wall_sec=6.1
21:06:40 | INFO    | src.training.finetune | STEP step=90 loss=1.0579 dt_sec=0.75 cum_wall_sec=6.8
21:06:40 | INFO    | src.training.finetune | STEP step=100 loss=1.1490 dt_sec=0.76 cum_wall_sec=7.6
21:06:41 | INFO    | src.training.finetune | STEP step=110 loss=1.1877 dt_sec=0.75 cum_wall_sec=8.3
21:06:42 | INFO    | src.training.finetune | STEP step=120 loss=0.9153 dt_sec=0.75 cum_wall_sec=9.1
21:06:43 | INFO    | src.training.finetune | STEP step=130 loss=0.9745 dt_sec=0.75 cum_wall_sec=9.8
21:06:43 | INFO    | src.training.finetune | STEP step=140 loss=1.3586 dt_sec=0.73 cum_wall_sec=10.6
21:06:44 | INFO    | src.training.finetune | STEP step=150 loss=1.1594 dt_sec=0.75 cum_wall_sec=11.3
21:06:45 | INFO    | src.training.finetune | STEP step=160 loss=1.0251 dt_sec=0.76 cum_wall_sec=12.1
21:06:46 | INFO    | src.training.finetune | STEP step=170 loss=1.0405 dt_sec=0.75 cum_wall_sec=12.8
21:06:46 | INFO    | src.training.finetune | STEP step=180 loss=1.1382 dt_sec=0.76 cum_wall_sec=13.6
21:06:47 | INFO    | src.training.finetune | STEP step=190 loss=1.2210 dt_sec=0.75 cum_wall_sec=14.3
21:06:48 | INFO    | src.training.finetune | STEP step=200 loss=1.1863 dt_sec=0.75 cum_wall_sec=15.1
21:06:51 | INFO    | src.training.finetune | STEP step=210 loss=0.9585 dt_sec=3.02 cum_wall_sec=18.1
21:06:52 | INFO    | src.training.finetune | STEP step=220 loss=1.0720 dt_sec=0.74 cum_wall_sec=18.8
21:06:52 | INFO    | src.training.finetune | STEP step=230 loss=0.8289 dt_sec=0.75 cum_wall_sec=19.6
21:06:53 | INFO    | src.training.finetune | STEP step=240 loss=1.0857 dt_sec=0.76 cum_wall_sec=20.3
21:06:54 | INFO    | src.training.finetune | STEP step=250 loss=0.9721 dt_sec=0.75 cum_wall_sec=21.1
21:06:55 | INFO    | src.training.finetune | STEP step=260 loss=1.1398 dt_sec=0.75 cum_wall_sec=21.8
21:06:55 | INFO    | src.training.finetune | STEP step=270 loss=0.6921 dt_sec=0.73 cum_wall_sec=22.6
21:06:56 | INFO    | src.training.finetune | STEP step=280 loss=0.7149 dt_sec=0.74 cum_wall_sec=23.3
21:06:57 | INFO    | src.training.finetune | STEP step=290 loss=0.7681 dt_sec=0.76 cum_wall_sec=24.1
21:06:58 | INFO    | src.training.finetune | STEP step=300 loss=0.8824 dt_sec=0.76 cum_wall_sec=24.8
21:06:58 | INFO    | src.training.finetune | STEP step=310 loss=0.6692 dt_sec=0.75 cum_wall_sec=25.6
21:06:59 | INFO    | src.training.finetune | STEP step=320 loss=0.6849 dt_sec=0.74 cum_wall_sec=26.3
21:07:00 | INFO    | src.training.finetune | STEP step=330 loss=0.5534 dt_sec=0.77 cum_wall_sec=27.1
21:07:01 | INFO    | src.training.finetune | STEP step=340 loss=0.4711 dt_sec=0.74 cum_wall_sec=27.8
21:07:01 | INFO    | src.training.finetune | STEP step=350 loss=0.4520 dt_sec=0.76 cum_wall_sec=28.6
21:07:02 | INFO    | src.training.finetune | STEP step=360 loss=0.5135 dt_sec=0.76 cum_wall_sec=29.3
21:07:03 | INFO    | src.training.finetune | STEP step=370 loss=0.5433 dt_sec=0.75 cum_wall_sec=30.1
21:07:04 | INFO    | src.training.finetune | STEP step=380 loss=0.3787 dt_sec=0.74 cum_wall_sec=30.8
21:07:04 | INFO    | src.training.finetune | STEP step=390 loss=0.2632 dt_sec=0.74 cum_wall_sec=31.6
21:07:05 | INFO    | src.training.finetune | STEP step=400 loss=0.3577 dt_sec=0.76 cum_wall_sec=32.3
21:07:08 | INFO    | src.training.finetune | STEP step=410 loss=0.2440 dt_sec=3.19 cum_wall_sec=35.5
21:07:09 | INFO    | src.training.finetune | STEP step=420 loss=0.3357 dt_sec=0.76 cum_wall_sec=36.3
21:07:10 | INFO    | src.training.finetune | STEP step=430 loss=0.2971 dt_sec=0.74 cum_wall_sec=37.0
21:07:11 | INFO    | src.training.finetune | STEP step=440 loss=0.3059 dt_sec=0.74 cum_wall_sec=37.8
21:07:11 | INFO    | src.training.finetune | STEP step=450 loss=0.0921 dt_sec=0.75 cum_wall_sec=38.5
21:07:12 | INFO    | src.training.finetune | STEP step=460 loss=0.3530 dt_sec=0.74 cum_wall_sec=39.3
21:07:13 | INFO    | src.training.finetune | STEP step=470 loss=0.7054 dt_sec=0.74 cum_wall_sec=40.0
21:07:13 | INFO    | src.training.finetune | STEP step=480 loss=0.3311 dt_sec=0.75 cum_wall_sec=40.7
21:07:14 | INFO    | src.training.finetune | STEP step=490 loss=0.2582 dt_sec=0.75 cum_wall_sec=41.5
21:07:15 | INFO    | src.training.finetune | STEP step=500 loss=0.2589 dt_sec=0.77 cum_wall_sec=42.3
21:07:16 | INFO    | src.training.finetune | STEP step=510 loss=0.2529 dt_sec=0.74 cum_wall_sec=43.0
21:07:16 | INFO    | src.training.finetune | STEP step=520 loss=0.1769 dt_sec=0.75 cum_wall_sec=43.7
21:07:17 | INFO    | src.training.finetune | STEP step=530 loss=0.3275 dt_sec=0.75 cum_wall_sec=44.5
21:07:18 | INFO    | src.training.finetune | STEP step=540 loss=0.1271 dt_sec=0.75 cum_wall_sec=45.2
21:07:19 | INFO    | src.training.finetune | STEP step=550 loss=0.0728 dt_sec=0.75 cum_wall_sec=46.0
21:07:20 | INFO    | src.training.finetune | STEP step=560 loss=0.3672 dt_sec=0.75 cum_wall_sec=46.8
21:07:20 | INFO    | src.training.finetune | STEP step=570 loss=0.1962 dt_sec=0.74 cum_wall_sec=47.5
21:07:21 | INFO    | src.training.finetune | STEP step=580 loss=0.2700 dt_sec=0.75 cum_wall_sec=48.2
21:07:22 | INFO    | src.training.finetune | STEP step=590 loss=0.1858 dt_sec=0.75 cum_wall_sec=49.0
21:07:22 | INFO    | src.training.finetune | STEP step=600 loss=0.1842 dt_sec=0.74 cum_wall_sec=49.7
21:07:26 | INFO    | src.training.finetune | STEP step=610 loss=0.0882 dt_sec=3.21 cum_wall_sec=52.9
21:07:26 | INFO    | src.training.finetune | STEP step=620 loss=0.0782 dt_sec=0.75 cum_wall_sec=53.7
21:07:27 | INFO    | src.training.finetune | STEP step=630 loss=0.1388 dt_sec=0.76 cum_wall_sec=54.4
21:07:28 | INFO    | src.training.finetune | STEP step=640 loss=0.0897 dt_sec=0.76 cum_wall_sec=55.2
21:07:29 | INFO    | src.training.finetune | STEP step=650 loss=0.0732 dt_sec=0.76 cum_wall_sec=56.0
21:07:29 | INFO    | src.training.finetune | STEP step=660 loss=0.1512 dt_sec=0.75 cum_wall_sec=56.7
21:07:30 | INFO    | src.training.finetune | STEP step=670 loss=0.0602 dt_sec=0.76 cum_wall_sec=57.5
21:07:31 | INFO    | src.training.finetune | STEP step=680 loss=0.0724 dt_sec=0.74 cum_wall_sec=58.2
21:07:32 | INFO    | src.training.finetune | STEP step=690 loss=0.2118 dt_sec=0.75 cum_wall_sec=59.0
21:07:32 | INFO    | src.training.finetune | STEP step=700 loss=0.1684 dt_sec=0.74 cum_wall_sec=59.7
21:07:33 | INFO    | src.training.finetune | STEP step=710 loss=0.0919 dt_sec=0.76 cum_wall_sec=60.5
21:07:34 | INFO    | src.training.finetune | STEP step=720 loss=0.1205 dt_sec=0.74 cum_wall_sec=61.2
21:07:35 | INFO    | src.training.finetune | STEP step=730 loss=0.0333 dt_sec=0.76 cum_wall_sec=62.0
21:07:35 | INFO    | src.training.finetune | STEP step=740 loss=0.1048 dt_sec=0.75 cum_wall_sec=62.7
21:07:36 | INFO    | src.training.finetune | STEP step=750 loss=0.0882 dt_sec=0.76 cum_wall_sec=63.5
21:07:37 | INFO    | src.training.finetune | STEP step=760 loss=0.0021 dt_sec=0.74 cum_wall_sec=64.2
21:07:38 | INFO    | src.training.finetune | STEP step=770 loss=0.1105 dt_sec=0.75 cum_wall_sec=65.0
21:07:38 | INFO    | src.training.finetune | STEP step=780 loss=0.0036 dt_sec=0.76 cum_wall_sec=65.7
21:07:39 | INFO    | src.training.finetune | STEP step=790 loss=0.0505 dt_sec=0.75 cum_wall_sec=66.5
21:07:40 | INFO    | src.training.finetune | STEP step=800 loss=0.0606 dt_sec=0.75 cum_wall_sec=67.2
21:07:43 | INFO    | src.training.finetune | STEP step=810 loss=0.0128 dt_sec=3.24 cum_wall_sec=70.5
21:07:44 | INFO    | src.training.finetune | STEP step=820 loss=0.1619 dt_sec=0.75 cum_wall_sec=71.2
21:07:45 | INFO    | src.training.finetune | STEP step=830 loss=0.0734 dt_sec=0.76 cum_wall_sec=72.0
21:07:46 | INFO    | src.training.finetune | STEP step=840 loss=0.0049 dt_sec=0.75 cum_wall_sec=72.7
21:07:46 | INFO    | src.training.finetune | STEP step=850 loss=0.0379 dt_sec=0.74 cum_wall_sec=73.5
21:07:47 | INFO    | src.training.finetune | STEP step=860 loss=0.0822 dt_sec=0.75 cum_wall_sec=74.2
21:07:48 | INFO    | src.training.finetune | STEP step=870 loss=0.0484 dt_sec=0.76 cum_wall_sec=75.0
21:07:49 | INFO    | src.training.finetune | STEP step=880 loss=0.1837 dt_sec=0.75 cum_wall_sec=75.8
21:07:49 | INFO    | src.training.finetune | STEP step=890 loss=0.0225 dt_sec=0.75 cum_wall_sec=76.5
21:07:50 | INFO    | src.training.finetune | STEP step=900 loss=0.0069 dt_sec=0.75 cum_wall_sec=77.3
21:07:51 | INFO    | src.training.finetune | STEP step=910 loss=0.0403 dt_sec=0.75 cum_wall_sec=78.0
21:07:52 | INFO    | src.training.finetune | STEP step=920 loss=0.1412 dt_sec=0.75 cum_wall_sec=78.8
21:07:52 | INFO    | src.training.finetune | STEP step=930 loss=0.0224 dt_sec=0.77 cum_wall_sec=79.5
21:07:53 | INFO    | src.training.finetune | STEP step=940 loss=0.0192 dt_sec=0.75 cum_wall_sec=80.3
21:07:54 | INFO    | src.training.finetune | STEP step=950 loss=0.0748 dt_sec=0.75 cum_wall_sec=81.0
21:07:55 | INFO    | src.training.finetune | STEP step=960 loss=0.0274 dt_sec=0.75 cum_wall_sec=81.8
21:07:55 | INFO    | src.training.finetune | STEP step=970 loss=0.0537 dt_sec=0.74 cum_wall_sec=82.5
21:07:56 | INFO    | src.training.finetune | STEP step=980 loss=0.0007 dt_sec=0.77 cum_wall_sec=83.3
21:07:57 | INFO    | src.training.finetune | STEP step=990 loss=0.0333 dt_sec=0.75 cum_wall_sec=84.0
21:07:58 | INFO    | src.training.finetune | STEP step=1000 loss=0.0417 dt_sec=0.75 cum_wall_sec=84.8
21:08:01 | INFO    | src.training.finetune | STEP step=1010 loss=0.0439 dt_sec=3.01 cum_wall_sec=87.8
21:08:01 | INFO    | src.training.finetune | STEP step=1020 loss=0.0172 dt_sec=0.75 cum_wall_sec=88.5
21:08:02 | INFO    | src.training.finetune | STEP step=1030 loss=0.0011 dt_sec=0.76 cum_wall_sec=89.3
21:08:03 | INFO    | src.training.finetune | STEP step=1040 loss=0.0270 dt_sec=0.75 cum_wall_sec=90.0
21:08:04 | INFO    | src.training.finetune | STEP step=1050 loss=0.0000 dt_sec=0.76 cum_wall_sec=90.8
21:08:04 | INFO    | src.training.finetune | STEP step=1060 loss=0.0000 dt_sec=0.76 cum_wall_sec=91.6
21:08:05 | INFO    | src.training.finetune | STEP step=1070 loss=0.0660 dt_sec=0.75 cum_wall_sec=92.3
21:08:06 | INFO    | src.training.finetune | STEP step=1080 loss=0.0378 dt_sec=0.74 cum_wall_sec=93.1
21:08:07 | INFO    | src.training.finetune | STEP step=1090 loss=0.0112 dt_sec=0.75 cum_wall_sec=93.8
21:08:07 | INFO    | src.training.finetune | STEP step=1100 loss=0.0011 dt_sec=0.76 cum_wall_sec=94.6
21:08:08 | INFO    | src.training.finetune | STEP step=1110 loss=0.0051 dt_sec=0.76 cum_wall_sec=95.3
21:08:09 | INFO    | src.training.finetune | STEP step=1120 loss=0.0398 dt_sec=0.76 cum_wall_sec=96.1
21:08:10 | INFO    | src.training.finetune | STEP step=1130 loss=0.0293 dt_sec=0.75 cum_wall_sec=96.8
21:08:10 | INFO    | src.training.finetune | STEP step=1140 loss=0.0337 dt_sec=0.75 cum_wall_sec=97.6
21:08:11 | INFO    | src.training.finetune | STEP step=1150 loss=0.0226 dt_sec=0.75 cum_wall_sec=98.3
21:08:12 | INFO    | src.training.finetune | STEP step=1160 loss=0.0263 dt_sec=0.76 cum_wall_sec=99.1
21:08:13 | INFO    | src.training.finetune | STEP step=1170 loss=0.0149 dt_sec=0.75 cum_wall_sec=99.9
21:08:13 | INFO    | src.training.finetune | STEP step=1180 loss=0.0000 dt_sec=0.73 cum_wall_sec=100.6
21:08:14 | INFO    | src.training.finetune | STEP step=1190 loss=0.0290 dt_sec=0.75 cum_wall_sec=101.3
21:08:15 | INFO    | src.training.finetune | STEP step=1200 loss=0.0156 dt_sec=0.75 cum_wall_sec=102.1
21:08:18 | INFO    | src.training.finetune | STEP step=1210 loss=0.0162 dt_sec=3.47 cum_wall_sec=105.5
21:08:19 | INFO    | src.training.finetune | STEP step=1220 loss=0.0428 dt_sec=0.74 cum_wall_sec=106.3
21:08:20 | INFO    | src.training.finetune | STEP step=1230 loss=0.0008 dt_sec=0.75 cum_wall_sec=107.0
21:08:21 | INFO    | src.training.finetune | STEP step=1240 loss=0.0180 dt_sec=0.75 cum_wall_sec=107.8
21:08:21 | INFO    | src.training.finetune | STEP step=1250 loss=0.0003 dt_sec=0.73 cum_wall_sec=108.5
21:08:22 | INFO    | src.training.finetune | STEP step=1260 loss=0.0000 dt_sec=0.74 cum_wall_sec=109.2
21:08:23 | INFO    | src.training.finetune | STEP step=1270 loss=0.0414 dt_sec=0.75 cum_wall_sec=110.0
21:08:24 | INFO    | src.training.finetune | STEP step=1280 loss=0.0476 dt_sec=0.76 cum_wall_sec=110.7
21:08:24 | INFO    | src.training.finetune | STEP step=1290 loss=0.0011 dt_sec=0.76 cum_wall_sec=111.5
21:08:25 | INFO    | src.training.finetune | STEP step=1300 loss=0.0526 dt_sec=0.75 cum_wall_sec=112.3
21:08:26 | INFO    | src.training.finetune | STEP step=1310 loss=0.0000 dt_sec=0.74 cum_wall_sec=113.0
21:08:27 | INFO    | src.training.finetune | STEP step=1320 loss=0.0208 dt_sec=0.74 cum_wall_sec=113.7
21:08:27 | INFO    | src.training.finetune | STEP step=1330 loss=0.0200 dt_sec=0.75 cum_wall_sec=114.5
21:08:28 | INFO    | src.training.finetune | STEP step=1340 loss=0.0240 dt_sec=0.75 cum_wall_sec=115.2
21:08:29 | INFO    | src.training.finetune | STEP step=1350 loss=0.0215 dt_sec=0.75 cum_wall_sec=116.0
21:08:29 | INFO    | src.training.finetune | STEP step=1360 loss=0.0000 dt_sec=0.75 cum_wall_sec=116.7
21:08:30 | INFO    | src.training.finetune | STEP step=1370 loss=0.0292 dt_sec=0.76 cum_wall_sec=117.5
21:08:31 | INFO    | src.training.finetune | STEP step=1380 loss=0.0059 dt_sec=0.74 cum_wall_sec=118.2
21:08:32 | INFO    | src.training.finetune | STEP step=1390 loss=0.0008 dt_sec=0.75 cum_wall_sec=119.0
21:08:32 | INFO    | src.training.finetune | STEP step=1400 loss=0.0216 dt_sec=0.75 cum_wall_sec=119.7
21:08:36 | INFO    | src.training.finetune | STEP step=1410 loss=0.0287 dt_sec=3.13 cum_wall_sec=122.9
21:08:36 | INFO    | src.training.finetune | STEP step=1420 loss=0.0134 dt_sec=0.75 cum_wall_sec=123.6
21:08:37 | INFO    | src.training.finetune | STEP step=1430 loss=0.0162 dt_sec=0.74 cum_wall_sec=124.4
21:08:38 | INFO    | src.training.finetune | STEP step=1440 loss=0.0401 dt_sec=0.76 cum_wall_sec=125.1
21:08:39 | INFO    | src.training.finetune | STEP step=1450 loss=0.0000 dt_sec=0.74 cum_wall_sec=125.9
21:08:39 | INFO    | src.training.finetune | STEP step=1460 loss=0.0001 dt_sec=0.75 cum_wall_sec=126.6
21:08:40 | INFO    | src.training.finetune | STEP step=1470 loss=0.0092 dt_sec=0.74 cum_wall_sec=127.4
21:08:41 | INFO    | src.training.finetune | STEP step=1480 loss=0.0049 dt_sec=0.76 cum_wall_sec=128.1
21:08:42 | INFO    | src.training.finetune | STEP step=1490 loss=0.0001 dt_sec=0.74 cum_wall_sec=128.9
21:08:42 | INFO    | src.training.finetune | STEP step=1500 loss=0.0000 dt_sec=0.76 cum_wall_sec=129.6
21:08:43 | INFO    | src.training.finetune | STEP step=1510 loss=0.0003 dt_sec=0.75 cum_wall_sec=130.4
21:08:44 | INFO    | src.training.finetune | STEP step=1520 loss=0.0000 dt_sec=0.73 cum_wall_sec=131.1
21:08:45 | INFO    | src.training.finetune | STEP step=1530 loss=0.0000 dt_sec=0.76 cum_wall_sec=131.8
21:08:45 | INFO    | src.training.finetune | STEP step=1540 loss=0.0040 dt_sec=0.74 cum_wall_sec=132.6
21:08:46 | INFO    | src.training.finetune | STEP step=1550 loss=0.0296 dt_sec=0.75 cum_wall_sec=133.3
21:08:47 | INFO    | src.training.finetune | STEP step=1560 loss=0.0219 dt_sec=0.75 cum_wall_sec=134.1
21:08:48 | INFO    | src.training.finetune | STEP step=1570 loss=0.0000 dt_sec=0.76 cum_wall_sec=134.8
21:08:48 | INFO    | src.training.finetune | STEP step=1580 loss=0.0008 dt_sec=0.74 cum_wall_sec=135.6
21:08:49 | INFO    | src.training.finetune | STEP step=1590 loss=0.0283 dt_sec=0.76 cum_wall_sec=136.3
21:08:50 | INFO    | src.training.finetune | STEP step=1600 loss=0.0001 dt_sec=0.76 cum_wall_sec=137.1
21:08:53 | INFO    | src.training.finetune | STEP step=1610 loss=0.0042 dt_sec=3.12 cum_wall_sec=140.2
21:08:54 | INFO    | src.training.finetune | STEP step=1620 loss=0.0193 dt_sec=0.75 cum_wall_sec=141.0
21:08:54 | INFO    | src.training.finetune | STEP step=1630 loss=0.0293 dt_sec=0.75 cum_wall_sec=141.7
21:08:55 | INFO    | src.training.finetune | STEP step=1640 loss=0.0000 dt_sec=0.74 cum_wall_sec=142.5
21:08:56 | INFO    | src.training.finetune | STEP step=1650 loss=0.0000 dt_sec=0.75 cum_wall_sec=143.2
21:08:57 | INFO    | src.training.finetune | STEP step=1660 loss=0.0015 dt_sec=0.75 cum_wall_sec=144.0
21:08:57 | INFO    | src.training.finetune | STEP step=1670 loss=0.0000 dt_sec=0.75 cum_wall_sec=144.7
21:08:58 | INFO    | src.training.finetune | STEP step=1680 loss=0.0142 dt_sec=0.76 cum_wall_sec=145.5
21:08:59 | INFO    | src.training.finetune | STEP step=1690 loss=0.0000 dt_sec=0.76 cum_wall_sec=146.2
21:09:00 | INFO    | src.training.finetune | STEP step=1700 loss=0.0001 dt_sec=0.76 cum_wall_sec=147.0
21:09:00 | INFO    | src.training.finetune | STEP step=1710 loss=0.0669 dt_sec=0.74 cum_wall_sec=147.7
21:09:01 | INFO    | src.training.finetune | STEP step=1720 loss=0.0000 dt_sec=0.77 cum_wall_sec=148.5
21:09:02 | INFO    | src.training.finetune | STEP step=1730 loss=0.0000 dt_sec=0.75 cum_wall_sec=149.2
21:09:03 | INFO    | src.training.finetune | STEP step=1740 loss=0.0000 dt_sec=0.76 cum_wall_sec=150.0
21:09:04 | INFO    | src.training.finetune | STEP step=1750 loss=0.0000 dt_sec=0.76 cum_wall_sec=150.8
21:09:04 | INFO    | src.training.finetune | STEP step=1760 loss=0.0000 dt_sec=0.75 cum_wall_sec=151.5
21:09:05 | INFO    | src.training.finetune | STEP step=1770 loss=0.0012 dt_sec=0.76 cum_wall_sec=152.3
21:09:06 | INFO    | src.training.finetune | STEP step=1780 loss=0.0461 dt_sec=0.76 cum_wall_sec=153.0
21:09:07 | INFO    | src.training.finetune | STEP step=1790 loss=0.0173 dt_sec=0.76 cum_wall_sec=153.8
21:09:07 | INFO    | src.training.finetune | STEP step=1800 loss=0.0000 dt_sec=0.74 cum_wall_sec=154.5
21:09:10 | INFO    | src.training.finetune | STEP step=1810 loss=0.0000 dt_sec=3.16 cum_wall_sec=157.7
21:09:11 | INFO    | src.training.finetune | STEP step=1820 loss=0.0000 dt_sec=0.76 cum_wall_sec=158.4
21:09:12 | INFO    | src.training.finetune | STEP step=1830 loss=0.0007 dt_sec=0.74 cum_wall_sec=159.2
21:09:13 | INFO    | src.training.finetune | STEP step=1840 loss=0.0250 dt_sec=0.76 cum_wall_sec=159.9
21:09:13 | INFO    | src.training.finetune | STEP step=1850 loss=0.0210 dt_sec=0.74 cum_wall_sec=160.7
21:09:14 | INFO    | src.training.finetune | STEP step=1860 loss=0.0000 dt_sec=0.77 cum_wall_sec=161.4
21:09:15 | INFO    | src.training.finetune | STEP step=1870 loss=0.0024 dt_sec=0.75 cum_wall_sec=162.2
21:09:16 | INFO    | src.training.finetune | STEP step=1880 loss=0.0001 dt_sec=0.74 cum_wall_sec=162.9
21:09:16 | INFO    | src.training.finetune | STEP step=1890 loss=0.0000 dt_sec=0.75 cum_wall_sec=163.7
21:09:17 | INFO    | src.training.finetune | STEP step=1900 loss=0.0005 dt_sec=0.75 cum_wall_sec=164.4
21:09:18 | INFO    | src.training.finetune | STEP step=1910 loss=0.0001 dt_sec=0.75 cum_wall_sec=165.2
21:09:19 | INFO    | src.training.finetune | STEP step=1920 loss=0.0000 dt_sec=0.74 cum_wall_sec=165.9
21:09:19 | INFO    | src.training.finetune | STEP step=1930 loss=0.0009 dt_sec=0.75 cum_wall_sec=166.7
21:09:20 | INFO    | src.training.finetune | STEP step=1940 loss=0.0154 dt_sec=0.77 cum_wall_sec=167.5
21:09:21 | INFO    | src.training.finetune | STEP step=1950 loss=0.0016 dt_sec=0.74 cum_wall_sec=168.2
21:09:22 | INFO    | src.training.finetune | STEP step=1960 loss=0.0000 dt_sec=0.75 cum_wall_sec=169.0
21:09:22 | INFO    | src.training.finetune | STEP step=1970 loss=0.0000 dt_sec=0.75 cum_wall_sec=169.7
21:09:23 | INFO    | src.training.finetune | STEP step=1980 loss=0.0000 dt_sec=0.75 cum_wall_sec=170.5
21:09:24 | INFO    | src.training.finetune | STEP step=1990 loss=0.0000 dt_sec=0.75 cum_wall_sec=171.2
21:09:25 | INFO    | src.training.finetune | STEP step=2000 loss=0.0000 dt_sec=0.76 cum_wall_sec=172.0
21:09:27 | INFO    | src.training.finetune | STAGE=azerbaijani end ts=2026-09-08T21:09:27.891574+00:00 runtime_sec=175.3
21:09:29 | INFO    | src.training.finetune | Best checkpoint restored and verified: step 800, val macro-F1 = 0.6933
