01:34:49 | INFO    | src.training.finetune |   [AZ mərhələsi] 10000 nümunə | 2 sinif | init=baza
01:34:49 | INFO    | src.training.finetune | Task head reset: modules=['sequence_summary'] params=2050 (encoder='transformer' untouched)
01:34:49 | INFO    | src.training.finetune | STAGE=azerbaijani start ts=2026-09-09T01:34:49.375025+00:00 n=10000 n_classes=2
01:34:51 | INFO    | src.training.finetune | STEP step=10 loss=4.5389 dt_sec=0.84 cum_wall_sec=0.8
01:34:51 | INFO    | src.training.finetune | STEP step=20 loss=2.8959 dt_sec=0.78 cum_wall_sec=1.6
01:34:52 | INFO    | src.training.finetune | STEP step=30 loss=3.4793 dt_sec=0.78 cum_wall_sec=2.4
01:34:53 | INFO    | src.training.finetune | STEP step=40 loss=2.3102 dt_sec=0.77 cum_wall_sec=3.2
01:34:54 | INFO    | src.training.finetune | STEP step=50 loss=2.3315 dt_sec=0.77 cum_wall_sec=4.0
01:34:54 | INFO    | src.training.finetune | STEP step=60 loss=2.1616 dt_sec=0.78 cum_wall_sec=4.7
01:34:55 | INFO    | src.training.finetune | STEP step=70 loss=1.9772 dt_sec=0.78 cum_wall_sec=5.5
01:34:56 | INFO    | src.training.finetune | STEP step=80 loss=1.7008 dt_sec=0.80 cum_wall_sec=6.3
01:34:57 | INFO    | src.training.finetune | STEP step=90 loss=1.8093 dt_sec=0.78 cum_wall_sec=7.1
01:34:58 | INFO    | src.training.finetune | STEP step=100 loss=1.5201 dt_sec=0.78 cum_wall_sec=7.9
01:34:58 | INFO    | src.training.finetune | STEP step=110 loss=2.1779 dt_sec=0.78 cum_wall_sec=8.7
01:34:59 | INFO    | src.training.finetune | STEP step=120 loss=1.7703 dt_sec=0.77 cum_wall_sec=9.4
01:35:00 | INFO    | src.training.finetune | STEP step=130 loss=1.8385 dt_sec=0.78 cum_wall_sec=10.2
01:35:01 | INFO    | src.training.finetune | STEP step=140 loss=1.6559 dt_sec=0.78 cum_wall_sec=11.0
01:35:01 | INFO    | src.training.finetune | STEP step=150 loss=1.6663 dt_sec=0.79 cum_wall_sec=11.8
01:35:02 | INFO    | src.training.finetune | STEP step=160 loss=1.3612 dt_sec=0.78 cum_wall_sec=12.6
01:35:03 | INFO    | src.training.finetune | STEP step=170 loss=1.3288 dt_sec=0.78 cum_wall_sec=13.3
01:35:04 | INFO    | src.training.finetune | STEP step=180 loss=1.6858 dt_sec=0.78 cum_wall_sec=14.1
01:35:05 | INFO    | src.training.finetune | STEP step=190 loss=1.3031 dt_sec=0.77 cum_wall_sec=14.9
01:35:05 | INFO    | src.training.finetune | STEP step=200 loss=1.1311 dt_sec=0.79 cum_wall_sec=15.7
01:35:08 | INFO    | src.training.finetune | STEP step=210 loss=1.0095 dt_sec=3.06 cum_wall_sec=18.7
01:35:09 | INFO    | src.training.finetune | STEP step=220 loss=1.1099 dt_sec=0.78 cum_wall_sec=19.5
01:35:10 | INFO    | src.training.finetune | STEP step=230 loss=0.9955 dt_sec=0.76 cum_wall_sec=20.3
01:35:11 | INFO    | src.training.finetune | STEP step=240 loss=0.9101 dt_sec=0.78 cum_wall_sec=21.0
01:35:11 | INFO    | src.training.finetune | STEP step=250 loss=0.9063 dt_sec=0.76 cum_wall_sec=21.8
01:35:12 | INFO    | src.training.finetune | STEP step=260 loss=0.8515 dt_sec=0.77 cum_wall_sec=22.6
01:35:13 | INFO    | src.training.finetune | STEP step=270 loss=0.8892 dt_sec=0.78 cum_wall_sec=23.4
01:35:14 | INFO    | src.training.finetune | STEP step=280 loss=0.8992 dt_sec=0.78 cum_wall_sec=24.1
01:35:15 | INFO    | src.training.finetune | STEP step=290 loss=0.8292 dt_sec=0.77 cum_wall_sec=24.9
01:35:15 | INFO    | src.training.finetune | STEP step=300 loss=0.8381 dt_sec=0.78 cum_wall_sec=25.7
01:35:16 | INFO    | src.training.finetune | STEP step=310 loss=0.8029 dt_sec=0.79 cum_wall_sec=26.5
01:35:17 | INFO    | src.training.finetune | STEP step=320 loss=0.8810 dt_sec=0.77 cum_wall_sec=27.2
01:35:18 | INFO    | src.training.finetune | STEP step=330 loss=0.8086 dt_sec=0.81 cum_wall_sec=28.1
01:35:19 | INFO    | src.training.finetune | STEP step=340 loss=0.8555 dt_sec=0.79 cum_wall_sec=28.8
01:35:19 | INFO    | src.training.finetune | STEP step=350 loss=0.7954 dt_sec=0.78 cum_wall_sec=29.6
01:35:20 | INFO    | src.training.finetune | STEP step=360 loss=0.8802 dt_sec=0.77 cum_wall_sec=30.4
01:35:21 | INFO    | src.training.finetune | STEP step=370 loss=0.8413 dt_sec=0.77 cum_wall_sec=31.2
01:35:22 | INFO    | src.training.finetune | STEP step=380 loss=0.7904 dt_sec=0.77 cum_wall_sec=31.9
01:35:22 | INFO    | src.training.finetune | STEP step=390 loss=0.8504 dt_sec=0.76 cum_wall_sec=32.7
01:35:23 | INFO    | src.training.finetune | STEP step=400 loss=0.8584 dt_sec=0.76 cum_wall_sec=33.5
01:35:26 | INFO    | src.training.finetune | STEP step=410 loss=0.8378 dt_sec=3.20 cum_wall_sec=36.6
01:35:27 | INFO    | src.training.finetune | STEP step=420 loss=0.7929 dt_sec=0.77 cum_wall_sec=37.4
01:35:28 | INFO    | src.training.finetune | STEP step=430 loss=0.7493 dt_sec=0.79 cum_wall_sec=38.2
01:35:29 | INFO    | src.training.finetune | STEP step=440 loss=0.7945 dt_sec=0.78 cum_wall_sec=39.0
01:35:29 | INFO    | src.training.finetune | STEP step=450 loss=0.7488 dt_sec=0.77 cum_wall_sec=39.8
01:35:30 | INFO    | src.training.finetune | STEP step=460 loss=0.8519 dt_sec=0.76 cum_wall_sec=40.5
01:35:31 | INFO    | src.training.finetune | STEP step=470 loss=0.8226 dt_sec=0.78 cum_wall_sec=41.3
01:35:32 | INFO    | src.training.finetune | STEP step=480 loss=0.8142 dt_sec=0.77 cum_wall_sec=42.1
01:35:33 | INFO    | src.training.finetune | STEP step=490 loss=0.7687 dt_sec=0.77 cum_wall_sec=42.8
01:35:33 | INFO    | src.training.finetune | STEP step=500 loss=0.7442 dt_sec=0.76 cum_wall_sec=43.6
01:35:34 | INFO    | src.training.finetune | STEP step=510 loss=0.8008 dt_sec=0.78 cum_wall_sec=44.4
01:35:35 | INFO    | src.training.finetune | STEP step=520 loss=0.7515 dt_sec=0.77 cum_wall_sec=45.2
01:35:36 | INFO    | src.training.finetune | STEP step=530 loss=0.7412 dt_sec=0.77 cum_wall_sec=45.9
01:35:36 | INFO    | src.training.finetune | STEP step=540 loss=0.7751 dt_sec=0.78 cum_wall_sec=46.7
01:35:37 | INFO    | src.training.finetune | STEP step=550 loss=0.7463 dt_sec=0.77 cum_wall_sec=47.5
01:35:38 | INFO    | src.training.finetune | STEP step=560 loss=0.7423 dt_sec=0.77 cum_wall_sec=48.2
01:35:39 | INFO    | src.training.finetune | STEP step=570 loss=0.7572 dt_sec=0.77 cum_wall_sec=49.0
01:35:39 | INFO    | src.training.finetune | STEP step=580 loss=0.7871 dt_sec=0.77 cum_wall_sec=49.8
01:35:40 | INFO    | src.training.finetune | STEP step=590 loss=0.7539 dt_sec=0.78 cum_wall_sec=50.6
01:35:41 | INFO    | src.training.finetune | STEP step=600 loss=0.7155 dt_sec=0.78 cum_wall_sec=51.3
01:35:44 | INFO    | src.training.finetune | STEP step=610 loss=0.7622 dt_sec=3.25 cum_wall_sec=54.6
01:35:45 | INFO    | src.training.finetune | STEP step=620 loss=0.7587 dt_sec=0.79 cum_wall_sec=55.4
01:35:46 | INFO    | src.training.finetune | STEP step=630 loss=0.8347 dt_sec=0.77 cum_wall_sec=56.2
01:35:47 | INFO    | src.training.finetune | STEP step=640 loss=0.8210 dt_sec=0.79 cum_wall_sec=56.9
01:35:47 | INFO    | src.training.finetune | STEP step=650 loss=0.7569 dt_sec=0.79 cum_wall_sec=57.7
01:35:48 | INFO    | src.training.finetune | STEP step=660 loss=0.7439 dt_sec=0.77 cum_wall_sec=58.5
01:35:49 | INFO    | src.training.finetune | STEP step=670 loss=0.7439 dt_sec=0.76 cum_wall_sec=59.3
01:35:50 | INFO    | src.training.finetune | STEP step=680 loss=0.7334 dt_sec=0.77 cum_wall_sec=60.0
01:35:50 | INFO    | src.training.finetune | STEP step=690 loss=0.7502 dt_sec=0.77 cum_wall_sec=60.8
01:35:51 | INFO    | src.training.finetune | STEP step=700 loss=0.7433 dt_sec=0.77 cum_wall_sec=61.6
01:35:52 | INFO    | src.training.finetune | STEP step=710 loss=0.7513 dt_sec=0.78 cum_wall_sec=62.4
01:35:53 | INFO    | src.training.finetune | STEP step=720 loss=0.7558 dt_sec=0.78 cum_wall_sec=63.1
01:35:54 | INFO    | src.training.finetune | STEP step=730 loss=0.7253 dt_sec=0.77 cum_wall_sec=63.9
01:35:54 | INFO    | src.training.finetune | STEP step=740 loss=0.7225 dt_sec=0.79 cum_wall_sec=64.7
01:35:55 | INFO    | src.training.finetune | STEP step=750 loss=0.8054 dt_sec=0.79 cum_wall_sec=65.5
01:35:56 | INFO    | src.training.finetune | STEP step=760 loss=0.7871 dt_sec=0.79 cum_wall_sec=66.3
01:35:57 | INFO    | src.training.finetune | STEP step=770 loss=0.7472 dt_sec=0.78 cum_wall_sec=67.1
01:35:58 | INFO    | src.training.finetune | STEP step=780 loss=0.7446 dt_sec=0.77 cum_wall_sec=67.8
01:35:58 | INFO    | src.training.finetune | STEP step=790 loss=0.7084 dt_sec=0.78 cum_wall_sec=68.6
01:35:59 | INFO    | src.training.finetune | STEP step=800 loss=0.7265 dt_sec=0.78 cum_wall_sec=69.4
01:36:02 | INFO    | src.training.finetune | STEP step=810 loss=0.7402 dt_sec=3.18 cum_wall_sec=72.6
01:36:03 | INFO    | src.training.finetune | STEP step=820 loss=0.7474 dt_sec=0.80 cum_wall_sec=73.4
01:36:04 | INFO    | src.training.finetune | STEP step=830 loss=0.7279 dt_sec=0.78 cum_wall_sec=74.1
01:36:05 | INFO    | src.training.finetune | STEP step=840 loss=0.7208 dt_sec=0.77 cum_wall_sec=74.9
01:36:05 | INFO    | src.training.finetune | STEP step=850 loss=0.7151 dt_sec=0.78 cum_wall_sec=75.7
01:36:06 | INFO    | src.training.finetune | STEP step=860 loss=0.7205 dt_sec=0.78 cum_wall_sec=76.5
01:36:07 | INFO    | src.training.finetune | STEP step=870 loss=0.7367 dt_sec=0.77 cum_wall_sec=77.3
01:36:08 | INFO    | src.training.finetune | STEP step=880 loss=0.7638 dt_sec=0.78 cum_wall_sec=78.0
01:36:08 | INFO    | src.training.finetune | STEP step=890 loss=0.7292 dt_sec=0.78 cum_wall_sec=78.8
01:36:09 | INFO    | src.training.finetune | STEP step=900 loss=0.7333 dt_sec=0.77 cum_wall_sec=79.6
01:36:10 | INFO    | src.training.finetune | STEP step=910 loss=0.7144 dt_sec=0.77 cum_wall_sec=80.4
01:36:11 | INFO    | src.training.finetune | STEP step=920 loss=0.7378 dt_sec=0.78 cum_wall_sec=81.1
01:36:12 | INFO    | src.training.finetune | STEP step=930 loss=0.7316 dt_sec=0.77 cum_wall_sec=81.9
01:36:12 | INFO    | src.training.finetune | STEP step=940 loss=0.7065 dt_sec=0.77 cum_wall_sec=82.7
01:36:13 | INFO    | src.training.finetune | STEP step=950 loss=0.7096 dt_sec=0.77 cum_wall_sec=83.4
01:36:14 | INFO    | src.training.finetune | STEP step=960 loss=0.7163 dt_sec=0.78 cum_wall_sec=84.2
01:36:15 | INFO    | src.training.finetune | STEP step=970 loss=0.7149 dt_sec=0.77 cum_wall_sec=85.0
01:36:15 | INFO    | src.training.finetune | STEP step=980 loss=0.7257 dt_sec=0.77 cum_wall_sec=85.8
01:36:16 | INFO    | src.training.finetune | STEP step=990 loss=0.7476 dt_sec=0.77 cum_wall_sec=86.5
01:36:17 | INFO    | src.training.finetune | STEP step=1000 loss=0.7011 dt_sec=0.78 cum_wall_sec=87.3
01:36:20 | INFO    | src.training.finetune | STEP step=1010 loss=0.7352 dt_sec=3.24 cum_wall_sec=90.6
01:36:21 | INFO    | src.training.finetune | STEP step=1020 loss=0.7248 dt_sec=0.77 cum_wall_sec=91.3
01:36:22 | INFO    | src.training.finetune | STEP step=1030 loss=0.7365 dt_sec=0.78 cum_wall_sec=92.1
01:36:23 | INFO    | src.training.finetune | STEP step=1040 loss=0.7319 dt_sec=0.78 cum_wall_sec=92.9
01:36:23 | INFO    | src.training.finetune | STEP step=1050 loss=0.7326 dt_sec=0.78 cum_wall_sec=93.7
01:36:24 | INFO    | src.training.finetune | STEP step=1060 loss=0.7550 dt_sec=0.77 cum_wall_sec=94.4
01:36:25 | INFO    | src.training.finetune | STEP step=1070 loss=0.7362 dt_sec=0.77 cum_wall_sec=95.2
01:36:26 | INFO    | src.training.finetune | STEP step=1080 loss=0.7021 dt_sec=0.77 cum_wall_sec=96.0
01:36:26 | INFO    | src.training.finetune | STEP step=1090 loss=0.7525 dt_sec=0.79 cum_wall_sec=96.8
01:36:27 | INFO    | src.training.finetune | STEP step=1100 loss=0.7257 dt_sec=0.77 cum_wall_sec=97.5
01:36:28 | INFO    | src.training.finetune | STEP step=1110 loss=0.7387 dt_sec=0.78 cum_wall_sec=98.3
01:36:29 | INFO    | src.training.finetune | STEP step=1120 loss=0.7281 dt_sec=0.78 cum_wall_sec=99.1
01:36:29 | INFO    | src.training.finetune | STEP step=1130 loss=0.7144 dt_sec=0.76 cum_wall_sec=99.8
01:36:30 | INFO    | src.training.finetune | STEP step=1140 loss=0.7036 dt_sec=0.79 cum_wall_sec=100.6
01:36:31 | INFO    | src.training.finetune | STEP step=1150 loss=0.7225 dt_sec=0.78 cum_wall_sec=101.4
01:36:32 | INFO    | src.training.finetune | STEP step=1160 loss=0.7127 dt_sec=0.78 cum_wall_sec=102.2
01:36:33 | INFO    | src.training.finetune | STEP step=1170 loss=0.7275 dt_sec=0.76 cum_wall_sec=102.9
01:36:33 | INFO    | src.training.finetune | STEP step=1180 loss=0.7307 dt_sec=0.77 cum_wall_sec=103.7
01:36:34 | INFO    | src.training.finetune | STEP step=1190 loss=0.6995 dt_sec=0.77 cum_wall_sec=104.5
01:36:35 | INFO    | src.training.finetune | STEP step=1200 loss=0.7100 dt_sec=0.77 cum_wall_sec=105.2
01:36:38 | INFO    | src.training.finetune | STEP step=1210 loss=0.7309 dt_sec=3.35 cum_wall_sec=108.6
01:36:39 | INFO    | src.training.finetune | STEP step=1220 loss=0.7097 dt_sec=0.79 cum_wall_sec=109.4
01:36:40 | INFO    | src.training.finetune | STEP step=1230 loss=0.7413 dt_sec=0.79 cum_wall_sec=110.2
01:36:41 | INFO    | src.training.finetune | STEP step=1240 loss=0.7901 dt_sec=0.76 cum_wall_sec=110.9
01:36:41 | INFO    | src.training.finetune | STEP step=1250 loss=0.7219 dt_sec=0.78 cum_wall_sec=111.7
01:36:42 | INFO    | src.training.finetune | STEP step=1260 loss=0.7271 dt_sec=0.77 cum_wall_sec=112.5
01:36:43 | INFO    | src.training.finetune | STEP step=1270 loss=0.7058 dt_sec=0.77 cum_wall_sec=113.2
01:36:44 | INFO    | src.training.finetune | STEP step=1280 loss=0.7318 dt_sec=0.76 cum_wall_sec=114.0
01:36:44 | INFO    | src.training.finetune | STEP step=1290 loss=0.7248 dt_sec=0.76 cum_wall_sec=114.8
01:36:45 | INFO    | src.training.finetune | STEP step=1300 loss=0.7221 dt_sec=0.77 cum_wall_sec=115.5
01:36:46 | INFO    | src.training.finetune | STEP step=1310 loss=0.6999 dt_sec=0.76 cum_wall_sec=116.3
01:36:47 | INFO    | src.training.finetune | STEP step=1320 loss=0.7380 dt_sec=0.79 cum_wall_sec=117.1
01:36:48 | INFO    | src.training.finetune | STEP step=1330 loss=0.7149 dt_sec=0.79 cum_wall_sec=117.9
01:36:48 | INFO    | src.training.finetune | STEP step=1340 loss=0.7147 dt_sec=0.81 cum_wall_sec=118.7
01:36:49 | INFO    | src.training.finetune | STEP step=1350 loss=0.6905 dt_sec=0.77 cum_wall_sec=119.4
01:36:50 | INFO    | src.training.finetune | STEP step=1360 loss=0.7206 dt_sec=0.79 cum_wall_sec=120.2
01:36:51 | INFO    | src.training.finetune | STEP step=1370 loss=0.7067 dt_sec=0.77 cum_wall_sec=121.0
01:36:51 | INFO    | src.training.finetune | STEP step=1380 loss=0.7011 dt_sec=0.78 cum_wall_sec=121.8
01:36:52 | INFO    | src.training.finetune | STEP step=1390 loss=0.7022 dt_sec=0.78 cum_wall_sec=122.6
01:36:53 | INFO    | src.training.finetune | STEP step=1400 loss=0.7226 dt_sec=0.78 cum_wall_sec=123.4
01:36:56 | INFO    | src.training.finetune | STEP step=1410 loss=0.6902 dt_sec=3.06 cum_wall_sec=126.4
01:36:57 | INFO    | src.training.finetune | STEP step=1420 loss=0.7224 dt_sec=0.77 cum_wall_sec=127.2
01:36:58 | INFO    | src.training.finetune | STEP step=1430 loss=0.7197 dt_sec=0.78 cum_wall_sec=128.0
01:36:58 | INFO    | src.training.finetune | STEP step=1440 loss=0.7529 dt_sec=0.76 cum_wall_sec=128.7
01:36:59 | INFO    | src.training.finetune | STEP step=1450 loss=0.7624 dt_sec=0.78 cum_wall_sec=129.5
01:37:00 | INFO    | src.training.finetune | STEP step=1460 loss=0.6980 dt_sec=0.78 cum_wall_sec=130.3
01:37:01 | INFO    | src.training.finetune | STEP step=1470 loss=0.7179 dt_sec=0.80 cum_wall_sec=131.1
01:37:02 | INFO    | src.training.finetune | STEP step=1480 loss=0.7022 dt_sec=0.77 cum_wall_sec=131.9
01:37:02 | INFO    | src.training.finetune | STEP step=1490 loss=0.7356 dt_sec=0.78 cum_wall_sec=132.6
01:37:03 | INFO    | src.training.finetune | STEP step=1500 loss=0.7230 dt_sec=0.77 cum_wall_sec=133.4
01:37:04 | INFO    | src.training.finetune | STEP step=1510 loss=0.7017 dt_sec=0.78 cum_wall_sec=134.2
01:37:05 | INFO    | src.training.finetune | STEP step=1520 loss=0.7165 dt_sec=0.76 cum_wall_sec=135.0
01:37:05 | INFO    | src.training.finetune | STEP step=1530 loss=0.7192 dt_sec=0.77 cum_wall_sec=135.7
01:37:06 | INFO    | src.training.finetune | STEP step=1540 loss=0.7045 dt_sec=0.79 cum_wall_sec=136.5
01:37:07 | INFO    | src.training.finetune | STEP step=1550 loss=0.7050 dt_sec=0.76 cum_wall_sec=137.3
01:37:08 | INFO    | src.training.finetune | STEP step=1560 loss=0.7130 dt_sec=0.78 cum_wall_sec=138.1
01:37:08 | INFO    | src.training.finetune | STEP step=1570 loss=0.7115 dt_sec=0.77 cum_wall_sec=138.8
01:37:09 | INFO    | src.training.finetune | STEP step=1580 loss=0.7321 dt_sec=0.79 cum_wall_sec=139.6
01:37:10 | INFO    | src.training.finetune | STEP step=1590 loss=0.7262 dt_sec=0.79 cum_wall_sec=140.4
01:37:11 | INFO    | src.training.finetune | STEP step=1600 loss=0.7124 dt_sec=0.76 cum_wall_sec=141.2
01:37:15 | INFO    | src.training.finetune | STEP step=1610 loss=0.6985 dt_sec=3.81 cum_wall_sec=145.0
01:37:15 | INFO    | src.training.finetune | STEP step=1620 loss=0.6990 dt_sec=0.74 cum_wall_sec=145.7
01:37:16 | INFO    | src.training.finetune | STEP step=1630 loss=0.9035 dt_sec=0.76 cum_wall_sec=146.5
01:37:17 | INFO    | src.training.finetune | STEP step=1640 loss=0.7026 dt_sec=0.75 cum_wall_sec=147.2
01:37:18 | INFO    | src.training.finetune | STEP step=1650 loss=0.7124 dt_sec=0.74 cum_wall_sec=148.0
01:37:18 | INFO    | src.training.finetune | STEP step=1660 loss=0.7258 dt_sec=0.74 cum_wall_sec=148.7
01:37:19 | INFO    | src.training.finetune | STEP step=1670 loss=0.7370 dt_sec=0.74 cum_wall_sec=149.5
01:37:20 | INFO    | src.training.finetune | STEP step=1680 loss=0.7216 dt_sec=0.75 cum_wall_sec=150.2
01:37:21 | INFO    | src.training.finetune | STEP step=1690 loss=0.7226 dt_sec=0.76 cum_wall_sec=151.0
01:37:21 | INFO    | src.training.finetune | STEP step=1700 loss=0.7108 dt_sec=0.75 cum_wall_sec=151.7
01:37:22 | INFO    | src.training.finetune | STEP step=1710 loss=0.7061 dt_sec=0.75 cum_wall_sec=152.5
01:37:23 | INFO    | src.training.finetune | STEP step=1720 loss=0.7211 dt_sec=0.75 cum_wall_sec=153.2
01:37:24 | INFO    | src.training.finetune | STEP step=1730 loss=0.7075 dt_sec=0.74 cum_wall_sec=154.0
01:37:24 | INFO    | src.training.finetune | STEP step=1740 loss=0.6940 dt_sec=0.73 cum_wall_sec=154.7
01:37:25 | INFO    | src.training.finetune | STEP step=1750 loss=0.6957 dt_sec=0.74 cum_wall_sec=155.4
01:37:26 | INFO    | src.training.finetune | STEP step=1760 loss=0.7199 dt_sec=0.75 cum_wall_sec=156.2
01:37:27 | INFO    | src.training.finetune | STEP step=1770 loss=0.7136 dt_sec=0.75 cum_wall_sec=156.9
01:37:27 | INFO    | src.training.finetune | STEP step=1780 loss=0.7053 dt_sec=0.74 cum_wall_sec=157.7
01:37:28 | INFO    | src.training.finetune | STEP step=1790 loss=0.7017 dt_sec=0.75 cum_wall_sec=158.4
01:37:29 | INFO    | src.training.finetune | STEP step=1800 loss=0.7312 dt_sec=0.74 cum_wall_sec=159.2
01:37:32 | INFO    | src.training.finetune | STEP step=1810 loss=0.7392 dt_sec=3.18 cum_wall_sec=162.3
01:37:33 | INFO    | src.training.finetune | STEP step=1820 loss=0.6918 dt_sec=0.74 cum_wall_sec=163.1
01:37:33 | INFO    | src.training.finetune | STEP step=1830 loss=0.7127 dt_sec=0.74 cum_wall_sec=163.8
01:37:34 | INFO    | src.training.finetune | STEP step=1840 loss=0.7265 dt_sec=0.74 cum_wall_sec=164.6
01:37:35 | INFO    | src.training.finetune | STEP step=1850 loss=0.7347 dt_sec=0.75 cum_wall_sec=165.3
01:37:36 | INFO    | src.training.finetune | STEP step=1860 loss=0.7115 dt_sec=0.75 cum_wall_sec=166.1
01:37:36 | INFO    | src.training.finetune | STEP step=1870 loss=0.7305 dt_sec=0.75 cum_wall_sec=166.8
01:37:37 | INFO    | src.training.finetune | STEP step=1880 loss=0.6946 dt_sec=0.76 cum_wall_sec=167.6
01:37:38 | INFO    | src.training.finetune | STEP step=1890 loss=0.7082 dt_sec=0.74 cum_wall_sec=168.3
01:37:39 | INFO    | src.training.finetune | STEP step=1900 loss=0.7034 dt_sec=0.74 cum_wall_sec=169.1
01:37:39 | INFO    | src.training.finetune | STEP step=1910 loss=0.7292 dt_sec=0.74 cum_wall_sec=169.8
01:37:40 | INFO    | src.training.finetune | STEP step=1920 loss=0.7068 dt_sec=0.73 cum_wall_sec=170.5
01:37:41 | INFO    | src.training.finetune | STEP step=1930 loss=0.7116 dt_sec=0.76 cum_wall_sec=171.3
01:37:42 | INFO    | src.training.finetune | STEP step=1940 loss=0.7273 dt_sec=0.74 cum_wall_sec=172.0
01:37:42 | INFO    | src.training.finetune | STEP step=1950 loss=0.7114 dt_sec=0.75 cum_wall_sec=172.8
01:37:43 | INFO    | src.training.finetune | STEP step=1960 loss=0.7026 dt_sec=0.77 cum_wall_sec=173.6
01:37:44 | INFO    | src.training.finetune | STEP step=1970 loss=0.6849 dt_sec=0.75 cum_wall_sec=174.3
01:37:45 | INFO    | src.training.finetune | STEP step=1980 loss=0.7031 dt_sec=0.96 cum_wall_sec=175.3
01:37:46 | INFO    | src.training.finetune | STEP step=1990 loss=0.7072 dt_sec=0.75 cum_wall_sec=176.0
01:37:46 | INFO    | src.training.finetune | STEP step=2000 loss=0.6998 dt_sec=0.74 cum_wall_sec=176.8
01:37:49 | INFO    | src.training.finetune | STAGE=azerbaijani end ts=2026-09-09T01:37:49.725199+00:00 runtime_sec=180.4
01:37:51 | INFO    | src.training.finetune | Best checkpoint restored and verified: step 1200, val macro-F1 = 0.3945
