23:03:27 | INFO    | src.training.finetune | STAGE=turkish_intermediate cache_hit=true ts=2026-09-08T23:03:27.570157+00:00 path=artifacts/tr_stage_cache/base=xlmr__tok=original__tr=scrambled__seed=7__e61664c90a0280b4
23:03:27 | INFO    | src.training.finetune |   [AZ mərhələsi] 2000 nümunə | 2 sinif | init=TR checkpoint
23:03:27 | INFO    | src.training.finetune | Task head reset: modules=['classifier'] params=592130 (encoder='roberta' untouched)
23:03:27 | INFO    | src.training.finetune | STAGE=azerbaijani start ts=2026-09-08T23:03:27.697665+00:00 n=2000 n_classes=2
23:03:29 | INFO    | src.training.finetune | STEP step=10 loss=0.6558 dt_sec=0.74 cum_wall_sec=0.7
23:03:29 | INFO    | src.training.finetune | STEP step=20 loss=0.6421 dt_sec=0.70 cum_wall_sec=1.4
23:03:30 | INFO    | src.training.finetune | STEP step=30 loss=0.6127 dt_sec=0.70 cum_wall_sec=2.1
23:03:31 | INFO    | src.training.finetune | STEP step=40 loss=0.5851 dt_sec=0.70 cum_wall_sec=2.8
23:03:31 | INFO    | src.training.finetune | STEP step=50 loss=0.5686 dt_sec=0.69 cum_wall_sec=3.5
23:03:32 | INFO    | src.training.finetune | STEP step=60 loss=0.5493 dt_sec=0.70 cum_wall_sec=4.2
23:03:33 | INFO    | src.training.finetune | STEP step=70 loss=0.5060 dt_sec=0.69 cum_wall_sec=4.9
23:03:33 | INFO    | src.training.finetune | STEP step=80 loss=0.5251 dt_sec=0.69 cum_wall_sec=5.6
23:03:34 | INFO    | src.training.finetune | STEP step=90 loss=0.4872 dt_sec=0.70 cum_wall_sec=6.3
23:03:35 | INFO    | src.training.finetune | STEP step=100 loss=0.4900 dt_sec=0.70 cum_wall_sec=7.0
23:03:36 | INFO    | src.training.finetune | STEP step=110 loss=0.4718 dt_sec=0.69 cum_wall_sec=7.7
23:03:36 | INFO    | src.training.finetune | STEP step=120 loss=0.5699 dt_sec=0.70 cum_wall_sec=8.4
23:03:37 | INFO    | src.training.finetune | STEP step=130 loss=0.4849 dt_sec=0.68 cum_wall_sec=9.1
23:03:38 | INFO    | src.training.finetune | STEP step=140 loss=0.4477 dt_sec=0.71 cum_wall_sec=9.8
23:03:38 | INFO    | src.training.finetune | STEP step=150 loss=0.4308 dt_sec=0.69 cum_wall_sec=10.5
23:03:39 | INFO    | src.training.finetune | STEP step=160 loss=0.4669 dt_sec=0.69 cum_wall_sec=11.2
23:03:40 | INFO    | src.training.finetune | STEP step=170 loss=0.5678 dt_sec=0.68 cum_wall_sec=11.9
23:03:40 | INFO    | src.training.finetune | STEP step=180 loss=0.4441 dt_sec=0.69 cum_wall_sec=12.5
23:03:41 | INFO    | src.training.finetune | STEP step=190 loss=0.4232 dt_sec=0.70 cum_wall_sec=13.2
23:03:42 | INFO    | src.training.finetune | STEP step=200 loss=0.3867 dt_sec=0.70 cum_wall_sec=13.9
23:03:45 | INFO    | src.training.finetune | STEP step=210 loss=0.3380 dt_sec=3.09 cum_wall_sec=17.0
23:03:46 | INFO    | src.training.finetune | STEP step=220 loss=0.3709 dt_sec=0.70 cum_wall_sec=17.7
23:03:46 | INFO    | src.training.finetune | STEP step=230 loss=0.3703 dt_sec=0.70 cum_wall_sec=18.4
23:03:47 | INFO    | src.training.finetune | STEP step=240 loss=0.4271 dt_sec=0.69 cum_wall_sec=19.1
23:03:48 | INFO    | src.training.finetune | STEP step=250 loss=0.4158 dt_sec=0.69 cum_wall_sec=19.8
23:03:48 | INFO    | src.training.finetune | STEP step=260 loss=0.3612 dt_sec=0.70 cum_wall_sec=20.5
23:03:49 | INFO    | src.training.finetune | STEP step=270 loss=0.3848 dt_sec=0.69 cum_wall_sec=21.2
23:03:50 | INFO    | src.training.finetune | STEP step=280 loss=0.3290 dt_sec=0.69 cum_wall_sec=21.9
23:03:50 | INFO    | src.training.finetune | STEP step=290 loss=0.3150 dt_sec=0.71 cum_wall_sec=22.6
23:03:51 | INFO    | src.training.finetune | STEP step=300 loss=0.3768 dt_sec=0.70 cum_wall_sec=23.3
23:03:52 | INFO    | src.training.finetune | STEP step=310 loss=0.3147 dt_sec=0.70 cum_wall_sec=24.0
23:03:53 | INFO    | src.training.finetune | STEP step=320 loss=0.2381 dt_sec=0.69 cum_wall_sec=24.7
23:03:53 | INFO    | src.training.finetune | STEP step=330 loss=0.2548 dt_sec=0.69 cum_wall_sec=25.4
23:03:54 | INFO    | src.training.finetune | STEP step=340 loss=0.2498 dt_sec=0.70 cum_wall_sec=26.1
23:03:55 | INFO    | src.training.finetune | STEP step=350 loss=0.2458 dt_sec=0.73 cum_wall_sec=26.8
23:03:55 | INFO    | src.training.finetune | STEP step=360 loss=0.2858 dt_sec=0.70 cum_wall_sec=27.5
23:03:56 | INFO    | src.training.finetune | STEP step=370 loss=0.2400 dt_sec=0.69 cum_wall_sec=28.2
23:03:57 | INFO    | src.training.finetune | STEP step=380 loss=0.2019 dt_sec=0.69 cum_wall_sec=28.9
23:03:57 | INFO    | src.training.finetune | STEP step=390 loss=0.1839 dt_sec=0.70 cum_wall_sec=29.6
23:03:58 | INFO    | src.training.finetune | STEP step=400 loss=0.1379 dt_sec=0.69 cum_wall_sec=30.3
23:04:01 | INFO    | src.training.finetune | STEP step=410 loss=0.1922 dt_sec=3.02 cum_wall_sec=33.3
23:04:02 | INFO    | src.training.finetune | STEP step=420 loss=0.2006 dt_sec=0.70 cum_wall_sec=34.0
23:04:03 | INFO    | src.training.finetune | STEP step=430 loss=0.1334 dt_sec=0.70 cum_wall_sec=34.7
23:04:03 | INFO    | src.training.finetune | STEP step=440 loss=0.1977 dt_sec=0.70 cum_wall_sec=35.4
23:04:04 | INFO    | src.training.finetune | STEP step=450 loss=0.0893 dt_sec=0.70 cum_wall_sec=36.1
23:04:05 | INFO    | src.training.finetune | STEP step=460 loss=0.1771 dt_sec=0.70 cum_wall_sec=36.8
23:04:05 | INFO    | src.training.finetune | STEP step=470 loss=0.1536 dt_sec=0.70 cum_wall_sec=37.5
23:04:06 | INFO    | src.training.finetune | STEP step=480 loss=0.1679 dt_sec=0.70 cum_wall_sec=38.2
23:04:07 | INFO    | src.training.finetune | STEP step=490 loss=0.1344 dt_sec=0.69 cum_wall_sec=38.9
23:04:07 | INFO    | src.training.finetune | STEP step=500 loss=0.1826 dt_sec=0.70 cum_wall_sec=39.6
23:04:08 | INFO    | src.training.finetune | STEP step=510 loss=0.1419 dt_sec=0.69 cum_wall_sec=40.3
23:04:09 | INFO    | src.training.finetune | STEP step=520 loss=0.2431 dt_sec=0.70 cum_wall_sec=41.0
23:04:10 | INFO    | src.training.finetune | STEP step=530 loss=0.1349 dt_sec=0.70 cum_wall_sec=41.7
23:04:10 | INFO    | src.training.finetune | STEP step=540 loss=0.1453 dt_sec=0.69 cum_wall_sec=42.4
23:04:11 | INFO    | src.training.finetune | STEP step=550 loss=0.1615 dt_sec=0.70 cum_wall_sec=43.1
23:04:12 | INFO    | src.training.finetune | STEP step=560 loss=0.1343 dt_sec=0.70 cum_wall_sec=43.8
23:04:12 | INFO    | src.training.finetune | STEP step=570 loss=0.1141 dt_sec=0.69 cum_wall_sec=44.5
23:04:13 | INFO    | src.training.finetune | STEP step=580 loss=0.1084 dt_sec=0.70 cum_wall_sec=45.2
23:04:14 | INFO    | src.training.finetune | STEP step=590 loss=0.1098 dt_sec=0.69 cum_wall_sec=45.9
23:04:14 | INFO    | src.training.finetune | STEP step=600 loss=0.1617 dt_sec=0.70 cum_wall_sec=46.6
23:04:18 | INFO    | src.training.finetune | STEP step=610 loss=0.1708 dt_sec=3.21 cum_wall_sec=49.8
23:04:18 | INFO    | src.training.finetune | STEP step=620 loss=0.1303 dt_sec=0.67 cum_wall_sec=50.5
23:04:19 | INFO    | src.training.finetune | STEP step=630 loss=0.0999 dt_sec=0.65 cum_wall_sec=51.1
23:04:20 | INFO    | src.training.finetune | STEP step=640 loss=0.1338 dt_sec=0.67 cum_wall_sec=51.8
23:04:20 | INFO    | src.training.finetune | STEP step=650 loss=0.1469 dt_sec=0.67 cum_wall_sec=52.4
23:04:21 | INFO    | src.training.finetune | STEP step=660 loss=0.0894 dt_sec=0.67 cum_wall_sec=53.1
23:04:22 | INFO    | src.training.finetune | STEP step=670 loss=0.0913 dt_sec=0.67 cum_wall_sec=53.8
23:04:22 | INFO    | src.training.finetune | STEP step=680 loss=0.0841 dt_sec=0.66 cum_wall_sec=54.5
23:04:23 | INFO    | src.training.finetune | STEP step=690 loss=0.0572 dt_sec=0.67 cum_wall_sec=55.1
23:04:24 | INFO    | src.training.finetune | STEP step=700 loss=0.0329 dt_sec=0.66 cum_wall_sec=55.8
23:04:24 | INFO    | src.training.finetune | STEP step=710 loss=0.0480 dt_sec=0.67 cum_wall_sec=56.4
23:04:25 | INFO    | src.training.finetune | STEP step=720 loss=0.0553 dt_sec=0.66 cum_wall_sec=57.1
23:04:26 | INFO    | src.training.finetune | STEP step=730 loss=0.0683 dt_sec=0.67 cum_wall_sec=57.8
23:04:26 | INFO    | src.training.finetune | STEP step=740 loss=0.0620 dt_sec=0.68 cum_wall_sec=58.4
23:04:27 | INFO    | src.training.finetune | STEP step=750 loss=0.0952 dt_sec=0.67 cum_wall_sec=59.1
23:04:28 | INFO    | src.training.finetune | STEP step=760 loss=0.0968 dt_sec=0.66 cum_wall_sec=59.8
23:04:28 | INFO    | src.training.finetune | STEP step=770 loss=0.0686 dt_sec=0.67 cum_wall_sec=60.4
23:04:29 | INFO    | src.training.finetune | STEP step=780 loss=0.0294 dt_sec=0.67 cum_wall_sec=61.1
23:04:30 | INFO    | src.training.finetune | STEP step=790 loss=0.0391 dt_sec=0.66 cum_wall_sec=61.8
23:04:30 | INFO    | src.training.finetune | STEP step=800 loss=0.0865 dt_sec=0.67 cum_wall_sec=62.4
23:04:35 | INFO    | src.training.finetune | STEP step=810 loss=0.0464 dt_sec=4.46 cum_wall_sec=66.9
23:04:35 | INFO    | src.training.finetune | STEP step=820 loss=0.1393 dt_sec=0.69 cum_wall_sec=67.6
23:04:36 | INFO    | src.training.finetune | STEP step=830 loss=0.1150 dt_sec=0.70 cum_wall_sec=68.3
23:04:37 | INFO    | src.training.finetune | STEP step=840 loss=0.0358 dt_sec=0.69 cum_wall_sec=69.0
23:04:37 | INFO    | src.training.finetune | STEP step=850 loss=0.0296 dt_sec=0.69 cum_wall_sec=69.7
23:04:38 | INFO    | src.training.finetune | STEP step=860 loss=0.0097 dt_sec=0.69 cum_wall_sec=70.4
23:04:39 | INFO    | src.training.finetune | STEP step=870 loss=0.1124 dt_sec=0.69 cum_wall_sec=71.1
23:04:40 | INFO    | src.training.finetune | STEP step=880 loss=0.1254 dt_sec=0.69 cum_wall_sec=71.8
23:04:40 | INFO    | src.training.finetune | STEP step=890 loss=0.0599 dt_sec=0.70 cum_wall_sec=72.4
23:04:41 | INFO    | src.training.finetune | STEP step=900 loss=0.0598 dt_sec=0.68 cum_wall_sec=73.1
23:04:42 | INFO    | src.training.finetune | STEP step=910 loss=0.0571 dt_sec=0.68 cum_wall_sec=73.8
23:04:42 | INFO    | src.training.finetune | STEP step=920 loss=0.0952 dt_sec=0.70 cum_wall_sec=74.5
23:04:43 | INFO    | src.training.finetune | STEP step=930 loss=0.0897 dt_sec=0.69 cum_wall_sec=75.2
23:04:44 | INFO    | src.training.finetune | STEP step=940 loss=0.0418 dt_sec=0.70 cum_wall_sec=75.9
23:04:44 | INFO    | src.training.finetune | STEP step=950 loss=0.0318 dt_sec=0.69 cum_wall_sec=76.6
23:04:45 | INFO    | src.training.finetune | STEP step=960 loss=0.0695 dt_sec=0.69 cum_wall_sec=77.3
23:04:46 | INFO    | src.training.finetune | STEP step=970 loss=0.0184 dt_sec=0.70 cum_wall_sec=78.0
23:04:46 | INFO    | src.training.finetune | STEP step=980 loss=0.0338 dt_sec=0.69 cum_wall_sec=78.7
23:04:47 | INFO    | src.training.finetune | STEP step=990 loss=0.0118 dt_sec=0.69 cum_wall_sec=79.4
23:04:48 | INFO    | src.training.finetune | STEP step=1000 loss=0.0605 dt_sec=0.69 cum_wall_sec=80.0
23:04:51 | INFO    | src.training.finetune | STEP step=1010 loss=0.0456 dt_sec=2.98 cum_wall_sec=83.0
23:04:52 | INFO    | src.training.finetune | STEP step=1020 loss=0.0223 dt_sec=0.69 cum_wall_sec=83.7
23:04:52 | INFO    | src.training.finetune | STEP step=1030 loss=0.0531 dt_sec=0.69 cum_wall_sec=84.4
23:04:53 | INFO    | src.training.finetune | STEP step=1040 loss=0.0613 dt_sec=0.68 cum_wall_sec=85.1
23:04:54 | INFO    | src.training.finetune | STEP step=1050 loss=0.0268 dt_sec=0.70 cum_wall_sec=85.8
23:04:54 | INFO    | src.training.finetune | STEP step=1060 loss=0.0013 dt_sec=0.69 cum_wall_sec=86.5
23:04:55 | INFO    | src.training.finetune | STEP step=1070 loss=0.0056 dt_sec=0.70 cum_wall_sec=87.2
23:04:56 | INFO    | src.training.finetune | STEP step=1080 loss=0.0501 dt_sec=0.68 cum_wall_sec=87.9
23:04:56 | INFO    | src.training.finetune | STEP step=1090 loss=0.0024 dt_sec=0.70 cum_wall_sec=88.6
23:04:57 | INFO    | src.training.finetune | STEP step=1100 loss=0.0255 dt_sec=0.70 cum_wall_sec=89.3
23:04:58 | INFO    | src.training.finetune | STEP step=1110 loss=0.0020 dt_sec=0.69 cum_wall_sec=89.9
23:04:58 | INFO    | src.training.finetune | STEP step=1120 loss=0.0335 dt_sec=0.69 cum_wall_sec=90.6
23:04:59 | INFO    | src.training.finetune | STEP step=1130 loss=0.0769 dt_sec=0.69 cum_wall_sec=91.3
23:05:00 | INFO    | src.training.finetune | STEP step=1140 loss=0.1162 dt_sec=0.69 cum_wall_sec=92.0
23:05:01 | INFO    | src.training.finetune | STEP step=1150 loss=0.0010 dt_sec=0.69 cum_wall_sec=92.7
23:05:01 | INFO    | src.training.finetune | STEP step=1160 loss=0.0355 dt_sec=0.69 cum_wall_sec=93.4
23:05:02 | INFO    | src.training.finetune | STEP step=1170 loss=0.0226 dt_sec=0.70 cum_wall_sec=94.1
23:05:03 | INFO    | src.training.finetune | STEP step=1180 loss=0.0089 dt_sec=0.69 cum_wall_sec=94.8
23:05:03 | INFO    | src.training.finetune | STEP step=1190 loss=0.0023 dt_sec=0.69 cum_wall_sec=95.5
23:05:04 | INFO    | src.training.finetune | STEP step=1200 loss=0.0172 dt_sec=0.69 cum_wall_sec=96.2
23:05:08 | INFO    | src.training.finetune | STEP step=1210 loss=0.0191 dt_sec=4.25 cum_wall_sec=100.4
23:05:09 | INFO    | src.training.finetune | STEP step=1220 loss=0.0424 dt_sec=0.69 cum_wall_sec=101.1
23:05:10 | INFO    | src.training.finetune | STEP step=1230 loss=0.0853 dt_sec=0.69 cum_wall_sec=101.8
23:05:10 | INFO    | src.training.finetune | STEP step=1240 loss=0.0417 dt_sec=0.69 cum_wall_sec=102.5
23:05:11 | INFO    | src.training.finetune | STEP step=1250 loss=0.0142 dt_sec=0.70 cum_wall_sec=103.2
23:05:12 | INFO    | src.training.finetune | STEP step=1260 loss=0.0226 dt_sec=0.69 cum_wall_sec=103.9
23:05:12 | INFO    | src.training.finetune | STEP step=1270 loss=0.0238 dt_sec=0.70 cum_wall_sec=104.6
23:05:13 | INFO    | src.training.finetune | STEP step=1280 loss=0.0013 dt_sec=0.69 cum_wall_sec=105.3
23:05:14 | INFO    | src.training.finetune | STEP step=1290 loss=0.0020 dt_sec=0.69 cum_wall_sec=106.0
23:05:14 | INFO    | src.training.finetune | STEP step=1300 loss=0.0290 dt_sec=0.69 cum_wall_sec=106.6
23:05:15 | INFO    | src.training.finetune | STEP step=1310 loss=0.0270 dt_sec=0.70 cum_wall_sec=107.3
23:05:16 | INFO    | src.training.finetune | STEP step=1320 loss=0.0451 dt_sec=0.69 cum_wall_sec=108.0
23:05:17 | INFO    | src.training.finetune | STEP step=1330 loss=0.0388 dt_sec=0.70 cum_wall_sec=108.7
23:05:17 | INFO    | src.training.finetune | STEP step=1340 loss=0.0006 dt_sec=0.69 cum_wall_sec=109.4
23:05:18 | INFO    | src.training.finetune | STEP step=1350 loss=0.0127 dt_sec=0.70 cum_wall_sec=110.1
23:05:19 | INFO    | src.training.finetune | STEP step=1360 loss=0.0119 dt_sec=0.69 cum_wall_sec=110.8
23:05:19 | INFO    | src.training.finetune | STEP step=1370 loss=0.0210 dt_sec=0.70 cum_wall_sec=111.5
23:05:20 | INFO    | src.training.finetune | STEP step=1380 loss=0.0027 dt_sec=0.69 cum_wall_sec=112.2
23:05:21 | INFO    | src.training.finetune | STEP step=1390 loss=0.0029 dt_sec=0.69 cum_wall_sec=112.9
23:05:21 | INFO    | src.training.finetune | STEP step=1400 loss=0.0004 dt_sec=0.71 cum_wall_sec=113.6
23:05:25 | INFO    | src.training.finetune | STEP step=1410 loss=0.0097 dt_sec=3.24 cum_wall_sec=116.8
23:05:25 | INFO    | src.training.finetune | STEP step=1420 loss=0.0025 dt_sec=0.69 cum_wall_sec=117.5
23:05:26 | INFO    | src.training.finetune | STEP step=1430 loss=0.0251 dt_sec=0.69 cum_wall_sec=118.2
23:05:27 | INFO    | src.training.finetune | STEP step=1440 loss=0.0004 dt_sec=0.68 cum_wall_sec=118.9
23:05:27 | INFO    | src.training.finetune | STEP step=1450 loss=0.0005 dt_sec=0.69 cum_wall_sec=119.6
23:05:28 | INFO    | src.training.finetune | STEP step=1460 loss=0.0004 dt_sec=0.69 cum_wall_sec=120.3
23:05:29 | INFO    | src.training.finetune | STEP step=1470 loss=0.0228 dt_sec=0.69 cum_wall_sec=121.0
23:05:29 | INFO    | src.training.finetune | STEP step=1480 loss=0.0402 dt_sec=0.69 cum_wall_sec=121.7
23:05:30 | INFO    | src.training.finetune | STEP step=1490 loss=0.0012 dt_sec=0.69 cum_wall_sec=122.4
23:05:31 | INFO    | src.training.finetune | STEP step=1500 loss=0.0003 dt_sec=0.69 cum_wall_sec=123.0
23:05:32 | INFO    | src.training.finetune | STEP step=1510 loss=0.0306 dt_sec=0.70 cum_wall_sec=123.7
23:05:32 | INFO    | src.training.finetune | STEP step=1520 loss=0.0371 dt_sec=0.68 cum_wall_sec=124.4
23:05:33 | INFO    | src.training.finetune | STEP step=1530 loss=0.0049 dt_sec=0.70 cum_wall_sec=125.1
23:05:34 | INFO    | src.training.finetune | STEP step=1540 loss=0.0191 dt_sec=0.69 cum_wall_sec=125.8
23:05:34 | INFO    | src.training.finetune | STEP step=1550 loss=0.0012 dt_sec=0.70 cum_wall_sec=126.5
23:05:35 | INFO    | src.training.finetune | STEP step=1560 loss=0.0003 dt_sec=0.68 cum_wall_sec=127.2
23:05:36 | INFO    | src.training.finetune | STEP step=1570 loss=0.0356 dt_sec=0.69 cum_wall_sec=127.9
23:05:36 | INFO    | src.training.finetune | STEP step=1580 loss=0.0155 dt_sec=0.70 cum_wall_sec=128.6
23:05:37 | INFO    | src.training.finetune | STEP step=1590 loss=0.0003 dt_sec=0.69 cum_wall_sec=129.3
23:05:38 | INFO    | src.training.finetune | STEP step=1600 loss=0.0010 dt_sec=0.69 cum_wall_sec=130.0
23:05:41 | INFO    | src.training.finetune | STEP step=1610 loss=0.0131 dt_sec=2.99 cum_wall_sec=133.0
23:05:41 | INFO    | src.training.finetune | STEP step=1620 loss=0.0003 dt_sec=0.69 cum_wall_sec=133.7
23:05:42 | INFO    | src.training.finetune | STEP step=1630 loss=0.0449 dt_sec=0.69 cum_wall_sec=134.3
23:05:43 | INFO    | src.training.finetune | STEP step=1640 loss=0.0002 dt_sec=0.68 cum_wall_sec=135.0
23:05:44 | INFO    | src.training.finetune | STEP step=1650 loss=0.0003 dt_sec=0.69 cum_wall_sec=135.7
23:05:44 | INFO    | src.training.finetune | STEP step=1660 loss=0.0259 dt_sec=0.70 cum_wall_sec=136.4
23:05:45 | INFO    | src.training.finetune | STEP step=1670 loss=0.0008 dt_sec=0.70 cum_wall_sec=137.1
23:05:46 | INFO    | src.training.finetune | STEP step=1680 loss=0.0138 dt_sec=1.16 cum_wall_sec=138.3
23:05:47 | INFO    | src.training.finetune | STEP step=1690 loss=0.0005 dt_sec=0.69 cum_wall_sec=139.0
23:05:47 | INFO    | src.training.finetune | STEP step=1700 loss=0.0017 dt_sec=0.69 cum_wall_sec=139.7
23:05:48 | INFO    | src.training.finetune | STEP step=1710 loss=0.0010 dt_sec=0.69 cum_wall_sec=140.4
23:05:49 | INFO    | src.training.finetune | STEP step=1720 loss=0.0003 dt_sec=0.69 cum_wall_sec=141.0
23:05:50 | INFO    | src.training.finetune | STEP step=1730 loss=0.0476 dt_sec=0.70 cum_wall_sec=141.7
23:05:50 | INFO    | src.training.finetune | STEP step=1740 loss=0.0003 dt_sec=0.69 cum_wall_sec=142.4
23:05:51 | INFO    | src.training.finetune | STEP step=1750 loss=0.0003 dt_sec=0.70 cum_wall_sec=143.1
23:05:52 | INFO    | src.training.finetune | STEP step=1760 loss=0.0168 dt_sec=0.69 cum_wall_sec=143.8
23:05:52 | INFO    | src.training.finetune | STEP step=1770 loss=0.0170 dt_sec=0.69 cum_wall_sec=144.5
23:05:53 | INFO    | src.training.finetune | STEP step=1780 loss=0.0177 dt_sec=0.70 cum_wall_sec=145.2
23:05:54 | INFO    | src.training.finetune | STEP step=1790 loss=0.0063 dt_sec=0.71 cum_wall_sec=145.9
23:05:54 | INFO    | src.training.finetune | STEP step=1800 loss=0.0003 dt_sec=0.69 cum_wall_sec=146.6
23:05:58 | INFO    | src.training.finetune | STEP step=1810 loss=0.0002 dt_sec=3.21 cum_wall_sec=149.8
23:05:58 | INFO    | src.training.finetune | STEP step=1820 loss=0.0050 dt_sec=0.69 cum_wall_sec=150.5
23:05:59 | INFO    | src.training.finetune | STEP step=1830 loss=0.0003 dt_sec=0.69 cum_wall_sec=151.2
23:06:00 | INFO    | src.training.finetune | STEP step=1840 loss=0.0203 dt_sec=0.70 cum_wall_sec=151.9
23:06:00 | INFO    | src.training.finetune | STEP step=1850 loss=0.0002 dt_sec=0.69 cum_wall_sec=152.6
23:06:01 | INFO    | src.training.finetune | STEP step=1860 loss=0.0260 dt_sec=0.69 cum_wall_sec=153.3
23:06:02 | INFO    | src.training.finetune | STEP step=1870 loss=0.0006 dt_sec=0.70 cum_wall_sec=154.0
23:06:02 | INFO    | src.training.finetune | STEP step=1880 loss=0.0203 dt_sec=0.69 cum_wall_sec=154.7
23:06:03 | INFO    | src.training.finetune | STEP step=1890 loss=0.0003 dt_sec=0.69 cum_wall_sec=155.4
23:06:04 | INFO    | src.training.finetune | STEP step=1900 loss=0.0002 dt_sec=0.70 cum_wall_sec=156.0
23:06:05 | INFO    | src.training.finetune | STEP step=1910 loss=0.0002 dt_sec=0.69 cum_wall_sec=156.7
23:06:05 | INFO    | src.training.finetune | STEP step=1920 loss=0.0002 dt_sec=0.68 cum_wall_sec=157.4
23:06:06 | INFO    | src.training.finetune | STEP step=1930 loss=0.0002 dt_sec=0.69 cum_wall_sec=158.1
23:06:07 | INFO    | src.training.finetune | STEP step=1940 loss=0.0061 dt_sec=0.69 cum_wall_sec=158.8
23:06:07 | INFO    | src.training.finetune | STEP step=1950 loss=0.0012 dt_sec=0.70 cum_wall_sec=159.5
23:06:08 | INFO    | src.training.finetune | STEP step=1960 loss=0.0033 dt_sec=0.68 cum_wall_sec=160.2
23:06:09 | INFO    | src.training.finetune | STEP step=1970 loss=0.0002 dt_sec=0.70 cum_wall_sec=160.9
23:06:09 | INFO    | src.training.finetune | STEP step=1980 loss=0.0358 dt_sec=0.70 cum_wall_sec=161.6
23:06:10 | INFO    | src.training.finetune | STEP step=1990 loss=0.0002 dt_sec=0.70 cum_wall_sec=162.3
23:06:11 | INFO    | src.training.finetune | STEP step=2000 loss=0.0002 dt_sec=0.69 cum_wall_sec=163.0
23:06:14 | INFO    | src.training.finetune | STAGE=azerbaijani end ts=2026-09-08T23:06:14.328952+00:00 runtime_sec=166.6
23:06:15 | INFO    | src.training.finetune | Best checkpoint restored and verified: step 1400, val macro-F1 = 0.8285
