01:19:17 | INFO    | src.training.finetune |   [AZ mərhələsi] 10000 nümunə | 2 sinif | init=baza
01:19:17 | INFO    | src.training.finetune | Task head reset: modules=['sequence_summary'] params=2050 (encoder='transformer' untouched)
01:19:17 | INFO    | src.training.finetune | STAGE=azerbaijani start ts=2026-09-09T01:19:17.423351+00:00 n=10000 n_classes=2
01:19:19 | INFO    | src.training.finetune | STEP step=10 loss=3.4532 dt_sec=0.85 cum_wall_sec=0.9
01:19:19 | INFO    | src.training.finetune | STEP step=20 loss=3.1316 dt_sec=0.80 cum_wall_sec=1.7
01:19:20 | INFO    | src.training.finetune | STEP step=30 loss=2.4984 dt_sec=0.77 cum_wall_sec=2.4
01:19:21 | INFO    | src.training.finetune | STEP step=40 loss=2.0392 dt_sec=0.77 cum_wall_sec=3.2
01:19:22 | INFO    | src.training.finetune | STEP step=50 loss=2.1128 dt_sec=0.79 cum_wall_sec=4.0
01:19:22 | INFO    | src.training.finetune | STEP step=60 loss=1.8369 dt_sec=0.79 cum_wall_sec=4.8
01:19:23 | INFO    | src.training.finetune | STEP step=70 loss=1.7720 dt_sec=0.77 cum_wall_sec=5.5
01:19:24 | INFO    | src.training.finetune | STEP step=80 loss=2.2862 dt_sec=0.77 cum_wall_sec=6.3
01:19:25 | INFO    | src.training.finetune | STEP step=90 loss=1.8733 dt_sec=0.77 cum_wall_sec=7.1
01:19:26 | INFO    | src.training.finetune | STEP step=100 loss=1.5806 dt_sec=0.76 cum_wall_sec=7.8
01:19:26 | INFO    | src.training.finetune | STEP step=110 loss=1.4617 dt_sec=0.78 cum_wall_sec=8.6
01:19:27 | INFO    | src.training.finetune | STEP step=120 loss=1.7113 dt_sec=0.78 cum_wall_sec=9.4
01:19:28 | INFO    | src.training.finetune | STEP step=130 loss=1.5069 dt_sec=0.78 cum_wall_sec=10.2
01:19:29 | INFO    | src.training.finetune | STEP step=140 loss=1.5842 dt_sec=0.77 cum_wall_sec=11.0
01:19:29 | INFO    | src.training.finetune | STEP step=150 loss=1.3827 dt_sec=0.78 cum_wall_sec=11.7
01:19:30 | INFO    | src.training.finetune | STEP step=160 loss=1.3820 dt_sec=0.76 cum_wall_sec=12.5
01:19:31 | INFO    | src.training.finetune | STEP step=170 loss=1.4647 dt_sec=0.79 cum_wall_sec=13.3
01:19:32 | INFO    | src.training.finetune | STEP step=180 loss=1.3787 dt_sec=0.78 cum_wall_sec=14.1
01:19:33 | INFO    | src.training.finetune | STEP step=190 loss=1.7526 dt_sec=0.79 cum_wall_sec=14.9
01:19:33 | INFO    | src.training.finetune | STEP step=200 loss=1.0413 dt_sec=0.78 cum_wall_sec=15.6
01:19:36 | INFO    | src.training.finetune | STEP step=210 loss=1.2251 dt_sec=3.07 cum_wall_sec=18.7
01:19:37 | INFO    | src.training.finetune | STEP step=220 loss=1.3125 dt_sec=0.78 cum_wall_sec=19.5
01:19:38 | INFO    | src.training.finetune | STEP step=230 loss=1.4677 dt_sec=0.78 cum_wall_sec=20.3
01:19:39 | INFO    | src.training.finetune | STEP step=240 loss=1.3922 dt_sec=0.78 cum_wall_sec=21.0
01:19:40 | INFO    | src.training.finetune | STEP step=250 loss=1.1663 dt_sec=0.77 cum_wall_sec=21.8
01:19:40 | INFO    | src.training.finetune | STEP step=260 loss=1.2811 dt_sec=0.80 cum_wall_sec=22.6
01:19:41 | INFO    | src.training.finetune | STEP step=270 loss=1.2316 dt_sec=0.76 cum_wall_sec=23.4
01:19:42 | INFO    | src.training.finetune | STEP step=280 loss=1.1961 dt_sec=0.75 cum_wall_sec=24.1
01:19:43 | INFO    | src.training.finetune | STEP step=290 loss=0.9644 dt_sec=0.74 cum_wall_sec=24.9
01:19:43 | INFO    | src.training.finetune | STEP step=300 loss=0.9611 dt_sec=0.76 cum_wall_sec=25.6
01:19:44 | INFO    | src.training.finetune | STEP step=310 loss=0.9549 dt_sec=0.74 cum_wall_sec=26.4
01:19:45 | INFO    | src.training.finetune | STEP step=320 loss=0.8951 dt_sec=0.75 cum_wall_sec=27.1
01:19:46 | INFO    | src.training.finetune | STEP step=330 loss=0.9320 dt_sec=0.75 cum_wall_sec=27.9
01:19:46 | INFO    | src.training.finetune | STEP step=340 loss=0.8566 dt_sec=0.75 cum_wall_sec=28.6
01:19:47 | INFO    | src.training.finetune | STEP step=350 loss=0.8588 dt_sec=0.74 cum_wall_sec=29.4
01:19:48 | INFO    | src.training.finetune | STEP step=360 loss=0.8937 dt_sec=0.74 cum_wall_sec=30.1
01:19:49 | INFO    | src.training.finetune | STEP step=370 loss=0.8367 dt_sec=0.74 cum_wall_sec=30.8
01:19:49 | INFO    | src.training.finetune | STEP step=380 loss=1.0308 dt_sec=0.74 cum_wall_sec=31.6
01:19:50 | INFO    | src.training.finetune | STEP step=390 loss=0.9187 dt_sec=0.74 cum_wall_sec=32.3
01:19:51 | INFO    | src.training.finetune | STEP step=400 loss=0.8376 dt_sec=0.76 cum_wall_sec=33.1
01:19:54 | INFO    | src.training.finetune | STEP step=410 loss=0.9747 dt_sec=3.07 cum_wall_sec=36.2
01:19:55 | INFO    | src.training.finetune | STEP step=420 loss=0.8930 dt_sec=0.75 cum_wall_sec=36.9
01:19:55 | INFO    | src.training.finetune | STEP step=430 loss=0.8155 dt_sec=0.74 cum_wall_sec=37.6
01:19:56 | INFO    | src.training.finetune | STEP step=440 loss=0.7771 dt_sec=0.75 cum_wall_sec=38.4
01:19:57 | INFO    | src.training.finetune | STEP step=450 loss=0.8264 dt_sec=0.73 cum_wall_sec=39.1
01:19:58 | INFO    | src.training.finetune | STEP step=460 loss=0.7536 dt_sec=0.74 cum_wall_sec=39.9
01:19:58 | INFO    | src.training.finetune | STEP step=470 loss=0.7855 dt_sec=0.76 cum_wall_sec=40.6
01:19:59 | INFO    | src.training.finetune | STEP step=480 loss=0.8827 dt_sec=0.74 cum_wall_sec=41.4
01:20:00 | INFO    | src.training.finetune | STEP step=490 loss=0.8406 dt_sec=0.75 cum_wall_sec=42.1
01:20:01 | INFO    | src.training.finetune | STEP step=500 loss=0.8162 dt_sec=0.76 cum_wall_sec=42.9
01:20:01 | INFO    | src.training.finetune | STEP step=510 loss=0.7571 dt_sec=0.76 cum_wall_sec=43.6
01:20:02 | INFO    | src.training.finetune | STEP step=520 loss=0.7564 dt_sec=0.74 cum_wall_sec=44.4
01:20:03 | INFO    | src.training.finetune | STEP step=530 loss=0.7216 dt_sec=0.77 cum_wall_sec=45.1
01:20:04 | INFO    | src.training.finetune | STEP step=540 loss=0.7608 dt_sec=0.75 cum_wall_sec=45.9
01:20:04 | INFO    | src.training.finetune | STEP step=550 loss=0.6976 dt_sec=0.75 cum_wall_sec=46.6
01:20:05 | INFO    | src.training.finetune | STEP step=560 loss=0.7458 dt_sec=0.75 cum_wall_sec=47.4
01:20:06 | INFO    | src.training.finetune | STEP step=570 loss=0.7827 dt_sec=0.74 cum_wall_sec=48.1
01:20:07 | INFO    | src.training.finetune | STEP step=580 loss=0.8552 dt_sec=0.75 cum_wall_sec=48.9
01:20:07 | INFO    | src.training.finetune | STEP step=590 loss=0.7436 dt_sec=0.73 cum_wall_sec=49.6
01:20:08 | INFO    | src.training.finetune | STEP step=600 loss=0.7744 dt_sec=0.75 cum_wall_sec=50.4
01:20:11 | INFO    | src.training.finetune | STEP step=610 loss=0.7095 dt_sec=3.33 cum_wall_sec=53.7
01:20:12 | INFO    | src.training.finetune | STEP step=620 loss=0.7376 dt_sec=0.74 cum_wall_sec=54.4
01:20:13 | INFO    | src.training.finetune | STEP step=630 loss=0.8964 dt_sec=0.75 cum_wall_sec=55.2
01:20:14 | INFO    | src.training.finetune | STEP step=640 loss=0.6880 dt_sec=0.75 cum_wall_sec=55.9
01:20:14 | INFO    | src.training.finetune | STEP step=650 loss=0.8342 dt_sec=0.75 cum_wall_sec=56.7
01:20:15 | INFO    | src.training.finetune | STEP step=660 loss=0.8002 dt_sec=0.74 cum_wall_sec=57.4
01:20:16 | INFO    | src.training.finetune | STEP step=670 loss=0.6157 dt_sec=0.76 cum_wall_sec=58.2
01:20:17 | INFO    | src.training.finetune | STEP step=680 loss=0.6057 dt_sec=0.75 cum_wall_sec=58.9
01:20:17 | INFO    | src.training.finetune | STEP step=690 loss=0.7809 dt_sec=0.75 cum_wall_sec=59.7
01:20:18 | INFO    | src.training.finetune | STEP step=700 loss=0.7012 dt_sec=0.75 cum_wall_sec=60.4
01:20:19 | INFO    | src.training.finetune | STEP step=710 loss=0.6614 dt_sec=0.73 cum_wall_sec=61.2
01:20:20 | INFO    | src.training.finetune | STEP step=720 loss=0.6076 dt_sec=0.76 cum_wall_sec=61.9
01:20:20 | INFO    | src.training.finetune | STEP step=730 loss=0.7144 dt_sec=0.73 cum_wall_sec=62.6
01:20:21 | INFO    | src.training.finetune | STEP step=740 loss=0.6908 dt_sec=0.75 cum_wall_sec=63.4
01:20:22 | INFO    | src.training.finetune | STEP step=750 loss=0.6251 dt_sec=0.75 cum_wall_sec=64.1
01:20:23 | INFO    | src.training.finetune | STEP step=760 loss=0.6689 dt_sec=0.73 cum_wall_sec=64.9
01:20:23 | INFO    | src.training.finetune | STEP step=770 loss=0.6260 dt_sec=0.76 cum_wall_sec=65.6
01:20:24 | INFO    | src.training.finetune | STEP step=780 loss=0.5545 dt_sec=0.75 cum_wall_sec=66.4
01:20:25 | INFO    | src.training.finetune | STEP step=790 loss=0.6159 dt_sec=0.76 cum_wall_sec=67.2
01:20:26 | INFO    | src.training.finetune | STEP step=800 loss=0.6617 dt_sec=0.77 cum_wall_sec=67.9
01:20:29 | INFO    | src.training.finetune | STEP step=810 loss=0.5962 dt_sec=3.19 cum_wall_sec=71.1
01:20:30 | INFO    | src.training.finetune | STEP step=820 loss=0.5886 dt_sec=0.77 cum_wall_sec=71.9
01:20:30 | INFO    | src.training.finetune | STEP step=830 loss=0.6345 dt_sec=0.78 cum_wall_sec=72.7
01:20:31 | INFO    | src.training.finetune | STEP step=840 loss=0.8145 dt_sec=0.79 cum_wall_sec=73.5
01:20:32 | INFO    | src.training.finetune | STEP step=850 loss=0.6716 dt_sec=0.78 cum_wall_sec=74.2
01:20:33 | INFO    | src.training.finetune | STEP step=860 loss=0.5797 dt_sec=0.78 cum_wall_sec=75.0
01:20:34 | INFO    | src.training.finetune | STEP step=870 loss=0.5428 dt_sec=0.79 cum_wall_sec=75.8
01:20:34 | INFO    | src.training.finetune | STEP step=880 loss=0.7405 dt_sec=0.79 cum_wall_sec=76.6
01:20:35 | INFO    | src.training.finetune | STEP step=890 loss=0.5777 dt_sec=0.77 cum_wall_sec=77.4
01:20:36 | INFO    | src.training.finetune | STEP step=900 loss=0.5407 dt_sec=0.78 cum_wall_sec=78.1
01:20:37 | INFO    | src.training.finetune | STEP step=910 loss=0.7341 dt_sec=0.78 cum_wall_sec=78.9
01:20:37 | INFO    | src.training.finetune | STEP step=920 loss=0.6038 dt_sec=0.76 cum_wall_sec=79.7
01:20:38 | INFO    | src.training.finetune | STEP step=930 loss=0.5734 dt_sec=0.80 cum_wall_sec=80.5
01:20:39 | INFO    | src.training.finetune | STEP step=940 loss=0.5408 dt_sec=0.77 cum_wall_sec=81.2
01:20:40 | INFO    | src.training.finetune | STEP step=950 loss=0.5023 dt_sec=0.79 cum_wall_sec=82.0
01:20:41 | INFO    | src.training.finetune | STEP step=960 loss=0.4142 dt_sec=0.77 cum_wall_sec=82.8
01:20:41 | INFO    | src.training.finetune | STEP step=970 loss=0.4658 dt_sec=0.76 cum_wall_sec=83.6
01:20:42 | INFO    | src.training.finetune | STEP step=980 loss=0.4808 dt_sec=0.78 cum_wall_sec=84.3
01:20:43 | INFO    | src.training.finetune | STEP step=990 loss=0.5506 dt_sec=0.78 cum_wall_sec=85.1
01:20:44 | INFO    | src.training.finetune | STEP step=1000 loss=0.4679 dt_sec=0.78 cum_wall_sec=85.9
01:20:47 | INFO    | src.training.finetune | STEP step=1010 loss=0.5061 dt_sec=3.21 cum_wall_sec=89.1
01:20:48 | INFO    | src.training.finetune | STEP step=1020 loss=0.4860 dt_sec=0.79 cum_wall_sec=89.9
01:20:48 | INFO    | src.training.finetune | STEP step=1030 loss=0.4157 dt_sec=0.79 cum_wall_sec=90.7
01:20:49 | INFO    | src.training.finetune | STEP step=1040 loss=0.4430 dt_sec=0.78 cum_wall_sec=91.5
01:20:50 | INFO    | src.training.finetune | STEP step=1050 loss=0.3745 dt_sec=0.78 cum_wall_sec=92.3
01:20:51 | INFO    | src.training.finetune | STEP step=1060 loss=0.5168 dt_sec=0.79 cum_wall_sec=93.0
01:20:52 | INFO    | src.training.finetune | STEP step=1070 loss=0.5240 dt_sec=0.79 cum_wall_sec=93.8
01:20:52 | INFO    | src.training.finetune | STEP step=1080 loss=0.5210 dt_sec=0.79 cum_wall_sec=94.6
01:20:53 | INFO    | src.training.finetune | STEP step=1090 loss=0.4944 dt_sec=0.77 cum_wall_sec=95.4
01:20:54 | INFO    | src.training.finetune | STEP step=1100 loss=0.4811 dt_sec=0.79 cum_wall_sec=96.2
01:20:55 | INFO    | src.training.finetune | STEP step=1110 loss=0.4697 dt_sec=0.77 cum_wall_sec=96.9
01:20:55 | INFO    | src.training.finetune | STEP step=1120 loss=0.4397 dt_sec=0.77 cum_wall_sec=97.7
01:20:56 | INFO    | src.training.finetune | STEP step=1130 loss=0.4422 dt_sec=0.79 cum_wall_sec=98.5
01:20:57 | INFO    | src.training.finetune | STEP step=1140 loss=0.5194 dt_sec=0.78 cum_wall_sec=99.3
01:20:58 | INFO    | src.training.finetune | STEP step=1150 loss=0.5725 dt_sec=0.79 cum_wall_sec=100.1
01:20:59 | INFO    | src.training.finetune | STEP step=1160 loss=0.4083 dt_sec=0.78 cum_wall_sec=100.9
01:20:59 | INFO    | src.training.finetune | STEP step=1170 loss=0.3642 dt_sec=0.79 cum_wall_sec=101.7
01:21:00 | INFO    | src.training.finetune | STEP step=1180 loss=0.4545 dt_sec=0.78 cum_wall_sec=102.4
01:21:01 | INFO    | src.training.finetune | STEP step=1190 loss=0.3892 dt_sec=0.77 cum_wall_sec=103.2
01:21:02 | INFO    | src.training.finetune | STEP step=1200 loss=0.4313 dt_sec=0.78 cum_wall_sec=104.0
01:21:06 | INFO    | src.training.finetune | STEP step=1210 loss=0.4325 dt_sec=3.86 cum_wall_sec=107.9
01:21:06 | INFO    | src.training.finetune | STEP step=1220 loss=0.3985 dt_sec=0.78 cum_wall_sec=108.6
01:21:07 | INFO    | src.training.finetune | STEP step=1230 loss=0.4056 dt_sec=0.76 cum_wall_sec=109.4
01:21:08 | INFO    | src.training.finetune | STEP step=1240 loss=0.3578 dt_sec=0.79 cum_wall_sec=110.2
01:21:09 | INFO    | src.training.finetune | STEP step=1250 loss=0.4761 dt_sec=0.79 cum_wall_sec=111.0
01:21:09 | INFO    | src.training.finetune | STEP step=1260 loss=0.3903 dt_sec=0.77 cum_wall_sec=111.8
01:21:10 | INFO    | src.training.finetune | STEP step=1270 loss=0.3959 dt_sec=0.79 cum_wall_sec=112.5
01:21:11 | INFO    | src.training.finetune | STEP step=1280 loss=0.3606 dt_sec=0.80 cum_wall_sec=113.3
01:21:12 | INFO    | src.training.finetune | STEP step=1290 loss=0.3240 dt_sec=0.80 cum_wall_sec=114.1
01:21:13 | INFO    | src.training.finetune | STEP step=1300 loss=0.3867 dt_sec=0.79 cum_wall_sec=114.9
01:21:13 | INFO    | src.training.finetune | STEP step=1310 loss=0.3041 dt_sec=0.78 cum_wall_sec=115.7
01:21:14 | INFO    | src.training.finetune | STEP step=1320 loss=0.3299 dt_sec=0.78 cum_wall_sec=116.5
01:21:15 | INFO    | src.training.finetune | STEP step=1330 loss=0.3410 dt_sec=0.79 cum_wall_sec=117.3
01:21:16 | INFO    | src.training.finetune | STEP step=1340 loss=0.3213 dt_sec=0.78 cum_wall_sec=118.1
01:21:17 | INFO    | src.training.finetune | STEP step=1350 loss=0.5599 dt_sec=0.77 cum_wall_sec=118.8
01:21:17 | INFO    | src.training.finetune | STEP step=1360 loss=0.4471 dt_sec=0.78 cum_wall_sec=119.6
01:21:18 | INFO    | src.training.finetune | STEP step=1370 loss=0.3304 dt_sec=0.78 cum_wall_sec=120.4
01:21:19 | INFO    | src.training.finetune | STEP step=1380 loss=0.2714 dt_sec=0.80 cum_wall_sec=121.2
01:21:20 | INFO    | src.training.finetune | STEP step=1390 loss=0.3076 dt_sec=0.77 cum_wall_sec=122.0
01:21:20 | INFO    | src.training.finetune | STEP step=1400 loss=0.3118 dt_sec=0.78 cum_wall_sec=122.7
01:21:24 | INFO    | src.training.finetune | STEP step=1410 loss=0.2839 dt_sec=3.23 cum_wall_sec=126.0
01:21:24 | INFO    | src.training.finetune | STEP step=1420 loss=0.3122 dt_sec=0.79 cum_wall_sec=126.8
01:21:25 | INFO    | src.training.finetune | STEP step=1430 loss=0.3754 dt_sec=0.76 cum_wall_sec=127.5
01:21:26 | INFO    | src.training.finetune | STEP step=1440 loss=0.3021 dt_sec=0.78 cum_wall_sec=128.3
01:21:27 | INFO    | src.training.finetune | STEP step=1450 loss=0.3489 dt_sec=0.79 cum_wall_sec=129.1
01:21:28 | INFO    | src.training.finetune | STEP step=1460 loss=0.3798 dt_sec=0.79 cum_wall_sec=129.9
01:21:28 | INFO    | src.training.finetune | STEP step=1470 loss=0.3195 dt_sec=0.78 cum_wall_sec=130.7
01:21:29 | INFO    | src.training.finetune | STEP step=1480 loss=0.3241 dt_sec=0.78 cum_wall_sec=131.4
01:21:30 | INFO    | src.training.finetune | STEP step=1490 loss=0.2686 dt_sec=0.80 cum_wall_sec=132.2
01:21:31 | INFO    | src.training.finetune | STEP step=1500 loss=0.3239 dt_sec=0.79 cum_wall_sec=133.0
01:21:32 | INFO    | src.training.finetune | STEP step=1510 loss=0.2692 dt_sec=0.79 cum_wall_sec=133.8
01:21:32 | INFO    | src.training.finetune | STEP step=1520 loss=0.3740 dt_sec=0.79 cum_wall_sec=134.6
01:21:33 | INFO    | src.training.finetune | STEP step=1530 loss=0.3274 dt_sec=0.77 cum_wall_sec=135.4
01:21:34 | INFO    | src.training.finetune | STEP step=1540 loss=0.2814 dt_sec=0.79 cum_wall_sec=136.2
01:21:35 | INFO    | src.training.finetune | STEP step=1550 loss=0.2680 dt_sec=0.78 cum_wall_sec=136.9
01:21:35 | INFO    | src.training.finetune | STEP step=1560 loss=0.3102 dt_sec=0.79 cum_wall_sec=137.7
01:21:36 | INFO    | src.training.finetune | STEP step=1570 loss=0.2483 dt_sec=0.78 cum_wall_sec=138.5
01:21:37 | INFO    | src.training.finetune | STEP step=1580 loss=0.2103 dt_sec=0.78 cum_wall_sec=139.3
01:21:38 | INFO    | src.training.finetune | STEP step=1590 loss=0.1990 dt_sec=0.78 cum_wall_sec=140.1
01:21:39 | INFO    | src.training.finetune | STEP step=1600 loss=0.3510 dt_sec=0.79 cum_wall_sec=140.9
01:21:42 | INFO    | src.training.finetune | STEP step=1610 loss=0.3249 dt_sec=3.11 cum_wall_sec=144.0
01:21:42 | INFO    | src.training.finetune | STEP step=1620 loss=0.2615 dt_sec=0.79 cum_wall_sec=144.8
01:21:43 | INFO    | src.training.finetune | STEP step=1630 loss=0.2863 dt_sec=0.78 cum_wall_sec=145.6
01:21:44 | INFO    | src.training.finetune | STEP step=1640 loss=0.2535 dt_sec=0.80 cum_wall_sec=146.4
01:21:45 | INFO    | src.training.finetune | STEP step=1650 loss=0.3313 dt_sec=0.79 cum_wall_sec=147.1
01:21:46 | INFO    | src.training.finetune | STEP step=1660 loss=0.3191 dt_sec=0.78 cum_wall_sec=147.9
01:21:46 | INFO    | src.training.finetune | STEP step=1670 loss=0.2235 dt_sec=0.78 cum_wall_sec=148.7
01:21:47 | INFO    | src.training.finetune | STEP step=1680 loss=0.3208 dt_sec=0.79 cum_wall_sec=149.5
01:21:48 | INFO    | src.training.finetune | STEP step=1690 loss=0.2865 dt_sec=0.79 cum_wall_sec=150.3
01:21:49 | INFO    | src.training.finetune | STEP step=1700 loss=0.2368 dt_sec=0.78 cum_wall_sec=151.1
01:21:50 | INFO    | src.training.finetune | STEP step=1710 loss=0.2724 dt_sec=0.78 cum_wall_sec=151.8
01:21:50 | INFO    | src.training.finetune | STEP step=1720 loss=0.1932 dt_sec=0.79 cum_wall_sec=152.6
01:21:51 | INFO    | src.training.finetune | STEP step=1730 loss=0.3235 dt_sec=0.78 cum_wall_sec=153.4
01:21:52 | INFO    | src.training.finetune | STEP step=1740 loss=0.2669 dt_sec=0.79 cum_wall_sec=154.2
01:21:53 | INFO    | src.training.finetune | STEP step=1750 loss=0.2040 dt_sec=0.79 cum_wall_sec=155.0
01:21:54 | INFO    | src.training.finetune | STEP step=1760 loss=0.2623 dt_sec=0.79 cum_wall_sec=155.8
01:21:54 | INFO    | src.training.finetune | STEP step=1770 loss=0.2016 dt_sec=0.79 cum_wall_sec=156.6
01:21:55 | INFO    | src.training.finetune | STEP step=1780 loss=0.3119 dt_sec=0.77 cum_wall_sec=157.3
01:21:56 | INFO    | src.training.finetune | STEP step=1790 loss=0.2444 dt_sec=0.78 cum_wall_sec=158.1
01:21:57 | INFO    | src.training.finetune | STEP step=1800 loss=0.2378 dt_sec=0.78 cum_wall_sec=158.9
01:22:00 | INFO    | src.training.finetune | STEP step=1810 loss=0.2446 dt_sec=3.38 cum_wall_sec=162.3
01:22:01 | INFO    | src.training.finetune | STEP step=1820 loss=0.2149 dt_sec=0.79 cum_wall_sec=163.1
01:22:02 | INFO    | src.training.finetune | STEP step=1830 loss=0.2045 dt_sec=0.78 cum_wall_sec=163.9
01:22:02 | INFO    | src.training.finetune | STEP step=1840 loss=0.2610 dt_sec=0.79 cum_wall_sec=164.6
01:22:03 | INFO    | src.training.finetune | STEP step=1850 loss=0.2191 dt_sec=0.78 cum_wall_sec=165.4
01:22:04 | INFO    | src.training.finetune | STEP step=1860 loss=0.2561 dt_sec=0.80 cum_wall_sec=166.2
01:22:05 | INFO    | src.training.finetune | STEP step=1870 loss=0.2787 dt_sec=0.78 cum_wall_sec=167.0
01:22:06 | INFO    | src.training.finetune | STEP step=1880 loss=0.2503 dt_sec=0.78 cum_wall_sec=167.8
01:22:06 | INFO    | src.training.finetune | STEP step=1890 loss=0.1825 dt_sec=0.79 cum_wall_sec=168.6
01:22:07 | INFO    | src.training.finetune | STEP step=1900 loss=0.1422 dt_sec=0.77 cum_wall_sec=169.3
01:22:08 | INFO    | src.training.finetune | STEP step=1910 loss=0.2117 dt_sec=0.78 cum_wall_sec=170.1
01:22:09 | INFO    | src.training.finetune | STEP step=1920 loss=0.2369 dt_sec=0.77 cum_wall_sec=170.9
01:22:09 | INFO    | src.training.finetune | STEP step=1930 loss=0.1501 dt_sec=0.78 cum_wall_sec=171.7
01:22:10 | INFO    | src.training.finetune | STEP step=1940 loss=0.2367 dt_sec=0.81 cum_wall_sec=172.5
01:22:11 | INFO    | src.training.finetune | STEP step=1950 loss=0.1990 dt_sec=0.78 cum_wall_sec=173.3
01:22:12 | INFO    | src.training.finetune | STEP step=1960 loss=0.2275 dt_sec=0.79 cum_wall_sec=174.1
01:22:13 | INFO    | src.training.finetune | STEP step=1970 loss=0.2280 dt_sec=0.79 cum_wall_sec=174.8
01:22:13 | INFO    | src.training.finetune | STEP step=1980 loss=0.1789 dt_sec=0.79 cum_wall_sec=175.6
01:22:14 | INFO    | src.training.finetune | STEP step=1990 loss=0.2185 dt_sec=0.78 cum_wall_sec=176.4
01:22:15 | INFO    | src.training.finetune | STEP step=2000 loss=0.2331 dt_sec=0.78 cum_wall_sec=177.2
01:22:18 | INFO    | src.training.finetune | STAGE=azerbaijani end ts=2026-09-09T01:22:18.040212+00:00 runtime_sec=180.6
01:22:19 | INFO    | src.training.finetune | Best checkpoint restored and verified: step 2000, val macro-F1 = 0.7782
