02:58:14 | INFO    | src.training.finetune |   [AZ mərhələsi] 500 nümunə | 2 sinif | init=baza
02:58:14 | INFO    | src.training.finetune | Task head reset: modules=['classifier'] params=592130 (encoder='roberta' untouched)
02:58:14 | INFO    | src.training.finetune | STAGE=azerbaijani start ts=2026-09-09T02:58:14.997766+00:00 n=500 n_classes=2
02:58:16 | INFO    | src.training.finetune | STEP step=10 loss=0.6956 dt_sec=0.73 cum_wall_sec=0.7
02:58:16 | INFO    | src.training.finetune | STEP step=20 loss=0.7141 dt_sec=0.66 cum_wall_sec=1.4
02:58:17 | INFO    | src.training.finetune | STEP step=30 loss=0.7043 dt_sec=0.67 cum_wall_sec=2.1
02:58:18 | INFO    | src.training.finetune | STEP step=40 loss=0.7039 dt_sec=0.67 cum_wall_sec=2.7
02:58:18 | INFO    | src.training.finetune | STEP step=50 loss=0.6934 dt_sec=0.67 cum_wall_sec=3.4
02:58:19 | INFO    | src.training.finetune | STEP step=60 loss=0.6995 dt_sec=0.67 cum_wall_sec=4.1
02:58:20 | INFO    | src.training.finetune | STEP step=70 loss=0.6962 dt_sec=0.67 cum_wall_sec=4.7
02:58:20 | INFO    | src.training.finetune | STEP step=80 loss=0.6998 dt_sec=0.66 cum_wall_sec=5.4
02:58:21 | INFO    | src.training.finetune | STEP step=90 loss=0.6972 dt_sec=0.68 cum_wall_sec=6.1
02:58:22 | INFO    | src.training.finetune | STEP step=100 loss=0.6874 dt_sec=0.67 cum_wall_sec=6.8
02:58:22 | INFO    | src.training.finetune | STEP step=110 loss=0.6826 dt_sec=0.66 cum_wall_sec=7.4
02:58:23 | INFO    | src.training.finetune | STEP step=120 loss=0.6848 dt_sec=0.67 cum_wall_sec=8.1
02:58:24 | INFO    | src.training.finetune | STEP step=130 loss=0.6770 dt_sec=0.67 cum_wall_sec=8.8
02:58:24 | INFO    | src.training.finetune | STEP step=140 loss=0.6574 dt_sec=0.67 cum_wall_sec=9.4
02:58:25 | INFO    | src.training.finetune | STEP step=150 loss=0.6461 dt_sec=0.66 cum_wall_sec=10.1
02:58:26 | INFO    | src.training.finetune | STEP step=160 loss=0.6146 dt_sec=0.67 cum_wall_sec=10.7
02:58:26 | INFO    | src.training.finetune | STEP step=170 loss=0.5761 dt_sec=0.67 cum_wall_sec=11.4
02:58:27 | INFO    | src.training.finetune | STEP step=180 loss=0.5914 dt_sec=0.67 cum_wall_sec=12.1
02:58:28 | INFO    | src.training.finetune | STEP step=190 loss=0.6398 dt_sec=0.66 cum_wall_sec=12.8
02:58:28 | INFO    | src.training.finetune | STEP step=200 loss=0.5406 dt_sec=0.67 cum_wall_sec=13.4
02:58:31 | INFO    | src.training.finetune | STEP step=210 loss=0.5466 dt_sec=2.46 cum_wall_sec=15.9
02:58:31 | INFO    | src.training.finetune | STEP step=220 loss=0.5051 dt_sec=0.67 cum_wall_sec=16.6
02:58:32 | INFO    | src.training.finetune | STEP step=230 loss=0.4996 dt_sec=0.66 cum_wall_sec=17.2
02:58:33 | INFO    | src.training.finetune | STEP step=240 loss=0.5186 dt_sec=0.67 cum_wall_sec=17.9
02:58:33 | INFO    | src.training.finetune | STEP step=250 loss=0.3897 dt_sec=0.67 cum_wall_sec=18.6
02:58:34 | INFO    | src.training.finetune | STEP step=260 loss=0.3935 dt_sec=0.65 cum_wall_sec=19.2
02:58:35 | INFO    | src.training.finetune | STEP step=270 loss=0.3798 dt_sec=0.67 cum_wall_sec=19.9
02:58:35 | INFO    | src.training.finetune | STEP step=280 loss=0.4916 dt_sec=0.67 cum_wall_sec=20.5
02:58:36 | INFO    | src.training.finetune | STEP step=290 loss=0.3812 dt_sec=0.68 cum_wall_sec=21.2
02:58:37 | INFO    | src.training.finetune | STEP step=300 loss=0.2691 dt_sec=0.67 cum_wall_sec=21.9
02:58:37 | INFO    | src.training.finetune | STEP step=310 loss=0.2592 dt_sec=0.65 cum_wall_sec=22.5
02:58:38 | INFO    | src.training.finetune | STEP step=320 loss=0.1753 dt_sec=0.67 cum_wall_sec=23.2
02:58:39 | INFO    | src.training.finetune | STEP step=330 loss=0.1846 dt_sec=0.67 cum_wall_sec=23.9
02:58:39 | INFO    | src.training.finetune | STEP step=340 loss=0.1533 dt_sec=0.67 cum_wall_sec=24.6
02:58:40 | INFO    | src.training.finetune | STEP step=350 loss=0.1226 dt_sec=0.66 cum_wall_sec=25.2
02:58:41 | INFO    | src.training.finetune | STEP step=360 loss=0.0971 dt_sec=0.69 cum_wall_sec=25.9
02:58:42 | INFO    | src.training.finetune | STEP step=370 loss=0.2088 dt_sec=0.70 cum_wall_sec=26.6
02:58:42 | INFO    | src.training.finetune | STEP step=380 loss=0.1870 dt_sec=0.69 cum_wall_sec=27.3
02:58:43 | INFO    | src.training.finetune | STEP step=390 loss=0.0733 dt_sec=0.69 cum_wall_sec=28.0
02:58:44 | INFO    | src.training.finetune | STEP step=400 loss=0.1050 dt_sec=0.69 cum_wall_sec=28.7
02:58:46 | INFO    | src.training.finetune | STEP step=410 loss=0.0966 dt_sec=2.69 cum_wall_sec=31.3
02:58:47 | INFO    | src.training.finetune | STEP step=420 loss=0.1169 dt_sec=0.68 cum_wall_sec=32.0
02:58:48 | INFO    | src.training.finetune | STEP step=430 loss=0.1013 dt_sec=0.70 cum_wall_sec=32.7
02:58:48 | INFO    | src.training.finetune | STEP step=440 loss=0.1155 dt_sec=0.70 cum_wall_sec=33.4
02:58:49 | INFO    | src.training.finetune | STEP step=450 loss=0.1753 dt_sec=0.70 cum_wall_sec=34.1
02:58:50 | INFO    | src.training.finetune | STEP step=460 loss=0.1688 dt_sec=0.70 cum_wall_sec=34.8
02:58:50 | INFO    | src.training.finetune | STEP step=470 loss=0.0280 dt_sec=0.68 cum_wall_sec=35.5
02:58:51 | INFO    | src.training.finetune | STEP step=480 loss=0.0316 dt_sec=0.70 cum_wall_sec=36.2
02:58:52 | INFO    | src.training.finetune | STEP step=490 loss=0.0413 dt_sec=0.70 cum_wall_sec=36.9
02:58:52 | INFO    | src.training.finetune | STEP step=500 loss=0.0159 dt_sec=0.70 cum_wall_sec=37.6
02:58:53 | INFO    | src.training.finetune | STEP step=510 loss=0.0839 dt_sec=0.69 cum_wall_sec=38.3
02:58:54 | INFO    | src.training.finetune | STEP step=520 loss=0.0793 dt_sec=0.69 cum_wall_sec=39.0
02:58:55 | INFO    | src.training.finetune | STEP step=530 loss=0.0995 dt_sec=0.70 cum_wall_sec=39.7
02:58:55 | INFO    | src.training.finetune | STEP step=540 loss=0.0682 dt_sec=0.69 cum_wall_sec=40.4
02:58:56 | INFO    | src.training.finetune | STEP step=550 loss=0.1897 dt_sec=0.68 cum_wall_sec=41.0
02:58:57 | INFO    | src.training.finetune | STEP step=560 loss=0.0257 dt_sec=0.69 cum_wall_sec=41.7
02:58:57 | INFO    | src.training.finetune | STEP step=570 loss=0.0128 dt_sec=0.69 cum_wall_sec=42.4
02:58:58 | INFO    | src.training.finetune | STEP step=580 loss=0.1132 dt_sec=0.68 cum_wall_sec=43.1
02:58:59 | INFO    | src.training.finetune | STEP step=590 loss=0.0440 dt_sec=0.69 cum_wall_sec=43.8
02:58:59 | INFO    | src.training.finetune | STEP step=600 loss=0.0449 dt_sec=0.68 cum_wall_sec=44.5
02:59:02 | INFO    | src.training.finetune | STEP step=610 loss=0.0035 dt_sec=2.68 cum_wall_sec=47.2
02:59:03 | INFO    | src.training.finetune | STEP step=620 loss=0.0050 dt_sec=0.69 cum_wall_sec=47.9
02:59:03 | INFO    | src.training.finetune | STEP step=630 loss=0.0841 dt_sec=0.69 cum_wall_sec=48.5
02:59:04 | INFO    | src.training.finetune | STEP step=640 loss=0.0280 dt_sec=0.68 cum_wall_sec=49.2
02:59:05 | INFO    | src.training.finetune | STEP step=650 loss=0.0021 dt_sec=0.67 cum_wall_sec=49.9
02:59:05 | INFO    | src.training.finetune | STEP step=660 loss=0.0018 dt_sec=0.67 cum_wall_sec=50.6
02:59:06 | INFO    | src.training.finetune | STEP step=670 loss=0.0019 dt_sec=0.68 cum_wall_sec=51.2
02:59:07 | INFO    | src.training.finetune | STEP step=680 loss=0.0222 dt_sec=0.68 cum_wall_sec=51.9
02:59:07 | INFO    | src.training.finetune | STEP step=690 loss=0.0395 dt_sec=0.66 cum_wall_sec=52.6
02:59:08 | INFO    | src.training.finetune | STEP step=700 loss=0.0013 dt_sec=0.66 cum_wall_sec=53.2
02:59:09 | INFO    | src.training.finetune | STEP step=710 loss=0.0276 dt_sec=0.67 cum_wall_sec=53.9
02:59:09 | INFO    | src.training.finetune | STEP step=720 loss=0.0158 dt_sec=0.65 cum_wall_sec=54.6
02:59:10 | INFO    | src.training.finetune | STEP step=730 loss=0.0006 dt_sec=0.66 cum_wall_sec=55.2
02:59:11 | INFO    | src.training.finetune | STEP step=740 loss=0.0015 dt_sec=0.68 cum_wall_sec=55.9
02:59:11 | INFO    | src.training.finetune | STEP step=750 loss=0.0229 dt_sec=0.65 cum_wall_sec=56.5
02:59:12 | INFO    | src.training.finetune | STEP step=760 loss=0.0206 dt_sec=0.67 cum_wall_sec=57.2
02:59:13 | INFO    | src.training.finetune | STEP step=770 loss=0.0207 dt_sec=0.67 cum_wall_sec=57.9
02:59:13 | INFO    | src.training.finetune | STEP step=780 loss=0.0665 dt_sec=0.66 cum_wall_sec=58.5
02:59:14 | INFO    | src.training.finetune | STEP step=790 loss=0.0013 dt_sec=0.66 cum_wall_sec=59.2
02:59:15 | INFO    | src.training.finetune | STEP step=800 loss=0.0181 dt_sec=0.66 cum_wall_sec=59.9
02:59:17 | INFO    | src.training.finetune | STEP step=810 loss=0.0004 dt_sec=2.47 cum_wall_sec=62.3
02:59:18 | INFO    | src.training.finetune | STEP step=820 loss=0.0427 dt_sec=0.66 cum_wall_sec=63.0
02:59:19 | INFO    | src.training.finetune | STEP step=830 loss=0.0263 dt_sec=0.67 cum_wall_sec=63.7
02:59:19 | INFO    | src.training.finetune | STEP step=840 loss=0.0209 dt_sec=0.67 cum_wall_sec=64.3
02:59:20 | INFO    | src.training.finetune | STEP step=850 loss=0.0354 dt_sec=0.67 cum_wall_sec=65.0
02:59:21 | INFO    | src.training.finetune | STEP step=860 loss=0.0004 dt_sec=0.66 cum_wall_sec=65.7
02:59:21 | INFO    | src.training.finetune | STEP step=870 loss=0.0251 dt_sec=0.66 cum_wall_sec=66.3
02:59:22 | INFO    | src.training.finetune | STEP step=880 loss=0.0377 dt_sec=0.66 cum_wall_sec=67.0
02:59:23 | INFO    | src.training.finetune | STEP step=890 loss=0.0505 dt_sec=0.67 cum_wall_sec=67.7
02:59:23 | INFO    | src.training.finetune | STEP step=900 loss=0.0124 dt_sec=0.67 cum_wall_sec=68.3
02:59:24 | INFO    | src.training.finetune | STEP step=910 loss=0.0205 dt_sec=0.67 cum_wall_sec=69.0
02:59:25 | INFO    | src.training.finetune | STEP step=920 loss=0.0385 dt_sec=0.66 cum_wall_sec=69.7
02:59:25 | INFO    | src.training.finetune | STEP step=930 loss=0.0274 dt_sec=0.67 cum_wall_sec=70.3
02:59:26 | INFO    | src.training.finetune | STEP step=940 loss=0.0221 dt_sec=0.67 cum_wall_sec=71.0
02:59:27 | INFO    | src.training.finetune | STEP step=950 loss=0.0007 dt_sec=0.67 cum_wall_sec=71.7
02:59:27 | INFO    | src.training.finetune | STEP step=960 loss=0.0405 dt_sec=0.66 cum_wall_sec=72.3
02:59:28 | INFO    | src.training.finetune | STEP step=970 loss=0.0131 dt_sec=0.67 cum_wall_sec=73.0
02:59:29 | INFO    | src.training.finetune | STEP step=980 loss=0.0038 dt_sec=0.68 cum_wall_sec=73.7
02:59:29 | INFO    | src.training.finetune | STEP step=990 loss=0.0004 dt_sec=0.67 cum_wall_sec=74.3
02:59:30 | INFO    | src.training.finetune | STEP step=1000 loss=0.0106 dt_sec=0.67 cum_wall_sec=75.0
02:59:33 | INFO    | src.training.finetune | STEP step=1010 loss=0.0414 dt_sec=2.68 cum_wall_sec=77.7
02:59:33 | INFO    | src.training.finetune | STEP step=1020 loss=0.0033 dt_sec=0.67 cum_wall_sec=78.4
02:59:34 | INFO    | src.training.finetune | STEP step=1030 loss=0.0115 dt_sec=0.67 cum_wall_sec=79.0
02:59:35 | INFO    | src.training.finetune | STEP step=1040 loss=0.0003 dt_sec=0.67 cum_wall_sec=79.7
02:59:35 | INFO    | src.training.finetune | STEP step=1050 loss=0.0200 dt_sec=0.68 cum_wall_sec=80.4
02:59:36 | INFO    | src.training.finetune | STEP step=1060 loss=0.0240 dt_sec=0.66 cum_wall_sec=81.0
02:59:37 | INFO    | src.training.finetune | STEP step=1070 loss=0.0686 dt_sec=0.68 cum_wall_sec=81.7
02:59:37 | INFO    | src.training.finetune | STEP step=1080 loss=0.0005 dt_sec=0.67 cum_wall_sec=82.4
02:59:38 | INFO    | src.training.finetune | STEP step=1090 loss=0.0005 dt_sec=0.66 cum_wall_sec=83.1
02:59:39 | INFO    | src.training.finetune | STEP step=1100 loss=0.0582 dt_sec=0.67 cum_wall_sec=83.7
02:59:39 | INFO    | src.training.finetune | STEP step=1110 loss=0.0250 dt_sec=0.67 cum_wall_sec=84.4
02:59:40 | INFO    | src.training.finetune | STEP step=1120 loss=0.0168 dt_sec=0.67 cum_wall_sec=85.1
02:59:41 | INFO    | src.training.finetune | STEP step=1130 loss=0.0265 dt_sec=0.68 cum_wall_sec=85.7
02:59:41 | INFO    | src.training.finetune | STEP step=1140 loss=0.0003 dt_sec=0.66 cum_wall_sec=86.4
02:59:42 | INFO    | src.training.finetune | STEP step=1150 loss=0.0003 dt_sec=0.67 cum_wall_sec=87.1
02:59:43 | INFO    | src.training.finetune | STEP step=1160 loss=0.0002 dt_sec=0.68 cum_wall_sec=87.7
02:59:43 | INFO    | src.training.finetune | STEP step=1170 loss=0.0002 dt_sec=0.67 cum_wall_sec=88.4
02:59:44 | INFO    | src.training.finetune | STEP step=1180 loss=0.0002 dt_sec=0.67 cum_wall_sec=89.1
02:59:45 | INFO    | src.training.finetune | STEP step=1190 loss=0.0205 dt_sec=0.66 cum_wall_sec=89.7
02:59:45 | INFO    | src.training.finetune | STEP step=1200 loss=0.0002 dt_sec=0.66 cum_wall_sec=90.4
02:59:48 | INFO    | src.training.finetune | STEP step=1210 loss=0.0002 dt_sec=2.50 cum_wall_sec=92.9
02:59:48 | INFO    | src.training.finetune | STEP step=1220 loss=0.0141 dt_sec=0.66 cum_wall_sec=93.6
02:59:49 | INFO    | src.training.finetune | STEP step=1230 loss=0.0002 dt_sec=0.67 cum_wall_sec=94.2
02:59:50 | INFO    | src.training.finetune | STEP step=1240 loss=0.0002 dt_sec=0.66 cum_wall_sec=94.9
02:59:50 | INFO    | src.training.finetune | STEP step=1250 loss=0.0002 dt_sec=0.67 cum_wall_sec=95.6
02:59:51 | INFO    | src.training.finetune | STEP step=1260 loss=0.0002 dt_sec=0.67 cum_wall_sec=96.2
02:59:52 | INFO    | src.training.finetune | STEP step=1270 loss=0.0002 dt_sec=0.66 cum_wall_sec=96.9
02:59:52 | INFO    | src.training.finetune | STEP step=1280 loss=0.0002 dt_sec=0.67 cum_wall_sec=97.6
02:59:53 | INFO    | src.training.finetune | STEP step=1290 loss=0.0252 dt_sec=0.68 cum_wall_sec=98.2
02:59:54 | INFO    | src.training.finetune | STEP step=1300 loss=0.0002 dt_sec=0.68 cum_wall_sec=98.9
02:59:55 | INFO    | src.training.finetune | STEP step=1310 loss=0.0002 dt_sec=0.66 cum_wall_sec=99.6
02:59:55 | INFO    | src.training.finetune | STEP step=1320 loss=0.0002 dt_sec=0.68 cum_wall_sec=100.3
02:59:56 | INFO    | src.training.finetune | STEP step=1330 loss=0.0213 dt_sec=0.67 cum_wall_sec=100.9
02:59:57 | INFO    | src.training.finetune | STEP step=1340 loss=0.0001 dt_sec=0.67 cum_wall_sec=101.6
02:59:57 | INFO    | src.training.finetune | STEP step=1350 loss=0.0226 dt_sec=0.66 cum_wall_sec=102.3
02:59:58 | INFO    | src.training.finetune | STEP step=1360 loss=0.0004 dt_sec=0.67 cum_wall_sec=102.9
02:59:59 | INFO    | src.training.finetune | STEP step=1370 loss=0.0178 dt_sec=0.67 cum_wall_sec=103.6
02:59:59 | INFO    | src.training.finetune | STEP step=1380 loss=0.0003 dt_sec=0.66 cum_wall_sec=104.3
03:00:00 | INFO    | src.training.finetune | STEP step=1390 loss=0.0002 dt_sec=0.67 cum_wall_sec=104.9
03:00:01 | INFO    | src.training.finetune | STEP step=1400 loss=0.0464 dt_sec=0.67 cum_wall_sec=105.6
03:00:03 | INFO    | src.training.finetune | STEP step=1410 loss=0.0005 dt_sec=2.93 cum_wall_sec=108.5
03:00:04 | INFO    | src.training.finetune | STEP step=1420 loss=0.0002 dt_sec=0.67 cum_wall_sec=109.2
03:00:05 | INFO    | src.training.finetune | STEP step=1430 loss=0.0002 dt_sec=0.66 cum_wall_sec=109.9
03:00:05 | INFO    | src.training.finetune | STEP step=1440 loss=0.0066 dt_sec=0.68 cum_wall_sec=110.5
03:00:06 | INFO    | src.training.finetune | STEP step=1450 loss=0.0001 dt_sec=0.68 cum_wall_sec=111.2
03:00:07 | INFO    | src.training.finetune | STEP step=1460 loss=0.0001 dt_sec=0.68 cum_wall_sec=111.9
03:00:07 | INFO    | src.training.finetune | STEP step=1470 loss=0.0001 dt_sec=0.67 cum_wall_sec=112.6
03:00:08 | INFO    | src.training.finetune | STEP step=1480 loss=0.0001 dt_sec=0.68 cum_wall_sec=113.2
03:00:09 | INFO    | src.training.finetune | STEP step=1490 loss=0.0002 dt_sec=0.67 cum_wall_sec=113.9
03:00:09 | INFO    | src.training.finetune | STEP step=1500 loss=0.0001 dt_sec=0.67 cum_wall_sec=114.6
03:00:10 | INFO    | src.training.finetune | STEP step=1510 loss=0.0073 dt_sec=0.66 cum_wall_sec=115.2
03:00:11 | INFO    | src.training.finetune | STEP step=1520 loss=0.0071 dt_sec=0.68 cum_wall_sec=115.9
03:00:11 | INFO    | src.training.finetune | STEP step=1530 loss=0.0002 dt_sec=0.67 cum_wall_sec=116.6
03:00:12 | INFO    | src.training.finetune | STEP step=1540 loss=0.0004 dt_sec=0.68 cum_wall_sec=117.3
03:00:13 | INFO    | src.training.finetune | STEP step=1550 loss=0.0001 dt_sec=0.66 cum_wall_sec=117.9
03:00:14 | INFO    | src.training.finetune | STEP step=1560 loss=0.0001 dt_sec=0.67 cum_wall_sec=118.6
03:00:14 | INFO    | src.training.finetune | STEP step=1570 loss=0.0001 dt_sec=0.67 cum_wall_sec=119.3
03:00:15 | INFO    | src.training.finetune | STEP step=1580 loss=0.0004 dt_sec=0.67 cum_wall_sec=119.9
03:00:16 | INFO    | src.training.finetune | STEP step=1590 loss=0.0136 dt_sec=0.68 cum_wall_sec=120.6
03:00:16 | INFO    | src.training.finetune | STEP step=1600 loss=0.0001 dt_sec=0.66 cum_wall_sec=121.3
03:00:19 | INFO    | src.training.finetune | STEP step=1610 loss=0.0036 dt_sec=2.67 cum_wall_sec=124.0
03:00:20 | INFO    | src.training.finetune | STEP step=1620 loss=0.0004 dt_sec=0.66 cum_wall_sec=124.6
03:00:20 | INFO    | src.training.finetune | STEP step=1630 loss=0.0001 dt_sec=0.68 cum_wall_sec=125.3
03:00:21 | INFO    | src.training.finetune | STEP step=1640 loss=0.0001 dt_sec=0.67 cum_wall_sec=126.0
03:00:22 | INFO    | src.training.finetune | STEP step=1650 loss=0.0001 dt_sec=0.66 cum_wall_sec=126.6
03:00:22 | INFO    | src.training.finetune | STEP step=1660 loss=0.0001 dt_sec=0.68 cum_wall_sec=127.3
03:00:23 | INFO    | src.training.finetune | STEP step=1670 loss=0.0001 dt_sec=0.66 cum_wall_sec=128.0
03:00:24 | INFO    | src.training.finetune | STEP step=1680 loss=0.0001 dt_sec=0.66 cum_wall_sec=128.6
03:00:24 | INFO    | src.training.finetune | STEP step=1690 loss=0.0001 dt_sec=0.67 cum_wall_sec=129.3
03:00:25 | INFO    | src.training.finetune | STEP step=1700 loss=0.0001 dt_sec=0.66 cum_wall_sec=130.0
03:00:26 | INFO    | src.training.finetune | STEP step=1710 loss=0.0060 dt_sec=0.68 cum_wall_sec=130.6
03:00:26 | INFO    | src.training.finetune | STEP step=1720 loss=0.0029 dt_sec=0.66 cum_wall_sec=131.3
03:00:27 | INFO    | src.training.finetune | STEP step=1730 loss=0.0224 dt_sec=0.67 cum_wall_sec=132.0
03:00:28 | INFO    | src.training.finetune | STEP step=1740 loss=0.0008 dt_sec=0.66 cum_wall_sec=132.6
03:00:28 | INFO    | src.training.finetune | STEP step=1750 loss=0.0001 dt_sec=0.66 cum_wall_sec=133.3
03:00:29 | INFO    | src.training.finetune | STEP step=1760 loss=0.0001 dt_sec=0.67 cum_wall_sec=134.0
03:00:30 | INFO    | src.training.finetune | STEP step=1770 loss=0.0001 dt_sec=0.67 cum_wall_sec=134.6
03:00:30 | INFO    | src.training.finetune | STEP step=1780 loss=0.0001 dt_sec=0.66 cum_wall_sec=135.3
03:00:31 | INFO    | src.training.finetune | STEP step=1790 loss=0.0001 dt_sec=0.67 cum_wall_sec=136.0
03:00:32 | INFO    | src.training.finetune | STEP step=1800 loss=0.0001 dt_sec=0.67 cum_wall_sec=136.6
03:00:34 | INFO    | src.training.finetune | STEP step=1810 loss=0.0001 dt_sec=2.48 cum_wall_sec=139.1
03:00:35 | INFO    | src.training.finetune | STEP step=1820 loss=0.0001 dt_sec=0.67 cum_wall_sec=139.8
03:00:35 | INFO    | src.training.finetune | STEP step=1830 loss=0.0001 dt_sec=0.68 cum_wall_sec=140.5
03:00:36 | INFO    | src.training.finetune | STEP step=1840 loss=0.0001 dt_sec=0.65 cum_wall_sec=141.1
03:00:37 | INFO    | src.training.finetune | STEP step=1850 loss=0.0001 dt_sec=0.67 cum_wall_sec=141.8
03:00:37 | INFO    | src.training.finetune | STEP step=1860 loss=0.0001 dt_sec=0.67 cum_wall_sec=142.5
03:00:38 | INFO    | src.training.finetune | STEP step=1870 loss=0.0246 dt_sec=0.66 cum_wall_sec=143.1
03:00:39 | INFO    | src.training.finetune | STEP step=1880 loss=0.0001 dt_sec=0.68 cum_wall_sec=143.8
03:00:39 | INFO    | src.training.finetune | STEP step=1890 loss=0.0002 dt_sec=0.65 cum_wall_sec=144.4
03:00:40 | INFO    | src.training.finetune | STEP step=1900 loss=0.0001 dt_sec=0.68 cum_wall_sec=145.1
03:00:41 | INFO    | src.training.finetune | STEP step=1910 loss=0.0232 dt_sec=0.66 cum_wall_sec=145.8
03:00:41 | INFO    | src.training.finetune | STEP step=1920 loss=0.0001 dt_sec=0.66 cum_wall_sec=146.4
03:00:42 | INFO    | src.training.finetune | STEP step=1930 loss=0.0001 dt_sec=0.68 cum_wall_sec=147.1
03:00:43 | INFO    | src.training.finetune | STEP step=1940 loss=0.0001 dt_sec=0.66 cum_wall_sec=147.8
03:00:43 | INFO    | src.training.finetune | STEP step=1950 loss=0.0150 dt_sec=0.67 cum_wall_sec=148.5
03:00:44 | INFO    | src.training.finetune | STEP step=1960 loss=0.0215 dt_sec=0.67 cum_wall_sec=149.1
03:00:45 | INFO    | src.training.finetune | STEP step=1970 loss=0.0001 dt_sec=0.67 cum_wall_sec=149.8
03:00:45 | INFO    | src.training.finetune | STEP step=1980 loss=0.0001 dt_sec=0.66 cum_wall_sec=150.5
03:00:46 | INFO    | src.training.finetune | STEP step=1990 loss=0.0228 dt_sec=0.66 cum_wall_sec=151.1
03:00:47 | INFO    | src.training.finetune | STEP step=2000 loss=0.0001 dt_sec=0.67 cum_wall_sec=151.8
03:00:49 | INFO    | src.training.finetune | STAGE=azerbaijani end ts=2026-09-09T03:00:49.324213+00:00 runtime_sec=154.3
03:00:50 | INFO    | src.training.finetune | Best checkpoint restored and verified: step 1600, val macro-F1 = 0.7321
