22:30:42 | INFO    | src.training.finetune | STAGE=turkish_intermediate cache_hit=true ts=2026-09-08T22:30:42.900729+00:00 path=artifacts/tr_stage_cache/base=xlmr__tok=original__tr=real__seed=1337__46183f8acfd97cbc
22:30:42 | INFO    | src.training.finetune |   [AZ mərhələsi] 2000 nümunə | 2 sinif | init=TR checkpoint
22:30:43 | INFO    | src.training.finetune | Task head reset: modules=['classifier'] params=592130 (encoder='roberta' untouched)
22:30:43 | INFO    | src.training.finetune | STAGE=azerbaijani start ts=2026-09-08T22:30:43.026790+00:00 n=2000 n_classes=2
22:30:44 | INFO    | src.training.finetune | STEP step=10 loss=0.7186 dt_sec=0.73 cum_wall_sec=0.7
22:30:45 | INFO    | src.training.finetune | STEP step=20 loss=0.6916 dt_sec=0.65 cum_wall_sec=1.4
22:30:45 | INFO    | src.training.finetune | STEP step=30 loss=0.6714 dt_sec=0.65 cum_wall_sec=2.0
22:30:46 | INFO    | src.training.finetune | STEP step=40 loss=0.6264 dt_sec=0.65 cum_wall_sec=2.7
22:30:47 | INFO    | src.training.finetune | STEP step=50 loss=0.5698 dt_sec=0.65 cum_wall_sec=3.3
22:30:47 | INFO    | src.training.finetune | STEP step=60 loss=0.5675 dt_sec=0.65 cum_wall_sec=4.0
22:30:48 | INFO    | src.training.finetune | STEP step=70 loss=0.5342 dt_sec=0.64 cum_wall_sec=4.6
22:30:48 | INFO    | src.training.finetune | STEP step=80 loss=0.5364 dt_sec=0.65 cum_wall_sec=5.3
22:30:49 | INFO    | src.training.finetune | STEP step=90 loss=0.4884 dt_sec=0.65 cum_wall_sec=5.9
22:30:50 | INFO    | src.training.finetune | STEP step=100 loss=0.4948 dt_sec=0.65 cum_wall_sec=6.6
22:30:50 | INFO    | src.training.finetune | STEP step=110 loss=0.4529 dt_sec=0.65 cum_wall_sec=7.2
22:30:51 | INFO    | src.training.finetune | STEP step=120 loss=0.4726 dt_sec=0.65 cum_wall_sec=7.9
22:30:52 | INFO    | src.training.finetune | STEP step=130 loss=0.4270 dt_sec=0.64 cum_wall_sec=8.5
22:30:52 | INFO    | src.training.finetune | STEP step=140 loss=0.3793 dt_sec=0.64 cum_wall_sec=9.2
22:30:53 | INFO    | src.training.finetune | STEP step=150 loss=0.4390 dt_sec=0.64 cum_wall_sec=9.8
22:30:54 | INFO    | src.training.finetune | STEP step=160 loss=0.4039 dt_sec=0.65 cum_wall_sec=10.4
22:30:54 | INFO    | src.training.finetune | STEP step=170 loss=0.4166 dt_sec=0.64 cum_wall_sec=11.1
22:30:55 | INFO    | src.training.finetune | STEP step=180 loss=0.4242 dt_sec=0.65 cum_wall_sec=11.7
22:30:56 | INFO    | src.training.finetune | STEP step=190 loss=0.4153 dt_sec=0.64 cum_wall_sec=12.4
22:30:56 | INFO    | src.training.finetune | STEP step=200 loss=0.4297 dt_sec=0.65 cum_wall_sec=13.0
22:30:59 | INFO    | src.training.finetune | STEP step=210 loss=0.4519 dt_sec=2.97 cum_wall_sec=16.0
22:31:00 | INFO    | src.training.finetune | STEP step=220 loss=0.4256 dt_sec=0.65 cum_wall_sec=16.7
22:31:00 | INFO    | src.training.finetune | STEP step=230 loss=0.3253 dt_sec=0.66 cum_wall_sec=17.3
22:31:01 | INFO    | src.training.finetune | STEP step=240 loss=0.3254 dt_sec=0.65 cum_wall_sec=18.0
22:31:02 | INFO    | src.training.finetune | STEP step=250 loss=0.4140 dt_sec=0.66 cum_wall_sec=18.6
22:31:02 | INFO    | src.training.finetune | STEP step=260 loss=0.3571 dt_sec=0.65 cum_wall_sec=19.3
22:31:03 | INFO    | src.training.finetune | STEP step=270 loss=0.3141 dt_sec=0.66 cum_wall_sec=19.9
22:31:04 | INFO    | src.training.finetune | STEP step=280 loss=0.3328 dt_sec=0.65 cum_wall_sec=20.6
22:31:04 | INFO    | src.training.finetune | STEP step=290 loss=0.3657 dt_sec=0.64 cum_wall_sec=21.2
22:31:05 | INFO    | src.training.finetune | STEP step=300 loss=0.3429 dt_sec=0.65 cum_wall_sec=21.9
22:31:06 | INFO    | src.training.finetune | STEP step=310 loss=0.3122 dt_sec=0.64 cum_wall_sec=22.5
22:31:06 | INFO    | src.training.finetune | STEP step=320 loss=0.3187 dt_sec=0.66 cum_wall_sec=23.2
22:31:07 | INFO    | src.training.finetune | STEP step=330 loss=0.2519 dt_sec=0.64 cum_wall_sec=23.8
22:31:08 | INFO    | src.training.finetune | STEP step=340 loss=0.2868 dt_sec=0.65 cum_wall_sec=24.5
22:31:08 | INFO    | src.training.finetune | STEP step=350 loss=0.2682 dt_sec=0.65 cum_wall_sec=25.1
22:31:09 | INFO    | src.training.finetune | STEP step=360 loss=0.2269 dt_sec=0.66 cum_wall_sec=25.8
22:31:10 | INFO    | src.training.finetune | STEP step=370 loss=0.2782 dt_sec=0.64 cum_wall_sec=26.4
22:31:10 | INFO    | src.training.finetune | STEP step=380 loss=0.1791 dt_sec=0.64 cum_wall_sec=27.1
22:31:11 | INFO    | src.training.finetune | STEP step=390 loss=0.2557 dt_sec=0.65 cum_wall_sec=27.7
22:31:12 | INFO    | src.training.finetune | STEP step=400 loss=0.1970 dt_sec=0.66 cum_wall_sec=28.4
22:31:15 | INFO    | src.training.finetune | STEP step=410 loss=0.2251 dt_sec=3.22 cum_wall_sec=31.6
22:31:15 | INFO    | src.training.finetune | STEP step=420 loss=0.2499 dt_sec=0.65 cum_wall_sec=32.2
22:31:16 | INFO    | src.training.finetune | STEP step=430 loss=0.2071 dt_sec=0.64 cum_wall_sec=32.9
22:31:17 | INFO    | src.training.finetune | STEP step=440 loss=0.1772 dt_sec=0.64 cum_wall_sec=33.5
22:31:17 | INFO    | src.training.finetune | STEP step=450 loss=0.2020 dt_sec=0.66 cum_wall_sec=34.2
22:31:18 | INFO    | src.training.finetune | STEP step=460 loss=0.2145 dt_sec=0.66 cum_wall_sec=34.8
22:31:19 | INFO    | src.training.finetune | STEP step=470 loss=0.1462 dt_sec=0.66 cum_wall_sec=35.5
22:31:19 | INFO    | src.training.finetune | STEP step=480 loss=0.1934 dt_sec=0.65 cum_wall_sec=36.1
22:31:20 | INFO    | src.training.finetune | STEP step=490 loss=0.1991 dt_sec=0.65 cum_wall_sec=36.8
22:31:21 | INFO    | src.training.finetune | STEP step=500 loss=0.1490 dt_sec=0.64 cum_wall_sec=37.4
22:31:21 | INFO    | src.training.finetune | STEP step=510 loss=0.2460 dt_sec=0.65 cum_wall_sec=38.1
22:31:22 | INFO    | src.training.finetune | STEP step=520 loss=0.1265 dt_sec=0.65 cum_wall_sec=38.7
22:31:23 | INFO    | src.training.finetune | STEP step=530 loss=0.1220 dt_sec=0.65 cum_wall_sec=39.4
22:31:23 | INFO    | src.training.finetune | STEP step=540 loss=0.2334 dt_sec=0.65 cum_wall_sec=40.0
22:31:24 | INFO    | src.training.finetune | STEP step=550 loss=0.1539 dt_sec=0.65 cum_wall_sec=40.7
22:31:25 | INFO    | src.training.finetune | STEP step=560 loss=0.1384 dt_sec=0.65 cum_wall_sec=41.4
22:31:25 | INFO    | src.training.finetune | STEP step=570 loss=0.1103 dt_sec=0.64 cum_wall_sec=42.0
22:31:26 | INFO    | src.training.finetune | STEP step=580 loss=0.1513 dt_sec=0.65 cum_wall_sec=42.6
22:31:26 | INFO    | src.training.finetune | STEP step=590 loss=0.1635 dt_sec=0.65 cum_wall_sec=43.3
22:31:27 | INFO    | src.training.finetune | STEP step=600 loss=0.2072 dt_sec=0.66 cum_wall_sec=44.0
22:31:30 | INFO    | src.training.finetune | STEP step=610 loss=0.1058 dt_sec=3.01 cum_wall_sec=47.0
22:31:31 | INFO    | src.training.finetune | STEP step=620 loss=0.1322 dt_sec=0.65 cum_wall_sec=47.6
22:31:31 | INFO    | src.training.finetune | STEP step=630 loss=0.1513 dt_sec=0.66 cum_wall_sec=48.3
22:31:32 | INFO    | src.training.finetune | STEP step=640 loss=0.1784 dt_sec=0.66 cum_wall_sec=48.9
22:31:33 | INFO    | src.training.finetune | STEP step=650 loss=0.1771 dt_sec=0.65 cum_wall_sec=49.6
22:31:33 | INFO    | src.training.finetune | STEP step=660 loss=0.1530 dt_sec=0.65 cum_wall_sec=50.2
22:31:34 | INFO    | src.training.finetune | STEP step=670 loss=0.1247 dt_sec=0.66 cum_wall_sec=50.9
22:31:35 | INFO    | src.training.finetune | STEP step=680 loss=0.2293 dt_sec=0.66 cum_wall_sec=51.5
22:31:35 | INFO    | src.training.finetune | STEP step=690 loss=0.0276 dt_sec=0.65 cum_wall_sec=52.2
22:31:36 | INFO    | src.training.finetune | STEP step=700 loss=0.0884 dt_sec=0.64 cum_wall_sec=52.8
22:31:37 | INFO    | src.training.finetune | STEP step=710 loss=0.0441 dt_sec=0.66 cum_wall_sec=53.5
22:31:37 | INFO    | src.training.finetune | STEP step=720 loss=0.0714 dt_sec=0.65 cum_wall_sec=54.1
22:31:38 | INFO    | src.training.finetune | STEP step=730 loss=0.0757 dt_sec=0.66 cum_wall_sec=54.8
22:31:39 | INFO    | src.training.finetune | STEP step=740 loss=0.1276 dt_sec=0.65 cum_wall_sec=55.5
22:31:39 | INFO    | src.training.finetune | STEP step=750 loss=0.0680 dt_sec=0.66 cum_wall_sec=56.1
22:31:40 | INFO    | src.training.finetune | STEP step=760 loss=0.1793 dt_sec=0.65 cum_wall_sec=56.8
22:31:41 | INFO    | src.training.finetune | STEP step=770 loss=0.1072 dt_sec=0.65 cum_wall_sec=57.4
22:31:41 | INFO    | src.training.finetune | STEP step=780 loss=0.0706 dt_sec=0.65 cum_wall_sec=58.1
22:31:42 | INFO    | src.training.finetune | STEP step=790 loss=0.1320 dt_sec=0.66 cum_wall_sec=58.7
22:31:43 | INFO    | src.training.finetune | STEP step=800 loss=0.0403 dt_sec=0.65 cum_wall_sec=59.4
22:31:47 | INFO    | src.training.finetune | STEP step=810 loss=0.0455 dt_sec=4.10 cum_wall_sec=63.5
22:31:47 | INFO    | src.training.finetune | STEP step=820 loss=0.0731 dt_sec=0.65 cum_wall_sec=64.1
22:31:48 | INFO    | src.training.finetune | STEP step=830 loss=0.1051 dt_sec=0.65 cum_wall_sec=64.8
22:31:49 | INFO    | src.training.finetune | STEP step=840 loss=0.0656 dt_sec=0.65 cum_wall_sec=65.4
22:31:49 | INFO    | src.training.finetune | STEP step=850 loss=0.0838 dt_sec=0.65 cum_wall_sec=66.1
22:31:50 | INFO    | src.training.finetune | STEP step=860 loss=0.1388 dt_sec=0.64 cum_wall_sec=66.7
22:31:51 | INFO    | src.training.finetune | STEP step=870 loss=0.0499 dt_sec=0.66 cum_wall_sec=67.4
22:31:51 | INFO    | src.training.finetune | STEP step=880 loss=0.0444 dt_sec=0.65 cum_wall_sec=68.0
22:31:52 | INFO    | src.training.finetune | STEP step=890 loss=0.0399 dt_sec=0.64 cum_wall_sec=68.7
22:31:53 | INFO    | src.training.finetune | STEP step=900 loss=0.0733 dt_sec=0.66 cum_wall_sec=69.3
22:31:53 | INFO    | src.training.finetune | STEP step=910 loss=0.1055 dt_sec=0.66 cum_wall_sec=70.0
22:31:54 | INFO    | src.training.finetune | STEP step=920 loss=0.0871 dt_sec=0.65 cum_wall_sec=70.6
22:31:54 | INFO    | src.training.finetune | STEP step=930 loss=0.0657 dt_sec=0.65 cum_wall_sec=71.3
22:31:55 | INFO    | src.training.finetune | STEP step=940 loss=0.0033 dt_sec=0.65 cum_wall_sec=71.9
22:31:56 | INFO    | src.training.finetune | STEP step=950 loss=0.0775 dt_sec=0.65 cum_wall_sec=72.6
22:31:56 | INFO    | src.training.finetune | STEP step=960 loss=0.0812 dt_sec=0.66 cum_wall_sec=73.3
22:31:57 | INFO    | src.training.finetune | STEP step=970 loss=0.0260 dt_sec=0.64 cum_wall_sec=73.9
22:31:58 | INFO    | src.training.finetune | STEP step=980 loss=0.0585 dt_sec=0.66 cum_wall_sec=74.6
22:31:58 | INFO    | src.training.finetune | STEP step=990 loss=0.1182 dt_sec=0.66 cum_wall_sec=75.2
22:31:59 | INFO    | src.training.finetune | STEP step=1000 loss=0.0568 dt_sec=0.65 cum_wall_sec=75.9
22:32:02 | INFO    | src.training.finetune | STEP step=1010 loss=0.0587 dt_sec=3.25 cum_wall_sec=79.1
22:32:03 | INFO    | src.training.finetune | STEP step=1020 loss=0.0380 dt_sec=0.66 cum_wall_sec=79.8
22:32:04 | INFO    | src.training.finetune | STEP step=1030 loss=0.0030 dt_sec=0.66 cum_wall_sec=80.5
22:32:04 | INFO    | src.training.finetune | STEP step=1040 loss=0.0670 dt_sec=0.66 cum_wall_sec=81.1
22:32:05 | INFO    | src.training.finetune | STEP step=1050 loss=0.0763 dt_sec=0.65 cum_wall_sec=81.8
22:32:06 | INFO    | src.training.finetune | STEP step=1060 loss=0.0897 dt_sec=0.64 cum_wall_sec=82.4
22:32:06 | INFO    | src.training.finetune | STEP step=1070 loss=0.0746 dt_sec=0.65 cum_wall_sec=83.0
22:32:07 | INFO    | src.training.finetune | STEP step=1080 loss=0.0192 dt_sec=0.64 cum_wall_sec=83.7
22:32:08 | INFO    | src.training.finetune | STEP step=1090 loss=0.0306 dt_sec=0.65 cum_wall_sec=84.3
22:32:08 | INFO    | src.training.finetune | STEP step=1100 loss=0.0221 dt_sec=0.65 cum_wall_sec=85.0
22:32:09 | INFO    | src.training.finetune | STEP step=1110 loss=0.0039 dt_sec=0.65 cum_wall_sec=85.6
22:32:09 | INFO    | src.training.finetune | STEP step=1120 loss=0.0552 dt_sec=0.65 cum_wall_sec=86.3
22:32:10 | INFO    | src.training.finetune | STEP step=1130 loss=0.0292 dt_sec=0.66 cum_wall_sec=86.9
22:32:11 | INFO    | src.training.finetune | STEP step=1140 loss=0.0247 dt_sec=0.65 cum_wall_sec=87.6
22:32:11 | INFO    | src.training.finetune | STEP step=1150 loss=0.0109 dt_sec=0.66 cum_wall_sec=88.3
22:32:12 | INFO    | src.training.finetune | STEP step=1160 loss=0.0027 dt_sec=0.66 cum_wall_sec=88.9
22:32:13 | INFO    | src.training.finetune | STEP step=1170 loss=0.0008 dt_sec=0.65 cum_wall_sec=89.6
22:32:13 | INFO    | src.training.finetune | STEP step=1180 loss=0.0373 dt_sec=0.65 cum_wall_sec=90.2
22:32:14 | INFO    | src.training.finetune | STEP step=1190 loss=0.0014 dt_sec=0.66 cum_wall_sec=90.9
22:32:15 | INFO    | src.training.finetune | STEP step=1200 loss=0.0779 dt_sec=0.64 cum_wall_sec=91.5
22:32:18 | INFO    | src.training.finetune | STEP step=1210 loss=0.0312 dt_sec=3.17 cum_wall_sec=94.7
22:32:19 | INFO    | src.training.finetune | STEP step=1220 loss=0.0442 dt_sec=0.65 cum_wall_sec=95.3
22:32:19 | INFO    | src.training.finetune | STEP step=1230 loss=0.0458 dt_sec=0.65 cum_wall_sec=96.0
22:32:20 | INFO    | src.training.finetune | STEP step=1240 loss=0.0380 dt_sec=0.65 cum_wall_sec=96.6
22:32:20 | INFO    | src.training.finetune | STEP step=1250 loss=0.0077 dt_sec=0.65 cum_wall_sec=97.3
22:32:21 | INFO    | src.training.finetune | STEP step=1260 loss=0.0875 dt_sec=0.65 cum_wall_sec=97.9
22:32:22 | INFO    | src.training.finetune | STEP step=1270 loss=0.0554 dt_sec=0.64 cum_wall_sec=98.6
22:32:22 | INFO    | src.training.finetune | STEP step=1280 loss=0.0282 dt_sec=0.65 cum_wall_sec=99.2
22:32:23 | INFO    | src.training.finetune | STEP step=1290 loss=0.0273 dt_sec=0.65 cum_wall_sec=99.9
22:32:24 | INFO    | src.training.finetune | STEP step=1300 loss=0.0090 dt_sec=0.66 cum_wall_sec=100.5
22:32:24 | INFO    | src.training.finetune | STEP step=1310 loss=0.0114 dt_sec=0.65 cum_wall_sec=101.2
22:32:25 | INFO    | src.training.finetune | STEP step=1320 loss=0.0264 dt_sec=0.66 cum_wall_sec=101.8
22:32:26 | INFO    | src.training.finetune | STEP step=1330 loss=0.0164 dt_sec=0.65 cum_wall_sec=102.5
22:32:26 | INFO    | src.training.finetune | STEP step=1340 loss=0.0026 dt_sec=0.65 cum_wall_sec=103.1
22:32:27 | INFO    | src.training.finetune | STEP step=1350 loss=0.0251 dt_sec=1.00 cum_wall_sec=104.1
22:32:28 | INFO    | src.training.finetune | STEP step=1360 loss=0.0174 dt_sec=1.07 cum_wall_sec=105.2
22:32:29 | INFO    | src.training.finetune | STEP step=1370 loss=0.0653 dt_sec=0.65 cum_wall_sec=105.9
22:32:30 | INFO    | src.training.finetune | STEP step=1380 loss=0.0011 dt_sec=0.66 cum_wall_sec=106.5
22:32:30 | INFO    | src.training.finetune | STEP step=1390 loss=0.0238 dt_sec=0.64 cum_wall_sec=107.2
22:32:31 | INFO    | src.training.finetune | STEP step=1400 loss=0.0007 dt_sec=0.65 cum_wall_sec=107.8
22:32:34 | INFO    | src.training.finetune | STEP step=1410 loss=0.0428 dt_sec=3.26 cum_wall_sec=111.1
22:32:35 | INFO    | src.training.finetune | STEP step=1420 loss=0.0273 dt_sec=0.67 cum_wall_sec=111.7
22:32:36 | INFO    | src.training.finetune | STEP step=1430 loss=0.0006 dt_sec=0.66 cum_wall_sec=112.4
22:32:36 | INFO    | src.training.finetune | STEP step=1440 loss=0.0006 dt_sec=0.65 cum_wall_sec=113.0
22:32:37 | INFO    | src.training.finetune | STEP step=1450 loss=0.0082 dt_sec=0.66 cum_wall_sec=113.7
22:32:38 | INFO    | src.training.finetune | STEP step=1460 loss=0.0006 dt_sec=0.65 cum_wall_sec=114.4
22:32:38 | INFO    | src.training.finetune | STEP step=1470 loss=0.0009 dt_sec=0.66 cum_wall_sec=115.0
22:32:39 | INFO    | src.training.finetune | STEP step=1480 loss=0.0311 dt_sec=0.64 cum_wall_sec=115.7
22:32:39 | INFO    | src.training.finetune | STEP step=1490 loss=0.0174 dt_sec=0.65 cum_wall_sec=116.3
22:32:40 | INFO    | src.training.finetune | STEP step=1500 loss=0.0267 dt_sec=0.67 cum_wall_sec=117.0
22:32:41 | INFO    | src.training.finetune | STEP step=1510 loss=0.0244 dt_sec=0.65 cum_wall_sec=117.6
22:32:41 | INFO    | src.training.finetune | STEP step=1520 loss=0.0005 dt_sec=0.65 cum_wall_sec=118.3
22:32:42 | INFO    | src.training.finetune | STEP step=1530 loss=0.0095 dt_sec=0.65 cum_wall_sec=118.9
22:32:43 | INFO    | src.training.finetune | STEP step=1540 loss=0.0216 dt_sec=0.65 cum_wall_sec=119.6
22:32:43 | INFO    | src.training.finetune | STEP step=1550 loss=0.0005 dt_sec=0.66 cum_wall_sec=120.2
22:32:44 | INFO    | src.training.finetune | STEP step=1560 loss=0.0032 dt_sec=0.65 cum_wall_sec=120.9
22:32:45 | INFO    | src.training.finetune | STEP step=1570 loss=0.0004 dt_sec=0.66 cum_wall_sec=121.5
22:32:45 | INFO    | src.training.finetune | STEP step=1580 loss=0.0005 dt_sec=0.64 cum_wall_sec=122.2
22:32:46 | INFO    | src.training.finetune | STEP step=1590 loss=0.0050 dt_sec=0.65 cum_wall_sec=122.8
22:32:47 | INFO    | src.training.finetune | STEP step=1600 loss=0.0075 dt_sec=0.65 cum_wall_sec=123.5
22:32:50 | INFO    | src.training.finetune | STEP step=1610 loss=0.0133 dt_sec=3.37 cum_wall_sec=126.9
22:32:51 | INFO    | src.training.finetune | STEP step=1620 loss=0.0071 dt_sec=0.68 cum_wall_sec=127.5
22:32:51 | INFO    | src.training.finetune | STEP step=1630 loss=0.0003 dt_sec=0.69 cum_wall_sec=128.2
22:32:52 | INFO    | src.training.finetune | STEP step=1640 loss=0.0015 dt_sec=0.67 cum_wall_sec=128.9
22:32:53 | INFO    | src.training.finetune | STEP step=1650 loss=0.0003 dt_sec=0.68 cum_wall_sec=129.6
22:32:53 | INFO    | src.training.finetune | STEP step=1660 loss=0.0003 dt_sec=0.68 cum_wall_sec=130.3
22:32:54 | INFO    | src.training.finetune | STEP step=1670 loss=0.0004 dt_sec=0.67 cum_wall_sec=130.9
22:32:55 | INFO    | src.training.finetune | STEP step=1680 loss=0.0003 dt_sec=0.68 cum_wall_sec=131.6
22:32:55 | INFO    | src.training.finetune | STEP step=1690 loss=0.0197 dt_sec=0.68 cum_wall_sec=132.3
22:32:56 | INFO    | src.training.finetune | STEP step=1700 loss=0.0003 dt_sec=0.69 cum_wall_sec=133.0
22:32:57 | INFO    | src.training.finetune | STEP step=1710 loss=0.0003 dt_sec=0.67 cum_wall_sec=133.7
22:32:58 | INFO    | src.training.finetune | STEP step=1720 loss=0.0127 dt_sec=0.68 cum_wall_sec=134.3
22:32:58 | INFO    | src.training.finetune | STEP step=1730 loss=0.0003 dt_sec=0.68 cum_wall_sec=135.0
22:32:59 | INFO    | src.training.finetune | STEP step=1740 loss=0.0003 dt_sec=0.67 cum_wall_sec=135.7
22:33:00 | INFO    | src.training.finetune | STEP step=1750 loss=0.0288 dt_sec=0.67 cum_wall_sec=136.4
22:33:00 | INFO    | src.training.finetune | STEP step=1760 loss=0.0004 dt_sec=0.69 cum_wall_sec=137.0
22:33:01 | INFO    | src.training.finetune | STEP step=1770 loss=0.0003 dt_sec=0.67 cum_wall_sec=137.7
22:33:02 | INFO    | src.training.finetune | STEP step=1780 loss=0.0243 dt_sec=0.68 cum_wall_sec=138.4
22:33:02 | INFO    | src.training.finetune | STEP step=1790 loss=0.0251 dt_sec=0.69 cum_wall_sec=139.1
22:33:03 | INFO    | src.training.finetune | STEP step=1800 loss=0.0329 dt_sec=0.69 cum_wall_sec=139.8
22:33:06 | INFO    | src.training.finetune | STEP step=1810 loss=0.0004 dt_sec=3.41 cum_wall_sec=143.2
22:33:07 | INFO    | src.training.finetune | STEP step=1820 loss=0.0607 dt_sec=0.67 cum_wall_sec=143.9
22:33:08 | INFO    | src.training.finetune | STEP step=1830 loss=0.0052 dt_sec=0.68 cum_wall_sec=144.5
22:33:08 | INFO    | src.training.finetune | STEP step=1840 loss=0.0026 dt_sec=0.69 cum_wall_sec=145.2
22:33:09 | INFO    | src.training.finetune | STEP step=1850 loss=0.0003 dt_sec=0.67 cum_wall_sec=145.9
22:33:10 | INFO    | src.training.finetune | STEP step=1860 loss=0.0003 dt_sec=0.68 cum_wall_sec=146.6
22:33:10 | INFO    | src.training.finetune | STEP step=1870 loss=0.0067 dt_sec=0.68 cum_wall_sec=147.2
22:33:11 | INFO    | src.training.finetune | STEP step=1880 loss=0.0136 dt_sec=0.68 cum_wall_sec=147.9
22:33:12 | INFO    | src.training.finetune | STEP step=1890 loss=0.0003 dt_sec=0.67 cum_wall_sec=148.6
22:33:12 | INFO    | src.training.finetune | STEP step=1900 loss=0.0003 dt_sec=0.68 cum_wall_sec=149.3
22:33:13 | INFO    | src.training.finetune | STEP step=1910 loss=0.0341 dt_sec=0.68 cum_wall_sec=150.0
22:33:14 | INFO    | src.training.finetune | STEP step=1920 loss=0.0017 dt_sec=0.68 cum_wall_sec=150.6
22:33:14 | INFO    | src.training.finetune | STEP step=1930 loss=0.0003 dt_sec=0.68 cum_wall_sec=151.3
22:33:15 | INFO    | src.training.finetune | STEP step=1940 loss=0.0004 dt_sec=0.67 cum_wall_sec=152.0
22:33:16 | INFO    | src.training.finetune | STEP step=1950 loss=0.0232 dt_sec=0.70 cum_wall_sec=152.7
22:33:17 | INFO    | src.training.finetune | STEP step=1960 loss=0.0003 dt_sec=0.68 cum_wall_sec=153.4
22:33:17 | INFO    | src.training.finetune | STEP step=1970 loss=0.0029 dt_sec=0.67 cum_wall_sec=154.0
22:33:18 | INFO    | src.training.finetune | STEP step=1980 loss=0.0297 dt_sec=0.68 cum_wall_sec=154.7
22:33:19 | INFO    | src.training.finetune | STEP step=1990 loss=0.0814 dt_sec=0.68 cum_wall_sec=155.4
22:33:19 | INFO    | src.training.finetune | STEP step=2000 loss=0.0003 dt_sec=0.69 cum_wall_sec=156.1
22:33:22 | INFO    | src.training.finetune | STAGE=azerbaijani end ts=2026-09-08T22:33:22.783791+00:00 runtime_sec=159.8
22:33:24 | INFO    | src.training.finetune | Best checkpoint restored and verified: step 400, val macro-F1 = 0.8316
