21:36:57 | INFO    | src.training.finetune |   [AZ mərhələsi] 2000 nümunə | 2 sinif | init=baza
21:36:57 | INFO    | src.training.finetune | Task head reset: modules=['classifier'] params=592130 (encoder='roberta' untouched)
21:36:57 | INFO    | src.training.finetune | STAGE=azerbaijani start ts=2026-09-08T21:36:57.868121+00:00 n=2000 n_classes=2
21:37:02 | INFO    | src.training.finetune | STEP step=10 loss=0.6923 dt_sec=3.63 cum_wall_sec=3.6
21:37:06 | INFO    | src.training.finetune | STEP step=20 loss=0.6947 dt_sec=4.18 cum_wall_sec=7.8
21:37:06 | INFO    | src.training.finetune | STEP step=30 loss=0.6927 dt_sec=0.66 cum_wall_sec=8.5
21:37:09 | INFO    | src.training.finetune | STEP step=40 loss=0.6989 dt_sec=2.28 cum_wall_sec=10.7
21:37:13 | INFO    | src.training.finetune | STEP step=50 loss=0.6896 dt_sec=3.89 cum_wall_sec=14.6
21:37:13 | INFO    | src.training.finetune | STEP step=60 loss=0.6945 dt_sec=0.66 cum_wall_sec=15.3
21:37:17 | INFO    | src.training.finetune | STEP step=70 loss=0.6937 dt_sec=3.86 cum_wall_sec=19.2
21:37:18 | INFO    | src.training.finetune | STEP step=80 loss=0.6819 dt_sec=0.66 cum_wall_sec=19.8
21:37:20 | INFO    | src.training.finetune | STEP step=90 loss=0.6834 dt_sec=2.26 cum_wall_sec=22.1
21:37:21 | INFO    | src.training.finetune | STEP step=100 loss=0.6545 dt_sec=0.66 cum_wall_sec=22.7
21:37:23 | INFO    | src.training.finetune | STEP step=110 loss=0.6417 dt_sec=2.01 cum_wall_sec=24.7
21:37:23 | INFO    | src.training.finetune | STEP step=120 loss=0.5515 dt_sec=0.65 cum_wall_sec=25.4
21:37:26 | INFO    | src.training.finetune | STEP step=130 loss=0.6226 dt_sec=2.23 cum_wall_sec=27.6
21:37:26 | INFO    | src.training.finetune | STEP step=140 loss=0.5629 dt_sec=0.66 cum_wall_sec=28.3
21:37:27 | INFO    | src.training.finetune | STEP step=150 loss=0.5517 dt_sec=0.66 cum_wall_sec=29.0
21:37:28 | INFO    | src.training.finetune | STEP step=160 loss=0.5222 dt_sec=0.67 cum_wall_sec=29.6
21:37:28 | INFO    | src.training.finetune | STEP step=170 loss=0.5392 dt_sec=0.65 cum_wall_sec=30.3
21:37:29 | INFO    | src.training.finetune | STEP step=180 loss=0.5700 dt_sec=0.66 cum_wall_sec=30.9
21:37:31 | INFO    | src.training.finetune | STEP step=190 loss=0.5288 dt_sec=2.23 cum_wall_sec=33.2
21:37:32 | INFO    | src.training.finetune | STEP step=200 loss=0.5199 dt_sec=0.67 cum_wall_sec=33.8
21:37:35 | INFO    | src.training.finetune | STEP step=210 loss=0.4524 dt_sec=2.94 cum_wall_sec=36.8
21:37:35 | INFO    | src.training.finetune | STEP step=220 loss=0.4988 dt_sec=0.66 cum_wall_sec=37.4
21:37:36 | INFO    | src.training.finetune | STEP step=230 loss=0.4894 dt_sec=0.66 cum_wall_sec=38.1
21:37:37 | INFO    | src.training.finetune | STEP step=240 loss=0.4941 dt_sec=0.66 cum_wall_sec=38.8
21:37:37 | INFO    | src.training.finetune | STEP step=250 loss=0.4332 dt_sec=0.67 cum_wall_sec=39.4
21:37:40 | INFO    | src.training.finetune | STEP step=260 loss=0.5010 dt_sec=2.22 cum_wall_sec=41.6
21:37:40 | INFO    | src.training.finetune | STEP step=270 loss=0.4622 dt_sec=0.66 cum_wall_sec=42.3
21:37:41 | INFO    | src.training.finetune | STEP step=280 loss=0.4116 dt_sec=0.66 cum_wall_sec=43.0
21:37:42 | INFO    | src.training.finetune | STEP step=290 loss=0.3880 dt_sec=0.66 cum_wall_sec=43.6
21:37:42 | INFO    | src.training.finetune | STEP step=300 loss=0.4139 dt_sec=0.65 cum_wall_sec=44.3
21:37:43 | INFO    | src.training.finetune | STEP step=310 loss=0.3763 dt_sec=0.67 cum_wall_sec=44.9
21:37:45 | INFO    | src.training.finetune | STEP step=320 loss=0.3938 dt_sec=2.22 cum_wall_sec=47.2
21:37:46 | INFO    | src.training.finetune | STEP step=330 loss=0.3021 dt_sec=0.66 cum_wall_sec=47.8
21:37:46 | INFO    | src.training.finetune | STEP step=340 loss=0.2849 dt_sec=0.67 cum_wall_sec=48.5
21:37:48 | INFO    | src.training.finetune | STEP step=350 loss=0.3166 dt_sec=1.99 cum_wall_sec=50.5
21:37:49 | INFO    | src.training.finetune | STEP step=360 loss=0.3177 dt_sec=0.66 cum_wall_sec=51.1
21:37:50 | INFO    | src.training.finetune | STEP step=370 loss=0.3006 dt_sec=0.65 cum_wall_sec=51.8
21:37:50 | INFO    | src.training.finetune | STEP step=380 loss=0.3506 dt_sec=0.65 cum_wall_sec=52.4
21:37:51 | INFO    | src.training.finetune | STEP step=390 loss=0.2306 dt_sec=0.67 cum_wall_sec=53.1
21:37:52 | INFO    | src.training.finetune | STEP step=400 loss=0.2663 dt_sec=0.68 cum_wall_sec=53.8
21:37:55 | INFO    | src.training.finetune | STEP step=410 loss=0.2662 dt_sec=2.95 cum_wall_sec=56.7
21:37:55 | INFO    | src.training.finetune | STEP step=420 loss=0.2197 dt_sec=0.66 cum_wall_sec=57.4
21:37:56 | INFO    | src.training.finetune | STEP step=430 loss=0.2367 dt_sec=0.65 cum_wall_sec=58.1
21:37:57 | INFO    | src.training.finetune | STEP step=440 loss=0.2791 dt_sec=0.66 cum_wall_sec=58.7
21:37:57 | INFO    | src.training.finetune | STEP step=450 loss=0.1865 dt_sec=0.67 cum_wall_sec=59.4
21:37:58 | INFO    | src.training.finetune | STEP step=460 loss=0.2318 dt_sec=0.66 cum_wall_sec=60.0
21:37:59 | INFO    | src.training.finetune | STEP step=470 loss=0.2396 dt_sec=0.67 cum_wall_sec=60.7
21:37:59 | INFO    | src.training.finetune | STEP step=480 loss=0.1706 dt_sec=0.66 cum_wall_sec=61.4
21:38:00 | INFO    | src.training.finetune | STEP step=490 loss=0.1902 dt_sec=0.66 cum_wall_sec=62.0
21:38:01 | INFO    | src.training.finetune | STEP step=500 loss=0.2518 dt_sec=0.66 cum_wall_sec=62.7
21:38:03 | INFO    | src.training.finetune | STEP step=510 loss=0.2110 dt_sec=2.21 cum_wall_sec=64.9
21:38:04 | INFO    | src.training.finetune | STEP step=520 loss=0.1460 dt_sec=0.67 cum_wall_sec=65.6
21:38:04 | INFO    | src.training.finetune | STEP step=530 loss=0.1581 dt_sec=0.66 cum_wall_sec=66.2
21:38:05 | INFO    | src.training.finetune | STEP step=540 loss=0.1161 dt_sec=0.67 cum_wall_sec=66.9
21:38:06 | INFO    | src.training.finetune | STEP step=550 loss=0.2106 dt_sec=0.67 cum_wall_sec=67.6
21:38:06 | INFO    | src.training.finetune | STEP step=560 loss=0.1526 dt_sec=0.66 cum_wall_sec=68.2
21:38:07 | INFO    | src.training.finetune | STEP step=570 loss=0.1814 dt_sec=0.66 cum_wall_sec=68.9
21:38:08 | INFO    | src.training.finetune | STEP step=580 loss=0.1104 dt_sec=0.67 cum_wall_sec=69.6
21:38:08 | INFO    | src.training.finetune | STEP step=590 loss=0.0897 dt_sec=0.67 cum_wall_sec=70.2
21:38:09 | INFO    | src.training.finetune | STEP step=600 loss=0.1127 dt_sec=0.67 cum_wall_sec=70.9
21:38:12 | INFO    | src.training.finetune | STEP step=610 loss=0.1380 dt_sec=3.26 cum_wall_sec=74.2
21:38:13 | INFO    | src.training.finetune | STEP step=620 loss=0.1614 dt_sec=0.67 cum_wall_sec=74.8
21:38:13 | INFO    | src.training.finetune | STEP step=630 loss=0.0992 dt_sec=0.66 cum_wall_sec=75.5
21:38:14 | INFO    | src.training.finetune | STEP step=640 loss=0.0537 dt_sec=0.67 cum_wall_sec=76.2
21:38:15 | INFO    | src.training.finetune | STEP step=650 loss=0.1370 dt_sec=0.67 cum_wall_sec=76.8
21:38:15 | INFO    | src.training.finetune | STEP step=660 loss=0.1801 dt_sec=0.66 cum_wall_sec=77.5
21:38:16 | INFO    | src.training.finetune | STEP step=670 loss=0.1142 dt_sec=0.67 cum_wall_sec=78.1
21:38:17 | INFO    | src.training.finetune | STEP step=680 loss=0.1129 dt_sec=0.66 cum_wall_sec=78.8
21:38:17 | INFO    | src.training.finetune | STEP step=690 loss=0.0912 dt_sec=0.66 cum_wall_sec=79.5
21:38:18 | INFO    | src.training.finetune | STEP step=700 loss=0.0973 dt_sec=0.66 cum_wall_sec=80.1
21:38:19 | INFO    | src.training.finetune | STEP step=710 loss=0.1538 dt_sec=0.65 cum_wall_sec=80.8
21:38:19 | INFO    | src.training.finetune | STEP step=720 loss=0.0791 dt_sec=0.66 cum_wall_sec=81.4
21:38:20 | INFO    | src.training.finetune | STEP step=730 loss=0.2155 dt_sec=0.67 cum_wall_sec=82.1
21:38:21 | INFO    | src.training.finetune | STEP step=740 loss=0.0798 dt_sec=0.66 cum_wall_sec=82.8
21:38:21 | INFO    | src.training.finetune | STEP step=750 loss=0.0487 dt_sec=0.66 cum_wall_sec=83.4
21:38:23 | INFO    | src.training.finetune | STEP step=760 loss=0.1389 dt_sec=1.98 cum_wall_sec=85.4
21:38:24 | INFO    | src.training.finetune | STEP step=770 loss=0.1368 dt_sec=0.67 cum_wall_sec=86.1
21:38:25 | INFO    | src.training.finetune | STEP step=780 loss=0.1135 dt_sec=0.65 cum_wall_sec=86.7
21:38:25 | INFO    | src.training.finetune | STEP step=790 loss=0.0609 dt_sec=0.67 cum_wall_sec=87.4
21:38:26 | INFO    | src.training.finetune | STEP step=800 loss=0.0832 dt_sec=0.67 cum_wall_sec=88.1
21:38:29 | INFO    | src.training.finetune | STEP step=810 loss=0.0745 dt_sec=3.16 cum_wall_sec=91.2
21:38:31 | INFO    | src.training.finetune | STEP step=820 loss=0.0426 dt_sec=2.23 cum_wall_sec=93.4
21:38:32 | INFO    | src.training.finetune | STEP step=830 loss=0.0491 dt_sec=0.66 cum_wall_sec=94.1
21:38:33 | INFO    | src.training.finetune | STEP step=840 loss=0.0508 dt_sec=0.66 cum_wall_sec=94.8
21:38:33 | INFO    | src.training.finetune | STEP step=850 loss=0.0129 dt_sec=0.65 cum_wall_sec=95.4
21:38:34 | INFO    | src.training.finetune | STEP step=860 loss=0.0479 dt_sec=0.66 cum_wall_sec=96.1
21:38:35 | INFO    | src.training.finetune | STEP step=870 loss=0.0399 dt_sec=0.67 cum_wall_sec=96.7
21:38:35 | INFO    | src.training.finetune | STEP step=880 loss=0.0424 dt_sec=0.66 cum_wall_sec=97.4
21:38:36 | INFO    | src.training.finetune | STEP step=890 loss=0.0810 dt_sec=0.65 cum_wall_sec=98.1
21:38:37 | INFO    | src.training.finetune | STEP step=900 loss=0.0274 dt_sec=0.66 cum_wall_sec=98.7
21:38:37 | INFO    | src.training.finetune | STEP step=910 loss=0.0406 dt_sec=0.66 cum_wall_sec=99.4
21:38:38 | INFO    | src.training.finetune | STEP step=920 loss=0.0790 dt_sec=0.65 cum_wall_sec=100.0
21:38:39 | INFO    | src.training.finetune | STEP step=930 loss=0.0521 dt_sec=0.66 cum_wall_sec=100.7
21:38:39 | INFO    | src.training.finetune | STEP step=940 loss=0.0644 dt_sec=0.66 cum_wall_sec=101.4
21:38:40 | INFO    | src.training.finetune | STEP step=950 loss=0.0828 dt_sec=0.66 cum_wall_sec=102.0
21:38:41 | INFO    | src.training.finetune | STEP step=960 loss=0.0367 dt_sec=0.66 cum_wall_sec=102.7
21:38:41 | INFO    | src.training.finetune | STEP step=970 loss=0.0053 dt_sec=0.66 cum_wall_sec=103.3
21:38:42 | INFO    | src.training.finetune | STEP step=980 loss=0.1042 dt_sec=0.65 cum_wall_sec=104.0
21:38:43 | INFO    | src.training.finetune | STEP step=990 loss=0.0615 dt_sec=0.66 cum_wall_sec=104.6
21:38:43 | INFO    | src.training.finetune | STEP step=1000 loss=0.0225 dt_sec=0.66 cum_wall_sec=105.3
21:38:48 | INFO    | src.training.finetune | STEP step=1010 loss=0.0454 dt_sec=4.64 cum_wall_sec=109.9
21:38:49 | INFO    | src.training.finetune | STEP step=1020 loss=0.0131 dt_sec=0.66 cum_wall_sec=110.6
21:38:49 | INFO    | src.training.finetune | STEP step=1030 loss=0.1005 dt_sec=0.65 cum_wall_sec=111.3
21:38:50 | INFO    | src.training.finetune | STEP step=1040 loss=0.0243 dt_sec=0.65 cum_wall_sec=111.9
21:38:51 | INFO    | src.training.finetune | STEP step=1050 loss=0.0448 dt_sec=0.66 cum_wall_sec=112.6
21:38:51 | INFO    | src.training.finetune | STEP step=1060 loss=0.0736 dt_sec=0.65 cum_wall_sec=113.2
21:38:52 | INFO    | src.training.finetune | STEP step=1070 loss=0.0635 dt_sec=0.66 cum_wall_sec=113.9
21:38:54 | INFO    | src.training.finetune | STEP step=1080 loss=0.0063 dt_sec=2.23 cum_wall_sec=116.1
21:38:55 | INFO    | src.training.finetune | STEP step=1090 loss=0.0110 dt_sec=0.65 cum_wall_sec=116.8
21:38:55 | INFO    | src.training.finetune | STEP step=1100 loss=0.0225 dt_sec=0.66 cum_wall_sec=117.4
21:38:56 | INFO    | src.training.finetune | STEP step=1110 loss=0.0191 dt_sec=0.66 cum_wall_sec=118.1
21:38:57 | INFO    | src.training.finetune | STEP step=1120 loss=0.0730 dt_sec=0.65 cum_wall_sec=118.7
21:38:57 | INFO    | src.training.finetune | STEP step=1130 loss=0.0133 dt_sec=0.65 cum_wall_sec=119.4
21:38:58 | INFO    | src.training.finetune | STEP step=1140 loss=0.0074 dt_sec=0.65 cum_wall_sec=120.0
21:38:59 | INFO    | src.training.finetune | STEP step=1150 loss=0.0193 dt_sec=0.65 cum_wall_sec=120.7
21:38:59 | INFO    | src.training.finetune | STEP step=1160 loss=0.0059 dt_sec=0.65 cum_wall_sec=121.3
21:39:00 | INFO    | src.training.finetune | STEP step=1170 loss=0.0185 dt_sec=0.65 cum_wall_sec=122.0
21:39:01 | INFO    | src.training.finetune | STEP step=1180 loss=0.0578 dt_sec=0.64 cum_wall_sec=122.6
21:39:01 | INFO    | src.training.finetune | STEP step=1190 loss=0.0086 dt_sec=0.65 cum_wall_sec=123.3
21:39:03 | INFO    | src.training.finetune | STEP step=1200 loss=0.0010 dt_sec=1.96 cum_wall_sec=125.2
21:39:06 | INFO    | src.training.finetune | STEP step=1210 loss=0.0616 dt_sec=3.17 cum_wall_sec=128.4
21:39:07 | INFO    | src.training.finetune | STEP step=1220 loss=0.0645 dt_sec=0.65 cum_wall_sec=129.1
21:39:08 | INFO    | src.training.finetune | STEP step=1230 loss=0.0201 dt_sec=0.65 cum_wall_sec=129.7
21:39:08 | INFO    | src.training.finetune | STEP step=1240 loss=0.0093 dt_sec=0.65 cum_wall_sec=130.4
21:39:09 | INFO    | src.training.finetune | STEP step=1250 loss=0.0049 dt_sec=0.65 cum_wall_sec=131.0
21:39:11 | INFO    | src.training.finetune | STEP step=1260 loss=0.0037 dt_sec=2.20 cum_wall_sec=133.2
21:39:12 | INFO    | src.training.finetune | STEP step=1270 loss=0.0062 dt_sec=0.65 cum_wall_sec=133.9
21:39:12 | INFO    | src.training.finetune | STEP step=1280 loss=0.0415 dt_sec=0.65 cum_wall_sec=134.5
21:39:13 | INFO    | src.training.finetune | STEP step=1290 loss=0.0156 dt_sec=0.65 cum_wall_sec=135.2
21:39:14 | INFO    | src.training.finetune | STEP step=1300 loss=0.0508 dt_sec=0.65 cum_wall_sec=135.8
21:39:14 | INFO    | src.training.finetune | STEP step=1310 loss=0.0581 dt_sec=0.65 cum_wall_sec=136.5
21:39:15 | INFO    | src.training.finetune | STEP step=1320 loss=0.0239 dt_sec=0.65 cum_wall_sec=137.1
21:39:16 | INFO    | src.training.finetune | STEP step=1330 loss=0.0736 dt_sec=0.64 cum_wall_sec=137.7
21:39:16 | INFO    | src.training.finetune | STEP step=1340 loss=0.0004 dt_sec=0.65 cum_wall_sec=138.4
21:39:17 | INFO    | src.training.finetune | STEP step=1350 loss=0.0500 dt_sec=0.65 cum_wall_sec=139.0
21:39:18 | INFO    | src.training.finetune | STEP step=1360 loss=0.0221 dt_sec=0.64 cum_wall_sec=139.7
21:39:18 | INFO    | src.training.finetune | STEP step=1370 loss=0.0104 dt_sec=0.66 cum_wall_sec=140.3
21:39:19 | INFO    | src.training.finetune | STEP step=1380 loss=0.0518 dt_sec=0.65 cum_wall_sec=141.0
21:39:21 | INFO    | src.training.finetune | STEP step=1390 loss=0.0915 dt_sec=2.21 cum_wall_sec=143.2
21:39:22 | INFO    | src.training.finetune | STEP step=1400 loss=0.0289 dt_sec=0.64 cum_wall_sec=143.8
21:39:25 | INFO    | src.training.finetune | STEP step=1410 loss=0.0255 dt_sec=3.09 cum_wall_sec=146.9
21:39:26 | INFO    | src.training.finetune | STEP step=1420 loss=0.0005 dt_sec=0.64 cum_wall_sec=147.6
21:39:26 | INFO    | src.training.finetune | STEP step=1430 loss=0.0215 dt_sec=0.65 cum_wall_sec=148.2
21:39:27 | INFO    | src.training.finetune | STEP step=1440 loss=0.0237 dt_sec=0.67 cum_wall_sec=148.9
21:39:29 | INFO    | src.training.finetune | STEP step=1450 loss=0.0004 dt_sec=2.23 cum_wall_sec=151.1
21:39:30 | INFO    | src.training.finetune | STEP step=1460 loss=0.0026 dt_sec=0.65 cum_wall_sec=151.8
21:39:30 | INFO    | src.training.finetune | STEP step=1470 loss=0.0004 dt_sec=0.65 cum_wall_sec=152.4
21:39:31 | INFO    | src.training.finetune | STEP step=1480 loss=0.0163 dt_sec=0.65 cum_wall_sec=153.1
21:39:32 | INFO    | src.training.finetune | STEP step=1490 loss=0.0017 dt_sec=0.64 cum_wall_sec=153.7
21:39:32 | INFO    | src.training.finetune | STEP step=1500 loss=0.0008 dt_sec=0.64 cum_wall_sec=154.3
21:39:33 | INFO    | src.training.finetune | STEP step=1510 loss=0.0022 dt_sec=0.65 cum_wall_sec=155.0
21:39:35 | INFO    | src.training.finetune | STEP step=1520 loss=0.0002 dt_sec=1.98 cum_wall_sec=157.0
21:39:36 | INFO    | src.training.finetune | STEP step=1530 loss=0.0003 dt_sec=0.64 cum_wall_sec=157.6
21:39:36 | INFO    | src.training.finetune | STEP step=1540 loss=0.0011 dt_sec=0.64 cum_wall_sec=158.2
21:39:37 | INFO    | src.training.finetune | STEP step=1550 loss=0.0131 dt_sec=0.65 cum_wall_sec=158.9
21:39:37 | INFO    | src.training.finetune | STEP step=1560 loss=0.0003 dt_sec=0.64 cum_wall_sec=159.5
21:39:38 | INFO    | src.training.finetune | STEP step=1570 loss=0.0002 dt_sec=0.64 cum_wall_sec=160.2
21:39:39 | INFO    | src.training.finetune | STEP step=1580 loss=0.0024 dt_sec=0.64 cum_wall_sec=160.8
21:39:39 | INFO    | src.training.finetune | STEP step=1590 loss=0.0002 dt_sec=0.64 cum_wall_sec=161.5
21:39:40 | INFO    | src.training.finetune | STEP step=1600 loss=0.0002 dt_sec=0.64 cum_wall_sec=162.1
21:39:43 | INFO    | src.training.finetune | STEP step=1610 loss=0.0002 dt_sec=3.16 cum_wall_sec=165.3
21:39:44 | INFO    | src.training.finetune | STEP step=1620 loss=0.0014 dt_sec=0.64 cum_wall_sec=165.9
21:39:45 | INFO    | src.training.finetune | STEP step=1630 loss=0.0227 dt_sec=0.64 cum_wall_sec=166.6
21:39:45 | INFO    | src.training.finetune | STEP step=1640 loss=0.0624 dt_sec=0.65 cum_wall_sec=167.2
21:39:46 | INFO    | src.training.finetune | STEP step=1650 loss=0.0022 dt_sec=0.65 cum_wall_sec=167.9
21:39:46 | INFO    | src.training.finetune | STEP step=1660 loss=0.0002 dt_sec=0.65 cum_wall_sec=168.5
21:39:47 | INFO    | src.training.finetune | STEP step=1670 loss=0.0002 dt_sec=0.64 cum_wall_sec=169.1
21:39:48 | INFO    | src.training.finetune | STEP step=1680 loss=0.0169 dt_sec=0.65 cum_wall_sec=169.8
21:39:48 | INFO    | src.training.finetune | STEP step=1690 loss=0.0035 dt_sec=0.63 cum_wall_sec=170.4
21:39:49 | INFO    | src.training.finetune | STEP step=1700 loss=0.0002 dt_sec=0.65 cum_wall_sec=171.1
21:39:50 | INFO    | src.training.finetune | STEP step=1710 loss=0.0002 dt_sec=0.64 cum_wall_sec=171.7
21:39:50 | INFO    | src.training.finetune | STEP step=1720 loss=0.0003 dt_sec=0.64 cum_wall_sec=172.3
21:39:51 | INFO    | src.training.finetune | STEP step=1730 loss=0.0270 dt_sec=0.64 cum_wall_sec=173.0
21:39:52 | INFO    | src.training.finetune | STEP step=1740 loss=0.0409 dt_sec=0.64 cum_wall_sec=173.6
21:39:52 | INFO    | src.training.finetune | STEP step=1750 loss=0.0002 dt_sec=0.65 cum_wall_sec=174.3
21:39:53 | INFO    | src.training.finetune | STEP step=1760 loss=0.0341 dt_sec=0.65 cum_wall_sec=174.9
21:39:55 | INFO    | src.training.finetune | STEP step=1770 loss=0.0147 dt_sec=1.96 cum_wall_sec=176.9
21:39:55 | INFO    | src.training.finetune | STEP step=1780 loss=0.0254 dt_sec=0.64 cum_wall_sec=177.5
21:39:56 | INFO    | src.training.finetune | STEP step=1790 loss=0.0002 dt_sec=0.64 cum_wall_sec=178.2
21:39:57 | INFO    | src.training.finetune | STEP step=1800 loss=0.0230 dt_sec=0.64 cum_wall_sec=178.8
21:40:00 | INFO    | src.training.finetune | STEP step=1810 loss=0.0216 dt_sec=3.36 cum_wall_sec=182.2
21:40:01 | INFO    | src.training.finetune | STEP step=1820 loss=0.0002 dt_sec=0.63 cum_wall_sec=182.8
21:40:03 | INFO    | src.training.finetune | STEP step=1830 loss=0.0002 dt_sec=1.96 cum_wall_sec=184.8
21:40:03 | INFO    | src.training.finetune | STEP step=1840 loss=0.0258 dt_sec=0.63 cum_wall_sec=185.4
21:40:04 | INFO    | src.training.finetune | STEP step=1850 loss=0.0097 dt_sec=0.62 cum_wall_sec=186.0
21:40:05 | INFO    | src.training.finetune | STEP step=1860 loss=0.0002 dt_sec=0.63 cum_wall_sec=186.6
21:40:05 | INFO    | src.training.finetune | STEP step=1870 loss=0.0002 dt_sec=0.62 cum_wall_sec=187.3
21:40:06 | INFO    | src.training.finetune | STEP step=1880 loss=0.0026 dt_sec=0.62 cum_wall_sec=187.9
21:40:06 | INFO    | src.training.finetune | STEP step=1890 loss=0.0002 dt_sec=0.62 cum_wall_sec=188.5
21:40:07 | INFO    | src.training.finetune | STEP step=1900 loss=0.0350 dt_sec=0.63 cum_wall_sec=189.1
21:40:08 | INFO    | src.training.finetune | STEP step=1910 loss=0.0771 dt_sec=0.62 cum_wall_sec=189.8
21:40:08 | INFO    | src.training.finetune | STEP step=1920 loss=0.0036 dt_sec=0.63 cum_wall_sec=190.4
21:40:09 | INFO    | src.training.finetune | STEP step=1930 loss=0.0110 dt_sec=0.62 cum_wall_sec=191.0
21:40:10 | INFO    | src.training.finetune | STEP step=1940 loss=0.0206 dt_sec=0.64 cum_wall_sec=191.6
21:40:10 | INFO    | src.training.finetune | STEP step=1950 loss=0.0012 dt_sec=0.63 cum_wall_sec=192.3
21:40:11 | INFO    | src.training.finetune | STEP step=1960 loss=0.0270 dt_sec=0.63 cum_wall_sec=192.9
21:40:11 | INFO    | src.training.finetune | STEP step=1970 loss=0.0074 dt_sec=0.62 cum_wall_sec=193.5
21:40:12 | INFO    | src.training.finetune | STEP step=1980 loss=0.0229 dt_sec=0.63 cum_wall_sec=194.1
21:40:13 | INFO    | src.training.finetune | STEP step=1990 loss=0.0002 dt_sec=0.62 cum_wall_sec=194.8
21:40:13 | INFO    | src.training.finetune | STEP step=2000 loss=0.0007 dt_sec=0.63 cum_wall_sec=195.4
21:40:16 | INFO    | src.training.finetune | STAGE=azerbaijani end ts=2026-09-08T21:40:16.822615+00:00 runtime_sec=199.0
21:40:18 | INFO    | src.training.finetune | Best checkpoint restored and verified: step 200, val macro-F1 = 0.8212
