03:25:28 | INFO    | src.training.finetune | STAGE=turkish_intermediate cache_hit=true ts=2026-09-09T03:25:28.851139+00:00 path=artifacts/tr_stage_cache/base=xlmr__tok=original__tr=real__seed=7__038305466d136c11
03:25:28 | INFO    | src.training.finetune |   [AZ mərhələsi] 500 nümunə | 2 sinif | init=TR checkpoint
03:25:28 | INFO    | src.training.finetune | Task head reset: modules=['classifier'] params=592130 (encoder='roberta' untouched)
03:25:28 | INFO    | src.training.finetune | STAGE=azerbaijani start ts=2026-09-09T03:25:28.975685+00:00 n=500 n_classes=2
03:25:30 | INFO    | src.training.finetune | STEP step=10 loss=0.6492 dt_sec=0.72 cum_wall_sec=0.7
03:25:30 | INFO    | src.training.finetune | STEP step=20 loss=0.6395 dt_sec=0.65 cum_wall_sec=1.4
03:25:31 | INFO    | src.training.finetune | STEP step=30 loss=0.6081 dt_sec=0.66 cum_wall_sec=2.0
03:25:32 | INFO    | src.training.finetune | STEP step=40 loss=0.5797 dt_sec=0.66 cum_wall_sec=2.7
03:25:32 | INFO    | src.training.finetune | STEP step=50 loss=0.5389 dt_sec=0.66 cum_wall_sec=3.3
03:25:33 | INFO    | src.training.finetune | STEP step=60 loss=0.4994 dt_sec=0.66 cum_wall_sec=4.0
03:25:34 | INFO    | src.training.finetune | STEP step=70 loss=0.4354 dt_sec=0.66 cum_wall_sec=4.7
03:25:34 | INFO    | src.training.finetune | STEP step=80 loss=0.4283 dt_sec=0.65 cum_wall_sec=5.3
03:25:35 | INFO    | src.training.finetune | STEP step=90 loss=0.4149 dt_sec=0.67 cum_wall_sec=6.0
03:25:36 | INFO    | src.training.finetune | STEP step=100 loss=0.3788 dt_sec=0.66 cum_wall_sec=6.6
03:25:36 | INFO    | src.training.finetune | STEP step=110 loss=0.3210 dt_sec=0.66 cum_wall_sec=7.3
03:25:37 | INFO    | src.training.finetune | STEP step=120 loss=0.2709 dt_sec=0.66 cum_wall_sec=8.0
03:25:38 | INFO    | src.training.finetune | STEP step=130 loss=0.2799 dt_sec=0.66 cum_wall_sec=8.6
03:25:38 | INFO    | src.training.finetune | STEP step=140 loss=0.2664 dt_sec=0.66 cum_wall_sec=9.3
03:25:39 | INFO    | src.training.finetune | STEP step=150 loss=0.2559 dt_sec=0.66 cum_wall_sec=9.9
03:25:40 | INFO    | src.training.finetune | STEP step=160 loss=0.2077 dt_sec=0.66 cum_wall_sec=10.6
03:25:40 | INFO    | src.training.finetune | STEP step=170 loss=0.1890 dt_sec=0.66 cum_wall_sec=11.3
03:25:41 | INFO    | src.training.finetune | STEP step=180 loss=0.1130 dt_sec=0.67 cum_wall_sec=11.9
03:25:42 | INFO    | src.training.finetune | STEP step=190 loss=0.1914 dt_sec=0.66 cum_wall_sec=12.6
03:25:42 | INFO    | src.training.finetune | STEP step=200 loss=0.1565 dt_sec=0.66 cum_wall_sec=13.3
03:25:45 | INFO    | src.training.finetune | STEP step=210 loss=0.1264 dt_sec=3.00 cum_wall_sec=16.3
03:25:46 | INFO    | src.training.finetune | STEP step=220 loss=0.4844 dt_sec=0.66 cum_wall_sec=16.9
03:25:47 | INFO    | src.training.finetune | STEP step=230 loss=0.1300 dt_sec=0.66 cum_wall_sec=17.6
03:25:47 | INFO    | src.training.finetune | STEP step=240 loss=0.1344 dt_sec=0.66 cum_wall_sec=18.2
03:25:48 | INFO    | src.training.finetune | STEP step=250 loss=0.0385 dt_sec=0.67 cum_wall_sec=18.9
03:25:49 | INFO    | src.training.finetune | STEP step=260 loss=0.1037 dt_sec=0.66 cum_wall_sec=19.6
03:25:49 | INFO    | src.training.finetune | STEP step=270 loss=0.0698 dt_sec=0.67 cum_wall_sec=20.2
03:25:50 | INFO    | src.training.finetune | STEP step=280 loss=0.1142 dt_sec=0.66 cum_wall_sec=20.9
03:25:51 | INFO    | src.training.finetune | STEP step=290 loss=0.0360 dt_sec=0.68 cum_wall_sec=21.6
03:25:51 | INFO    | src.training.finetune | STEP step=300 loss=0.0543 dt_sec=0.68 cum_wall_sec=22.3
03:25:52 | INFO    | src.training.finetune | STEP step=310 loss=0.0564 dt_sec=0.66 cum_wall_sec=22.9
03:25:53 | INFO    | src.training.finetune | STEP step=320 loss=0.0199 dt_sec=0.67 cum_wall_sec=23.6
03:25:53 | INFO    | src.training.finetune | STEP step=330 loss=0.0303 dt_sec=0.68 cum_wall_sec=24.3
03:25:54 | INFO    | src.training.finetune | STEP step=340 loss=0.0463 dt_sec=0.70 cum_wall_sec=25.0
03:25:55 | INFO    | src.training.finetune | STEP step=350 loss=0.0226 dt_sec=0.69 cum_wall_sec=25.7
03:25:55 | INFO    | src.training.finetune | STEP step=360 loss=0.0010 dt_sec=0.69 cum_wall_sec=26.3
03:25:56 | INFO    | src.training.finetune | STEP step=370 loss=0.0503 dt_sec=0.70 cum_wall_sec=27.0
03:25:57 | INFO    | src.training.finetune | STEP step=380 loss=0.0021 dt_sec=0.69 cum_wall_sec=27.7
03:25:57 | INFO    | src.training.finetune | STEP step=390 loss=0.0209 dt_sec=0.69 cum_wall_sec=28.4
03:25:58 | INFO    | src.training.finetune | STEP step=400 loss=0.0740 dt_sec=0.69 cum_wall_sec=29.1
03:26:01 | INFO    | src.training.finetune | STEP step=410 loss=0.0404 dt_sec=3.04 cum_wall_sec=32.1
03:26:02 | INFO    | src.training.finetune | STEP step=420 loss=0.0178 dt_sec=0.68 cum_wall_sec=32.8
03:26:03 | INFO    | src.training.finetune | STEP step=430 loss=0.0417 dt_sec=0.70 cum_wall_sec=33.5
03:26:03 | INFO    | src.training.finetune | STEP step=440 loss=0.0223 dt_sec=0.69 cum_wall_sec=34.2
03:26:04 | INFO    | src.training.finetune | STEP step=450 loss=0.0249 dt_sec=0.69 cum_wall_sec=34.9
03:26:05 | INFO    | src.training.finetune | STEP step=460 loss=0.0259 dt_sec=0.70 cum_wall_sec=35.6
03:26:05 | INFO    | src.training.finetune | STEP step=470 loss=0.0055 dt_sec=0.67 cum_wall_sec=36.3
03:26:06 | INFO    | src.training.finetune | STEP step=480 loss=0.0034 dt_sec=0.69 cum_wall_sec=37.0
03:26:07 | INFO    | src.training.finetune | STEP step=490 loss=0.0182 dt_sec=0.70 cum_wall_sec=37.7
03:26:07 | INFO    | src.training.finetune | STEP step=500 loss=0.0683 dt_sec=0.69 cum_wall_sec=38.4
03:26:08 | INFO    | src.training.finetune | STEP step=510 loss=0.0005 dt_sec=0.69 cum_wall_sec=39.0
03:26:09 | INFO    | src.training.finetune | STEP step=520 loss=0.0004 dt_sec=0.69 cum_wall_sec=39.7
03:26:10 | INFO    | src.training.finetune | STEP step=530 loss=0.0271 dt_sec=0.69 cum_wall_sec=40.4
03:26:10 | INFO    | src.training.finetune | STEP step=540 loss=0.0009 dt_sec=0.69 cum_wall_sec=41.1
03:26:11 | INFO    | src.training.finetune | STEP step=550 loss=0.0233 dt_sec=0.68 cum_wall_sec=41.8
03:26:12 | INFO    | src.training.finetune | STEP step=560 loss=0.0166 dt_sec=0.69 cum_wall_sec=42.5
03:26:12 | INFO    | src.training.finetune | STEP step=570 loss=0.0437 dt_sec=0.69 cum_wall_sec=43.2
03:26:13 | INFO    | src.training.finetune | STEP step=580 loss=0.0022 dt_sec=0.68 cum_wall_sec=43.9
03:26:14 | INFO    | src.training.finetune | STEP step=590 loss=0.0340 dt_sec=0.69 cum_wall_sec=44.6
03:26:14 | INFO    | src.training.finetune | STEP step=600 loss=0.0147 dt_sec=0.68 cum_wall_sec=45.2
03:26:18 | INFO    | src.training.finetune | STEP step=610 loss=0.0216 dt_sec=3.33 cum_wall_sec=48.6
03:26:18 | INFO    | src.training.finetune | STEP step=620 loss=0.0462 dt_sec=0.69 cum_wall_sec=49.3
03:26:19 | INFO    | src.training.finetune | STEP step=630 loss=0.0014 dt_sec=0.69 cum_wall_sec=49.9
03:26:20 | INFO    | src.training.finetune | STEP step=640 loss=0.0135 dt_sec=0.69 cum_wall_sec=50.6
03:26:20 | INFO    | src.training.finetune | STEP step=650 loss=0.0078 dt_sec=0.69 cum_wall_sec=51.3
03:26:21 | INFO    | src.training.finetune | STEP step=660 loss=0.0248 dt_sec=0.69 cum_wall_sec=52.0
03:26:22 | INFO    | src.training.finetune | STEP step=670 loss=0.0002 dt_sec=0.70 cum_wall_sec=52.7
03:26:23 | INFO    | src.training.finetune | STEP step=680 loss=0.0003 dt_sec=0.71 cum_wall_sec=53.4
03:26:23 | INFO    | src.training.finetune | STEP step=690 loss=0.0328 dt_sec=0.69 cum_wall_sec=54.1
03:26:24 | INFO    | src.training.finetune | STEP step=700 loss=0.0195 dt_sec=0.69 cum_wall_sec=54.8
03:26:25 | INFO    | src.training.finetune | STEP step=710 loss=0.0002 dt_sec=0.69 cum_wall_sec=55.5
03:26:25 | INFO    | src.training.finetune | STEP step=720 loss=0.0186 dt_sec=0.68 cum_wall_sec=56.2
03:26:26 | INFO    | src.training.finetune | STEP step=730 loss=0.0188 dt_sec=0.69 cum_wall_sec=56.9
03:26:27 | INFO    | src.training.finetune | STEP step=740 loss=0.0002 dt_sec=0.70 cum_wall_sec=57.6
03:26:27 | INFO    | src.training.finetune | STEP step=750 loss=0.0241 dt_sec=0.69 cum_wall_sec=58.2
03:26:28 | INFO    | src.training.finetune | STEP step=760 loss=0.0028 dt_sec=0.69 cum_wall_sec=58.9
03:26:29 | INFO    | src.training.finetune | STEP step=770 loss=0.0003 dt_sec=0.70 cum_wall_sec=59.6
03:26:29 | INFO    | src.training.finetune | STEP step=780 loss=0.0054 dt_sec=0.69 cum_wall_sec=60.3
03:26:30 | INFO    | src.training.finetune | STEP step=790 loss=0.0230 dt_sec=0.69 cum_wall_sec=61.0
03:26:31 | INFO    | src.training.finetune | STEP step=800 loss=0.0022 dt_sec=0.68 cum_wall_sec=61.7
03:26:34 | INFO    | src.training.finetune | STEP step=810 loss=0.0004 dt_sec=3.31 cum_wall_sec=65.0
03:26:35 | INFO    | src.training.finetune | STEP step=820 loss=0.0353 dt_sec=0.69 cum_wall_sec=65.7
03:26:35 | INFO    | src.training.finetune | STEP step=830 loss=0.0452 dt_sec=0.69 cum_wall_sec=66.4
03:26:36 | INFO    | src.training.finetune | STEP step=840 loss=0.0010 dt_sec=0.69 cum_wall_sec=67.1
03:26:37 | INFO    | src.training.finetune | STEP step=850 loss=0.0003 dt_sec=0.69 cum_wall_sec=67.7
03:26:38 | INFO    | src.training.finetune | STEP step=860 loss=0.0476 dt_sec=0.69 cum_wall_sec=68.4
03:26:38 | INFO    | src.training.finetune | STEP step=870 loss=0.0205 dt_sec=0.69 cum_wall_sec=69.1
03:26:39 | INFO    | src.training.finetune | STEP step=880 loss=0.0476 dt_sec=0.69 cum_wall_sec=69.8
03:26:40 | INFO    | src.training.finetune | STEP step=890 loss=0.0008 dt_sec=0.69 cum_wall_sec=70.5
03:26:40 | INFO    | src.training.finetune | STEP step=900 loss=0.0150 dt_sec=0.69 cum_wall_sec=71.2
03:26:41 | INFO    | src.training.finetune | STEP step=910 loss=0.0002 dt_sec=0.69 cum_wall_sec=71.9
03:26:42 | INFO    | src.training.finetune | STEP step=920 loss=0.0001 dt_sec=0.69 cum_wall_sec=72.6
03:26:42 | INFO    | src.training.finetune | STEP step=930 loss=0.0537 dt_sec=0.69 cum_wall_sec=73.3
03:26:43 | INFO    | src.training.finetune | STEP step=940 loss=0.0212 dt_sec=0.68 cum_wall_sec=74.0
03:26:44 | INFO    | src.training.finetune | STEP step=950 loss=0.0316 dt_sec=0.66 cum_wall_sec=74.6
03:26:44 | INFO    | src.training.finetune | STEP step=960 loss=0.0044 dt_sec=0.66 cum_wall_sec=75.3
03:26:45 | INFO    | src.training.finetune | STEP step=970 loss=0.0246 dt_sec=0.67 cum_wall_sec=75.9
03:26:46 | INFO    | src.training.finetune | STEP step=980 loss=0.0191 dt_sec=0.67 cum_wall_sec=76.6
03:26:46 | INFO    | src.training.finetune | STEP step=990 loss=0.0061 dt_sec=0.66 cum_wall_sec=77.3
03:26:47 | INFO    | src.training.finetune | STEP step=1000 loss=0.0001 dt_sec=0.66 cum_wall_sec=77.9
03:26:50 | INFO    | src.training.finetune | STEP step=1010 loss=0.0001 dt_sec=3.22 cum_wall_sec=81.2
03:26:51 | INFO    | src.training.finetune | STEP step=1020 loss=0.0001 dt_sec=0.66 cum_wall_sec=81.8
03:26:52 | INFO    | src.training.finetune | STEP step=1030 loss=0.0342 dt_sec=0.66 cum_wall_sec=82.5
03:26:52 | INFO    | src.training.finetune | STEP step=1040 loss=0.0634 dt_sec=0.66 cum_wall_sec=83.1
03:26:53 | INFO    | src.training.finetune | STEP step=1050 loss=0.0002 dt_sec=0.67 cum_wall_sec=83.8
03:26:54 | INFO    | src.training.finetune | STEP step=1060 loss=0.0567 dt_sec=0.66 cum_wall_sec=84.5
03:26:54 | INFO    | src.training.finetune | STEP step=1070 loss=0.0001 dt_sec=0.67 cum_wall_sec=85.1
03:26:55 | INFO    | src.training.finetune | STEP step=1080 loss=0.0121 dt_sec=0.67 cum_wall_sec=85.8
03:26:56 | INFO    | src.training.finetune | STEP step=1090 loss=0.0254 dt_sec=0.65 cum_wall_sec=86.5
03:26:56 | INFO    | src.training.finetune | STEP step=1100 loss=0.0164 dt_sec=0.66 cum_wall_sec=87.1
03:26:57 | INFO    | src.training.finetune | STEP step=1110 loss=0.0072 dt_sec=0.67 cum_wall_sec=87.8
03:26:58 | INFO    | src.training.finetune | STEP step=1120 loss=0.0074 dt_sec=0.66 cum_wall_sec=88.5
03:26:58 | INFO    | src.training.finetune | STEP step=1130 loss=0.0026 dt_sec=0.67 cum_wall_sec=89.1
03:26:59 | INFO    | src.training.finetune | STEP step=1140 loss=0.0002 dt_sec=0.66 cum_wall_sec=89.8
03:27:00 | INFO    | src.training.finetune | STEP step=1150 loss=0.0001 dt_sec=0.66 cum_wall_sec=90.4
03:27:00 | INFO    | src.training.finetune | STEP step=1160 loss=0.0001 dt_sec=0.67 cum_wall_sec=91.1
03:27:01 | INFO    | src.training.finetune | STEP step=1170 loss=0.0002 dt_sec=0.66 cum_wall_sec=91.8
03:27:02 | INFO    | src.training.finetune | STEP step=1180 loss=0.0293 dt_sec=0.66 cum_wall_sec=92.4
03:27:02 | INFO    | src.training.finetune | STEP step=1190 loss=0.0012 dt_sec=0.66 cum_wall_sec=93.1
03:27:03 | INFO    | src.training.finetune | STEP step=1200 loss=0.0002 dt_sec=0.66 cum_wall_sec=93.8
03:27:06 | INFO    | src.training.finetune | STEP step=1210 loss=0.0246 dt_sec=3.22 cum_wall_sec=97.0
03:27:07 | INFO    | src.training.finetune | STEP step=1220 loss=0.0142 dt_sec=0.66 cum_wall_sec=97.6
03:27:07 | INFO    | src.training.finetune | STEP step=1230 loss=0.0001 dt_sec=0.66 cum_wall_sec=98.3
03:27:08 | INFO    | src.training.finetune | STEP step=1240 loss=0.0008 dt_sec=0.66 cum_wall_sec=98.9
03:27:09 | INFO    | src.training.finetune | STEP step=1250 loss=0.0001 dt_sec=0.66 cum_wall_sec=99.6
03:27:09 | INFO    | src.training.finetune | STEP step=1260 loss=0.0001 dt_sec=0.66 cum_wall_sec=100.3
03:27:10 | INFO    | src.training.finetune | STEP step=1270 loss=0.0004 dt_sec=0.66 cum_wall_sec=100.9
03:27:11 | INFO    | src.training.finetune | STEP step=1280 loss=0.0291 dt_sec=0.67 cum_wall_sec=101.6
03:27:11 | INFO    | src.training.finetune | STEP step=1290 loss=0.0002 dt_sec=0.67 cum_wall_sec=102.3
03:27:12 | INFO    | src.training.finetune | STEP step=1300 loss=0.0002 dt_sec=0.67 cum_wall_sec=102.9
03:27:13 | INFO    | src.training.finetune | STEP step=1310 loss=0.0293 dt_sec=0.66 cum_wall_sec=103.6
03:27:13 | INFO    | src.training.finetune | STEP step=1320 loss=0.0001 dt_sec=0.67 cum_wall_sec=104.3
03:27:14 | INFO    | src.training.finetune | STEP step=1330 loss=0.0001 dt_sec=0.66 cum_wall_sec=104.9
03:27:15 | INFO    | src.training.finetune | STEP step=1340 loss=0.0001 dt_sec=0.67 cum_wall_sec=105.6
03:27:15 | INFO    | src.training.finetune | STEP step=1350 loss=0.0003 dt_sec=0.67 cum_wall_sec=106.3
03:27:16 | INFO    | src.training.finetune | STEP step=1360 loss=0.0024 dt_sec=0.67 cum_wall_sec=106.9
03:27:17 | INFO    | src.training.finetune | STEP step=1370 loss=0.0001 dt_sec=0.67 cum_wall_sec=107.6
03:27:17 | INFO    | src.training.finetune | STEP step=1380 loss=0.0001 dt_sec=0.67 cum_wall_sec=108.3
03:27:18 | INFO    | src.training.finetune | STEP step=1390 loss=0.0083 dt_sec=0.67 cum_wall_sec=108.9
03:27:19 | INFO    | src.training.finetune | STEP step=1400 loss=0.0001 dt_sec=0.67 cum_wall_sec=109.6
03:27:23 | INFO    | src.training.finetune | STEP step=1410 loss=0.0003 dt_sec=4.06 cum_wall_sec=113.7
03:27:23 | INFO    | src.training.finetune | STEP step=1420 loss=0.0459 dt_sec=0.70 cum_wall_sec=114.4
03:27:24 | INFO    | src.training.finetune | STEP step=1430 loss=0.0002 dt_sec=0.69 cum_wall_sec=115.1
03:27:25 | INFO    | src.training.finetune | STEP step=1440 loss=0.0002 dt_sec=0.70 cum_wall_sec=115.7
03:27:26 | INFO    | src.training.finetune | STEP step=1450 loss=0.0001 dt_sec=0.69 cum_wall_sec=116.4
03:27:26 | INFO    | src.training.finetune | STEP step=1460 loss=0.0001 dt_sec=0.70 cum_wall_sec=117.1
03:27:27 | INFO    | src.training.finetune | STEP step=1470 loss=0.0239 dt_sec=0.69 cum_wall_sec=117.8
03:27:28 | INFO    | src.training.finetune | STEP step=1480 loss=0.0117 dt_sec=0.70 cum_wall_sec=118.5
03:27:28 | INFO    | src.training.finetune | STEP step=1490 loss=0.0159 dt_sec=0.69 cum_wall_sec=119.2
03:27:29 | INFO    | src.training.finetune | STEP step=1500 loss=0.0293 dt_sec=0.69 cum_wall_sec=119.9
03:27:30 | INFO    | src.training.finetune | STEP step=1510 loss=0.0008 dt_sec=0.69 cum_wall_sec=120.6
03:27:30 | INFO    | src.training.finetune | STEP step=1520 loss=0.0001 dt_sec=0.70 cum_wall_sec=121.3
03:27:31 | INFO    | src.training.finetune | STEP step=1530 loss=0.0001 dt_sec=0.70 cum_wall_sec=122.0
03:27:32 | INFO    | src.training.finetune | STEP step=1540 loss=0.0240 dt_sec=0.70 cum_wall_sec=122.7
03:27:32 | INFO    | src.training.finetune | STEP step=1550 loss=0.0001 dt_sec=0.68 cum_wall_sec=123.4
03:27:33 | INFO    | src.training.finetune | STEP step=1560 loss=0.0134 dt_sec=0.70 cum_wall_sec=124.1
03:27:34 | INFO    | src.training.finetune | STEP step=1570 loss=0.0001 dt_sec=0.69 cum_wall_sec=124.8
03:27:35 | INFO    | src.training.finetune | STEP step=1580 loss=0.0001 dt_sec=0.70 cum_wall_sec=125.5
03:27:35 | INFO    | src.training.finetune | STEP step=1590 loss=0.0001 dt_sec=0.71 cum_wall_sec=126.2
03:27:36 | INFO    | src.training.finetune | STEP step=1600 loss=0.0001 dt_sec=0.69 cum_wall_sec=126.9
03:27:39 | INFO    | src.training.finetune | STEP step=1610 loss=0.0001 dt_sec=3.46 cum_wall_sec=130.3
03:27:40 | INFO    | src.training.finetune | STEP step=1620 loss=0.0001 dt_sec=0.68 cum_wall_sec=131.0
03:27:41 | INFO    | src.training.finetune | STEP step=1630 loss=0.0001 dt_sec=0.70 cum_wall_sec=131.7
03:27:41 | INFO    | src.training.finetune | STEP step=1640 loss=0.0001 dt_sec=0.69 cum_wall_sec=132.4
03:27:42 | INFO    | src.training.finetune | STEP step=1650 loss=0.0222 dt_sec=0.69 cum_wall_sec=133.1
03:27:43 | INFO    | src.training.finetune | STEP step=1660 loss=0.0001 dt_sec=0.70 cum_wall_sec=133.8
03:27:44 | INFO    | src.training.finetune | STEP step=1670 loss=0.0001 dt_sec=0.69 cum_wall_sec=134.5
03:27:44 | INFO    | src.training.finetune | STEP step=1680 loss=0.0001 dt_sec=0.68 cum_wall_sec=135.2
03:27:45 | INFO    | src.training.finetune | STEP step=1690 loss=0.0195 dt_sec=0.69 cum_wall_sec=135.9
03:27:46 | INFO    | src.training.finetune | STEP step=1700 loss=0.0001 dt_sec=0.69 cum_wall_sec=136.6
03:27:46 | INFO    | src.training.finetune | STEP step=1710 loss=0.0001 dt_sec=0.70 cum_wall_sec=137.3
03:27:47 | INFO    | src.training.finetune | STEP step=1720 loss=0.0001 dt_sec=0.69 cum_wall_sec=137.9
03:27:48 | INFO    | src.training.finetune | STEP step=1730 loss=0.0001 dt_sec=0.70 cum_wall_sec=138.6
03:27:48 | INFO    | src.training.finetune | STEP step=1740 loss=0.0256 dt_sec=0.69 cum_wall_sec=139.3
03:27:49 | INFO    | src.training.finetune | STEP step=1750 loss=0.0001 dt_sec=0.69 cum_wall_sec=140.0
03:27:50 | INFO    | src.training.finetune | STEP step=1760 loss=0.0001 dt_sec=0.69 cum_wall_sec=140.7
03:27:50 | INFO    | src.training.finetune | STEP step=1770 loss=0.0001 dt_sec=0.70 cum_wall_sec=141.4
03:27:51 | INFO    | src.training.finetune | STEP step=1780 loss=0.0001 dt_sec=0.69 cum_wall_sec=142.1
03:27:52 | INFO    | src.training.finetune | STEP step=1790 loss=0.0001 dt_sec=0.70 cum_wall_sec=142.8
03:27:53 | INFO    | src.training.finetune | STEP step=1800 loss=0.0001 dt_sec=0.69 cum_wall_sec=143.5
03:27:56 | INFO    | src.training.finetune | STEP step=1810 loss=0.0001 dt_sec=3.32 cum_wall_sec=146.8
03:27:57 | INFO    | src.training.finetune | STEP step=1820 loss=0.0001 dt_sec=0.69 cum_wall_sec=147.5
03:27:57 | INFO    | src.training.finetune | STEP step=1830 loss=0.0001 dt_sec=0.70 cum_wall_sec=148.2
03:27:58 | INFO    | src.training.finetune | STEP step=1840 loss=0.0001 dt_sec=0.68 cum_wall_sec=148.9
03:27:59 | INFO    | src.training.finetune | STEP step=1850 loss=0.0001 dt_sec=0.69 cum_wall_sec=149.6
03:27:59 | INFO    | src.training.finetune | STEP step=1860 loss=0.0001 dt_sec=0.70 cum_wall_sec=150.3
03:28:00 | INFO    | src.training.finetune | STEP step=1870 loss=0.0001 dt_sec=0.69 cum_wall_sec=151.0
03:28:01 | INFO    | src.training.finetune | STEP step=1880 loss=0.0001 dt_sec=0.70 cum_wall_sec=151.7
03:28:01 | INFO    | src.training.finetune | STEP step=1890 loss=0.0001 dt_sec=0.68 cum_wall_sec=152.4
03:28:02 | INFO    | src.training.finetune | STEP step=1900 loss=0.0001 dt_sec=0.71 cum_wall_sec=153.1
03:28:03 | INFO    | src.training.finetune | STEP step=1910 loss=0.0001 dt_sec=0.69 cum_wall_sec=153.8
03:28:04 | INFO    | src.training.finetune | STEP step=1920 loss=0.0001 dt_sec=0.69 cum_wall_sec=154.4
03:28:04 | INFO    | src.training.finetune | STEP step=1930 loss=0.0001 dt_sec=0.71 cum_wall_sec=155.1
03:28:05 | INFO    | src.training.finetune | STEP step=1940 loss=0.0001 dt_sec=0.69 cum_wall_sec=155.8
03:28:06 | INFO    | src.training.finetune | STEP step=1950 loss=0.0001 dt_sec=0.70 cum_wall_sec=156.5
03:28:06 | INFO    | src.training.finetune | STEP step=1960 loss=0.0001 dt_sec=0.69 cum_wall_sec=157.2
03:28:07 | INFO    | src.training.finetune | STEP step=1970 loss=0.0001 dt_sec=0.70 cum_wall_sec=157.9
03:28:08 | INFO    | src.training.finetune | STEP step=1980 loss=0.0001 dt_sec=0.69 cum_wall_sec=158.6
03:28:08 | INFO    | src.training.finetune | STEP step=1990 loss=0.0001 dt_sec=0.69 cum_wall_sec=159.3
03:28:09 | INFO    | src.training.finetune | STEP step=2000 loss=0.0001 dt_sec=0.69 cum_wall_sec=160.0
03:28:12 | INFO    | src.training.finetune | STAGE=azerbaijani end ts=2026-09-09T03:28:12.457487+00:00 runtime_sec=163.5
03:28:13 | INFO    | src.training.finetune | Best checkpoint restored and verified: step 2000, val macro-F1 = 0.8208
