20:47:53 | INFO    | src.training.finetune | STAGE=turkish_intermediate cache_hit=true ts=2026-09-08T20:47:53.710496+00:00 path=artifacts/tr_stage_cache/base=xlm15__tok=original__tr=real__seed=7__64929edc857f96c7
20:47:53 | INFO    | src.training.finetune |   [AZ mərhələsi] 2000 nümunə | 2 sinif | init=TR checkpoint
20:47:53 | INFO    | src.training.finetune | Task head reset: modules=['sequence_summary'] params=2050 (encoder='transformer' untouched)
20:47:53 | INFO    | src.training.finetune | STAGE=azerbaijani start ts=2026-09-08T20:47:53.804709+00:00 n=2000 n_classes=2
20:47:57 | INFO    | src.training.finetune | STEP step=10 loss=1.2125 dt_sec=0.87 cum_wall_sec=0.9
20:47:58 | INFO    | src.training.finetune | STEP step=20 loss=0.9373 dt_sec=0.79 cum_wall_sec=1.7
20:47:59 | INFO    | src.training.finetune | STEP step=30 loss=0.9908 dt_sec=0.79 cum_wall_sec=2.5
20:47:59 | INFO    | src.training.finetune | STEP step=40 loss=0.9893 dt_sec=0.79 cum_wall_sec=3.2
20:48:00 | INFO    | src.training.finetune | STEP step=50 loss=0.9905 dt_sec=0.79 cum_wall_sec=4.0
20:48:01 | INFO    | src.training.finetune | STEP step=60 loss=1.1148 dt_sec=0.78 cum_wall_sec=4.8
20:48:02 | INFO    | src.training.finetune | STEP step=70 loss=1.0287 dt_sec=0.78 cum_wall_sec=5.6
20:48:02 | INFO    | src.training.finetune | STEP step=80 loss=1.0876 dt_sec=0.78 cum_wall_sec=6.4
20:48:03 | INFO    | src.training.finetune | STEP step=90 loss=0.9172 dt_sec=0.79 cum_wall_sec=7.2
20:48:04 | INFO    | src.training.finetune | STEP step=100 loss=0.9061 dt_sec=0.79 cum_wall_sec=8.0
20:48:05 | INFO    | src.training.finetune | STEP step=110 loss=0.9826 dt_sec=0.78 cum_wall_sec=8.7
20:48:06 | INFO    | src.training.finetune | STEP step=120 loss=1.0334 dt_sec=0.79 cum_wall_sec=9.5
20:48:06 | INFO    | src.training.finetune | STEP step=130 loss=0.9921 dt_sec=0.78 cum_wall_sec=10.3
20:48:07 | INFO    | src.training.finetune | STEP step=140 loss=1.0488 dt_sec=0.80 cum_wall_sec=11.1
20:48:08 | INFO    | src.training.finetune | STEP step=150 loss=1.2006 dt_sec=0.78 cum_wall_sec=11.9
20:48:09 | INFO    | src.training.finetune | STEP step=160 loss=1.0824 dt_sec=0.78 cum_wall_sec=12.7
20:48:10 | INFO    | src.training.finetune | STEP step=170 loss=0.9440 dt_sec=0.77 cum_wall_sec=13.4
20:48:10 | INFO    | src.training.finetune | STEP step=180 loss=1.1526 dt_sec=0.78 cum_wall_sec=14.2
20:48:11 | INFO    | src.training.finetune | STEP step=190 loss=0.9886 dt_sec=0.78 cum_wall_sec=15.0
20:48:12 | INFO    | src.training.finetune | STEP step=200 loss=0.8065 dt_sec=0.79 cum_wall_sec=15.8
20:48:16 | INFO    | src.training.finetune | STEP step=210 loss=0.7713 dt_sec=3.68 cum_wall_sec=19.5
20:48:16 | INFO    | src.training.finetune | STEP step=220 loss=0.8783 dt_sec=0.80 cum_wall_sec=20.3
20:48:17 | INFO    | src.training.finetune | STEP step=230 loss=0.8119 dt_sec=0.80 cum_wall_sec=21.1
20:48:18 | INFO    | src.training.finetune | STEP step=240 loss=1.1245 dt_sec=0.78 cum_wall_sec=21.9
20:48:19 | INFO    | src.training.finetune | STEP step=250 loss=1.1594 dt_sec=0.78 cum_wall_sec=22.6
20:48:20 | INFO    | src.training.finetune | STEP step=260 loss=1.0723 dt_sec=0.79 cum_wall_sec=23.4
20:48:20 | INFO    | src.training.finetune | STEP step=270 loss=0.8318 dt_sec=0.77 cum_wall_sec=24.2
20:48:21 | INFO    | src.training.finetune | STEP step=280 loss=0.7529 dt_sec=0.78 cum_wall_sec=25.0
20:48:22 | INFO    | src.training.finetune | STEP step=290 loss=0.6740 dt_sec=0.80 cum_wall_sec=25.8
20:48:23 | INFO    | src.training.finetune | STEP step=300 loss=0.9253 dt_sec=0.78 cum_wall_sec=26.6
20:48:23 | INFO    | src.training.finetune | STEP step=310 loss=1.0869 dt_sec=0.79 cum_wall_sec=27.4
20:48:24 | INFO    | src.training.finetune | STEP step=320 loss=0.9774 dt_sec=0.78 cum_wall_sec=28.1
20:48:25 | INFO    | src.training.finetune | STEP step=330 loss=0.6045 dt_sec=0.78 cum_wall_sec=28.9
20:48:26 | INFO    | src.training.finetune | STEP step=340 loss=0.6988 dt_sec=0.79 cum_wall_sec=29.7
20:48:27 | INFO    | src.training.finetune | STEP step=350 loss=0.6420 dt_sec=0.79 cum_wall_sec=30.5
20:48:27 | INFO    | src.training.finetune | STEP step=360 loss=0.8310 dt_sec=0.79 cum_wall_sec=31.3
20:48:28 | INFO    | src.training.finetune | STEP step=370 loss=0.6740 dt_sec=0.78 cum_wall_sec=32.1
20:48:29 | INFO    | src.training.finetune | STEP step=380 loss=0.5279 dt_sec=0.77 cum_wall_sec=32.8
20:48:30 | INFO    | src.training.finetune | STEP step=390 loss=0.4824 dt_sec=0.78 cum_wall_sec=33.6
20:48:31 | INFO    | src.training.finetune | STEP step=400 loss=0.4406 dt_sec=0.77 cum_wall_sec=34.4
20:48:34 | INFO    | src.training.finetune | STEP step=410 loss=0.5170 dt_sec=3.74 cum_wall_sec=38.1
20:48:35 | INFO    | src.training.finetune | STEP step=420 loss=0.5591 dt_sec=0.78 cum_wall_sec=38.9
20:48:36 | INFO    | src.training.finetune | STEP step=430 loss=0.7439 dt_sec=0.80 cum_wall_sec=39.7
20:48:37 | INFO    | src.training.finetune | STEP step=440 loss=0.6209 dt_sec=0.79 cum_wall_sec=40.5
20:48:37 | INFO    | src.training.finetune | STEP step=450 loss=0.5611 dt_sec=0.79 cum_wall_sec=41.3
20:48:38 | INFO    | src.training.finetune | STEP step=460 loss=0.3986 dt_sec=0.78 cum_wall_sec=42.1
20:48:39 | INFO    | src.training.finetune | STEP step=470 loss=0.3147 dt_sec=0.79 cum_wall_sec=42.8
20:48:40 | INFO    | src.training.finetune | STEP step=480 loss=0.3589 dt_sec=0.79 cum_wall_sec=43.6
20:48:41 | INFO    | src.training.finetune | STEP step=490 loss=0.4869 dt_sec=0.77 cum_wall_sec=44.4
20:48:41 | INFO    | src.training.finetune | STEP step=500 loss=0.3499 dt_sec=0.79 cum_wall_sec=45.2
20:48:42 | INFO    | src.training.finetune | STEP step=510 loss=0.4998 dt_sec=0.77 cum_wall_sec=46.0
20:48:43 | INFO    | src.training.finetune | STEP step=520 loss=0.3584 dt_sec=0.79 cum_wall_sec=46.8
20:48:44 | INFO    | src.training.finetune | STEP step=530 loss=0.2832 dt_sec=0.79 cum_wall_sec=47.5
20:48:44 | INFO    | src.training.finetune | STEP step=540 loss=0.3833 dt_sec=0.78 cum_wall_sec=48.3
20:48:45 | INFO    | src.training.finetune | STEP step=550 loss=0.3574 dt_sec=0.79 cum_wall_sec=49.1
20:48:46 | INFO    | src.training.finetune | STEP step=560 loss=0.3043 dt_sec=0.78 cum_wall_sec=49.9
20:48:47 | INFO    | src.training.finetune | STEP step=570 loss=0.2892 dt_sec=0.77 cum_wall_sec=50.7
20:48:48 | INFO    | src.training.finetune | STEP step=580 loss=0.2222 dt_sec=0.79 cum_wall_sec=51.5
20:48:48 | INFO    | src.training.finetune | STEP step=590 loss=0.2165 dt_sec=0.78 cum_wall_sec=52.2
20:48:49 | INFO    | src.training.finetune | STEP step=600 loss=0.3604 dt_sec=0.78 cum_wall_sec=53.0
20:48:53 | INFO    | src.training.finetune | STEP step=610 loss=0.1490 dt_sec=3.57 cum_wall_sec=56.6
20:48:53 | INFO    | src.training.finetune | STEP step=620 loss=0.3268 dt_sec=0.79 cum_wall_sec=57.4
20:48:54 | INFO    | src.training.finetune | STEP step=630 loss=0.2283 dt_sec=0.76 cum_wall_sec=58.1
20:48:55 | INFO    | src.training.finetune | STEP step=640 loss=0.1036 dt_sec=0.79 cum_wall_sec=58.9
20:48:56 | INFO    | src.training.finetune | STEP step=650 loss=0.2966 dt_sec=0.78 cum_wall_sec=59.7
20:48:57 | INFO    | src.training.finetune | STEP step=660 loss=0.1798 dt_sec=0.79 cum_wall_sec=60.5
20:48:57 | INFO    | src.training.finetune | STEP step=670 loss=0.1405 dt_sec=0.79 cum_wall_sec=61.3
20:48:58 | INFO    | src.training.finetune | STEP step=680 loss=0.2622 dt_sec=0.78 cum_wall_sec=62.1
20:48:59 | INFO    | src.training.finetune | STEP step=690 loss=0.2049 dt_sec=0.79 cum_wall_sec=62.9
20:49:00 | INFO    | src.training.finetune | STEP step=700 loss=0.2300 dt_sec=0.77 cum_wall_sec=63.6
20:49:01 | INFO    | src.training.finetune | STEP step=710 loss=0.4379 dt_sec=0.79 cum_wall_sec=64.4
20:49:01 | INFO    | src.training.finetune | STEP step=720 loss=0.5074 dt_sec=0.78 cum_wall_sec=65.2
20:49:02 | INFO    | src.training.finetune | STEP step=730 loss=0.5597 dt_sec=0.78 cum_wall_sec=66.0
20:49:03 | INFO    | src.training.finetune | STEP step=740 loss=0.2172 dt_sec=0.79 cum_wall_sec=66.8
20:49:04 | INFO    | src.training.finetune | STEP step=750 loss=0.1437 dt_sec=0.79 cum_wall_sec=67.6
20:49:04 | INFO    | src.training.finetune | STEP step=760 loss=0.2184 dt_sec=0.78 cum_wall_sec=68.3
20:49:05 | INFO    | src.training.finetune | STEP step=770 loss=0.2371 dt_sec=0.80 cum_wall_sec=69.1
20:49:06 | INFO    | src.training.finetune | STEP step=780 loss=0.1654 dt_sec=0.78 cum_wall_sec=69.9
20:49:07 | INFO    | src.training.finetune | STEP step=790 loss=0.1564 dt_sec=0.78 cum_wall_sec=70.7
20:49:08 | INFO    | src.training.finetune | STEP step=800 loss=0.1172 dt_sec=0.78 cum_wall_sec=71.5
20:49:13 | INFO    | src.training.finetune | STEP step=810 loss=0.2743 dt_sec=5.43 cum_wall_sec=76.9
20:49:14 | INFO    | src.training.finetune | STEP step=820 loss=0.1139 dt_sec=0.78 cum_wall_sec=77.7
20:49:15 | INFO    | src.training.finetune | STEP step=830 loss=0.1675 dt_sec=0.79 cum_wall_sec=78.5
20:49:15 | INFO    | src.training.finetune | STEP step=840 loss=0.1180 dt_sec=0.78 cum_wall_sec=79.3
20:49:16 | INFO    | src.training.finetune | STEP step=850 loss=0.1723 dt_sec=0.78 cum_wall_sec=80.1
20:49:17 | INFO    | src.training.finetune | STEP step=860 loss=0.1204 dt_sec=0.78 cum_wall_sec=80.8
20:49:18 | INFO    | src.training.finetune | STEP step=870 loss=0.1238 dt_sec=0.79 cum_wall_sec=81.6
20:49:19 | INFO    | src.training.finetune | STEP step=880 loss=0.2111 dt_sec=0.78 cum_wall_sec=82.4
20:49:19 | INFO    | src.training.finetune | STEP step=890 loss=0.1099 dt_sec=0.79 cum_wall_sec=83.2
20:49:20 | INFO    | src.training.finetune | STEP step=900 loss=0.1069 dt_sec=0.78 cum_wall_sec=84.0
20:49:21 | INFO    | src.training.finetune | STEP step=910 loss=0.1054 dt_sec=0.77 cum_wall_sec=84.7
20:49:22 | INFO    | src.training.finetune | STEP step=920 loss=0.0645 dt_sec=0.79 cum_wall_sec=85.5
20:49:22 | INFO    | src.training.finetune | STEP step=930 loss=0.2003 dt_sec=0.78 cum_wall_sec=86.3
20:49:23 | INFO    | src.training.finetune | STEP step=940 loss=0.1923 dt_sec=0.80 cum_wall_sec=87.1
20:49:24 | INFO    | src.training.finetune | STEP step=950 loss=0.1717 dt_sec=0.78 cum_wall_sec=87.9
20:49:25 | INFO    | src.training.finetune | STEP step=960 loss=0.1218 dt_sec=0.79 cum_wall_sec=88.7
20:49:26 | INFO    | src.training.finetune | STEP step=970 loss=0.0195 dt_sec=0.79 cum_wall_sec=89.5
20:49:26 | INFO    | src.training.finetune | STEP step=980 loss=0.0945 dt_sec=0.78 cum_wall_sec=90.2
20:49:27 | INFO    | src.training.finetune | STEP step=990 loss=0.2215 dt_sec=0.78 cum_wall_sec=91.0
20:49:28 | INFO    | src.training.finetune | STEP step=1000 loss=0.1169 dt_sec=0.79 cum_wall_sec=91.8
20:49:32 | INFO    | src.training.finetune | STEP step=1010 loss=0.0401 dt_sec=3.81 cum_wall_sec=95.6
20:49:33 | INFO    | src.training.finetune | STEP step=1020 loss=0.2195 dt_sec=0.77 cum_wall_sec=96.4
20:49:33 | INFO    | src.training.finetune | STEP step=1030 loss=0.2577 dt_sec=0.79 cum_wall_sec=97.2
20:49:34 | INFO    | src.training.finetune | STEP step=1040 loss=0.1612 dt_sec=0.78 cum_wall_sec=98.0
20:49:35 | INFO    | src.training.finetune | STEP step=1050 loss=0.0859 dt_sec=0.79 cum_wall_sec=98.8
20:49:36 | INFO    | src.training.finetune | STEP step=1060 loss=0.0676 dt_sec=0.79 cum_wall_sec=99.5
20:49:36 | INFO    | src.training.finetune | STEP step=1070 loss=0.1607 dt_sec=0.79 cum_wall_sec=100.3
20:49:37 | INFO    | src.training.finetune | STEP step=1080 loss=0.0323 dt_sec=0.78 cum_wall_sec=101.1
20:49:38 | INFO    | src.training.finetune | STEP step=1090 loss=0.0952 dt_sec=0.79 cum_wall_sec=101.9
20:49:39 | INFO    | src.training.finetune | STEP step=1100 loss=0.0366 dt_sec=0.79 cum_wall_sec=102.7
20:49:40 | INFO    | src.training.finetune | STEP step=1110 loss=0.0616 dt_sec=0.79 cum_wall_sec=103.5
20:49:40 | INFO    | src.training.finetune | STEP step=1120 loss=0.1489 dt_sec=0.78 cum_wall_sec=104.3
20:49:41 | INFO    | src.training.finetune | STEP step=1130 loss=0.0931 dt_sec=0.77 cum_wall_sec=105.0
20:49:42 | INFO    | src.training.finetune | STEP step=1140 loss=0.1235 dt_sec=0.77 cum_wall_sec=105.8
20:49:43 | INFO    | src.training.finetune | STEP step=1150 loss=0.0264 dt_sec=0.78 cum_wall_sec=106.6
20:49:43 | INFO    | src.training.finetune | STEP step=1160 loss=0.0274 dt_sec=0.77 cum_wall_sec=107.4
20:49:44 | INFO    | src.training.finetune | STEP step=1170 loss=0.0564 dt_sec=0.78 cum_wall_sec=108.1
20:49:45 | INFO    | src.training.finetune | STEP step=1180 loss=0.1714 dt_sec=0.78 cum_wall_sec=108.9
20:49:46 | INFO    | src.training.finetune | STEP step=1190 loss=0.0587 dt_sec=0.79 cum_wall_sec=109.7
20:49:47 | INFO    | src.training.finetune | STEP step=1200 loss=0.1510 dt_sec=0.77 cum_wall_sec=110.5
20:49:50 | INFO    | src.training.finetune | STEP step=1210 loss=0.1218 dt_sec=3.73 cum_wall_sec=114.2
20:49:51 | INFO    | src.training.finetune | STEP step=1220 loss=0.1006 dt_sec=0.77 cum_wall_sec=115.0
20:49:52 | INFO    | src.training.finetune | STEP step=1230 loss=0.0736 dt_sec=0.76 cum_wall_sec=115.7
20:49:53 | INFO    | src.training.finetune | STEP step=1240 loss=0.0501 dt_sec=0.76 cum_wall_sec=116.5
20:49:53 | INFO    | src.training.finetune | STEP step=1250 loss=0.0613 dt_sec=0.77 cum_wall_sec=117.3
20:49:54 | INFO    | src.training.finetune | STEP step=1260 loss=0.1381 dt_sec=0.76 cum_wall_sec=118.0
20:49:55 | INFO    | src.training.finetune | STEP step=1270 loss=0.0924 dt_sec=0.77 cum_wall_sec=118.8
20:49:56 | INFO    | src.training.finetune | STEP step=1280 loss=0.0404 dt_sec=0.76 cum_wall_sec=119.6
20:49:56 | INFO    | src.training.finetune | STEP step=1290 loss=0.0374 dt_sec=0.76 cum_wall_sec=120.3
20:49:57 | INFO    | src.training.finetune | STEP step=1300 loss=0.0540 dt_sec=0.75 cum_wall_sec=121.1
20:49:58 | INFO    | src.training.finetune | STEP step=1310 loss=0.0821 dt_sec=0.77 cum_wall_sec=121.8
20:49:59 | INFO    | src.training.finetune | STEP step=1320 loss=0.1476 dt_sec=0.77 cum_wall_sec=122.6
20:49:59 | INFO    | src.training.finetune | STEP step=1330 loss=0.0832 dt_sec=0.77 cum_wall_sec=123.4
20:50:00 | INFO    | src.training.finetune | STEP step=1340 loss=0.0472 dt_sec=0.76 cum_wall_sec=124.1
20:50:01 | INFO    | src.training.finetune | STEP step=1350 loss=0.1881 dt_sec=0.79 cum_wall_sec=124.9
20:50:02 | INFO    | src.training.finetune | STEP step=1360 loss=0.0413 dt_sec=0.78 cum_wall_sec=125.7
20:50:03 | INFO    | src.training.finetune | STEP step=1370 loss=0.0459 dt_sec=0.80 cum_wall_sec=126.5
20:50:03 | INFO    | src.training.finetune | STEP step=1380 loss=0.1046 dt_sec=0.78 cum_wall_sec=127.3
20:50:04 | INFO    | src.training.finetune | STEP step=1390 loss=0.0375 dt_sec=0.77 cum_wall_sec=128.1
20:50:05 | INFO    | src.training.finetune | STEP step=1400 loss=0.1084 dt_sec=0.80 cum_wall_sec=128.9
20:50:09 | INFO    | src.training.finetune | STEP step=1410 loss=0.0549 dt_sec=3.74 cum_wall_sec=132.6
20:50:09 | INFO    | src.training.finetune | STEP step=1420 loss=0.1025 dt_sec=0.79 cum_wall_sec=133.4
20:50:10 | INFO    | src.training.finetune | STEP step=1430 loss=0.0462 dt_sec=0.78 cum_wall_sec=134.2
20:50:11 | INFO    | src.training.finetune | STEP step=1440 loss=0.0532 dt_sec=0.78 cum_wall_sec=134.9
20:50:12 | INFO    | src.training.finetune | STEP step=1450 loss=0.0872 dt_sec=0.77 cum_wall_sec=135.7
20:50:13 | INFO    | src.training.finetune | STEP step=1460 loss=0.0725 dt_sec=0.78 cum_wall_sec=136.5
20:50:13 | INFO    | src.training.finetune | STEP step=1470 loss=0.0815 dt_sec=0.79 cum_wall_sec=137.3
20:50:14 | INFO    | src.training.finetune | STEP step=1480 loss=0.0746 dt_sec=0.79 cum_wall_sec=138.1
20:50:15 | INFO    | src.training.finetune | STEP step=1490 loss=0.0008 dt_sec=0.79 cum_wall_sec=138.9
20:50:16 | INFO    | src.training.finetune | STEP step=1500 loss=0.0186 dt_sec=0.78 cum_wall_sec=139.6
20:50:17 | INFO    | src.training.finetune | STEP step=1510 loss=0.0367 dt_sec=0.79 cum_wall_sec=140.4
20:50:17 | INFO    | src.training.finetune | STEP step=1520 loss=0.1029 dt_sec=0.78 cum_wall_sec=141.2
20:50:18 | INFO    | src.training.finetune | STEP step=1530 loss=0.0269 dt_sec=0.80 cum_wall_sec=142.0
20:50:19 | INFO    | src.training.finetune | STEP step=1540 loss=0.0003 dt_sec=0.78 cum_wall_sec=142.8
20:50:20 | INFO    | src.training.finetune | STEP step=1550 loss=0.0421 dt_sec=0.80 cum_wall_sec=143.6
20:50:20 | INFO    | src.training.finetune | STEP step=1560 loss=0.0299 dt_sec=0.78 cum_wall_sec=144.4
20:50:21 | INFO    | src.training.finetune | STEP step=1570 loss=0.0497 dt_sec=0.80 cum_wall_sec=145.2
20:50:22 | INFO    | src.training.finetune | STEP step=1580 loss=0.0929 dt_sec=0.80 cum_wall_sec=146.0
20:50:23 | INFO    | src.training.finetune | STEP step=1590 loss=0.0484 dt_sec=0.79 cum_wall_sec=146.8
20:50:24 | INFO    | src.training.finetune | STEP step=1600 loss=0.0015 dt_sec=0.79 cum_wall_sec=147.5
20:50:27 | INFO    | src.training.finetune | STEP step=1610 loss=0.1104 dt_sec=3.77 cum_wall_sec=151.3
20:50:28 | INFO    | src.training.finetune | STEP step=1620 loss=0.0555 dt_sec=0.79 cum_wall_sec=152.1
20:50:29 | INFO    | src.training.finetune | STEP step=1630 loss=0.0267 dt_sec=0.79 cum_wall_sec=152.9
20:50:30 | INFO    | src.training.finetune | STEP step=1640 loss=0.0262 dt_sec=0.78 cum_wall_sec=153.7
20:50:31 | INFO    | src.training.finetune | STEP step=1650 loss=0.0239 dt_sec=0.78 cum_wall_sec=154.4
20:50:31 | INFO    | src.training.finetune | STEP step=1660 loss=0.0429 dt_sec=0.79 cum_wall_sec=155.2
20:50:32 | INFO    | src.training.finetune | STEP step=1670 loss=0.1064 dt_sec=0.78 cum_wall_sec=156.0
20:50:33 | INFO    | src.training.finetune | STEP step=1680 loss=0.0368 dt_sec=0.76 cum_wall_sec=156.8
20:50:34 | INFO    | src.training.finetune | STEP step=1690 loss=0.0050 dt_sec=0.76 cum_wall_sec=157.5
20:50:34 | INFO    | src.training.finetune | STEP step=1700 loss=0.1081 dt_sec=0.77 cum_wall_sec=158.3
20:50:35 | INFO    | src.training.finetune | STEP step=1710 loss=0.0376 dt_sec=0.76 cum_wall_sec=159.1
20:50:36 | INFO    | src.training.finetune | STEP step=1720 loss=0.0188 dt_sec=0.75 cum_wall_sec=159.8
20:50:37 | INFO    | src.training.finetune | STEP step=1730 loss=0.0307 dt_sec=0.77 cum_wall_sec=160.6
20:50:37 | INFO    | src.training.finetune | STEP step=1740 loss=0.0548 dt_sec=0.75 cum_wall_sec=161.3
20:50:38 | INFO    | src.training.finetune | STEP step=1750 loss=0.0003 dt_sec=0.77 cum_wall_sec=162.1
20:50:39 | INFO    | src.training.finetune | STEP step=1760 loss=0.0003 dt_sec=0.76 cum_wall_sec=162.9
20:50:40 | INFO    | src.training.finetune | STEP step=1770 loss=0.0442 dt_sec=0.76 cum_wall_sec=163.6
20:50:41 | INFO    | src.training.finetune | STEP step=1780 loss=0.0571 dt_sec=0.76 cum_wall_sec=164.4
20:50:41 | INFO    | src.training.finetune | STEP step=1790 loss=0.0182 dt_sec=0.78 cum_wall_sec=165.2
20:50:42 | INFO    | src.training.finetune | STEP step=1800 loss=0.0274 dt_sec=0.76 cum_wall_sec=165.9
20:50:46 | INFO    | src.training.finetune | STEP step=1810 loss=0.0775 dt_sec=3.89 cum_wall_sec=169.8
20:50:47 | INFO    | src.training.finetune | STEP step=1820 loss=0.0032 dt_sec=0.77 cum_wall_sec=170.6
20:50:47 | INFO    | src.training.finetune | STEP step=1830 loss=0.0555 dt_sec=0.76 cum_wall_sec=171.3
20:50:48 | INFO    | src.training.finetune | STEP step=1840 loss=0.0487 dt_sec=0.77 cum_wall_sec=172.1
20:50:49 | INFO    | src.training.finetune | STEP step=1850 loss=0.0492 dt_sec=0.76 cum_wall_sec=172.9
20:50:50 | INFO    | src.training.finetune | STEP step=1860 loss=0.0094 dt_sec=0.76 cum_wall_sec=173.6
20:50:51 | INFO    | src.training.finetune | STEP step=1870 loss=0.0286 dt_sec=0.77 cum_wall_sec=174.4
20:50:51 | INFO    | src.training.finetune | STEP step=1880 loss=0.0019 dt_sec=0.76 cum_wall_sec=175.2
20:50:52 | INFO    | src.training.finetune | STEP step=1890 loss=0.0471 dt_sec=0.76 cum_wall_sec=175.9
20:50:53 | INFO    | src.training.finetune | STEP step=1900 loss=0.0557 dt_sec=0.78 cum_wall_sec=176.7
20:50:54 | INFO    | src.training.finetune | STEP step=1910 loss=0.0200 dt_sec=0.77 cum_wall_sec=177.5
20:50:54 | INFO    | src.training.finetune | STEP step=1920 loss=0.0878 dt_sec=0.76 cum_wall_sec=178.2
20:50:55 | INFO    | src.training.finetune | STEP step=1930 loss=0.0002 dt_sec=0.76 cum_wall_sec=179.0
20:50:56 | INFO    | src.training.finetune | STEP step=1940 loss=0.0530 dt_sec=0.77 cum_wall_sec=179.7
20:50:57 | INFO    | src.training.finetune | STEP step=1950 loss=0.0258 dt_sec=0.77 cum_wall_sec=180.5
20:50:57 | INFO    | src.training.finetune | STEP step=1960 loss=0.0288 dt_sec=0.75 cum_wall_sec=181.3
20:50:58 | INFO    | src.training.finetune | STEP step=1970 loss=0.0283 dt_sec=0.77 cum_wall_sec=182.0
20:50:59 | INFO    | src.training.finetune | STEP step=1980 loss=0.0581 dt_sec=0.77 cum_wall_sec=182.8
20:51:00 | INFO    | src.training.finetune | STEP step=1990 loss=0.0044 dt_sec=0.77 cum_wall_sec=183.6
20:51:00 | INFO    | src.training.finetune | STEP step=2000 loss=0.0582 dt_sec=0.77 cum_wall_sec=184.4
20:51:04 | INFO    | src.training.finetune | STAGE=azerbaijani end ts=2026-09-08T20:51:04.148507+00:00 runtime_sec=190.3
20:51:05 | INFO    | src.training.finetune | Best checkpoint restored and verified: step 1800, val macro-F1 = 0.6926
