00:26:24 | INFO    | src.training.finetune | STAGE=turkish_intermediate cache_hit=true ts=2026-09-09T00:26:24.891271+00:00 path=artifacts/tr_stage_cache/base=xlm15__tok=original__tr=real__seed=2024__3c07367b7ef3f521
00:26:24 | INFO    | src.training.finetune |   [AZ mərhələsi] 500 nümunə | 2 sinif | init=TR checkpoint
00:26:24 | INFO    | src.training.finetune | Task head reset: modules=['sequence_summary'] params=2050 (encoder='transformer' untouched)
00:26:24 | INFO    | src.training.finetune | STAGE=azerbaijani start ts=2026-09-09T00:26:24.977840+00:00 n=500 n_classes=2
00:26:27 | INFO    | src.training.finetune | STEP step=10 loss=1.2997 dt_sec=0.89 cum_wall_sec=0.9
00:26:28 | INFO    | src.training.finetune | STEP step=20 loss=1.0555 dt_sec=0.82 cum_wall_sec=1.7
00:26:29 | INFO    | src.training.finetune | STEP step=30 loss=1.0419 dt_sec=0.83 cum_wall_sec=2.5
00:26:30 | INFO    | src.training.finetune | STEP step=40 loss=0.9914 dt_sec=0.83 cum_wall_sec=3.4
00:26:31 | INFO    | src.training.finetune | STEP step=50 loss=1.0333 dt_sec=0.81 cum_wall_sec=4.2
00:26:32 | INFO    | src.training.finetune | STEP step=60 loss=0.9880 dt_sec=0.82 cum_wall_sec=5.0
00:26:32 | INFO    | src.training.finetune | STEP step=70 loss=0.9895 dt_sec=0.82 cum_wall_sec=5.8
00:26:33 | INFO    | src.training.finetune | STEP step=80 loss=1.0027 dt_sec=0.82 cum_wall_sec=6.6
00:26:34 | INFO    | src.training.finetune | STEP step=90 loss=1.0356 dt_sec=0.83 cum_wall_sec=7.5
00:26:35 | INFO    | src.training.finetune | STEP step=100 loss=1.1063 dt_sec=0.81 cum_wall_sec=8.3
00:26:36 | INFO    | src.training.finetune | STEP step=110 loss=1.0319 dt_sec=0.83 cum_wall_sec=9.1
00:26:36 | INFO    | src.training.finetune | STEP step=120 loss=0.9768 dt_sec=0.82 cum_wall_sec=9.9
00:26:37 | INFO    | src.training.finetune | STEP step=130 loss=1.0524 dt_sec=0.82 cum_wall_sec=10.8
00:26:38 | INFO    | src.training.finetune | STEP step=140 loss=1.0241 dt_sec=0.83 cum_wall_sec=11.6
00:26:39 | INFO    | src.training.finetune | STEP step=150 loss=1.0464 dt_sec=0.82 cum_wall_sec=12.4
00:26:40 | INFO    | src.training.finetune | STEP step=160 loss=0.9941 dt_sec=0.82 cum_wall_sec=13.2
00:26:41 | INFO    | src.training.finetune | STEP step=170 loss=0.9611 dt_sec=0.83 cum_wall_sec=14.0
00:26:41 | INFO    | src.training.finetune | STEP step=180 loss=0.9886 dt_sec=0.83 cum_wall_sec=14.9
00:26:42 | INFO    | src.training.finetune | STEP step=190 loss=0.9669 dt_sec=0.83 cum_wall_sec=15.7
00:26:43 | INFO    | src.training.finetune | STEP step=200 loss=0.9078 dt_sec=0.82 cum_wall_sec=16.5
00:26:47 | INFO    | src.training.finetune | STEP step=210 loss=0.9569 dt_sec=3.69 cum_wall_sec=20.2
00:26:48 | INFO    | src.training.finetune | STEP step=220 loss=1.0644 dt_sec=0.82 cum_wall_sec=21.0
00:26:48 | INFO    | src.training.finetune | STEP step=230 loss=0.9070 dt_sec=0.84 cum_wall_sec=21.9
00:26:49 | INFO    | src.training.finetune | STEP step=240 loss=0.9741 dt_sec=0.82 cum_wall_sec=22.7
00:26:50 | INFO    | src.training.finetune | STEP step=250 loss=1.0345 dt_sec=0.83 cum_wall_sec=23.5
00:26:51 | INFO    | src.training.finetune | STEP step=260 loss=0.9768 dt_sec=0.81 cum_wall_sec=24.3
00:26:52 | INFO    | src.training.finetune | STEP step=270 loss=0.8911 dt_sec=0.83 cum_wall_sec=25.2
00:26:53 | INFO    | src.training.finetune | STEP step=280 loss=1.0513 dt_sec=0.81 cum_wall_sec=26.0
00:26:53 | INFO    | src.training.finetune | STEP step=290 loss=1.0187 dt_sec=0.83 cum_wall_sec=26.8
00:26:54 | INFO    | src.training.finetune | STEP step=300 loss=0.8951 dt_sec=0.84 cum_wall_sec=27.6
00:26:55 | INFO    | src.training.finetune | STEP step=310 loss=0.7580 dt_sec=0.83 cum_wall_sec=28.5
00:26:56 | INFO    | src.training.finetune | STEP step=320 loss=0.9656 dt_sec=0.81 cum_wall_sec=29.3
00:26:57 | INFO    | src.training.finetune | STEP step=330 loss=1.0081 dt_sec=0.82 cum_wall_sec=30.1
00:26:57 | INFO    | src.training.finetune | STEP step=340 loss=0.9330 dt_sec=0.83 cum_wall_sec=30.9
00:26:58 | INFO    | src.training.finetune | STEP step=350 loss=0.8857 dt_sec=0.82 cum_wall_sec=31.7
00:26:59 | INFO    | src.training.finetune | STEP step=360 loss=0.8748 dt_sec=0.82 cum_wall_sec=32.6
00:27:00 | INFO    | src.training.finetune | STEP step=370 loss=0.8064 dt_sec=0.82 cum_wall_sec=33.4
00:27:01 | INFO    | src.training.finetune | STEP step=380 loss=0.8644 dt_sec=0.82 cum_wall_sec=34.2
00:27:02 | INFO    | src.training.finetune | STEP step=390 loss=0.8703 dt_sec=0.82 cum_wall_sec=35.0
00:27:02 | INFO    | src.training.finetune | STEP step=400 loss=0.7938 dt_sec=0.82 cum_wall_sec=35.8
00:27:06 | INFO    | src.training.finetune | STEP step=410 loss=0.8182 dt_sec=3.62 cum_wall_sec=39.5
00:27:07 | INFO    | src.training.finetune | STEP step=420 loss=0.8465 dt_sec=0.83 cum_wall_sec=40.3
00:27:08 | INFO    | src.training.finetune | STEP step=430 loss=0.8162 dt_sec=0.83 cum_wall_sec=41.1
00:27:09 | INFO    | src.training.finetune | STEP step=440 loss=0.9226 dt_sec=0.83 cum_wall_sec=42.0
00:27:09 | INFO    | src.training.finetune | STEP step=450 loss=0.8287 dt_sec=0.82 cum_wall_sec=42.8
00:27:10 | INFO    | src.training.finetune | STEP step=460 loss=0.8113 dt_sec=0.83 cum_wall_sec=43.6
00:27:11 | INFO    | src.training.finetune | STEP step=470 loss=0.8854 dt_sec=0.83 cum_wall_sec=44.4
00:27:12 | INFO    | src.training.finetune | STEP step=480 loss=0.8899 dt_sec=0.82 cum_wall_sec=45.3
00:27:13 | INFO    | src.training.finetune | STEP step=490 loss=0.8235 dt_sec=0.83 cum_wall_sec=46.1
00:27:13 | INFO    | src.training.finetune | STEP step=500 loss=0.7842 dt_sec=0.81 cum_wall_sec=46.9
00:27:14 | INFO    | src.training.finetune | STEP step=510 loss=0.8656 dt_sec=0.82 cum_wall_sec=47.7
00:27:15 | INFO    | src.training.finetune | STEP step=520 loss=0.7677 dt_sec=0.83 cum_wall_sec=48.6
00:27:16 | INFO    | src.training.finetune | STEP step=530 loss=0.7523 dt_sec=0.82 cum_wall_sec=49.4
00:27:17 | INFO    | src.training.finetune | STEP step=540 loss=0.7822 dt_sec=0.83 cum_wall_sec=50.2
00:27:18 | INFO    | src.training.finetune | STEP step=550 loss=0.7651 dt_sec=0.82 cum_wall_sec=51.0
00:27:18 | INFO    | src.training.finetune | STEP step=560 loss=0.7905 dt_sec=0.82 cum_wall_sec=51.8
00:27:19 | INFO    | src.training.finetune | STEP step=570 loss=0.8181 dt_sec=0.84 cum_wall_sec=52.7
00:27:20 | INFO    | src.training.finetune | STEP step=580 loss=0.7489 dt_sec=0.82 cum_wall_sec=53.5
00:27:21 | INFO    | src.training.finetune | STEP step=590 loss=0.8260 dt_sec=0.83 cum_wall_sec=54.3
00:27:22 | INFO    | src.training.finetune | STEP step=600 loss=0.7942 dt_sec=0.82 cum_wall_sec=55.1
00:27:25 | INFO    | src.training.finetune | STEP step=610 loss=0.7476 dt_sec=3.80 cum_wall_sec=58.9
00:27:26 | INFO    | src.training.finetune | STEP step=620 loss=0.7567 dt_sec=0.83 cum_wall_sec=59.8
00:27:27 | INFO    | src.training.finetune | STEP step=630 loss=0.7824 dt_sec=0.82 cum_wall_sec=60.6
00:27:28 | INFO    | src.training.finetune | STEP step=640 loss=0.7474 dt_sec=0.82 cum_wall_sec=61.4
00:27:29 | INFO    | src.training.finetune | STEP step=650 loss=0.7855 dt_sec=0.82 cum_wall_sec=62.2
00:27:30 | INFO    | src.training.finetune | STEP step=660 loss=0.7541 dt_sec=0.83 cum_wall_sec=63.1
00:27:30 | INFO    | src.training.finetune | STEP step=670 loss=0.7481 dt_sec=0.83 cum_wall_sec=63.9
00:27:31 | INFO    | src.training.finetune | STEP step=680 loss=0.7850 dt_sec=0.83 cum_wall_sec=64.7
00:27:32 | INFO    | src.training.finetune | STEP step=690 loss=0.8043 dt_sec=0.82 cum_wall_sec=65.5
00:27:33 | INFO    | src.training.finetune | STEP step=700 loss=0.7539 dt_sec=0.83 cum_wall_sec=66.4
00:27:34 | INFO    | src.training.finetune | STEP step=710 loss=0.7275 dt_sec=0.82 cum_wall_sec=67.2
00:27:35 | INFO    | src.training.finetune | STEP step=720 loss=0.7701 dt_sec=0.82 cum_wall_sec=68.0
00:27:35 | INFO    | src.training.finetune | STEP step=730 loss=0.7499 dt_sec=0.83 cum_wall_sec=68.8
00:27:36 | INFO    | src.training.finetune | STEP step=740 loss=0.7892 dt_sec=0.82 cum_wall_sec=69.7
00:27:37 | INFO    | src.training.finetune | STEP step=750 loss=0.7579 dt_sec=0.82 cum_wall_sec=70.5
00:27:38 | INFO    | src.training.finetune | STEP step=760 loss=0.7543 dt_sec=0.82 cum_wall_sec=71.3
00:27:39 | INFO    | src.training.finetune | STEP step=770 loss=0.7505 dt_sec=0.82 cum_wall_sec=72.1
00:27:39 | INFO    | src.training.finetune | STEP step=780 loss=0.7401 dt_sec=0.82 cum_wall_sec=72.9
00:27:40 | INFO    | src.training.finetune | STEP step=790 loss=0.7385 dt_sec=0.81 cum_wall_sec=73.8
00:27:41 | INFO    | src.training.finetune | STEP step=800 loss=0.7725 dt_sec=0.82 cum_wall_sec=74.6
00:27:45 | INFO    | src.training.finetune | STEP step=810 loss=0.7302 dt_sec=3.76 cum_wall_sec=78.3
00:27:46 | INFO    | src.training.finetune | STEP step=820 loss=0.7091 dt_sec=0.82 cum_wall_sec=79.2
00:27:47 | INFO    | src.training.finetune | STEP step=830 loss=0.7865 dt_sec=0.82 cum_wall_sec=80.0
00:27:47 | INFO    | src.training.finetune | STEP step=840 loss=0.7388 dt_sec=0.82 cum_wall_sec=80.8
00:27:48 | INFO    | src.training.finetune | STEP step=850 loss=0.7891 dt_sec=0.82 cum_wall_sec=81.6
00:27:49 | INFO    | src.training.finetune | STEP step=860 loss=0.7434 dt_sec=0.83 cum_wall_sec=82.4
00:27:50 | INFO    | src.training.finetune | STEP step=870 loss=0.7565 dt_sec=0.82 cum_wall_sec=83.3
00:27:51 | INFO    | src.training.finetune | STEP step=880 loss=0.7346 dt_sec=0.81 cum_wall_sec=84.1
00:27:51 | INFO    | src.training.finetune | STEP step=890 loss=0.7393 dt_sec=0.83 cum_wall_sec=84.9
00:27:52 | INFO    | src.training.finetune | STEP step=900 loss=0.7263 dt_sec=0.81 cum_wall_sec=85.7
00:27:53 | INFO    | src.training.finetune | STEP step=910 loss=0.7179 dt_sec=0.83 cum_wall_sec=86.5
00:27:54 | INFO    | src.training.finetune | STEP step=920 loss=0.7460 dt_sec=0.81 cum_wall_sec=87.4
00:27:55 | INFO    | src.training.finetune | STEP step=930 loss=0.7098 dt_sec=0.83 cum_wall_sec=88.2
00:27:56 | INFO    | src.training.finetune | STEP step=940 loss=0.7301 dt_sec=0.82 cum_wall_sec=89.0
00:27:56 | INFO    | src.training.finetune | STEP step=950 loss=0.7235 dt_sec=0.81 cum_wall_sec=89.8
00:27:57 | INFO    | src.training.finetune | STEP step=960 loss=0.7280 dt_sec=0.82 cum_wall_sec=90.6
00:27:58 | INFO    | src.training.finetune | STEP step=970 loss=0.7548 dt_sec=0.83 cum_wall_sec=91.5
00:27:59 | INFO    | src.training.finetune | STEP step=980 loss=0.7562 dt_sec=0.81 cum_wall_sec=92.3
00:28:00 | INFO    | src.training.finetune | STEP step=990 loss=0.7298 dt_sec=0.83 cum_wall_sec=93.1
00:28:00 | INFO    | src.training.finetune | STEP step=1000 loss=0.7255 dt_sec=0.82 cum_wall_sec=93.9
00:28:04 | INFO    | src.training.finetune | STEP step=1010 loss=0.7476 dt_sec=3.78 cum_wall_sec=97.7
00:28:05 | INFO    | src.training.finetune | STEP step=1020 loss=0.7312 dt_sec=0.82 cum_wall_sec=98.5
00:28:06 | INFO    | src.training.finetune | STEP step=1030 loss=0.7421 dt_sec=0.81 cum_wall_sec=99.3
00:28:07 | INFO    | src.training.finetune | STEP step=1040 loss=0.7420 dt_sec=0.82 cum_wall_sec=100.2
00:28:08 | INFO    | src.training.finetune | STEP step=1050 loss=0.7224 dt_sec=0.82 cum_wall_sec=101.0
00:28:08 | INFO    | src.training.finetune | STEP step=1060 loss=0.7107 dt_sec=0.82 cum_wall_sec=101.8
00:28:09 | INFO    | src.training.finetune | STEP step=1070 loss=0.7359 dt_sec=0.82 cum_wall_sec=102.6
00:28:10 | INFO    | src.training.finetune | STEP step=1080 loss=0.7240 dt_sec=0.83 cum_wall_sec=103.4
00:28:11 | INFO    | src.training.finetune | STEP step=1090 loss=0.7106 dt_sec=0.83 cum_wall_sec=104.3
00:28:12 | INFO    | src.training.finetune | STEP step=1100 loss=0.7112 dt_sec=0.82 cum_wall_sec=105.1
00:28:12 | INFO    | src.training.finetune | STEP step=1110 loss=0.6891 dt_sec=0.82 cum_wall_sec=105.9
00:28:13 | INFO    | src.training.finetune | STEP step=1120 loss=0.7167 dt_sec=0.82 cum_wall_sec=106.7
00:28:14 | INFO    | src.training.finetune | STEP step=1130 loss=0.7235 dt_sec=0.83 cum_wall_sec=107.6
00:28:15 | INFO    | src.training.finetune | STEP step=1140 loss=0.7300 dt_sec=0.82 cum_wall_sec=108.4
00:28:16 | INFO    | src.training.finetune | STEP step=1150 loss=0.7165 dt_sec=0.81 cum_wall_sec=109.2
00:28:17 | INFO    | src.training.finetune | STEP step=1160 loss=0.7571 dt_sec=0.81 cum_wall_sec=110.0
00:28:17 | INFO    | src.training.finetune | STEP step=1170 loss=0.7284 dt_sec=0.84 cum_wall_sec=110.8
00:28:18 | INFO    | src.training.finetune | STEP step=1180 loss=0.7285 dt_sec=0.83 cum_wall_sec=111.7
00:28:19 | INFO    | src.training.finetune | STEP step=1190 loss=0.7325 dt_sec=0.81 cum_wall_sec=112.5
00:28:20 | INFO    | src.training.finetune | STEP step=1200 loss=0.7414 dt_sec=0.83 cum_wall_sec=113.3
00:28:24 | INFO    | src.training.finetune | STEP step=1210 loss=0.7249 dt_sec=3.78 cum_wall_sec=117.1
00:28:24 | INFO    | src.training.finetune | STEP step=1220 loss=0.7212 dt_sec=0.83 cum_wall_sec=117.9
00:28:25 | INFO    | src.training.finetune | STEP step=1230 loss=0.7189 dt_sec=0.83 cum_wall_sec=118.7
00:28:26 | INFO    | src.training.finetune | STEP step=1240 loss=0.7437 dt_sec=0.83 cum_wall_sec=119.6
00:28:27 | INFO    | src.training.finetune | STEP step=1250 loss=0.7481 dt_sec=0.82 cum_wall_sec=120.4
00:28:28 | INFO    | src.training.finetune | STEP step=1260 loss=0.7146 dt_sec=0.83 cum_wall_sec=121.2
00:28:29 | INFO    | src.training.finetune | STEP step=1270 loss=0.7265 dt_sec=0.83 cum_wall_sec=122.1
00:28:29 | INFO    | src.training.finetune | STEP step=1280 loss=0.7293 dt_sec=0.83 cum_wall_sec=122.9
00:28:30 | INFO    | src.training.finetune | STEP step=1290 loss=0.7149 dt_sec=0.83 cum_wall_sec=123.7
00:28:31 | INFO    | src.training.finetune | STEP step=1300 loss=0.7329 dt_sec=0.83 cum_wall_sec=124.5
00:28:32 | INFO    | src.training.finetune | STEP step=1310 loss=0.7091 dt_sec=0.83 cum_wall_sec=125.4
00:28:33 | INFO    | src.training.finetune | STEP step=1320 loss=0.7098 dt_sec=0.83 cum_wall_sec=126.2
00:28:34 | INFO    | src.training.finetune | STEP step=1330 loss=0.7158 dt_sec=0.82 cum_wall_sec=127.0
00:28:34 | INFO    | src.training.finetune | STEP step=1340 loss=0.7339 dt_sec=0.83 cum_wall_sec=127.9
00:28:35 | INFO    | src.training.finetune | STEP step=1350 loss=0.6972 dt_sec=0.83 cum_wall_sec=128.7
00:28:36 | INFO    | src.training.finetune | STEP step=1360 loss=0.7223 dt_sec=0.83 cum_wall_sec=129.5
00:28:37 | INFO    | src.training.finetune | STEP step=1370 loss=0.7175 dt_sec=0.83 cum_wall_sec=130.3
00:28:38 | INFO    | src.training.finetune | STEP step=1380 loss=0.7167 dt_sec=0.83 cum_wall_sec=131.2
00:28:39 | INFO    | src.training.finetune | STEP step=1390 loss=0.7240 dt_sec=0.82 cum_wall_sec=132.0
00:28:39 | INFO    | src.training.finetune | STEP step=1400 loss=0.7135 dt_sec=0.82 cum_wall_sec=132.8
00:28:43 | INFO    | src.training.finetune | STEP step=1410 loss=0.7211 dt_sec=3.81 cum_wall_sec=136.6
00:28:44 | INFO    | src.training.finetune | STEP step=1420 loss=0.7523 dt_sec=0.84 cum_wall_sec=137.5
00:28:45 | INFO    | src.training.finetune | STEP step=1430 loss=0.7117 dt_sec=0.81 cum_wall_sec=138.3
00:28:46 | INFO    | src.training.finetune | STEP step=1440 loss=0.7409 dt_sec=0.83 cum_wall_sec=139.1
00:28:46 | INFO    | src.training.finetune | STEP step=1450 loss=0.7147 dt_sec=0.84 cum_wall_sec=139.9
00:28:47 | INFO    | src.training.finetune | STEP step=1460 loss=0.7021 dt_sec=0.82 cum_wall_sec=140.7
00:28:48 | INFO    | src.training.finetune | STEP step=1470 loss=0.7302 dt_sec=0.83 cum_wall_sec=141.6
00:28:49 | INFO    | src.training.finetune | STEP step=1480 loss=0.7297 dt_sec=0.82 cum_wall_sec=142.4
00:28:50 | INFO    | src.training.finetune | STEP step=1490 loss=0.7102 dt_sec=0.80 cum_wall_sec=143.2
00:28:51 | INFO    | src.training.finetune | STEP step=1500 loss=0.7121 dt_sec=0.83 cum_wall_sec=144.0
00:28:51 | INFO    | src.training.finetune | STEP step=1510 loss=0.7221 dt_sec=0.82 cum_wall_sec=144.9
00:28:52 | INFO    | src.training.finetune | STEP step=1520 loss=0.7098 dt_sec=0.82 cum_wall_sec=145.7
00:28:53 | INFO    | src.training.finetune | STEP step=1530 loss=0.6988 dt_sec=0.83 cum_wall_sec=146.5
00:28:54 | INFO    | src.training.finetune | STEP step=1540 loss=0.6998 dt_sec=0.83 cum_wall_sec=147.3
00:28:55 | INFO    | src.training.finetune | STEP step=1550 loss=0.7062 dt_sec=0.83 cum_wall_sec=148.2
00:28:56 | INFO    | src.training.finetune | STEP step=1560 loss=0.7281 dt_sec=0.81 cum_wall_sec=149.0
00:28:56 | INFO    | src.training.finetune | STEP step=1570 loss=0.7310 dt_sec=0.82 cum_wall_sec=149.8
00:28:57 | INFO    | src.training.finetune | STEP step=1580 loss=0.7055 dt_sec=0.83 cum_wall_sec=150.6
00:28:58 | INFO    | src.training.finetune | STEP step=1590 loss=0.7249 dt_sec=0.82 cum_wall_sec=151.4
00:28:59 | INFO    | src.training.finetune | STEP step=1600 loss=0.7130 dt_sec=0.82 cum_wall_sec=152.3
00:29:03 | INFO    | src.training.finetune | STEP step=1610 loss=0.6999 dt_sec=3.80 cum_wall_sec=156.1
00:29:03 | INFO    | src.training.finetune | STEP step=1620 loss=0.7171 dt_sec=0.82 cum_wall_sec=156.9
00:29:04 | INFO    | src.training.finetune | STEP step=1630 loss=0.7046 dt_sec=0.83 cum_wall_sec=157.7
00:29:05 | INFO    | src.training.finetune | STEP step=1640 loss=0.7303 dt_sec=0.82 cum_wall_sec=158.5
00:29:06 | INFO    | src.training.finetune | STEP step=1650 loss=0.6863 dt_sec=0.82 cum_wall_sec=159.4
00:29:07 | INFO    | src.training.finetune | STEP step=1660 loss=0.6848 dt_sec=0.82 cum_wall_sec=160.2
00:29:08 | INFO    | src.training.finetune | STEP step=1670 loss=0.7240 dt_sec=0.83 cum_wall_sec=161.0
00:29:08 | INFO    | src.training.finetune | STEP step=1680 loss=0.7087 dt_sec=0.81 cum_wall_sec=161.8
00:29:09 | INFO    | src.training.finetune | STEP step=1690 loss=0.7249 dt_sec=0.81 cum_wall_sec=162.6
00:29:10 | INFO    | src.training.finetune | STEP step=1700 loss=0.7217 dt_sec=0.82 cum_wall_sec=163.5
00:29:11 | INFO    | src.training.finetune | STEP step=1710 loss=0.7112 dt_sec=0.81 cum_wall_sec=164.3
00:29:12 | INFO    | src.training.finetune | STEP step=1720 loss=0.7073 dt_sec=0.81 cum_wall_sec=165.1
00:29:12 | INFO    | src.training.finetune | STEP step=1730 loss=0.7141 dt_sec=0.81 cum_wall_sec=165.9
00:29:13 | INFO    | src.training.finetune | STEP step=1740 loss=0.7036 dt_sec=0.82 cum_wall_sec=166.7
00:29:14 | INFO    | src.training.finetune | STEP step=1750 loss=0.7015 dt_sec=0.81 cum_wall_sec=167.5
00:29:15 | INFO    | src.training.finetune | STEP step=1760 loss=0.6910 dt_sec=0.82 cum_wall_sec=168.3
00:29:16 | INFO    | src.training.finetune | STEP step=1770 loss=0.6995 dt_sec=0.83 cum_wall_sec=169.2
00:29:17 | INFO    | src.training.finetune | STEP step=1780 loss=0.7162 dt_sec=0.82 cum_wall_sec=170.0
00:29:17 | INFO    | src.training.finetune | STEP step=1790 loss=0.7164 dt_sec=0.82 cum_wall_sec=170.8
00:29:18 | INFO    | src.training.finetune | STEP step=1800 loss=0.7208 dt_sec=0.81 cum_wall_sec=171.6
00:29:22 | INFO    | src.training.finetune | STEP step=1810 loss=0.7205 dt_sec=3.77 cum_wall_sec=175.4
00:29:23 | INFO    | src.training.finetune | STEP step=1820 loss=0.6817 dt_sec=0.82 cum_wall_sec=176.2
00:29:24 | INFO    | src.training.finetune | STEP step=1830 loss=0.7179 dt_sec=0.82 cum_wall_sec=177.0
00:29:24 | INFO    | src.training.finetune | STEP step=1840 loss=0.6950 dt_sec=0.82 cum_wall_sec=177.8
00:29:25 | INFO    | src.training.finetune | STEP step=1850 loss=0.7003 dt_sec=0.83 cum_wall_sec=178.7
00:29:26 | INFO    | src.training.finetune | STEP step=1860 loss=0.7062 dt_sec=0.82 cum_wall_sec=179.5
00:29:27 | INFO    | src.training.finetune | STEP step=1870 loss=0.7106 dt_sec=0.83 cum_wall_sec=180.3
00:29:28 | INFO    | src.training.finetune | STEP step=1880 loss=0.6924 dt_sec=0.82 cum_wall_sec=181.1
00:29:29 | INFO    | src.training.finetune | STEP step=1890 loss=0.7088 dt_sec=0.82 cum_wall_sec=182.0
00:29:29 | INFO    | src.training.finetune | STEP step=1900 loss=0.7020 dt_sec=0.82 cum_wall_sec=182.8
00:29:30 | INFO    | src.training.finetune | STEP step=1910 loss=0.6936 dt_sec=0.82 cum_wall_sec=183.6
00:29:31 | INFO    | src.training.finetune | STEP step=1920 loss=0.7130 dt_sec=0.81 cum_wall_sec=184.4
00:29:32 | INFO    | src.training.finetune | STEP step=1930 loss=0.6929 dt_sec=0.82 cum_wall_sec=185.2
00:29:33 | INFO    | src.training.finetune | STEP step=1940 loss=0.7086 dt_sec=0.81 cum_wall_sec=186.0
00:29:33 | INFO    | src.training.finetune | STEP step=1950 loss=0.6958 dt_sec=0.80 cum_wall_sec=186.8
00:29:34 | INFO    | src.training.finetune | STEP step=1960 loss=0.6993 dt_sec=0.81 cum_wall_sec=187.7
00:29:35 | INFO    | src.training.finetune | STEP step=1970 loss=0.7105 dt_sec=0.82 cum_wall_sec=188.5
00:29:36 | INFO    | src.training.finetune | STEP step=1980 loss=0.7039 dt_sec=0.82 cum_wall_sec=189.3
00:29:37 | INFO    | src.training.finetune | STEP step=1990 loss=0.7108 dt_sec=0.80 cum_wall_sec=190.1
00:29:37 | INFO    | src.training.finetune | STEP step=2000 loss=0.7174 dt_sec=0.81 cum_wall_sec=190.9
00:29:41 | INFO    | src.training.finetune | STAGE=azerbaijani end ts=2026-09-09T00:29:41.292546+00:00 runtime_sec=196.3
00:29:42 | INFO    | src.training.finetune | Best checkpoint restored and verified: step 200, val macro-F1 = 0.3334
