03:22:35 | INFO    | src.training.finetune | STAGE=turkish_intermediate cache_hit=true ts=2026-09-09T03:22:35.112944+00:00 path=artifacts/tr_stage_cache/base=xlmr__tok=original__tr=real__seed=13__c2145edc9d488ffe
03:22:35 | INFO    | src.training.finetune |   [AZ mərhələsi] 500 nümunə | 2 sinif | init=TR checkpoint
03:22:35 | INFO    | src.training.finetune | Task head reset: modules=['classifier'] params=592130 (encoder='roberta' untouched)
03:22:35 | INFO    | src.training.finetune | STAGE=azerbaijani start ts=2026-09-09T03:22:35.240986+00:00 n=500 n_classes=2
03:22:36 | INFO    | src.training.finetune | STEP step=10 loss=0.7164 dt_sec=0.75 cum_wall_sec=0.7
03:22:37 | INFO    | src.training.finetune | STEP step=20 loss=0.7115 dt_sec=0.69 cum_wall_sec=1.4
03:22:37 | INFO    | src.training.finetune | STEP step=30 loss=0.6834 dt_sec=0.69 cum_wall_sec=2.1
03:22:38 | INFO    | src.training.finetune | STEP step=40 loss=0.6595 dt_sec=0.69 cum_wall_sec=2.8
03:22:39 | INFO    | src.training.finetune | STEP step=50 loss=0.6305 dt_sec=0.69 cum_wall_sec=3.5
03:22:40 | INFO    | src.training.finetune | STEP step=60 loss=0.5661 dt_sec=0.68 cum_wall_sec=4.2
03:22:40 | INFO    | src.training.finetune | STEP step=70 loss=0.5164 dt_sec=0.68 cum_wall_sec=4.9
03:22:41 | INFO    | src.training.finetune | STEP step=80 loss=0.4552 dt_sec=0.68 cum_wall_sec=5.5
03:22:42 | INFO    | src.training.finetune | STEP step=90 loss=0.3993 dt_sec=0.69 cum_wall_sec=6.2
03:22:42 | INFO    | src.training.finetune | STEP step=100 loss=0.4364 dt_sec=0.69 cum_wall_sec=6.9
03:22:43 | INFO    | src.training.finetune | STEP step=110 loss=0.3222 dt_sec=0.69 cum_wall_sec=7.6
03:22:44 | INFO    | src.training.finetune | STEP step=120 loss=0.3064 dt_sec=0.69 cum_wall_sec=8.3
03:22:44 | INFO    | src.training.finetune | STEP step=130 loss=0.2655 dt_sec=0.68 cum_wall_sec=9.0
03:22:45 | INFO    | src.training.finetune | STEP step=140 loss=0.2134 dt_sec=0.69 cum_wall_sec=9.7
03:22:46 | INFO    | src.training.finetune | STEP step=150 loss=0.2427 dt_sec=0.69 cum_wall_sec=10.4
03:22:46 | INFO    | src.training.finetune | STEP step=160 loss=0.1532 dt_sec=0.69 cum_wall_sec=11.1
03:22:47 | INFO    | src.training.finetune | STEP step=170 loss=0.1638 dt_sec=0.70 cum_wall_sec=11.8
03:22:48 | INFO    | src.training.finetune | STEP step=180 loss=0.1988 dt_sec=0.69 cum_wall_sec=12.4
03:22:48 | INFO    | src.training.finetune | STEP step=190 loss=0.1741 dt_sec=0.69 cum_wall_sec=13.1
03:22:49 | INFO    | src.training.finetune | STEP step=200 loss=0.1989 dt_sec=0.68 cum_wall_sec=13.8
03:22:52 | INFO    | src.training.finetune | STEP step=210 loss=0.1624 dt_sec=3.33 cum_wall_sec=17.1
03:22:53 | INFO    | src.training.finetune | STEP step=220 loss=0.1087 dt_sec=0.70 cum_wall_sec=17.8
03:22:54 | INFO    | src.training.finetune | STEP step=230 loss=0.0485 dt_sec=0.68 cum_wall_sec=18.5
03:22:55 | INFO    | src.training.finetune | STEP step=240 loss=0.1047 dt_sec=0.70 cum_wall_sec=19.2
03:22:55 | INFO    | src.training.finetune | STEP step=250 loss=0.0987 dt_sec=0.70 cum_wall_sec=19.9
03:22:56 | INFO    | src.training.finetune | STEP step=260 loss=0.1035 dt_sec=0.69 cum_wall_sec=20.6
03:22:57 | INFO    | src.training.finetune | STEP step=270 loss=0.0282 dt_sec=0.69 cum_wall_sec=21.3
03:22:57 | INFO    | src.training.finetune | STEP step=280 loss=0.1150 dt_sec=0.69 cum_wall_sec=22.0
03:22:58 | INFO    | src.training.finetune | STEP step=290 loss=0.0795 dt_sec=0.70 cum_wall_sec=22.7
03:22:59 | INFO    | src.training.finetune | STEP step=300 loss=0.0477 dt_sec=0.69 cum_wall_sec=23.4
03:22:59 | INFO    | src.training.finetune | STEP step=310 loss=0.0229 dt_sec=0.69 cum_wall_sec=24.0
03:23:00 | INFO    | src.training.finetune | STEP step=320 loss=0.0038 dt_sec=0.69 cum_wall_sec=24.7
03:23:01 | INFO    | src.training.finetune | STEP step=330 loss=0.0810 dt_sec=0.70 cum_wall_sec=25.4
03:23:01 | INFO    | src.training.finetune | STEP step=340 loss=0.0014 dt_sec=0.69 cum_wall_sec=26.1
03:23:02 | INFO    | src.training.finetune | STEP step=350 loss=0.0496 dt_sec=0.69 cum_wall_sec=26.8
03:23:03 | INFO    | src.training.finetune | STEP step=360 loss=0.0010 dt_sec=0.68 cum_wall_sec=27.5
03:23:04 | INFO    | src.training.finetune | STEP step=370 loss=0.0017 dt_sec=0.70 cum_wall_sec=28.2
03:23:04 | INFO    | src.training.finetune | STEP step=380 loss=0.0122 dt_sec=0.69 cum_wall_sec=28.9
03:23:05 | INFO    | src.training.finetune | STEP step=390 loss=0.0354 dt_sec=0.68 cum_wall_sec=29.6
03:23:06 | INFO    | src.training.finetune | STEP step=400 loss=0.0007 dt_sec=0.69 cum_wall_sec=30.3
03:23:09 | INFO    | src.training.finetune | STEP step=410 loss=0.0459 dt_sec=3.26 cum_wall_sec=33.5
03:23:10 | INFO    | src.training.finetune | STEP step=420 loss=0.0443 dt_sec=0.68 cum_wall_sec=34.2
03:23:10 | INFO    | src.training.finetune | STEP step=430 loss=0.0120 dt_sec=0.69 cum_wall_sec=34.9
03:23:11 | INFO    | src.training.finetune | STEP step=440 loss=0.0005 dt_sec=0.69 cum_wall_sec=35.6
03:23:12 | INFO    | src.training.finetune | STEP step=450 loss=0.0005 dt_sec=0.69 cum_wall_sec=36.3
03:23:12 | INFO    | src.training.finetune | STEP step=460 loss=0.0476 dt_sec=0.68 cum_wall_sec=37.0
03:23:13 | INFO    | src.training.finetune | STEP step=470 loss=0.0007 dt_sec=0.69 cum_wall_sec=37.6
03:23:14 | INFO    | src.training.finetune | STEP step=480 loss=0.0005 dt_sec=0.69 cum_wall_sec=38.3
03:23:14 | INFO    | src.training.finetune | STEP step=490 loss=0.0004 dt_sec=0.70 cum_wall_sec=39.0
03:23:15 | INFO    | src.training.finetune | STEP step=500 loss=0.0222 dt_sec=0.68 cum_wall_sec=39.7
03:23:16 | INFO    | src.training.finetune | STEP step=510 loss=0.0003 dt_sec=0.69 cum_wall_sec=40.4
03:23:16 | INFO    | src.training.finetune | STEP step=520 loss=0.0022 dt_sec=0.69 cum_wall_sec=41.1
03:23:17 | INFO    | src.training.finetune | STEP step=530 loss=0.0352 dt_sec=0.68 cum_wall_sec=41.8
03:23:18 | INFO    | src.training.finetune | STEP step=540 loss=0.0004 dt_sec=0.68 cum_wall_sec=42.5
03:23:18 | INFO    | src.training.finetune | STEP step=550 loss=0.1004 dt_sec=0.69 cum_wall_sec=43.1
03:23:19 | INFO    | src.training.finetune | STEP step=560 loss=0.0594 dt_sec=0.68 cum_wall_sec=43.8
03:23:20 | INFO    | src.training.finetune | STEP step=570 loss=0.0625 dt_sec=0.70 cum_wall_sec=44.5
03:23:21 | INFO    | src.training.finetune | STEP step=580 loss=0.0005 dt_sec=0.69 cum_wall_sec=45.2
03:23:21 | INFO    | src.training.finetune | STEP step=590 loss=0.0205 dt_sec=0.69 cum_wall_sec=45.9
03:23:22 | INFO    | src.training.finetune | STEP step=600 loss=0.0004 dt_sec=0.69 cum_wall_sec=46.6
03:23:25 | INFO    | src.training.finetune | STEP step=610 loss=0.0003 dt_sec=3.07 cum_wall_sec=49.7
03:23:26 | INFO    | src.training.finetune | STEP step=620 loss=0.0003 dt_sec=0.69 cum_wall_sec=50.3
03:23:26 | INFO    | src.training.finetune | STEP step=630 loss=0.0234 dt_sec=0.70 cum_wall_sec=51.0
03:23:27 | INFO    | src.training.finetune | STEP step=640 loss=0.0529 dt_sec=0.69 cum_wall_sec=51.7
03:23:28 | INFO    | src.training.finetune | STEP step=650 loss=0.0226 dt_sec=0.69 cum_wall_sec=52.4
03:23:28 | INFO    | src.training.finetune | STEP step=660 loss=0.0003 dt_sec=0.69 cum_wall_sec=53.1
03:23:29 | INFO    | src.training.finetune | STEP step=670 loss=0.0004 dt_sec=0.69 cum_wall_sec=53.8
03:23:30 | INFO    | src.training.finetune | STEP step=680 loss=0.0004 dt_sec=0.69 cum_wall_sec=54.5
03:23:31 | INFO    | src.training.finetune | STEP step=690 loss=0.0261 dt_sec=0.68 cum_wall_sec=55.2
03:23:31 | INFO    | src.training.finetune | STEP step=700 loss=0.0006 dt_sec=0.69 cum_wall_sec=55.9
03:23:32 | INFO    | src.training.finetune | STEP step=710 loss=0.0252 dt_sec=0.68 cum_wall_sec=56.6
03:23:33 | INFO    | src.training.finetune | STEP step=720 loss=0.0003 dt_sec=0.69 cum_wall_sec=57.2
03:23:33 | INFO    | src.training.finetune | STEP step=730 loss=0.0003 dt_sec=0.69 cum_wall_sec=57.9
03:23:34 | INFO    | src.training.finetune | STEP step=740 loss=0.0514 dt_sec=0.69 cum_wall_sec=58.6
03:23:35 | INFO    | src.training.finetune | STEP step=750 loss=0.0007 dt_sec=0.69 cum_wall_sec=59.3
03:23:35 | INFO    | src.training.finetune | STEP step=760 loss=0.0006 dt_sec=0.69 cum_wall_sec=60.0
03:23:36 | INFO    | src.training.finetune | STEP step=770 loss=0.0328 dt_sec=0.68 cum_wall_sec=60.7
03:23:37 | INFO    | src.training.finetune | STEP step=780 loss=0.0174 dt_sec=0.70 cum_wall_sec=61.4
03:23:37 | INFO    | src.training.finetune | STEP step=790 loss=0.0390 dt_sec=0.69 cum_wall_sec=62.1
03:23:38 | INFO    | src.training.finetune | STEP step=800 loss=0.0026 dt_sec=0.69 cum_wall_sec=62.8
03:23:42 | INFO    | src.training.finetune | STEP step=810 loss=0.0397 dt_sec=4.40 cum_wall_sec=67.2
03:23:43 | INFO    | src.training.finetune | STEP step=820 loss=0.0003 dt_sec=0.68 cum_wall_sec=67.8
03:23:44 | INFO    | src.training.finetune | STEP step=830 loss=0.0003 dt_sec=0.69 cum_wall_sec=68.5
03:23:45 | INFO    | src.training.finetune | STEP step=840 loss=0.0048 dt_sec=0.68 cum_wall_sec=69.2
03:23:45 | INFO    | src.training.finetune | STEP step=850 loss=0.0002 dt_sec=0.69 cum_wall_sec=69.9
03:23:46 | INFO    | src.training.finetune | STEP step=860 loss=0.0003 dt_sec=0.69 cum_wall_sec=70.6
03:23:47 | INFO    | src.training.finetune | STEP step=870 loss=0.0003 dt_sec=0.68 cum_wall_sec=71.3
03:23:47 | INFO    | src.training.finetune | STEP step=880 loss=0.0002 dt_sec=0.70 cum_wall_sec=72.0
03:23:48 | INFO    | src.training.finetune | STEP step=890 loss=0.0004 dt_sec=0.69 cum_wall_sec=72.7
03:23:49 | INFO    | src.training.finetune | STEP step=900 loss=0.0475 dt_sec=0.70 cum_wall_sec=73.4
03:23:49 | INFO    | src.training.finetune | STEP step=910 loss=0.0006 dt_sec=0.68 cum_wall_sec=74.0
03:23:50 | INFO    | src.training.finetune | STEP step=920 loss=0.0247 dt_sec=0.70 cum_wall_sec=74.7
03:23:51 | INFO    | src.training.finetune | STEP step=930 loss=0.0075 dt_sec=0.68 cum_wall_sec=75.4
03:23:51 | INFO    | src.training.finetune | STEP step=940 loss=0.0112 dt_sec=0.70 cum_wall_sec=76.1
03:23:52 | INFO    | src.training.finetune | STEP step=950 loss=0.0002 dt_sec=0.68 cum_wall_sec=76.8
03:23:53 | INFO    | src.training.finetune | STEP step=960 loss=0.0002 dt_sec=0.69 cum_wall_sec=77.5
03:23:54 | INFO    | src.training.finetune | STEP step=970 loss=0.0001 dt_sec=0.70 cum_wall_sec=78.2
03:23:54 | INFO    | src.training.finetune | STEP step=980 loss=0.0146 dt_sec=0.69 cum_wall_sec=78.9
03:23:55 | INFO    | src.training.finetune | STEP step=990 loss=0.0010 dt_sec=0.69 cum_wall_sec=79.6
03:23:56 | INFO    | src.training.finetune | STEP step=1000 loss=0.0001 dt_sec=0.69 cum_wall_sec=80.2
03:23:59 | INFO    | src.training.finetune | STEP step=1010 loss=0.0009 dt_sec=3.29 cum_wall_sec=83.5
03:24:00 | INFO    | src.training.finetune | STEP step=1020 loss=0.0001 dt_sec=0.69 cum_wall_sec=84.2
03:24:00 | INFO    | src.training.finetune | STEP step=1030 loss=0.0161 dt_sec=0.68 cum_wall_sec=84.9
03:24:01 | INFO    | src.training.finetune | STEP step=1040 loss=0.0001 dt_sec=0.69 cum_wall_sec=85.6
03:24:02 | INFO    | src.training.finetune | STEP step=1050 loss=0.0001 dt_sec=0.70 cum_wall_sec=86.3
03:24:02 | INFO    | src.training.finetune | STEP step=1060 loss=0.0001 dt_sec=0.69 cum_wall_sec=87.0
03:24:03 | INFO    | src.training.finetune | STEP step=1070 loss=0.0001 dt_sec=0.69 cum_wall_sec=87.7
03:24:04 | INFO    | src.training.finetune | STEP step=1080 loss=0.0001 dt_sec=0.68 cum_wall_sec=88.4
03:24:04 | INFO    | src.training.finetune | STEP step=1090 loss=0.0001 dt_sec=0.69 cum_wall_sec=89.1
03:24:05 | INFO    | src.training.finetune | STEP step=1100 loss=0.0001 dt_sec=0.69 cum_wall_sec=89.7
03:24:06 | INFO    | src.training.finetune | STEP step=1110 loss=0.0229 dt_sec=0.70 cum_wall_sec=90.4
03:24:06 | INFO    | src.training.finetune | STEP step=1120 loss=0.0273 dt_sec=0.69 cum_wall_sec=91.1
03:24:07 | INFO    | src.training.finetune | STEP step=1130 loss=0.0002 dt_sec=0.69 cum_wall_sec=91.8
03:24:08 | INFO    | src.training.finetune | STEP step=1140 loss=0.0002 dt_sec=0.68 cum_wall_sec=92.5
03:24:09 | INFO    | src.training.finetune | STEP step=1150 loss=0.0001 dt_sec=0.70 cum_wall_sec=93.2
03:24:09 | INFO    | src.training.finetune | STEP step=1160 loss=0.0001 dt_sec=0.68 cum_wall_sec=93.9
03:24:10 | INFO    | src.training.finetune | STEP step=1170 loss=0.0001 dt_sec=0.70 cum_wall_sec=94.6
03:24:11 | INFO    | src.training.finetune | STEP step=1180 loss=0.0124 dt_sec=0.70 cum_wall_sec=95.3
03:24:11 | INFO    | src.training.finetune | STEP step=1190 loss=0.0001 dt_sec=0.69 cum_wall_sec=96.0
03:24:12 | INFO    | src.training.finetune | STEP step=1200 loss=0.0008 dt_sec=0.69 cum_wall_sec=96.7
03:24:15 | INFO    | src.training.finetune | STEP step=1210 loss=0.0283 dt_sec=3.46 cum_wall_sec=100.1
03:24:16 | INFO    | src.training.finetune | STEP step=1220 loss=0.0001 dt_sec=0.68 cum_wall_sec=100.8
03:24:17 | INFO    | src.training.finetune | STEP step=1230 loss=0.0001 dt_sec=0.70 cum_wall_sec=101.5
03:24:18 | INFO    | src.training.finetune | STEP step=1240 loss=0.0001 dt_sec=0.69 cum_wall_sec=102.2
03:24:18 | INFO    | src.training.finetune | STEP step=1250 loss=0.0280 dt_sec=0.69 cum_wall_sec=102.9
03:24:19 | INFO    | src.training.finetune | STEP step=1260 loss=0.0002 dt_sec=0.69 cum_wall_sec=103.6
03:24:20 | INFO    | src.training.finetune | STEP step=1270 loss=0.0245 dt_sec=0.70 cum_wall_sec=104.3
03:24:20 | INFO    | src.training.finetune | STEP step=1280 loss=0.0001 dt_sec=0.68 cum_wall_sec=104.9
03:24:21 | INFO    | src.training.finetune | STEP step=1290 loss=0.0012 dt_sec=0.68 cum_wall_sec=105.6
03:24:22 | INFO    | src.training.finetune | STEP step=1300 loss=0.0074 dt_sec=0.70 cum_wall_sec=106.3
03:24:22 | INFO    | src.training.finetune | STEP step=1310 loss=0.0836 dt_sec=0.69 cum_wall_sec=107.0
03:24:23 | INFO    | src.training.finetune | STEP step=1320 loss=0.0360 dt_sec=0.67 cum_wall_sec=107.7
03:24:24 | INFO    | src.training.finetune | STEP step=1330 loss=0.0001 dt_sec=0.69 cum_wall_sec=108.4
03:24:24 | INFO    | src.training.finetune | STEP step=1340 loss=0.0012 dt_sec=0.69 cum_wall_sec=109.1
03:24:25 | INFO    | src.training.finetune | STEP step=1350 loss=0.0001 dt_sec=0.69 cum_wall_sec=109.8
03:24:26 | INFO    | src.training.finetune | STEP step=1360 loss=0.0001 dt_sec=0.68 cum_wall_sec=110.5
03:24:26 | INFO    | src.training.finetune | STEP step=1370 loss=0.0001 dt_sec=0.70 cum_wall_sec=111.2
03:24:27 | INFO    | src.training.finetune | STEP step=1380 loss=0.0001 dt_sec=0.67 cum_wall_sec=111.8
03:24:28 | INFO    | src.training.finetune | STEP step=1390 loss=0.0001 dt_sec=0.69 cum_wall_sec=112.5
03:24:29 | INFO    | src.training.finetune | STEP step=1400 loss=0.0001 dt_sec=0.69 cum_wall_sec=113.2
03:24:32 | INFO    | src.training.finetune | STEP step=1410 loss=0.0001 dt_sec=3.05 cum_wall_sec=116.3
03:24:32 | INFO    | src.training.finetune | STEP step=1420 loss=0.0099 dt_sec=0.69 cum_wall_sec=117.0
03:24:33 | INFO    | src.training.finetune | STEP step=1430 loss=0.0002 dt_sec=0.69 cum_wall_sec=117.6
03:24:34 | INFO    | src.training.finetune | STEP step=1440 loss=0.0001 dt_sec=0.68 cum_wall_sec=118.3
03:24:34 | INFO    | src.training.finetune | STEP step=1450 loss=0.0001 dt_sec=0.69 cum_wall_sec=119.0
03:24:35 | INFO    | src.training.finetune | STEP step=1460 loss=0.0001 dt_sec=0.70 cum_wall_sec=119.7
03:24:36 | INFO    | src.training.finetune | STEP step=1470 loss=0.0001 dt_sec=0.70 cum_wall_sec=120.4
03:24:36 | INFO    | src.training.finetune | STEP step=1480 loss=0.0001 dt_sec=0.70 cum_wall_sec=121.1
03:24:37 | INFO    | src.training.finetune | STEP step=1490 loss=0.0001 dt_sec=0.69 cum_wall_sec=121.8
03:24:38 | INFO    | src.training.finetune | STEP step=1500 loss=0.0286 dt_sec=0.69 cum_wall_sec=122.5
03:24:39 | INFO    | src.training.finetune | STEP step=1510 loss=0.0001 dt_sec=0.69 cum_wall_sec=123.2
03:24:39 | INFO    | src.training.finetune | STEP step=1520 loss=0.0001 dt_sec=0.69 cum_wall_sec=123.9
03:24:40 | INFO    | src.training.finetune | STEP step=1530 loss=0.0001 dt_sec=0.71 cum_wall_sec=124.6
03:24:41 | INFO    | src.training.finetune | STEP step=1540 loss=0.0001 dt_sec=0.69 cum_wall_sec=125.3
03:24:41 | INFO    | src.training.finetune | STEP step=1550 loss=0.0001 dt_sec=0.70 cum_wall_sec=126.0
03:24:42 | INFO    | src.training.finetune | STEP step=1560 loss=0.0001 dt_sec=0.71 cum_wall_sec=126.7
03:24:43 | INFO    | src.training.finetune | STEP step=1570 loss=0.0001 dt_sec=0.68 cum_wall_sec=127.3
03:24:43 | INFO    | src.training.finetune | STEP step=1580 loss=0.0001 dt_sec=0.69 cum_wall_sec=128.0
03:24:44 | INFO    | src.training.finetune | STEP step=1590 loss=0.0001 dt_sec=0.69 cum_wall_sec=128.7
03:24:45 | INFO    | src.training.finetune | STEP step=1600 loss=0.0002 dt_sec=0.69 cum_wall_sec=129.4
03:24:49 | INFO    | src.training.finetune | STEP step=1610 loss=0.0001 dt_sec=3.76 cum_wall_sec=133.2
03:24:49 | INFO    | src.training.finetune | STEP step=1620 loss=0.0001 dt_sec=0.69 cum_wall_sec=133.9
03:24:50 | INFO    | src.training.finetune | STEP step=1630 loss=0.0001 dt_sec=0.69 cum_wall_sec=134.6
03:24:51 | INFO    | src.training.finetune | STEP step=1640 loss=0.0001 dt_sec=0.69 cum_wall_sec=135.2
03:24:51 | INFO    | src.training.finetune | STEP step=1650 loss=0.0005 dt_sec=0.69 cum_wall_sec=135.9
03:24:52 | INFO    | src.training.finetune | STEP step=1660 loss=0.0001 dt_sec=0.69 cum_wall_sec=136.6
03:24:53 | INFO    | src.training.finetune | STEP step=1670 loss=0.0001 dt_sec=0.69 cum_wall_sec=137.3
03:24:53 | INFO    | src.training.finetune | STEP step=1680 loss=0.0001 dt_sec=0.69 cum_wall_sec=138.0
03:24:54 | INFO    | src.training.finetune | STEP step=1690 loss=0.0001 dt_sec=0.68 cum_wall_sec=138.7
03:24:55 | INFO    | src.training.finetune | STEP step=1700 loss=0.0001 dt_sec=0.70 cum_wall_sec=139.4
03:24:55 | INFO    | src.training.finetune | STEP step=1710 loss=0.0001 dt_sec=0.69 cum_wall_sec=140.1
03:24:56 | INFO    | src.training.finetune | STEP step=1720 loss=0.0001 dt_sec=0.69 cum_wall_sec=140.8
03:24:57 | INFO    | src.training.finetune | STEP step=1730 loss=0.0001 dt_sec=0.70 cum_wall_sec=141.5
03:24:57 | INFO    | src.training.finetune | STEP step=1740 loss=0.0001 dt_sec=0.69 cum_wall_sec=142.1
03:24:58 | INFO    | src.training.finetune | STEP step=1750 loss=0.0039 dt_sec=0.69 cum_wall_sec=142.8
03:24:59 | INFO    | src.training.finetune | STEP step=1760 loss=0.0001 dt_sec=0.69 cum_wall_sec=143.5
03:25:00 | INFO    | src.training.finetune | STEP step=1770 loss=0.0001 dt_sec=0.70 cum_wall_sec=144.2
03:25:00 | INFO    | src.training.finetune | STEP step=1780 loss=0.0001 dt_sec=0.68 cum_wall_sec=144.9
03:25:01 | INFO    | src.training.finetune | STEP step=1790 loss=0.0001 dt_sec=0.69 cum_wall_sec=145.6
03:25:02 | INFO    | src.training.finetune | STEP step=1800 loss=0.0001 dt_sec=0.69 cum_wall_sec=146.3
03:25:05 | INFO    | src.training.finetune | STEP step=1810 loss=0.0001 dt_sec=3.31 cum_wall_sec=149.6
03:25:06 | INFO    | src.training.finetune | STEP step=1820 loss=0.0001 dt_sec=0.69 cum_wall_sec=150.3
03:25:06 | INFO    | src.training.finetune | STEP step=1830 loss=0.0001 dt_sec=0.69 cum_wall_sec=151.0
03:25:07 | INFO    | src.training.finetune | STEP step=1840 loss=0.0001 dt_sec=0.70 cum_wall_sec=151.7
03:25:08 | INFO    | src.training.finetune | STEP step=1850 loss=0.0001 dt_sec=0.69 cum_wall_sec=152.4
03:25:08 | INFO    | src.training.finetune | STEP step=1860 loss=0.0001 dt_sec=0.69 cum_wall_sec=153.1
03:25:09 | INFO    | src.training.finetune | STEP step=1870 loss=0.0001 dt_sec=0.70 cum_wall_sec=153.8
03:25:10 | INFO    | src.training.finetune | STEP step=1880 loss=0.0001 dt_sec=0.69 cum_wall_sec=154.4
03:25:10 | INFO    | src.training.finetune | STEP step=1890 loss=0.0001 dt_sec=0.69 cum_wall_sec=155.1
03:25:11 | INFO    | src.training.finetune | STEP step=1900 loss=0.0001 dt_sec=0.70 cum_wall_sec=155.8
03:25:12 | INFO    | src.training.finetune | STEP step=1910 loss=0.0001 dt_sec=0.69 cum_wall_sec=156.5
03:25:13 | INFO    | src.training.finetune | STEP step=1920 loss=0.0017 dt_sec=0.69 cum_wall_sec=157.2
03:25:13 | INFO    | src.training.finetune | STEP step=1930 loss=0.0001 dt_sec=0.71 cum_wall_sec=157.9
03:25:14 | INFO    | src.training.finetune | STEP step=1940 loss=0.0001 dt_sec=0.69 cum_wall_sec=158.6
03:25:15 | INFO    | src.training.finetune | STEP step=1950 loss=0.0001 dt_sec=0.69 cum_wall_sec=159.3
03:25:15 | INFO    | src.training.finetune | STEP step=1960 loss=0.0001 dt_sec=0.70 cum_wall_sec=160.0
03:25:16 | INFO    | src.training.finetune | STEP step=1970 loss=0.0001 dt_sec=0.69 cum_wall_sec=160.7
03:25:17 | INFO    | src.training.finetune | STEP step=1980 loss=0.0001 dt_sec=0.70 cum_wall_sec=161.4
03:25:17 | INFO    | src.training.finetune | STEP step=1990 loss=0.0001 dt_sec=0.69 cum_wall_sec=162.1
03:25:18 | INFO    | src.training.finetune | STEP step=2000 loss=0.0001 dt_sec=0.69 cum_wall_sec=162.8
03:25:21 | INFO    | src.training.finetune | STAGE=azerbaijani end ts=2026-09-09T03:25:21.689984+00:00 runtime_sec=166.4
03:25:22 | INFO    | src.training.finetune | Best checkpoint restored and verified: step 1200, val macro-F1 = 0.8068
