20:54:32 | INFO    | src.training.finetune | STAGE=turkish_intermediate cache_hit=true ts=2026-09-08T20:54:32.810860+00:00 path=artifacts/tr_stage_cache/base=xlm15__tok=omp__tr=real__seed=42__7d0ff37d9ce5469d
20:54:32 | WARNING | src.training.finetune | SOURCE STAGE DEGENERATE (cache hit): tr macro-F1=0.1648 constant_prediction=True — this run's Turkish manipulation did NOT take effect. Recorded, not excluded.
20:54:32 | INFO    | src.training.finetune |   [AZ mərhələsi] 2000 nümunə | 2 sinif | init=TR checkpoint
20:54:33 | INFO    | src.training.finetune | Task head reset: modules=['sequence_summary'] params=2050 (encoder='transformer' untouched)
20:54:33 | INFO    | src.training.finetune | STAGE=azerbaijani start ts=2026-09-08T20:54:33.175193+00:00 n=2000 n_classes=2
20:54:34 | INFO    | src.training.finetune | STEP step=10 loss=1.7949 dt_sec=0.82 cum_wall_sec=0.8
20:54:35 | INFO    | src.training.finetune | STEP step=20 loss=1.1012 dt_sec=0.74 cum_wall_sec=1.6
20:54:35 | INFO    | src.training.finetune | STEP step=30 loss=1.2625 dt_sec=0.74 cum_wall_sec=2.3
20:54:36 | INFO    | src.training.finetune | STEP step=40 loss=1.2184 dt_sec=0.73 cum_wall_sec=3.0
20:54:37 | INFO    | src.training.finetune | STEP step=50 loss=1.0642 dt_sec=0.75 cum_wall_sec=3.8
20:54:38 | INFO    | src.training.finetune | STEP step=60 loss=0.9608 dt_sec=0.76 cum_wall_sec=4.5
20:54:38 | INFO    | src.training.finetune | STEP step=70 loss=1.0992 dt_sec=0.73 cum_wall_sec=5.3
20:54:39 | INFO    | src.training.finetune | STEP step=80 loss=1.0903 dt_sec=0.75 cum_wall_sec=6.0
20:54:40 | INFO    | src.training.finetune | STEP step=90 loss=1.1294 dt_sec=0.75 cum_wall_sec=6.8
20:54:41 | INFO    | src.training.finetune | STEP step=100 loss=1.0428 dt_sec=0.74 cum_wall_sec=7.5
20:54:41 | INFO    | src.training.finetune | STEP step=110 loss=1.0292 dt_sec=0.76 cum_wall_sec=8.3
20:54:42 | INFO    | src.training.finetune | STEP step=120 loss=1.0229 dt_sec=0.73 cum_wall_sec=9.0
20:54:43 | INFO    | src.training.finetune | STEP step=130 loss=1.1255 dt_sec=0.75 cum_wall_sec=9.7
20:54:44 | INFO    | src.training.finetune | STEP step=140 loss=1.1004 dt_sec=0.76 cum_wall_sec=10.5
20:54:44 | INFO    | src.training.finetune | STEP step=150 loss=0.9840 dt_sec=0.74 cum_wall_sec=11.3
20:54:45 | INFO    | src.training.finetune | STEP step=160 loss=1.1737 dt_sec=0.76 cum_wall_sec=12.0
20:54:46 | INFO    | src.training.finetune | STEP step=170 loss=1.0311 dt_sec=0.73 cum_wall_sec=12.7
20:54:47 | INFO    | src.training.finetune | STEP step=180 loss=1.1661 dt_sec=0.75 cum_wall_sec=13.5
20:54:47 | INFO    | src.training.finetune | STEP step=190 loss=1.0123 dt_sec=0.74 cum_wall_sec=14.2
20:54:48 | INFO    | src.training.finetune | STEP step=200 loss=0.9573 dt_sec=0.74 cum_wall_sec=15.0
20:54:51 | INFO    | src.training.finetune | STEP step=210 loss=1.0184 dt_sec=3.05 cum_wall_sec=18.0
20:54:52 | INFO    | src.training.finetune | STEP step=220 loss=1.1273 dt_sec=0.76 cum_wall_sec=18.8
20:54:53 | INFO    | src.training.finetune | STEP step=230 loss=1.2248 dt_sec=0.75 cum_wall_sec=19.5
20:54:53 | INFO    | src.training.finetune | STEP step=240 loss=1.2970 dt_sec=0.74 cum_wall_sec=20.3
20:54:54 | INFO    | src.training.finetune | STEP step=250 loss=1.1606 dt_sec=0.74 cum_wall_sec=21.0
20:54:55 | INFO    | src.training.finetune | STEP step=260 loss=1.3423 dt_sec=0.75 cum_wall_sec=21.8
20:54:56 | INFO    | src.training.finetune | STEP step=270 loss=0.9665 dt_sec=0.75 cum_wall_sec=22.5
20:54:56 | INFO    | src.training.finetune | STEP step=280 loss=1.0704 dt_sec=0.75 cum_wall_sec=23.3
20:54:57 | INFO    | src.training.finetune | STEP step=290 loss=1.1451 dt_sec=0.75 cum_wall_sec=24.0
20:54:58 | INFO    | src.training.finetune | STEP step=300 loss=0.9589 dt_sec=0.75 cum_wall_sec=24.8
20:54:59 | INFO    | src.training.finetune | STEP step=310 loss=1.1630 dt_sec=0.74 cum_wall_sec=25.5
20:54:59 | INFO    | src.training.finetune | STEP step=320 loss=0.9283 dt_sec=0.75 cum_wall_sec=26.3
20:55:00 | INFO    | src.training.finetune | STEP step=330 loss=0.9371 dt_sec=0.75 cum_wall_sec=27.0
20:55:01 | INFO    | src.training.finetune | STEP step=340 loss=0.9756 dt_sec=0.73 cum_wall_sec=27.7
20:55:02 | INFO    | src.training.finetune | STEP step=350 loss=0.9345 dt_sec=0.75 cum_wall_sec=28.5
20:55:02 | INFO    | src.training.finetune | STEP step=360 loss=0.8527 dt_sec=0.76 cum_wall_sec=29.3
20:55:03 | INFO    | src.training.finetune | STEP step=370 loss=0.9012 dt_sec=0.74 cum_wall_sec=30.0
20:55:04 | INFO    | src.training.finetune | STEP step=380 loss=0.9846 dt_sec=0.74 cum_wall_sec=30.7
20:55:05 | INFO    | src.training.finetune | STEP step=390 loss=0.8715 dt_sec=0.75 cum_wall_sec=31.5
20:55:05 | INFO    | src.training.finetune | STEP step=400 loss=0.8934 dt_sec=0.76 cum_wall_sec=32.2
20:55:08 | INFO    | src.training.finetune | STEP step=410 loss=0.8534 dt_sec=3.05 cum_wall_sec=35.3
20:55:09 | INFO    | src.training.finetune | STEP step=420 loss=0.9162 dt_sec=0.75 cum_wall_sec=36.0
20:55:10 | INFO    | src.training.finetune | STEP step=430 loss=0.9308 dt_sec=0.74 cum_wall_sec=36.8
20:55:11 | INFO    | src.training.finetune | STEP step=440 loss=0.8621 dt_sec=0.75 cum_wall_sec=37.5
20:55:11 | INFO    | src.training.finetune | STEP step=450 loss=0.8876 dt_sec=0.73 cum_wall_sec=38.3
20:55:12 | INFO    | src.training.finetune | STEP step=460 loss=0.7783 dt_sec=0.74 cum_wall_sec=39.0
20:55:13 | INFO    | src.training.finetune | STEP step=470 loss=0.8332 dt_sec=0.75 cum_wall_sec=39.8
20:55:14 | INFO    | src.training.finetune | STEP step=480 loss=0.8653 dt_sec=0.76 cum_wall_sec=40.5
20:55:14 | INFO    | src.training.finetune | STEP step=490 loss=0.9368 dt_sec=0.73 cum_wall_sec=41.3
20:55:15 | INFO    | src.training.finetune | STEP step=500 loss=0.9056 dt_sec=0.76 cum_wall_sec=42.0
20:55:16 | INFO    | src.training.finetune | STEP step=510 loss=0.8840 dt_sec=0.75 cum_wall_sec=42.8
20:55:17 | INFO    | src.training.finetune | STEP step=520 loss=0.9452 dt_sec=0.75 cum_wall_sec=43.5
20:55:17 | INFO    | src.training.finetune | STEP step=530 loss=0.7902 dt_sec=0.74 cum_wall_sec=44.3
20:55:18 | INFO    | src.training.finetune | STEP step=540 loss=0.7897 dt_sec=0.75 cum_wall_sec=45.0
20:55:19 | INFO    | src.training.finetune | STEP step=550 loss=0.7731 dt_sec=0.75 cum_wall_sec=45.8
20:55:20 | INFO    | src.training.finetune | STEP step=560 loss=0.8489 dt_sec=0.76 cum_wall_sec=46.5
20:55:20 | INFO    | src.training.finetune | STEP step=570 loss=0.8066 dt_sec=0.74 cum_wall_sec=47.3
20:55:21 | INFO    | src.training.finetune | STEP step=580 loss=0.8419 dt_sec=0.75 cum_wall_sec=48.0
20:55:22 | INFO    | src.training.finetune | STEP step=590 loss=0.7821 dt_sec=0.74 cum_wall_sec=48.7
20:55:23 | INFO    | src.training.finetune | STEP step=600 loss=0.7384 dt_sec=0.75 cum_wall_sec=49.5
20:55:26 | INFO    | src.training.finetune | STEP step=610 loss=0.8977 dt_sec=3.19 cum_wall_sec=52.7
20:55:27 | INFO    | src.training.finetune | STEP step=620 loss=0.8179 dt_sec=0.75 cum_wall_sec=53.4
20:55:27 | INFO    | src.training.finetune | STEP step=630 loss=0.8421 dt_sec=0.74 cum_wall_sec=54.2
20:55:28 | INFO    | src.training.finetune | STEP step=640 loss=0.7569 dt_sec=0.77 cum_wall_sec=54.9
20:55:29 | INFO    | src.training.finetune | STEP step=650 loss=0.7162 dt_sec=0.75 cum_wall_sec=55.7
20:55:30 | INFO    | src.training.finetune | STEP step=660 loss=0.8102 dt_sec=0.75 cum_wall_sec=56.4
20:55:30 | INFO    | src.training.finetune | STEP step=670 loss=0.8031 dt_sec=0.75 cum_wall_sec=57.2
20:55:31 | INFO    | src.training.finetune | STEP step=680 loss=0.8160 dt_sec=0.74 cum_wall_sec=57.9
20:55:32 | INFO    | src.training.finetune | STEP step=690 loss=0.8144 dt_sec=0.75 cum_wall_sec=58.7
20:55:33 | INFO    | src.training.finetune | STEP step=700 loss=0.8335 dt_sec=0.76 cum_wall_sec=59.4
20:55:33 | INFO    | src.training.finetune | STEP step=710 loss=0.6990 dt_sec=0.75 cum_wall_sec=60.2
20:55:34 | INFO    | src.training.finetune | STEP step=720 loss=0.8140 dt_sec=0.75 cum_wall_sec=60.9
20:55:35 | INFO    | src.training.finetune | STEP step=730 loss=0.7554 dt_sec=0.75 cum_wall_sec=61.7
20:55:36 | INFO    | src.training.finetune | STEP step=740 loss=0.7758 dt_sec=0.75 cum_wall_sec=62.4
20:55:36 | INFO    | src.training.finetune | STEP step=750 loss=0.7224 dt_sec=0.77 cum_wall_sec=63.2
20:55:37 | INFO    | src.training.finetune | STEP step=760 loss=0.8297 dt_sec=0.75 cum_wall_sec=63.9
20:55:38 | INFO    | src.training.finetune | STEP step=770 loss=0.7680 dt_sec=0.75 cum_wall_sec=64.7
20:55:39 | INFO    | src.training.finetune | STEP step=780 loss=0.7038 dt_sec=0.77 cum_wall_sec=65.5
20:55:39 | INFO    | src.training.finetune | STEP step=790 loss=0.6953 dt_sec=0.74 cum_wall_sec=66.2
20:55:40 | INFO    | src.training.finetune | STEP step=800 loss=0.5221 dt_sec=0.74 cum_wall_sec=67.0
20:55:43 | INFO    | src.training.finetune | STEP step=810 loss=0.5558 dt_sec=3.33 cum_wall_sec=70.3
20:55:44 | INFO    | src.training.finetune | STEP step=820 loss=0.5691 dt_sec=0.74 cum_wall_sec=71.0
20:55:45 | INFO    | src.training.finetune | STEP step=830 loss=0.4462 dt_sec=0.75 cum_wall_sec=71.8
20:55:46 | INFO    | src.training.finetune | STEP step=840 loss=0.5913 dt_sec=0.72 cum_wall_sec=72.5
20:55:46 | INFO    | src.training.finetune | STEP step=850 loss=0.4717 dt_sec=0.71 cum_wall_sec=73.2
20:55:47 | INFO    | src.training.finetune | STEP step=860 loss=0.4466 dt_sec=0.72 cum_wall_sec=73.9
20:55:48 | INFO    | src.training.finetune | STEP step=870 loss=0.3800 dt_sec=0.73 cum_wall_sec=74.7
20:55:49 | INFO    | src.training.finetune | STEP step=880 loss=0.4929 dt_sec=0.72 cum_wall_sec=75.4
20:55:49 | INFO    | src.training.finetune | STEP step=890 loss=0.3442 dt_sec=0.73 cum_wall_sec=76.1
20:55:50 | INFO    | src.training.finetune | STEP step=900 loss=0.2393 dt_sec=0.72 cum_wall_sec=76.8
20:55:51 | INFO    | src.training.finetune | STEP step=910 loss=0.2809 dt_sec=0.71 cum_wall_sec=77.5
20:55:51 | INFO    | src.training.finetune | STEP step=920 loss=0.2722 dt_sec=0.72 cum_wall_sec=78.3
20:55:52 | INFO    | src.training.finetune | STEP step=930 loss=0.3485 dt_sec=0.72 cum_wall_sec=79.0
20:55:53 | INFO    | src.training.finetune | STEP step=940 loss=0.2486 dt_sec=0.73 cum_wall_sec=79.7
20:55:54 | INFO    | src.training.finetune | STEP step=950 loss=0.1868 dt_sec=0.71 cum_wall_sec=80.4
20:55:54 | INFO    | src.training.finetune | STEP step=960 loss=0.3510 dt_sec=0.73 cum_wall_sec=81.1
20:55:55 | INFO    | src.training.finetune | STEP step=970 loss=0.1405 dt_sec=0.72 cum_wall_sec=81.9
20:55:56 | INFO    | src.training.finetune | STEP step=980 loss=0.2391 dt_sec=0.71 cum_wall_sec=82.6
20:55:56 | INFO    | src.training.finetune | STEP step=990 loss=0.1849 dt_sec=0.72 cum_wall_sec=83.3
20:55:57 | INFO    | src.training.finetune | STEP step=1000 loss=0.2155 dt_sec=0.74 cum_wall_sec=84.0
20:56:00 | INFO    | src.training.finetune | STEP step=1010 loss=0.2320 dt_sec=3.14 cum_wall_sec=87.2
20:56:01 | INFO    | src.training.finetune | STEP step=1020 loss=0.1620 dt_sec=0.73 cum_wall_sec=87.9
20:56:02 | INFO    | src.training.finetune | STEP step=1030 loss=0.2227 dt_sec=0.73 cum_wall_sec=88.6
20:56:03 | INFO    | src.training.finetune | STEP step=1040 loss=0.1220 dt_sec=0.72 cum_wall_sec=89.4
20:56:03 | INFO    | src.training.finetune | STEP step=1050 loss=0.1792 dt_sec=0.73 cum_wall_sec=90.1
20:56:04 | INFO    | src.training.finetune | STEP step=1060 loss=0.1650 dt_sec=0.72 cum_wall_sec=90.8
20:56:05 | INFO    | src.training.finetune | STEP step=1070 loss=0.1449 dt_sec=0.92 cum_wall_sec=91.7
20:56:06 | INFO    | src.training.finetune | STEP step=1080 loss=0.1134 dt_sec=0.73 cum_wall_sec=92.4
20:56:06 | INFO    | src.training.finetune | STEP step=1090 loss=0.2114 dt_sec=0.74 cum_wall_sec=93.2
20:56:07 | INFO    | src.training.finetune | STEP step=1100 loss=0.1981 dt_sec=0.72 cum_wall_sec=93.9
20:56:08 | INFO    | src.training.finetune | STEP step=1110 loss=0.0917 dt_sec=0.72 cum_wall_sec=94.6
20:56:09 | INFO    | src.training.finetune | STEP step=1120 loss=0.1094 dt_sec=0.73 cum_wall_sec=95.4
20:56:09 | INFO    | src.training.finetune | STEP step=1130 loss=0.0933 dt_sec=0.72 cum_wall_sec=96.1
20:56:10 | INFO    | src.training.finetune | STEP step=1140 loss=0.1354 dt_sec=0.72 cum_wall_sec=96.8
20:56:11 | INFO    | src.training.finetune | STEP step=1150 loss=0.0787 dt_sec=0.71 cum_wall_sec=97.5
20:56:11 | INFO    | src.training.finetune | STEP step=1160 loss=0.0687 dt_sec=0.72 cum_wall_sec=98.2
20:56:12 | INFO    | src.training.finetune | STEP step=1170 loss=0.3232 dt_sec=0.74 cum_wall_sec=99.0
20:56:13 | INFO    | src.training.finetune | STEP step=1180 loss=0.2059 dt_sec=0.72 cum_wall_sec=99.7
20:56:14 | INFO    | src.training.finetune | STEP step=1190 loss=0.1803 dt_sec=0.73 cum_wall_sec=100.4
20:56:14 | INFO    | src.training.finetune | STEP step=1200 loss=0.1113 dt_sec=0.72 cum_wall_sec=101.1
20:56:17 | INFO    | src.training.finetune | STEP step=1210 loss=0.0869 dt_sec=3.10 cum_wall_sec=104.2
20:56:18 | INFO    | src.training.finetune | STEP step=1220 loss=0.1144 dt_sec=0.72 cum_wall_sec=105.0
20:56:19 | INFO    | src.training.finetune | STEP step=1230 loss=0.1705 dt_sec=0.73 cum_wall_sec=105.7
20:56:20 | INFO    | src.training.finetune | STEP step=1240 loss=0.1024 dt_sec=0.72 cum_wall_sec=106.4
20:56:20 | INFO    | src.training.finetune | STEP step=1250 loss=0.0241 dt_sec=0.72 cum_wall_sec=107.1
20:56:21 | INFO    | src.training.finetune | STEP step=1260 loss=0.1905 dt_sec=0.75 cum_wall_sec=107.9
20:56:22 | INFO    | src.training.finetune | STEP step=1270 loss=0.2205 dt_sec=0.76 cum_wall_sec=108.6
20:56:23 | INFO    | src.training.finetune | STEP step=1280 loss=0.0726 dt_sec=0.75 cum_wall_sec=109.4
20:56:23 | INFO    | src.training.finetune | STEP step=1290 loss=0.0778 dt_sec=0.76 cum_wall_sec=110.1
20:56:24 | INFO    | src.training.finetune | STEP step=1300 loss=0.1601 dt_sec=0.75 cum_wall_sec=110.9
20:56:25 | INFO    | src.training.finetune | STEP step=1310 loss=0.0835 dt_sec=0.76 cum_wall_sec=111.7
20:56:26 | INFO    | src.training.finetune | STEP step=1320 loss=0.0453 dt_sec=0.74 cum_wall_sec=112.4
20:56:26 | INFO    | src.training.finetune | STEP step=1330 loss=0.0481 dt_sec=0.76 cum_wall_sec=113.1
20:56:27 | INFO    | src.training.finetune | STEP step=1340 loss=0.1540 dt_sec=0.75 cum_wall_sec=113.9
20:56:28 | INFO    | src.training.finetune | STEP step=1350 loss=0.1274 dt_sec=0.76 cum_wall_sec=114.7
20:56:29 | INFO    | src.training.finetune | STEP step=1360 loss=0.0259 dt_sec=0.75 cum_wall_sec=115.4
20:56:29 | INFO    | src.training.finetune | STEP step=1370 loss=0.0253 dt_sec=0.76 cum_wall_sec=116.2
20:56:30 | INFO    | src.training.finetune | STEP step=1380 loss=0.0503 dt_sec=0.75 cum_wall_sec=116.9
20:56:31 | INFO    | src.training.finetune | STEP step=1390 loss=0.1386 dt_sec=0.75 cum_wall_sec=117.7
20:56:32 | INFO    | src.training.finetune | STEP step=1400 loss=0.0042 dt_sec=0.76 cum_wall_sec=118.4
20:56:35 | INFO    | src.training.finetune | STEP step=1410 loss=0.0778 dt_sec=3.25 cum_wall_sec=121.7
20:56:36 | INFO    | src.training.finetune | STEP step=1420 loss=0.0860 dt_sec=0.74 cum_wall_sec=122.4
20:56:36 | INFO    | src.training.finetune | STEP step=1430 loss=0.0636 dt_sec=0.75 cum_wall_sec=123.2
20:56:37 | INFO    | src.training.finetune | STEP step=1440 loss=0.0758 dt_sec=0.76 cum_wall_sec=123.9
20:56:38 | INFO    | src.training.finetune | STEP step=1450 loss=0.0955 dt_sec=0.75 cum_wall_sec=124.7
20:56:39 | INFO    | src.training.finetune | STEP step=1460 loss=0.1139 dt_sec=0.77 cum_wall_sec=125.4
20:56:39 | INFO    | src.training.finetune | STEP step=1470 loss=0.1301 dt_sec=0.73 cum_wall_sec=126.2
20:56:40 | INFO    | src.training.finetune | STEP step=1480 loss=0.0242 dt_sec=0.72 cum_wall_sec=126.9
20:56:41 | INFO    | src.training.finetune | STEP step=1490 loss=0.0663 dt_sec=0.72 cum_wall_sec=127.6
20:56:41 | INFO    | src.training.finetune | STEP step=1500 loss=0.0589 dt_sec=0.71 cum_wall_sec=128.3
20:56:42 | INFO    | src.training.finetune | STEP step=1510 loss=0.1046 dt_sec=0.71 cum_wall_sec=129.0
20:56:43 | INFO    | src.training.finetune | STEP step=1520 loss=0.0361 dt_sec=0.71 cum_wall_sec=129.7
20:56:44 | INFO    | src.training.finetune | STEP step=1530 loss=0.0500 dt_sec=0.72 cum_wall_sec=130.5
20:56:44 | INFO    | src.training.finetune | STEP step=1540 loss=0.0761 dt_sec=0.74 cum_wall_sec=131.2
20:56:45 | INFO    | src.training.finetune | STEP step=1550 loss=0.0388 dt_sec=0.72 cum_wall_sec=131.9
20:56:46 | INFO    | src.training.finetune | STEP step=1560 loss=0.0825 dt_sec=0.73 cum_wall_sec=132.7
20:56:47 | INFO    | src.training.finetune | STEP step=1570 loss=0.1077 dt_sec=1.16 cum_wall_sec=133.8
20:56:48 | INFO    | src.training.finetune | STEP step=1580 loss=0.0571 dt_sec=0.71 cum_wall_sec=134.5
20:56:48 | INFO    | src.training.finetune | STEP step=1590 loss=0.0541 dt_sec=0.71 cum_wall_sec=135.2
20:56:49 | INFO    | src.training.finetune | STEP step=1600 loss=0.0533 dt_sec=0.72 cum_wall_sec=136.0
20:56:52 | INFO    | src.training.finetune | STEP step=1610 loss=0.0312 dt_sec=2.97 cum_wall_sec=138.9
20:56:53 | INFO    | src.training.finetune | STEP step=1620 loss=0.0550 dt_sec=0.73 cum_wall_sec=139.7
20:56:54 | INFO    | src.training.finetune | STEP step=1630 loss=0.0451 dt_sec=0.73 cum_wall_sec=140.4
20:56:54 | INFO    | src.training.finetune | STEP step=1640 loss=0.0418 dt_sec=0.72 cum_wall_sec=141.1
20:56:55 | INFO    | src.training.finetune | STEP step=1650 loss=0.0435 dt_sec=0.72 cum_wall_sec=141.8
20:56:56 | INFO    | src.training.finetune | STEP step=1660 loss=0.1066 dt_sec=0.73 cum_wall_sec=142.6
20:56:56 | INFO    | src.training.finetune | STEP step=1670 loss=0.0690 dt_sec=0.73 cum_wall_sec=143.3
20:56:57 | INFO    | src.training.finetune | STEP step=1680 loss=0.0246 dt_sec=0.71 cum_wall_sec=144.0
20:56:58 | INFO    | src.training.finetune | STEP step=1690 loss=0.0197 dt_sec=0.73 cum_wall_sec=144.7
20:56:59 | INFO    | src.training.finetune | STEP step=1700 loss=0.0578 dt_sec=0.73 cum_wall_sec=145.4
20:56:59 | INFO    | src.training.finetune | STEP step=1710 loss=0.0505 dt_sec=0.72 cum_wall_sec=146.2
20:57:00 | INFO    | src.training.finetune | STEP step=1720 loss=0.0461 dt_sec=0.72 cum_wall_sec=146.9
20:57:01 | INFO    | src.training.finetune | STEP step=1730 loss=0.0625 dt_sec=0.72 cum_wall_sec=147.6
20:57:02 | INFO    | src.training.finetune | STEP step=1740 loss=0.0427 dt_sec=0.73 cum_wall_sec=148.3
20:57:02 | INFO    | src.training.finetune | STEP step=1750 loss=0.0650 dt_sec=0.73 cum_wall_sec=149.1
20:57:03 | INFO    | src.training.finetune | STEP step=1760 loss=0.0165 dt_sec=0.72 cum_wall_sec=149.8
20:57:04 | INFO    | src.training.finetune | STEP step=1770 loss=0.0003 dt_sec=0.71 cum_wall_sec=150.5
20:57:04 | INFO    | src.training.finetune | STEP step=1780 loss=0.0291 dt_sec=0.72 cum_wall_sec=151.2
20:57:05 | INFO    | src.training.finetune | STEP step=1790 loss=0.0224 dt_sec=0.72 cum_wall_sec=151.9
20:57:06 | INFO    | src.training.finetune | STEP step=1800 loss=0.0236 dt_sec=0.71 cum_wall_sec=152.6
20:57:09 | INFO    | src.training.finetune | STEP step=1810 loss=0.0340 dt_sec=3.19 cum_wall_sec=155.8
20:57:10 | INFO    | src.training.finetune | STEP step=1820 loss=0.0377 dt_sec=0.73 cum_wall_sec=156.6
20:57:10 | INFO    | src.training.finetune | STEP step=1830 loss=0.0272 dt_sec=0.73 cum_wall_sec=157.3
20:57:11 | INFO    | src.training.finetune | STEP step=1840 loss=0.0364 dt_sec=0.71 cum_wall_sec=158.0
20:57:12 | INFO    | src.training.finetune | STEP step=1850 loss=0.0421 dt_sec=0.73 cum_wall_sec=158.7
20:57:13 | INFO    | src.training.finetune | STEP step=1860 loss=0.0603 dt_sec=0.72 cum_wall_sec=159.4
20:57:13 | INFO    | src.training.finetune | STEP step=1870 loss=0.0527 dt_sec=0.72 cum_wall_sec=160.2
20:57:14 | INFO    | src.training.finetune | STEP step=1880 loss=0.0685 dt_sec=0.73 cum_wall_sec=160.9
20:57:15 | INFO    | src.training.finetune | STEP step=1890 loss=0.0547 dt_sec=0.71 cum_wall_sec=161.6
20:57:16 | INFO    | src.training.finetune | STEP step=1900 loss=0.0249 dt_sec=0.74 cum_wall_sec=162.3
20:57:16 | INFO    | src.training.finetune | STEP step=1910 loss=0.0399 dt_sec=0.73 cum_wall_sec=163.1
20:57:17 | INFO    | src.training.finetune | STEP step=1920 loss=0.0008 dt_sec=0.72 cum_wall_sec=163.8
20:57:18 | INFO    | src.training.finetune | STEP step=1930 loss=0.0442 dt_sec=0.72 cum_wall_sec=164.5
20:57:18 | INFO    | src.training.finetune | STEP step=1940 loss=0.0549 dt_sec=0.71 cum_wall_sec=165.2
20:57:19 | INFO    | src.training.finetune | STEP step=1950 loss=0.0427 dt_sec=0.71 cum_wall_sec=165.9
20:57:20 | INFO    | src.training.finetune | STEP step=1960 loss=0.0681 dt_sec=0.73 cum_wall_sec=166.7
20:57:21 | INFO    | src.training.finetune | STEP step=1970 loss=0.0113 dt_sec=0.71 cum_wall_sec=167.4
20:57:21 | INFO    | src.training.finetune | STEP step=1980 loss=0.0864 dt_sec=0.72 cum_wall_sec=168.1
20:57:22 | INFO    | src.training.finetune | STEP step=1990 loss=0.0150 dt_sec=0.75 cum_wall_sec=168.8
20:57:23 | INFO    | src.training.finetune | STEP step=2000 loss=0.0246 dt_sec=0.72 cum_wall_sec=169.6
20:57:26 | INFO    | src.training.finetune | STAGE=azerbaijani end ts=2026-09-08T20:57:26.056768+00:00 runtime_sec=172.9
20:57:27 | INFO    | src.training.finetune | Best checkpoint restored and verified: step 1400, val macro-F1 = 0.6884
