03:28:19 | INFO    | src.training.finetune | STAGE=turkish_intermediate cache_hit=true ts=2026-09-09T03:28:19.605808+00:00 path=artifacts/tr_stage_cache/base=xlmr__tok=original__tr=real__seed=2024__1e1b8a466d514538
03:28:19 | INFO    | src.training.finetune |   [AZ mərhələsi] 500 nümunə | 2 sinif | init=TR checkpoint
03:28:19 | INFO    | src.training.finetune | Task head reset: modules=['classifier'] params=592130 (encoder='roberta' untouched)
03:28:19 | INFO    | src.training.finetune | STAGE=azerbaijani start ts=2026-09-09T03:28:19.733277+00:00 n=500 n_classes=2
03:28:21 | INFO    | src.training.finetune | STEP step=10 loss=0.6922 dt_sec=0.74 cum_wall_sec=0.7
03:28:21 | INFO    | src.training.finetune | STEP step=20 loss=0.6883 dt_sec=0.68 cum_wall_sec=1.4
03:28:22 | INFO    | src.training.finetune | STEP step=30 loss=0.6498 dt_sec=0.69 cum_wall_sec=2.1
03:28:23 | INFO    | src.training.finetune | STEP step=40 loss=0.6125 dt_sec=0.68 cum_wall_sec=2.8
03:28:23 | INFO    | src.training.finetune | STEP step=50 loss=0.5719 dt_sec=0.67 cum_wall_sec=3.5
03:28:24 | INFO    | src.training.finetune | STEP step=60 loss=0.5326 dt_sec=0.68 cum_wall_sec=4.2
03:28:25 | INFO    | src.training.finetune | STEP step=70 loss=0.4437 dt_sec=0.68 cum_wall_sec=4.8
03:28:25 | INFO    | src.training.finetune | STEP step=80 loss=0.4221 dt_sec=0.69 cum_wall_sec=5.5
03:28:26 | INFO    | src.training.finetune | STEP step=90 loss=0.4193 dt_sec=0.69 cum_wall_sec=6.2
03:28:27 | INFO    | src.training.finetune | STEP step=100 loss=0.3511 dt_sec=0.68 cum_wall_sec=6.9
03:28:27 | INFO    | src.training.finetune | STEP step=110 loss=0.3532 dt_sec=0.69 cum_wall_sec=7.6
03:28:28 | INFO    | src.training.finetune | STEP step=120 loss=0.2412 dt_sec=0.69 cum_wall_sec=8.3
03:28:29 | INFO    | src.training.finetune | STEP step=130 loss=0.2808 dt_sec=0.68 cum_wall_sec=8.9
03:28:29 | INFO    | src.training.finetune | STEP step=140 loss=0.3120 dt_sec=0.69 cum_wall_sec=9.6
03:28:30 | INFO    | src.training.finetune | STEP step=150 loss=0.3080 dt_sec=0.68 cum_wall_sec=10.3
03:28:31 | INFO    | src.training.finetune | STEP step=160 loss=0.3177 dt_sec=0.69 cum_wall_sec=11.0
03:28:32 | INFO    | src.training.finetune | STEP step=170 loss=0.1346 dt_sec=0.69 cum_wall_sec=11.7
03:28:32 | INFO    | src.training.finetune | STEP step=180 loss=0.2121 dt_sec=0.69 cum_wall_sec=12.4
03:28:33 | INFO    | src.training.finetune | STEP step=190 loss=0.1247 dt_sec=0.69 cum_wall_sec=13.1
03:28:34 | INFO    | src.training.finetune | STEP step=200 loss=0.0501 dt_sec=0.69 cum_wall_sec=13.8
03:28:37 | INFO    | src.training.finetune | STEP step=210 loss=0.1410 dt_sec=3.06 cum_wall_sec=16.8
03:28:37 | INFO    | src.training.finetune | STEP step=220 loss=0.0742 dt_sec=0.68 cum_wall_sec=17.5
03:28:38 | INFO    | src.training.finetune | STEP step=230 loss=0.1867 dt_sec=0.70 cum_wall_sec=18.2
03:28:39 | INFO    | src.training.finetune | STEP step=240 loss=0.1960 dt_sec=0.68 cum_wall_sec=18.9
03:28:39 | INFO    | src.training.finetune | STEP step=250 loss=0.1584 dt_sec=0.70 cum_wall_sec=19.6
03:28:40 | INFO    | src.training.finetune | STEP step=260 loss=0.0365 dt_sec=0.68 cum_wall_sec=20.3
03:28:41 | INFO    | src.training.finetune | STEP step=270 loss=0.1091 dt_sec=0.70 cum_wall_sec=21.0
03:28:41 | INFO    | src.training.finetune | STEP step=280 loss=0.0936 dt_sec=0.68 cum_wall_sec=21.6
03:28:42 | INFO    | src.training.finetune | STEP step=290 loss=0.0833 dt_sec=0.69 cum_wall_sec=22.3
03:28:43 | INFO    | src.training.finetune | STEP step=300 loss=0.0866 dt_sec=0.70 cum_wall_sec=23.0
03:28:44 | INFO    | src.training.finetune | STEP step=310 loss=0.0720 dt_sec=0.69 cum_wall_sec=23.7
03:28:44 | INFO    | src.training.finetune | STEP step=320 loss=0.0258 dt_sec=0.68 cum_wall_sec=24.4
03:28:45 | INFO    | src.training.finetune | STEP step=330 loss=0.0664 dt_sec=0.69 cum_wall_sec=25.1
03:28:46 | INFO    | src.training.finetune | STEP step=340 loss=0.0502 dt_sec=0.69 cum_wall_sec=25.8
03:28:46 | INFO    | src.training.finetune | STEP step=350 loss=0.0500 dt_sec=0.68 cum_wall_sec=26.5
03:28:47 | INFO    | src.training.finetune | STEP step=360 loss=0.1034 dt_sec=0.69 cum_wall_sec=27.2
03:28:48 | INFO    | src.training.finetune | STEP step=370 loss=0.0554 dt_sec=0.69 cum_wall_sec=27.8
03:28:48 | INFO    | src.training.finetune | STEP step=380 loss=0.0657 dt_sec=0.69 cum_wall_sec=28.5
03:28:49 | INFO    | src.training.finetune | STEP step=390 loss=0.0696 dt_sec=0.69 cum_wall_sec=29.2
03:28:50 | INFO    | src.training.finetune | STEP step=400 loss=0.0135 dt_sec=0.69 cum_wall_sec=29.9
03:28:53 | INFO    | src.training.finetune | STEP step=410 loss=0.0432 dt_sec=3.05 cum_wall_sec=33.0
03:28:53 | INFO    | src.training.finetune | STEP step=420 loss=0.0133 dt_sec=0.69 cum_wall_sec=33.6
03:28:54 | INFO    | src.training.finetune | STEP step=430 loss=0.0042 dt_sec=0.69 cum_wall_sec=34.3
03:28:55 | INFO    | src.training.finetune | STEP step=440 loss=0.0645 dt_sec=0.69 cum_wall_sec=35.0
03:28:56 | INFO    | src.training.finetune | STEP step=450 loss=0.0058 dt_sec=0.69 cum_wall_sec=35.7
03:28:56 | INFO    | src.training.finetune | STEP step=460 loss=0.0252 dt_sec=0.69 cum_wall_sec=36.4
03:28:57 | INFO    | src.training.finetune | STEP step=470 loss=0.0571 dt_sec=0.69 cum_wall_sec=37.1
03:28:58 | INFO    | src.training.finetune | STEP step=480 loss=0.0011 dt_sec=0.68 cum_wall_sec=37.8
03:28:58 | INFO    | src.training.finetune | STEP step=490 loss=0.0007 dt_sec=0.70 cum_wall_sec=38.5
03:28:59 | INFO    | src.training.finetune | STEP step=500 loss=0.0249 dt_sec=0.68 cum_wall_sec=39.2
03:29:00 | INFO    | src.training.finetune | STEP step=510 loss=0.0249 dt_sec=0.68 cum_wall_sec=39.8
03:29:00 | INFO    | src.training.finetune | STEP step=520 loss=0.0263 dt_sec=0.69 cum_wall_sec=40.5
03:29:01 | INFO    | src.training.finetune | STEP step=530 loss=0.0083 dt_sec=0.68 cum_wall_sec=41.2
03:29:02 | INFO    | src.training.finetune | STEP step=540 loss=0.0005 dt_sec=0.69 cum_wall_sec=41.9
03:29:02 | INFO    | src.training.finetune | STEP step=550 loss=0.0235 dt_sec=0.68 cum_wall_sec=42.6
03:29:03 | INFO    | src.training.finetune | STEP step=560 loss=0.0003 dt_sec=0.68 cum_wall_sec=43.3
03:29:04 | INFO    | src.training.finetune | STEP step=570 loss=0.0013 dt_sec=0.69 cum_wall_sec=44.0
03:29:04 | INFO    | src.training.finetune | STEP step=580 loss=0.0088 dt_sec=0.69 cum_wall_sec=44.6
03:29:05 | INFO    | src.training.finetune | STEP step=590 loss=0.0421 dt_sec=0.69 cum_wall_sec=45.3
03:29:06 | INFO    | src.training.finetune | STEP step=600 loss=0.0121 dt_sec=0.68 cum_wall_sec=46.0
03:29:09 | INFO    | src.training.finetune | STEP step=610 loss=0.0002 dt_sec=3.46 cum_wall_sec=49.5
03:29:10 | INFO    | src.training.finetune | STEP step=620 loss=0.0008 dt_sec=0.70 cum_wall_sec=50.2
03:29:11 | INFO    | src.training.finetune | STEP step=630 loss=0.0315 dt_sec=0.69 cum_wall_sec=50.8
03:29:11 | INFO    | src.training.finetune | STEP step=640 loss=0.0011 dt_sec=0.69 cum_wall_sec=51.5
03:29:12 | INFO    | src.training.finetune | STEP step=650 loss=0.0650 dt_sec=0.68 cum_wall_sec=52.2
03:29:13 | INFO    | src.training.finetune | STEP step=660 loss=0.0202 dt_sec=0.69 cum_wall_sec=52.9
03:29:13 | INFO    | src.training.finetune | STEP step=670 loss=0.0316 dt_sec=0.69 cum_wall_sec=53.6
03:29:14 | INFO    | src.training.finetune | STEP step=680 loss=0.0252 dt_sec=0.69 cum_wall_sec=54.3
03:29:15 | INFO    | src.training.finetune | STEP step=690 loss=0.0683 dt_sec=0.69 cum_wall_sec=55.0
03:29:15 | INFO    | src.training.finetune | STEP step=700 loss=0.0796 dt_sec=0.69 cum_wall_sec=55.7
03:29:16 | INFO    | src.training.finetune | STEP step=710 loss=0.0004 dt_sec=0.68 cum_wall_sec=56.3
03:29:17 | INFO    | src.training.finetune | STEP step=720 loss=0.0010 dt_sec=0.69 cum_wall_sec=57.0
03:29:18 | INFO    | src.training.finetune | STEP step=730 loss=0.0003 dt_sec=0.69 cum_wall_sec=57.7
03:29:18 | INFO    | src.training.finetune | STEP step=740 loss=0.0003 dt_sec=0.69 cum_wall_sec=58.4
03:29:19 | INFO    | src.training.finetune | STEP step=750 loss=0.0276 dt_sec=0.69 cum_wall_sec=59.1
03:29:20 | INFO    | src.training.finetune | STEP step=760 loss=0.0059 dt_sec=0.68 cum_wall_sec=59.8
03:29:20 | INFO    | src.training.finetune | STEP step=770 loss=0.0130 dt_sec=0.68 cum_wall_sec=60.5
03:29:21 | INFO    | src.training.finetune | STEP step=780 loss=0.0004 dt_sec=0.68 cum_wall_sec=61.1
03:29:22 | INFO    | src.training.finetune | STEP step=790 loss=0.0259 dt_sec=0.67 cum_wall_sec=61.8
03:29:22 | INFO    | src.training.finetune | STEP step=800 loss=0.0247 dt_sec=0.69 cum_wall_sec=62.5
03:29:26 | INFO    | src.training.finetune | STEP step=810 loss=0.0002 dt_sec=3.26 cum_wall_sec=65.8
03:29:26 | INFO    | src.training.finetune | STEP step=820 loss=0.0128 dt_sec=0.67 cum_wall_sec=66.4
03:29:27 | INFO    | src.training.finetune | STEP step=830 loss=0.0263 dt_sec=0.68 cum_wall_sec=67.1
03:29:28 | INFO    | src.training.finetune | STEP step=840 loss=0.0004 dt_sec=0.69 cum_wall_sec=67.8
03:29:28 | INFO    | src.training.finetune | STEP step=850 loss=0.0003 dt_sec=0.68 cum_wall_sec=68.5
03:29:29 | INFO    | src.training.finetune | STEP step=860 loss=0.0002 dt_sec=0.69 cum_wall_sec=69.2
03:29:30 | INFO    | src.training.finetune | STEP step=870 loss=0.0002 dt_sec=0.69 cum_wall_sec=69.9
03:29:30 | INFO    | src.training.finetune | STEP step=880 loss=0.0002 dt_sec=0.68 cum_wall_sec=70.5
03:29:31 | INFO    | src.training.finetune | STEP step=890 loss=0.0002 dt_sec=0.69 cum_wall_sec=71.2
03:29:32 | INFO    | src.training.finetune | STEP step=900 loss=0.0380 dt_sec=0.68 cum_wall_sec=71.9
03:29:32 | INFO    | src.training.finetune | STEP step=910 loss=0.0233 dt_sec=0.69 cum_wall_sec=72.6
03:29:33 | INFO    | src.training.finetune | STEP step=920 loss=0.0002 dt_sec=0.68 cum_wall_sec=73.3
03:29:34 | INFO    | src.training.finetune | STEP step=930 loss=0.0002 dt_sec=0.68 cum_wall_sec=74.0
03:29:34 | INFO    | src.training.finetune | STEP step=940 loss=0.0002 dt_sec=0.68 cum_wall_sec=74.6
03:29:35 | INFO    | src.training.finetune | STEP step=950 loss=0.0031 dt_sec=0.68 cum_wall_sec=75.3
03:29:36 | INFO    | src.training.finetune | STEP step=960 loss=0.0002 dt_sec=0.68 cum_wall_sec=76.0
03:29:37 | INFO    | src.training.finetune | STEP step=970 loss=0.0017 dt_sec=0.69 cum_wall_sec=76.7
03:29:37 | INFO    | src.training.finetune | STEP step=980 loss=0.0160 dt_sec=0.68 cum_wall_sec=77.4
03:29:38 | INFO    | src.training.finetune | STEP step=990 loss=0.0001 dt_sec=0.69 cum_wall_sec=78.1
03:29:39 | INFO    | src.training.finetune | STEP step=1000 loss=0.0405 dt_sec=0.68 cum_wall_sec=78.7
03:29:42 | INFO    | src.training.finetune | STEP step=1010 loss=0.0001 dt_sec=3.28 cum_wall_sec=82.0
03:29:43 | INFO    | src.training.finetune | STEP step=1020 loss=0.0053 dt_sec=0.69 cum_wall_sec=82.7
03:29:43 | INFO    | src.training.finetune | STEP step=1030 loss=0.0001 dt_sec=0.68 cum_wall_sec=83.4
03:29:44 | INFO    | src.training.finetune | STEP step=1040 loss=0.0001 dt_sec=0.68 cum_wall_sec=84.1
03:29:45 | INFO    | src.training.finetune | STEP step=1050 loss=0.0001 dt_sec=0.69 cum_wall_sec=84.8
03:29:45 | INFO    | src.training.finetune | STEP step=1060 loss=0.0001 dt_sec=0.68 cum_wall_sec=85.4
03:29:46 | INFO    | src.training.finetune | STEP step=1070 loss=0.0002 dt_sec=0.68 cum_wall_sec=86.1
03:29:47 | INFO    | src.training.finetune | STEP step=1080 loss=0.0001 dt_sec=0.69 cum_wall_sec=86.8
03:29:47 | INFO    | src.training.finetune | STEP step=1090 loss=0.0001 dt_sec=0.69 cum_wall_sec=87.5
03:29:48 | INFO    | src.training.finetune | STEP step=1100 loss=0.0001 dt_sec=0.69 cum_wall_sec=88.2
03:29:49 | INFO    | src.training.finetune | STEP step=1110 loss=0.0001 dt_sec=0.68 cum_wall_sec=88.9
03:29:49 | INFO    | src.training.finetune | STEP step=1120 loss=0.0001 dt_sec=0.68 cum_wall_sec=89.5
03:29:50 | INFO    | src.training.finetune | STEP step=1130 loss=0.0001 dt_sec=0.69 cum_wall_sec=90.2
03:29:51 | INFO    | src.training.finetune | STEP step=1140 loss=0.0001 dt_sec=0.69 cum_wall_sec=90.9
03:29:51 | INFO    | src.training.finetune | STEP step=1150 loss=0.0001 dt_sec=0.68 cum_wall_sec=91.6
03:29:52 | INFO    | src.training.finetune | STEP step=1160 loss=0.0004 dt_sec=0.67 cum_wall_sec=92.3
03:29:53 | INFO    | src.training.finetune | STEP step=1170 loss=0.0001 dt_sec=0.70 cum_wall_sec=93.0
03:29:53 | INFO    | src.training.finetune | STEP step=1180 loss=0.0001 dt_sec=0.69 cum_wall_sec=93.7
03:29:54 | INFO    | src.training.finetune | STEP step=1190 loss=0.0272 dt_sec=0.68 cum_wall_sec=94.3
03:29:55 | INFO    | src.training.finetune | STEP step=1200 loss=0.0001 dt_sec=0.70 cum_wall_sec=95.0
03:29:58 | INFO    | src.training.finetune | STEP step=1210 loss=0.0001 dt_sec=3.44 cum_wall_sec=98.5
03:29:59 | INFO    | src.training.finetune | STEP step=1220 loss=0.0001 dt_sec=0.69 cum_wall_sec=99.2
03:30:00 | INFO    | src.training.finetune | STEP step=1230 loss=0.0278 dt_sec=0.69 cum_wall_sec=99.8
03:30:00 | INFO    | src.training.finetune | STEP step=1240 loss=0.0001 dt_sec=0.69 cum_wall_sec=100.5
03:30:01 | INFO    | src.training.finetune | STEP step=1250 loss=0.0001 dt_sec=0.68 cum_wall_sec=101.2
03:30:02 | INFO    | src.training.finetune | STEP step=1260 loss=0.0001 dt_sec=0.68 cum_wall_sec=101.9
03:30:02 | INFO    | src.training.finetune | STEP step=1270 loss=0.0001 dt_sec=0.68 cum_wall_sec=102.6
03:30:03 | INFO    | src.training.finetune | STEP step=1280 loss=0.0001 dt_sec=0.66 cum_wall_sec=103.2
03:30:04 | INFO    | src.training.finetune | STEP step=1290 loss=0.0001 dt_sec=0.66 cum_wall_sec=103.9
03:30:04 | INFO    | src.training.finetune | STEP step=1300 loss=0.0001 dt_sec=0.65 cum_wall_sec=104.6
03:30:05 | INFO    | src.training.finetune | STEP step=1310 loss=0.0001 dt_sec=0.66 cum_wall_sec=105.2
03:30:06 | INFO    | src.training.finetune | STEP step=1320 loss=0.0001 dt_sec=0.67 cum_wall_sec=105.9
03:30:06 | INFO    | src.training.finetune | STEP step=1330 loss=0.0001 dt_sec=0.65 cum_wall_sec=106.5
03:30:07 | INFO    | src.training.finetune | STEP step=1340 loss=0.0001 dt_sec=0.66 cum_wall_sec=107.2
03:30:08 | INFO    | src.training.finetune | STEP step=1350 loss=0.0001 dt_sec=0.66 cum_wall_sec=107.8
03:30:08 | INFO    | src.training.finetune | STEP step=1360 loss=0.0001 dt_sec=0.66 cum_wall_sec=108.5
03:30:09 | INFO    | src.training.finetune | STEP step=1370 loss=0.0009 dt_sec=0.66 cum_wall_sec=109.2
03:30:10 | INFO    | src.training.finetune | STEP step=1380 loss=0.0001 dt_sec=0.66 cum_wall_sec=109.8
03:30:10 | INFO    | src.training.finetune | STEP step=1390 loss=0.0001 dt_sec=0.65 cum_wall_sec=110.5
03:30:11 | INFO    | src.training.finetune | STEP step=1400 loss=0.0001 dt_sec=0.65 cum_wall_sec=111.1
03:30:14 | INFO    | src.training.finetune | STEP step=1410 loss=0.0001 dt_sec=3.24 cum_wall_sec=114.4
03:30:15 | INFO    | src.training.finetune | STEP step=1420 loss=0.0128 dt_sec=0.67 cum_wall_sec=115.0
03:30:16 | INFO    | src.training.finetune | STEP step=1430 loss=0.0001 dt_sec=0.65 cum_wall_sec=115.7
03:30:16 | INFO    | src.training.finetune | STEP step=1440 loss=0.0001 dt_sec=0.66 cum_wall_sec=116.3
03:30:17 | INFO    | src.training.finetune | STEP step=1450 loss=0.0001 dt_sec=0.67 cum_wall_sec=117.0
03:30:17 | INFO    | src.training.finetune | STEP step=1460 loss=0.0003 dt_sec=0.65 cum_wall_sec=117.7
03:30:18 | INFO    | src.training.finetune | STEP step=1470 loss=0.0001 dt_sec=0.66 cum_wall_sec=118.3
03:30:19 | INFO    | src.training.finetune | STEP step=1480 loss=0.0001 dt_sec=0.66 cum_wall_sec=119.0
03:30:19 | INFO    | src.training.finetune | STEP step=1490 loss=0.0001 dt_sec=0.64 cum_wall_sec=119.6
03:30:20 | INFO    | src.training.finetune | STEP step=1500 loss=0.0009 dt_sec=0.67 cum_wall_sec=120.3
03:30:21 | INFO    | src.training.finetune | STEP step=1510 loss=0.0001 dt_sec=0.65 cum_wall_sec=120.9
03:30:21 | INFO    | src.training.finetune | STEP step=1520 loss=0.0001 dt_sec=0.66 cum_wall_sec=121.6
03:30:22 | INFO    | src.training.finetune | STEP step=1530 loss=0.0001 dt_sec=0.66 cum_wall_sec=122.3
03:30:23 | INFO    | src.training.finetune | STEP step=1540 loss=0.0001 dt_sec=0.66 cum_wall_sec=122.9
03:30:23 | INFO    | src.training.finetune | STEP step=1550 loss=0.0001 dt_sec=0.66 cum_wall_sec=123.6
03:30:24 | INFO    | src.training.finetune | STEP step=1560 loss=0.0001 dt_sec=0.66 cum_wall_sec=124.2
03:30:25 | INFO    | src.training.finetune | STEP step=1570 loss=0.0001 dt_sec=0.66 cum_wall_sec=124.9
03:30:25 | INFO    | src.training.finetune | STEP step=1580 loss=0.0001 dt_sec=0.67 cum_wall_sec=125.6
03:30:26 | INFO    | src.training.finetune | STEP step=1590 loss=0.0001 dt_sec=0.76 cum_wall_sec=126.3
03:30:27 | INFO    | src.training.finetune | STEP step=1600 loss=0.0001 dt_sec=0.66 cum_wall_sec=127.0
03:30:30 | INFO    | src.training.finetune | STEP step=1610 loss=0.0001 dt_sec=3.33 cum_wall_sec=130.3
03:30:31 | INFO    | src.training.finetune | STEP step=1620 loss=0.0001 dt_sec=0.66 cum_wall_sec=131.0
03:30:31 | INFO    | src.training.finetune | STEP step=1630 loss=0.0001 dt_sec=0.66 cum_wall_sec=131.6
03:30:32 | INFO    | src.training.finetune | STEP step=1640 loss=0.0001 dt_sec=0.66 cum_wall_sec=132.3
03:30:33 | INFO    | src.training.finetune | STEP step=1650 loss=0.0001 dt_sec=0.66 cum_wall_sec=133.0
03:30:33 | INFO    | src.training.finetune | STEP step=1660 loss=0.0001 dt_sec=0.66 cum_wall_sec=133.6
03:30:34 | INFO    | src.training.finetune | STEP step=1670 loss=0.0001 dt_sec=0.66 cum_wall_sec=134.3
03:30:35 | INFO    | src.training.finetune | STEP step=1680 loss=0.0001 dt_sec=0.66 cum_wall_sec=134.9
03:30:35 | INFO    | src.training.finetune | STEP step=1690 loss=0.0001 dt_sec=0.66 cum_wall_sec=135.6
03:30:36 | INFO    | src.training.finetune | STEP step=1700 loss=0.0001 dt_sec=0.67 cum_wall_sec=136.3
03:30:37 | INFO    | src.training.finetune | STEP step=1710 loss=0.0001 dt_sec=0.66 cum_wall_sec=136.9
03:30:37 | INFO    | src.training.finetune | STEP step=1720 loss=0.0001 dt_sec=0.65 cum_wall_sec=137.6
03:30:38 | INFO    | src.training.finetune | STEP step=1730 loss=0.0002 dt_sec=0.66 cum_wall_sec=138.2
03:30:39 | INFO    | src.training.finetune | STEP step=1740 loss=0.0001 dt_sec=0.66 cum_wall_sec=138.9
03:30:39 | INFO    | src.training.finetune | STEP step=1750 loss=0.0281 dt_sec=0.66 cum_wall_sec=139.5
03:30:40 | INFO    | src.training.finetune | STEP step=1760 loss=0.0001 dt_sec=0.66 cum_wall_sec=140.2
03:30:41 | INFO    | src.training.finetune | STEP step=1770 loss=0.0001 dt_sec=0.66 cum_wall_sec=140.9
03:30:41 | INFO    | src.training.finetune | STEP step=1780 loss=0.0001 dt_sec=0.66 cum_wall_sec=141.5
03:30:42 | INFO    | src.training.finetune | STEP step=1790 loss=0.0001 dt_sec=0.66 cum_wall_sec=142.2
03:30:43 | INFO    | src.training.finetune | STEP step=1800 loss=0.0001 dt_sec=0.65 cum_wall_sec=142.8
03:30:46 | INFO    | src.training.finetune | STEP step=1810 loss=0.0004 dt_sec=3.27 cum_wall_sec=146.1
03:30:47 | INFO    | src.training.finetune | STEP step=1820 loss=0.0001 dt_sec=0.66 cum_wall_sec=146.8
03:30:47 | INFO    | src.training.finetune | STEP step=1830 loss=0.0001 dt_sec=0.66 cum_wall_sec=147.4
03:30:48 | INFO    | src.training.finetune | STEP step=1840 loss=0.0178 dt_sec=0.66 cum_wall_sec=148.1
03:30:49 | INFO    | src.training.finetune | STEP step=1850 loss=0.0001 dt_sec=0.66 cum_wall_sec=148.7
03:30:49 | INFO    | src.training.finetune | STEP step=1860 loss=0.0001 dt_sec=0.66 cum_wall_sec=149.4
03:30:50 | INFO    | src.training.finetune | STEP step=1870 loss=0.0000 dt_sec=0.66 cum_wall_sec=150.1
03:30:51 | INFO    | src.training.finetune | STEP step=1880 loss=0.0001 dt_sec=0.66 cum_wall_sec=150.7
03:30:51 | INFO    | src.training.finetune | STEP step=1890 loss=0.0001 dt_sec=0.66 cum_wall_sec=151.4
03:30:52 | INFO    | src.training.finetune | STEP step=1900 loss=0.0004 dt_sec=0.66 cum_wall_sec=152.1
03:30:53 | INFO    | src.training.finetune | STEP step=1910 loss=0.0001 dt_sec=0.66 cum_wall_sec=152.7
03:30:53 | INFO    | src.training.finetune | STEP step=1920 loss=0.0001 dt_sec=0.66 cum_wall_sec=153.4
03:30:54 | INFO    | src.training.finetune | STEP step=1930 loss=0.0001 dt_sec=0.66 cum_wall_sec=154.0
03:30:55 | INFO    | src.training.finetune | STEP step=1940 loss=0.0000 dt_sec=0.66 cum_wall_sec=154.7
03:30:55 | INFO    | src.training.finetune | STEP step=1950 loss=0.0000 dt_sec=0.65 cum_wall_sec=155.3
03:30:56 | INFO    | src.training.finetune | STEP step=1960 loss=0.0161 dt_sec=0.65 cum_wall_sec=156.0
03:30:56 | INFO    | src.training.finetune | STEP step=1970 loss=0.0001 dt_sec=0.66 cum_wall_sec=156.7
03:30:57 | INFO    | src.training.finetune | STEP step=1980 loss=0.0001 dt_sec=0.67 cum_wall_sec=157.3
03:30:58 | INFO    | src.training.finetune | STEP step=1990 loss=0.0001 dt_sec=0.65 cum_wall_sec=158.0
03:30:58 | INFO    | src.training.finetune | STEP step=2000 loss=0.0001 dt_sec=0.65 cum_wall_sec=158.6
03:31:02 | INFO    | src.training.finetune | STAGE=azerbaijani end ts=2026-09-09T03:31:02.008245+00:00 runtime_sec=162.3
03:31:03 | INFO    | src.training.finetune | Best checkpoint restored and verified: step 1400, val macro-F1 = 0.8117
