23:00:39 | INFO    | src.training.finetune | STAGE=turkish_intermediate cache_hit=true ts=2026-09-08T23:00:39.066254+00:00 path=artifacts/tr_stage_cache/base=xlmr__tok=original__tr=scrambled__seed=13__5a9553ee1c231e77
23:00:39 | INFO    | src.training.finetune |   [AZ mərhələsi] 2000 nümunə | 2 sinif | init=TR checkpoint
23:00:39 | INFO    | src.training.finetune | Task head reset: modules=['classifier'] params=592130 (encoder='roberta' untouched)
23:00:39 | INFO    | src.training.finetune | STAGE=azerbaijani start ts=2026-09-08T23:00:39.251099+00:00 n=2000 n_classes=2
23:00:40 | INFO    | src.training.finetune | STEP step=10 loss=0.7127 dt_sec=0.70 cum_wall_sec=0.7
23:00:41 | INFO    | src.training.finetune | STEP step=20 loss=0.7007 dt_sec=0.66 cum_wall_sec=1.4
23:00:41 | INFO    | src.training.finetune | STEP step=30 loss=0.6795 dt_sec=0.65 cum_wall_sec=2.0
23:00:42 | INFO    | src.training.finetune | STEP step=40 loss=0.6708 dt_sec=0.65 cum_wall_sec=2.7
23:00:43 | INFO    | src.training.finetune | STEP step=50 loss=0.6273 dt_sec=0.65 cum_wall_sec=3.3
23:00:43 | INFO    | src.training.finetune | STEP step=60 loss=0.6131 dt_sec=0.65 cum_wall_sec=4.0
23:00:44 | INFO    | src.training.finetune | STEP step=70 loss=0.5603 dt_sec=0.66 cum_wall_sec=4.6
23:00:45 | INFO    | src.training.finetune | STEP step=80 loss=0.5112 dt_sec=0.66 cum_wall_sec=5.3
23:00:45 | INFO    | src.training.finetune | STEP step=90 loss=0.5219 dt_sec=0.66 cum_wall_sec=6.0
23:00:46 | INFO    | src.training.finetune | STEP step=100 loss=0.5261 dt_sec=0.66 cum_wall_sec=6.6
23:00:47 | INFO    | src.training.finetune | STEP step=110 loss=0.4366 dt_sec=0.66 cum_wall_sec=7.3
23:00:47 | INFO    | src.training.finetune | STEP step=120 loss=0.4743 dt_sec=0.66 cum_wall_sec=7.9
23:00:48 | INFO    | src.training.finetune | STEP step=130 loss=0.4793 dt_sec=0.66 cum_wall_sec=8.6
23:00:49 | INFO    | src.training.finetune | STEP step=140 loss=0.4220 dt_sec=0.66 cum_wall_sec=9.3
23:00:49 | INFO    | src.training.finetune | STEP step=150 loss=0.4675 dt_sec=0.66 cum_wall_sec=9.9
23:00:50 | INFO    | src.training.finetune | STEP step=160 loss=0.4435 dt_sec=0.67 cum_wall_sec=10.6
23:00:51 | INFO    | src.training.finetune | STEP step=170 loss=0.3926 dt_sec=0.65 cum_wall_sec=11.2
23:00:51 | INFO    | src.training.finetune | STEP step=180 loss=0.4307 dt_sec=0.66 cum_wall_sec=11.9
23:00:52 | INFO    | src.training.finetune | STEP step=190 loss=0.4158 dt_sec=0.65 cum_wall_sec=12.6
23:00:53 | INFO    | src.training.finetune | STEP step=200 loss=0.3915 dt_sec=0.67 cum_wall_sec=13.2
23:00:56 | INFO    | src.training.finetune | STEP step=210 loss=0.3412 dt_sec=2.96 cum_wall_sec=16.2
23:00:56 | INFO    | src.training.finetune | STEP step=220 loss=0.3961 dt_sec=0.66 cum_wall_sec=16.8
23:00:57 | INFO    | src.training.finetune | STEP step=230 loss=0.3638 dt_sec=0.66 cum_wall_sec=17.5
23:00:58 | INFO    | src.training.finetune | STEP step=240 loss=0.3749 dt_sec=0.66 cum_wall_sec=18.2
23:00:58 | INFO    | src.training.finetune | STEP step=250 loss=0.2976 dt_sec=0.67 cum_wall_sec=18.8
23:00:59 | INFO    | src.training.finetune | STEP step=260 loss=0.2972 dt_sec=0.65 cum_wall_sec=19.5
23:00:59 | INFO    | src.training.finetune | STEP step=270 loss=0.3051 dt_sec=0.66 cum_wall_sec=20.1
23:01:00 | INFO    | src.training.finetune | STEP step=280 loss=0.3495 dt_sec=0.66 cum_wall_sec=20.8
23:01:01 | INFO    | src.training.finetune | STEP step=290 loss=0.2609 dt_sec=0.66 cum_wall_sec=21.5
23:01:01 | INFO    | src.training.finetune | STEP step=300 loss=0.2438 dt_sec=0.66 cum_wall_sec=22.1
23:01:02 | INFO    | src.training.finetune | STEP step=310 loss=0.2829 dt_sec=0.68 cum_wall_sec=22.8
23:01:03 | INFO    | src.training.finetune | STEP step=320 loss=0.3051 dt_sec=0.67 cum_wall_sec=23.5
23:01:03 | INFO    | src.training.finetune | STEP step=330 loss=0.2248 dt_sec=0.66 cum_wall_sec=24.1
23:01:04 | INFO    | src.training.finetune | STEP step=340 loss=0.2240 dt_sec=0.66 cum_wall_sec=24.8
23:01:05 | INFO    | src.training.finetune | STEP step=350 loss=0.2699 dt_sec=0.96 cum_wall_sec=25.7
23:01:06 | INFO    | src.training.finetune | STEP step=360 loss=0.2345 dt_sec=0.68 cum_wall_sec=26.4
23:01:06 | INFO    | src.training.finetune | STEP step=370 loss=0.2064 dt_sec=0.67 cum_wall_sec=27.1
23:01:07 | INFO    | src.training.finetune | STEP step=380 loss=0.2003 dt_sec=0.67 cum_wall_sec=27.8
23:01:08 | INFO    | src.training.finetune | STEP step=390 loss=0.1347 dt_sec=0.69 cum_wall_sec=28.5
23:01:09 | INFO    | src.training.finetune | STEP step=400 loss=0.2012 dt_sec=0.69 cum_wall_sec=29.2
23:01:12 | INFO    | src.training.finetune | STEP step=410 loss=0.1757 dt_sec=3.18 cum_wall_sec=32.3
23:01:12 | INFO    | src.training.finetune | STEP step=420 loss=0.1420 dt_sec=0.68 cum_wall_sec=33.0
23:01:13 | INFO    | src.training.finetune | STEP step=430 loss=0.1609 dt_sec=0.67 cum_wall_sec=33.7
23:01:14 | INFO    | src.training.finetune | STEP step=440 loss=0.1799 dt_sec=0.68 cum_wall_sec=34.4
23:01:14 | INFO    | src.training.finetune | STEP step=450 loss=0.1519 dt_sec=0.69 cum_wall_sec=35.1
23:01:15 | INFO    | src.training.finetune | STEP step=460 loss=0.2180 dt_sec=0.68 cum_wall_sec=35.7
23:01:16 | INFO    | src.training.finetune | STEP step=470 loss=0.2838 dt_sec=0.69 cum_wall_sec=36.4
23:01:16 | INFO    | src.training.finetune | STEP step=480 loss=0.2457 dt_sec=0.68 cum_wall_sec=37.1
23:01:17 | INFO    | src.training.finetune | STEP step=490 loss=0.1796 dt_sec=0.68 cum_wall_sec=37.8
23:01:18 | INFO    | src.training.finetune | STEP step=500 loss=0.1618 dt_sec=0.68 cum_wall_sec=38.5
23:01:18 | INFO    | src.training.finetune | STEP step=510 loss=0.1345 dt_sec=0.67 cum_wall_sec=39.1
23:01:19 | INFO    | src.training.finetune | STEP step=520 loss=0.1149 dt_sec=0.68 cum_wall_sec=39.8
23:01:20 | INFO    | src.training.finetune | STEP step=530 loss=0.0845 dt_sec=0.68 cum_wall_sec=40.5
23:01:21 | INFO    | src.training.finetune | STEP step=540 loss=0.1158 dt_sec=0.68 cum_wall_sec=41.2
23:01:21 | INFO    | src.training.finetune | STEP step=550 loss=0.1824 dt_sec=0.69 cum_wall_sec=41.9
23:01:22 | INFO    | src.training.finetune | STEP step=560 loss=0.1663 dt_sec=0.68 cum_wall_sec=42.5
23:01:23 | INFO    | src.training.finetune | STEP step=570 loss=0.0806 dt_sec=0.68 cum_wall_sec=43.2
23:01:23 | INFO    | src.training.finetune | STEP step=580 loss=0.1639 dt_sec=0.68 cum_wall_sec=43.9
23:01:24 | INFO    | src.training.finetune | STEP step=590 loss=0.1150 dt_sec=0.69 cum_wall_sec=44.6
23:01:25 | INFO    | src.training.finetune | STEP step=600 loss=0.0936 dt_sec=0.69 cum_wall_sec=45.3
23:01:28 | INFO    | src.training.finetune | STEP step=610 loss=0.1383 dt_sec=3.00 cum_wall_sec=48.3
23:01:28 | INFO    | src.training.finetune | STEP step=620 loss=0.1199 dt_sec=0.69 cum_wall_sec=49.0
23:01:29 | INFO    | src.training.finetune | STEP step=630 loss=0.0725 dt_sec=0.68 cum_wall_sec=49.6
23:01:30 | INFO    | src.training.finetune | STEP step=640 loss=0.0737 dt_sec=0.69 cum_wall_sec=50.3
23:01:30 | INFO    | src.training.finetune | STEP step=650 loss=0.1055 dt_sec=0.69 cum_wall_sec=51.0
23:01:31 | INFO    | src.training.finetune | STEP step=660 loss=0.0587 dt_sec=0.68 cum_wall_sec=51.7
23:01:32 | INFO    | src.training.finetune | STEP step=670 loss=0.1072 dt_sec=0.69 cum_wall_sec=52.4
23:01:32 | INFO    | src.training.finetune | STEP step=680 loss=0.0935 dt_sec=0.68 cum_wall_sec=53.1
23:01:33 | INFO    | src.training.finetune | STEP step=690 loss=0.0841 dt_sec=0.68 cum_wall_sec=53.7
23:01:34 | INFO    | src.training.finetune | STEP step=700 loss=0.0827 dt_sec=0.68 cum_wall_sec=54.4
23:01:34 | INFO    | src.training.finetune | STEP step=710 loss=0.1144 dt_sec=0.67 cum_wall_sec=55.1
23:01:35 | INFO    | src.training.finetune | STEP step=720 loss=0.0302 dt_sec=0.68 cum_wall_sec=55.8
23:01:36 | INFO    | src.training.finetune | STEP step=730 loss=0.0260 dt_sec=0.69 cum_wall_sec=56.5
23:01:37 | INFO    | src.training.finetune | STEP step=740 loss=0.1648 dt_sec=0.68 cum_wall_sec=57.2
23:01:37 | INFO    | src.training.finetune | STEP step=750 loss=0.1534 dt_sec=0.68 cum_wall_sec=57.8
23:01:38 | INFO    | src.training.finetune | STEP step=760 loss=0.0410 dt_sec=0.68 cum_wall_sec=58.5
23:01:39 | INFO    | src.training.finetune | STEP step=770 loss=0.0538 dt_sec=0.69 cum_wall_sec=59.2
23:01:39 | INFO    | src.training.finetune | STEP step=780 loss=0.0854 dt_sec=0.67 cum_wall_sec=59.9
23:01:40 | INFO    | src.training.finetune | STEP step=790 loss=0.0286 dt_sec=0.69 cum_wall_sec=60.6
23:01:41 | INFO    | src.training.finetune | STEP step=800 loss=0.0287 dt_sec=0.69 cum_wall_sec=61.3
23:01:45 | INFO    | src.training.finetune | STEP step=810 loss=0.0627 dt_sec=3.91 cum_wall_sec=65.2
23:01:45 | INFO    | src.training.finetune | STEP step=820 loss=0.0659 dt_sec=0.67 cum_wall_sec=65.9
23:01:46 | INFO    | src.training.finetune | STEP step=830 loss=0.0364 dt_sec=0.68 cum_wall_sec=66.5
23:01:47 | INFO    | src.training.finetune | STEP step=840 loss=0.0285 dt_sec=0.68 cum_wall_sec=67.2
23:01:47 | INFO    | src.training.finetune | STEP step=850 loss=0.0367 dt_sec=0.68 cum_wall_sec=67.9
23:01:48 | INFO    | src.training.finetune | STEP step=860 loss=0.0019 dt_sec=0.69 cum_wall_sec=68.6
23:01:49 | INFO    | src.training.finetune | STEP step=870 loss=0.0592 dt_sec=0.69 cum_wall_sec=69.3
23:01:49 | INFO    | src.training.finetune | STEP step=880 loss=0.0938 dt_sec=0.69 cum_wall_sec=70.0
23:01:50 | INFO    | src.training.finetune | STEP step=890 loss=0.1505 dt_sec=0.68 cum_wall_sec=70.6
23:01:51 | INFO    | src.training.finetune | STEP step=900 loss=0.0577 dt_sec=0.68 cum_wall_sec=71.3
23:01:51 | INFO    | src.training.finetune | STEP step=910 loss=0.0858 dt_sec=0.68 cum_wall_sec=72.0
23:01:52 | INFO    | src.training.finetune | STEP step=920 loss=0.0062 dt_sec=0.68 cum_wall_sec=72.7
23:01:53 | INFO    | src.training.finetune | STEP step=930 loss=0.0735 dt_sec=0.68 cum_wall_sec=73.4
23:01:53 | INFO    | src.training.finetune | STEP step=940 loss=0.0578 dt_sec=0.68 cum_wall_sec=74.0
23:01:54 | INFO    | src.training.finetune | STEP step=950 loss=0.1238 dt_sec=0.68 cum_wall_sec=74.7
23:01:55 | INFO    | src.training.finetune | STEP step=960 loss=0.0386 dt_sec=0.68 cum_wall_sec=75.4
23:01:55 | INFO    | src.training.finetune | STEP step=970 loss=0.0398 dt_sec=0.68 cum_wall_sec=76.1
23:01:56 | INFO    | src.training.finetune | STEP step=980 loss=0.0180 dt_sec=0.67 cum_wall_sec=76.7
23:01:57 | INFO    | src.training.finetune | STEP step=990 loss=0.0150 dt_sec=0.67 cum_wall_sec=77.4
23:01:57 | INFO    | src.training.finetune | STEP step=1000 loss=0.0402 dt_sec=0.68 cum_wall_sec=78.1
23:02:01 | INFO    | src.training.finetune | STEP step=1010 loss=0.0026 dt_sec=3.50 cum_wall_sec=81.6
23:02:02 | INFO    | src.training.finetune | STEP step=1020 loss=0.0293 dt_sec=0.68 cum_wall_sec=82.3
23:02:02 | INFO    | src.training.finetune | STEP step=1030 loss=0.0134 dt_sec=0.68 cum_wall_sec=83.0
23:02:03 | INFO    | src.training.finetune | STEP step=1040 loss=0.0563 dt_sec=0.68 cum_wall_sec=83.6
23:02:04 | INFO    | src.training.finetune | STEP step=1050 loss=0.0428 dt_sec=0.68 cum_wall_sec=84.3
23:02:04 | INFO    | src.training.finetune | STEP step=1060 loss=0.0345 dt_sec=0.67 cum_wall_sec=85.0
23:02:05 | INFO    | src.training.finetune | STEP step=1070 loss=0.0608 dt_sec=0.68 cum_wall_sec=85.7
23:02:06 | INFO    | src.training.finetune | STEP step=1080 loss=0.0517 dt_sec=0.68 cum_wall_sec=86.3
23:02:06 | INFO    | src.training.finetune | STEP step=1090 loss=0.0734 dt_sec=0.68 cum_wall_sec=87.0
23:02:07 | INFO    | src.training.finetune | STEP step=1100 loss=0.0425 dt_sec=0.68 cum_wall_sec=87.7
23:02:08 | INFO    | src.training.finetune | STEP step=1110 loss=0.0020 dt_sec=0.69 cum_wall_sec=88.4
23:02:08 | INFO    | src.training.finetune | STEP step=1120 loss=0.1110 dt_sec=0.67 cum_wall_sec=89.1
23:02:09 | INFO    | src.training.finetune | STEP step=1130 loss=0.0233 dt_sec=0.67 cum_wall_sec=89.7
23:02:10 | INFO    | src.training.finetune | STEP step=1140 loss=0.0065 dt_sec=0.67 cum_wall_sec=90.4
23:02:10 | INFO    | src.training.finetune | STEP step=1150 loss=0.0340 dt_sec=0.68 cum_wall_sec=91.1
23:02:11 | INFO    | src.training.finetune | STEP step=1160 loss=0.0119 dt_sec=0.68 cum_wall_sec=91.8
23:02:12 | INFO    | src.training.finetune | STEP step=1170 loss=0.0368 dt_sec=0.67 cum_wall_sec=92.4
23:02:12 | INFO    | src.training.finetune | STEP step=1180 loss=0.0272 dt_sec=0.67 cum_wall_sec=93.1
23:02:13 | INFO    | src.training.finetune | STEP step=1190 loss=0.0426 dt_sec=0.68 cum_wall_sec=93.8
23:02:14 | INFO    | src.training.finetune | STEP step=1200 loss=0.0368 dt_sec=0.68 cum_wall_sec=94.5
23:02:17 | INFO    | src.training.finetune | STEP step=1210 loss=0.0157 dt_sec=2.96 cum_wall_sec=97.4
23:02:17 | INFO    | src.training.finetune | STEP step=1220 loss=0.0431 dt_sec=0.68 cum_wall_sec=98.1
23:02:18 | INFO    | src.training.finetune | STEP step=1230 loss=0.0112 dt_sec=0.68 cum_wall_sec=98.8
23:02:19 | INFO    | src.training.finetune | STEP step=1240 loss=0.0218 dt_sec=0.68 cum_wall_sec=99.5
23:02:19 | INFO    | src.training.finetune | STEP step=1250 loss=0.0260 dt_sec=0.68 cum_wall_sec=100.1
23:02:20 | INFO    | src.training.finetune | STEP step=1260 loss=0.0638 dt_sec=0.68 cum_wall_sec=100.8
23:02:21 | INFO    | src.training.finetune | STEP step=1270 loss=0.0491 dt_sec=0.68 cum_wall_sec=101.5
23:02:22 | INFO    | src.training.finetune | STEP step=1280 loss=0.0312 dt_sec=0.68 cum_wall_sec=102.2
23:02:22 | INFO    | src.training.finetune | STEP step=1290 loss=0.0017 dt_sec=0.68 cum_wall_sec=102.9
23:02:23 | INFO    | src.training.finetune | STEP step=1300 loss=0.0116 dt_sec=0.68 cum_wall_sec=103.5
23:02:24 | INFO    | src.training.finetune | STEP step=1310 loss=0.0232 dt_sec=0.68 cum_wall_sec=104.2
23:02:24 | INFO    | src.training.finetune | STEP step=1320 loss=0.0044 dt_sec=0.68 cum_wall_sec=104.9
23:02:25 | INFO    | src.training.finetune | STEP step=1330 loss=0.0508 dt_sec=0.67 cum_wall_sec=105.6
23:02:26 | INFO    | src.training.finetune | STEP step=1340 loss=0.0008 dt_sec=0.68 cum_wall_sec=106.2
23:02:26 | INFO    | src.training.finetune | STEP step=1350 loss=0.0009 dt_sec=0.78 cum_wall_sec=107.0
23:02:27 | INFO    | src.training.finetune | STEP step=1360 loss=0.0107 dt_sec=0.66 cum_wall_sec=107.7
23:02:28 | INFO    | src.training.finetune | STEP step=1370 loss=0.0003 dt_sec=0.68 cum_wall_sec=108.4
23:02:28 | INFO    | src.training.finetune | STEP step=1380 loss=0.0022 dt_sec=0.68 cum_wall_sec=109.1
23:02:29 | INFO    | src.training.finetune | STEP step=1390 loss=0.0474 dt_sec=0.88 cum_wall_sec=109.9
23:02:30 | INFO    | src.training.finetune | STEP step=1400 loss=0.0092 dt_sec=0.67 cum_wall_sec=110.6
23:02:33 | INFO    | src.training.finetune | STEP step=1410 loss=0.0177 dt_sec=3.15 cum_wall_sec=113.8
23:02:34 | INFO    | src.training.finetune | STEP step=1420 loss=0.0204 dt_sec=0.65 cum_wall_sec=114.4
23:02:34 | INFO    | src.training.finetune | STEP step=1430 loss=0.0224 dt_sec=0.66 cum_wall_sec=115.1
23:02:35 | INFO    | src.training.finetune | STEP step=1440 loss=0.0027 dt_sec=0.67 cum_wall_sec=115.7
23:02:36 | INFO    | src.training.finetune | STEP step=1450 loss=0.0235 dt_sec=0.65 cum_wall_sec=116.4
23:02:36 | INFO    | src.training.finetune | STEP step=1460 loss=0.0138 dt_sec=0.66 cum_wall_sec=117.0
23:02:37 | INFO    | src.training.finetune | STEP step=1470 loss=0.0432 dt_sec=0.77 cum_wall_sec=117.8
23:02:38 | INFO    | src.training.finetune | STEP step=1480 loss=0.0211 dt_sec=0.66 cum_wall_sec=118.5
23:02:38 | INFO    | src.training.finetune | STEP step=1490 loss=0.0010 dt_sec=0.65 cum_wall_sec=119.1
23:02:39 | INFO    | src.training.finetune | STEP step=1500 loss=0.0005 dt_sec=0.65 cum_wall_sec=119.8
23:02:40 | INFO    | src.training.finetune | STEP step=1510 loss=0.0041 dt_sec=0.66 cum_wall_sec=120.4
23:02:40 | INFO    | src.training.finetune | STEP step=1520 loss=0.0003 dt_sec=0.66 cum_wall_sec=121.1
23:02:41 | INFO    | src.training.finetune | STEP step=1530 loss=0.0003 dt_sec=0.65 cum_wall_sec=121.7
23:02:42 | INFO    | src.training.finetune | STEP step=1540 loss=0.0003 dt_sec=0.65 cum_wall_sec=122.4
23:02:42 | INFO    | src.training.finetune | STEP step=1550 loss=0.0003 dt_sec=0.66 cum_wall_sec=123.0
23:02:43 | INFO    | src.training.finetune | STEP step=1560 loss=0.0274 dt_sec=0.65 cum_wall_sec=123.7
23:02:44 | INFO    | src.training.finetune | STEP step=1570 loss=0.0003 dt_sec=0.65 cum_wall_sec=124.3
23:02:44 | INFO    | src.training.finetune | STEP step=1580 loss=0.0197 dt_sec=0.65 cum_wall_sec=125.0
23:02:45 | INFO    | src.training.finetune | STEP step=1590 loss=0.0002 dt_sec=0.65 cum_wall_sec=125.6
23:02:46 | INFO    | src.training.finetune | STEP step=1600 loss=0.0002 dt_sec=0.65 cum_wall_sec=126.3
23:02:49 | INFO    | src.training.finetune | STEP step=1610 loss=0.0264 dt_sec=3.16 cum_wall_sec=129.5
23:02:49 | INFO    | src.training.finetune | STEP step=1620 loss=0.0011 dt_sec=0.65 cum_wall_sec=130.1
23:02:50 | INFO    | src.training.finetune | STEP step=1630 loss=0.0002 dt_sec=0.65 cum_wall_sec=130.8
23:02:51 | INFO    | src.training.finetune | STEP step=1640 loss=0.0058 dt_sec=0.66 cum_wall_sec=131.4
23:02:51 | INFO    | src.training.finetune | STEP step=1650 loss=0.0140 dt_sec=0.66 cum_wall_sec=132.1
23:02:52 | INFO    | src.training.finetune | STEP step=1660 loss=0.0002 dt_sec=0.66 cum_wall_sec=132.7
23:02:53 | INFO    | src.training.finetune | STEP step=1670 loss=0.0038 dt_sec=0.65 cum_wall_sec=133.4
23:02:53 | INFO    | src.training.finetune | STEP step=1680 loss=0.0164 dt_sec=0.66 cum_wall_sec=134.1
23:02:54 | INFO    | src.training.finetune | STEP step=1690 loss=0.0144 dt_sec=0.64 cum_wall_sec=134.7
23:02:55 | INFO    | src.training.finetune | STEP step=1700 loss=0.0236 dt_sec=0.66 cum_wall_sec=135.4
23:02:55 | INFO    | src.training.finetune | STEP step=1710 loss=0.0002 dt_sec=0.66 cum_wall_sec=136.0
23:02:56 | INFO    | src.training.finetune | STEP step=1720 loss=0.0002 dt_sec=0.65 cum_wall_sec=136.7
23:02:57 | INFO    | src.training.finetune | STEP step=1730 loss=0.0002 dt_sec=0.66 cum_wall_sec=137.3
23:02:57 | INFO    | src.training.finetune | STEP step=1740 loss=0.0238 dt_sec=0.65 cum_wall_sec=138.0
23:02:58 | INFO    | src.training.finetune | STEP step=1750 loss=0.0029 dt_sec=0.66 cum_wall_sec=138.6
23:02:59 | INFO    | src.training.finetune | STEP step=1760 loss=0.0018 dt_sec=0.66 cum_wall_sec=139.3
23:02:59 | INFO    | src.training.finetune | STEP step=1770 loss=0.0236 dt_sec=0.65 cum_wall_sec=139.9
23:03:00 | INFO    | src.training.finetune | STEP step=1780 loss=0.0148 dt_sec=0.65 cum_wall_sec=140.6
23:03:01 | INFO    | src.training.finetune | STEP step=1790 loss=0.0056 dt_sec=0.66 cum_wall_sec=141.2
23:03:01 | INFO    | src.training.finetune | STEP step=1800 loss=0.0270 dt_sec=0.66 cum_wall_sec=141.9
23:03:04 | INFO    | src.training.finetune | STEP step=1810 loss=0.0050 dt_sec=3.15 cum_wall_sec=145.1
23:03:05 | INFO    | src.training.finetune | STEP step=1820 loss=0.0006 dt_sec=0.66 cum_wall_sec=145.7
23:03:06 | INFO    | src.training.finetune | STEP step=1830 loss=0.0002 dt_sec=0.65 cum_wall_sec=146.4
23:03:06 | INFO    | src.training.finetune | STEP step=1840 loss=0.0002 dt_sec=0.67 cum_wall_sec=147.0
23:03:07 | INFO    | src.training.finetune | STEP step=1850 loss=0.0083 dt_sec=0.65 cum_wall_sec=147.7
23:03:08 | INFO    | src.training.finetune | STEP step=1860 loss=0.0242 dt_sec=0.66 cum_wall_sec=148.3
23:03:08 | INFO    | src.training.finetune | STEP step=1870 loss=0.0002 dt_sec=0.65 cum_wall_sec=149.0
23:03:09 | INFO    | src.training.finetune | STEP step=1880 loss=0.0157 dt_sec=0.66 cum_wall_sec=149.6
23:03:10 | INFO    | src.training.finetune | STEP step=1890 loss=0.0457 dt_sec=0.65 cum_wall_sec=150.3
23:03:10 | INFO    | src.training.finetune | STEP step=1900 loss=0.0040 dt_sec=0.66 cum_wall_sec=151.0
23:03:11 | INFO    | src.training.finetune | STEP step=1910 loss=0.0442 dt_sec=0.65 cum_wall_sec=151.6
23:03:12 | INFO    | src.training.finetune | STEP step=1920 loss=0.0170 dt_sec=0.66 cum_wall_sec=152.3
23:03:12 | INFO    | src.training.finetune | STEP step=1930 loss=0.0002 dt_sec=0.65 cum_wall_sec=152.9
23:03:13 | INFO    | src.training.finetune | STEP step=1940 loss=0.0253 dt_sec=0.67 cum_wall_sec=153.6
23:03:14 | INFO    | src.training.finetune | STEP step=1950 loss=0.0003 dt_sec=0.66 cum_wall_sec=154.2
23:03:14 | INFO    | src.training.finetune | STEP step=1960 loss=0.0002 dt_sec=0.66 cum_wall_sec=154.9
23:03:15 | INFO    | src.training.finetune | STEP step=1970 loss=0.0003 dt_sec=0.65 cum_wall_sec=155.6
23:03:16 | INFO    | src.training.finetune | STEP step=1980 loss=0.0002 dt_sec=0.66 cum_wall_sec=156.2
23:03:16 | INFO    | src.training.finetune | STEP step=1990 loss=0.0003 dt_sec=0.65 cum_wall_sec=156.9
23:03:17 | INFO    | src.training.finetune | STEP step=2000 loss=0.0002 dt_sec=0.66 cum_wall_sec=157.5
23:03:20 | INFO    | src.training.finetune | STAGE=azerbaijani end ts=2026-09-08T23:03:20.533719+00:00 runtime_sec=161.3
23:03:21 | INFO    | src.training.finetune | Best checkpoint restored and verified: step 1000, val macro-F1 = 0.8255
