20:17:00 | INFO    | src.training.finetune |   [AZ mərhələsi] 2000 nümunə | 2 sinif | init=baza
20:17:00 | INFO    | src.training.finetune | Task head reset: modules=['sequence_summary'] params=2050 (encoder='transformer' untouched)
20:17:00 | INFO    | src.training.finetune | STAGE=azerbaijani start ts=2026-09-08T20:17:00.480497+00:00 n=2000 n_classes=2
20:17:01 | INFO    | src.training.finetune | STEP step=10 loss=6.0819 dt_sec=0.82 cum_wall_sec=0.8
20:17:02 | INFO    | src.training.finetune | STEP step=20 loss=4.2481 dt_sec=0.75 cum_wall_sec=1.6
20:17:03 | INFO    | src.training.finetune | STEP step=30 loss=3.0584 dt_sec=0.76 cum_wall_sec=2.3
20:17:04 | INFO    | src.training.finetune | STEP step=40 loss=2.3868 dt_sec=0.76 cum_wall_sec=3.1
20:17:05 | INFO    | src.training.finetune | STEP step=50 loss=2.4888 dt_sec=0.75 cum_wall_sec=3.8
20:17:05 | INFO    | src.training.finetune | STEP step=60 loss=2.4506 dt_sec=0.75 cum_wall_sec=4.6
20:17:06 | INFO    | src.training.finetune | STEP step=70 loss=2.5940 dt_sec=0.75 cum_wall_sec=5.4
20:17:07 | INFO    | src.training.finetune | STEP step=80 loss=2.2589 dt_sec=0.74 cum_wall_sec=6.1
20:17:08 | INFO    | src.training.finetune | STEP step=90 loss=1.6978 dt_sec=0.76 cum_wall_sec=6.9
20:17:08 | INFO    | src.training.finetune | STEP step=100 loss=1.2598 dt_sec=0.75 cum_wall_sec=7.6
20:17:09 | INFO    | src.training.finetune | STEP step=110 loss=1.3637 dt_sec=0.75 cum_wall_sec=8.4
20:17:10 | INFO    | src.training.finetune | STEP step=120 loss=1.4021 dt_sec=0.76 cum_wall_sec=9.1
20:17:11 | INFO    | src.training.finetune | STEP step=130 loss=1.3009 dt_sec=0.75 cum_wall_sec=9.9
20:17:11 | INFO    | src.training.finetune | STEP step=140 loss=1.2643 dt_sec=0.77 cum_wall_sec=10.6
20:17:12 | INFO    | src.training.finetune | STEP step=150 loss=1.1298 dt_sec=0.75 cum_wall_sec=11.4
20:17:13 | INFO    | src.training.finetune | STEP step=160 loss=1.0748 dt_sec=0.74 cum_wall_sec=12.1
20:17:14 | INFO    | src.training.finetune | STEP step=170 loss=1.0449 dt_sec=0.73 cum_wall_sec=12.9
20:17:14 | INFO    | src.training.finetune | STEP step=180 loss=1.3654 dt_sec=0.75 cum_wall_sec=13.6
20:17:15 | INFO    | src.training.finetune | STEP step=190 loss=0.9959 dt_sec=0.75 cum_wall_sec=14.4
20:17:16 | INFO    | src.training.finetune | STEP step=200 loss=1.1351 dt_sec=0.76 cum_wall_sec=15.1
20:17:19 | INFO    | src.training.finetune | STEP step=210 loss=1.1295 dt_sec=3.08 cum_wall_sec=18.2
20:17:20 | INFO    | src.training.finetune | STEP step=220 loss=1.0119 dt_sec=0.75 cum_wall_sec=19.0
20:17:20 | INFO    | src.training.finetune | STEP step=230 loss=0.9398 dt_sec=0.76 cum_wall_sec=19.7
20:17:21 | INFO    | src.training.finetune | STEP step=240 loss=0.9685 dt_sec=0.75 cum_wall_sec=20.5
20:17:22 | INFO    | src.training.finetune | STEP step=250 loss=0.8730 dt_sec=0.75 cum_wall_sec=21.2
20:17:23 | INFO    | src.training.finetune | STEP step=260 loss=0.9065 dt_sec=0.76 cum_wall_sec=22.0
20:17:23 | INFO    | src.training.finetune | STEP step=270 loss=0.9722 dt_sec=0.74 cum_wall_sec=22.7
20:17:24 | INFO    | src.training.finetune | STEP step=280 loss=0.9717 dt_sec=0.75 cum_wall_sec=23.5
20:17:25 | INFO    | src.training.finetune | STEP step=290 loss=0.9441 dt_sec=0.77 cum_wall_sec=24.2
20:17:26 | INFO    | src.training.finetune | STEP step=300 loss=1.2418 dt_sec=0.76 cum_wall_sec=25.0
20:17:26 | INFO    | src.training.finetune | STEP step=310 loss=1.1527 dt_sec=0.75 cum_wall_sec=25.8
20:17:27 | INFO    | src.training.finetune | STEP step=320 loss=0.9686 dt_sec=0.76 cum_wall_sec=26.5
20:17:28 | INFO    | src.training.finetune | STEP step=330 loss=0.8620 dt_sec=0.75 cum_wall_sec=27.3
20:17:29 | INFO    | src.training.finetune | STEP step=340 loss=0.9507 dt_sec=0.76 cum_wall_sec=28.0
20:17:29 | INFO    | src.training.finetune | STEP step=350 loss=0.8379 dt_sec=0.76 cum_wall_sec=28.8
20:17:30 | INFO    | src.training.finetune | STEP step=360 loss=0.8055 dt_sec=0.75 cum_wall_sec=29.5
20:17:31 | INFO    | src.training.finetune | STEP step=370 loss=0.7813 dt_sec=0.75 cum_wall_sec=30.3
20:17:32 | INFO    | src.training.finetune | STEP step=380 loss=0.8150 dt_sec=0.74 cum_wall_sec=31.0
20:17:32 | INFO    | src.training.finetune | STEP step=390 loss=0.8445 dt_sec=0.75 cum_wall_sec=31.8
20:17:33 | INFO    | src.training.finetune | STEP step=400 loss=0.7780 dt_sec=0.75 cum_wall_sec=32.5
20:17:36 | INFO    | src.training.finetune | STEP step=410 loss=0.7700 dt_sec=3.04 cum_wall_sec=35.6
20:17:37 | INFO    | src.training.finetune | STEP step=420 loss=0.8492 dt_sec=0.75 cum_wall_sec=36.3
20:17:38 | INFO    | src.training.finetune | STEP step=430 loss=0.9327 dt_sec=0.76 cum_wall_sec=37.1
20:17:38 | INFO    | src.training.finetune | STEP step=440 loss=0.7687 dt_sec=0.75 cum_wall_sec=37.8
20:17:39 | INFO    | src.training.finetune | STEP step=450 loss=0.8016 dt_sec=0.75 cum_wall_sec=38.6
20:17:40 | INFO    | src.training.finetune | STEP step=460 loss=0.7942 dt_sec=0.75 cum_wall_sec=39.3
20:17:41 | INFO    | src.training.finetune | STEP step=470 loss=0.7730 dt_sec=0.75 cum_wall_sec=40.1
20:17:41 | INFO    | src.training.finetune | STEP step=480 loss=0.8341 dt_sec=0.74 cum_wall_sec=40.8
20:17:42 | INFO    | src.training.finetune | STEP step=490 loss=0.7533 dt_sec=0.73 cum_wall_sec=41.6
20:17:43 | INFO    | src.training.finetune | STEP step=500 loss=0.8499 dt_sec=0.75 cum_wall_sec=42.3
20:17:44 | INFO    | src.training.finetune | STEP step=510 loss=0.9606 dt_sec=0.74 cum_wall_sec=43.0
20:17:44 | INFO    | src.training.finetune | STEP step=520 loss=0.8173 dt_sec=0.76 cum_wall_sec=43.8
20:17:45 | INFO    | src.training.finetune | STEP step=530 loss=0.8580 dt_sec=0.74 cum_wall_sec=44.5
20:17:46 | INFO    | src.training.finetune | STEP step=540 loss=0.7302 dt_sec=0.74 cum_wall_sec=45.3
20:17:47 | INFO    | src.training.finetune | STEP step=550 loss=0.8324 dt_sec=0.76 cum_wall_sec=46.0
20:17:47 | INFO    | src.training.finetune | STEP step=560 loss=0.7479 dt_sec=0.75 cum_wall_sec=46.8
20:17:48 | INFO    | src.training.finetune | STEP step=570 loss=0.7453 dt_sec=0.74 cum_wall_sec=47.5
20:17:49 | INFO    | src.training.finetune | STEP step=580 loss=0.7813 dt_sec=0.76 cum_wall_sec=48.3
20:17:50 | INFO    | src.training.finetune | STEP step=590 loss=0.7977 dt_sec=0.74 cum_wall_sec=49.0
20:17:50 | INFO    | src.training.finetune | STEP step=600 loss=0.7416 dt_sec=0.75 cum_wall_sec=49.8
20:17:54 | INFO    | src.training.finetune | STEP step=610 loss=0.8215 dt_sec=3.23 cum_wall_sec=53.0
20:17:54 | INFO    | src.training.finetune | STEP step=620 loss=0.7519 dt_sec=0.75 cum_wall_sec=53.8
20:17:55 | INFO    | src.training.finetune | STEP step=630 loss=0.8030 dt_sec=0.72 cum_wall_sec=54.5
20:17:56 | INFO    | src.training.finetune | STEP step=640 loss=0.7756 dt_sec=0.75 cum_wall_sec=55.2
20:17:57 | INFO    | src.training.finetune | STEP step=650 loss=0.7287 dt_sec=0.74 cum_wall_sec=56.0
20:17:57 | INFO    | src.training.finetune | STEP step=660 loss=0.8031 dt_sec=0.75 cum_wall_sec=56.7
20:17:58 | INFO    | src.training.finetune | STEP step=670 loss=0.7163 dt_sec=0.75 cum_wall_sec=57.5
20:17:59 | INFO    | src.training.finetune | STEP step=680 loss=0.7486 dt_sec=0.74 cum_wall_sec=58.2
20:18:00 | INFO    | src.training.finetune | STEP step=690 loss=0.7328 dt_sec=0.75 cum_wall_sec=59.0
20:18:00 | INFO    | src.training.finetune | STEP step=700 loss=0.7214 dt_sec=0.73 cum_wall_sec=59.7
20:18:01 | INFO    | src.training.finetune | STEP step=710 loss=0.8039 dt_sec=0.75 cum_wall_sec=60.5
20:18:02 | INFO    | src.training.finetune | STEP step=720 loss=0.7494 dt_sec=0.74 cum_wall_sec=61.2
20:18:03 | INFO    | src.training.finetune | STEP step=730 loss=0.7085 dt_sec=0.74 cum_wall_sec=61.9
20:18:03 | INFO    | src.training.finetune | STEP step=740 loss=0.7954 dt_sec=0.76 cum_wall_sec=62.7
20:18:04 | INFO    | src.training.finetune | STEP step=750 loss=0.7746 dt_sec=0.75 cum_wall_sec=63.4
20:18:05 | INFO    | src.training.finetune | STEP step=760 loss=0.7754 dt_sec=0.74 cum_wall_sec=64.2
20:18:06 | INFO    | src.training.finetune | STEP step=770 loss=0.8186 dt_sec=0.76 cum_wall_sec=64.9
20:18:06 | INFO    | src.training.finetune | STEP step=780 loss=0.7643 dt_sec=0.75 cum_wall_sec=65.7
20:18:07 | INFO    | src.training.finetune | STEP step=790 loss=0.7501 dt_sec=0.74 cum_wall_sec=66.4
20:18:08 | INFO    | src.training.finetune | STEP step=800 loss=0.7190 dt_sec=0.75 cum_wall_sec=67.2
20:18:12 | INFO    | src.training.finetune | STEP step=810 loss=0.7447 dt_sec=4.05 cum_wall_sec=71.2
20:18:13 | INFO    | src.training.finetune | STEP step=820 loss=0.7414 dt_sec=0.75 cum_wall_sec=72.0
20:18:13 | INFO    | src.training.finetune | STEP step=830 loss=0.7563 dt_sec=0.75 cum_wall_sec=72.7
20:18:14 | INFO    | src.training.finetune | STEP step=840 loss=0.7068 dt_sec=0.74 cum_wall_sec=73.5
20:18:15 | INFO    | src.training.finetune | STEP step=850 loss=0.7389 dt_sec=0.74 cum_wall_sec=74.2
20:18:16 | INFO    | src.training.finetune | STEP step=860 loss=0.7182 dt_sec=0.75 cum_wall_sec=75.0
20:18:16 | INFO    | src.training.finetune | STEP step=870 loss=0.7525 dt_sec=0.75 cum_wall_sec=75.7
20:18:17 | INFO    | src.training.finetune | STEP step=880 loss=0.7202 dt_sec=0.75 cum_wall_sec=76.5
20:18:18 | INFO    | src.training.finetune | STEP step=890 loss=0.7302 dt_sec=0.76 cum_wall_sec=77.2
20:18:19 | INFO    | src.training.finetune | STEP step=900 loss=0.7563 dt_sec=0.73 cum_wall_sec=78.0
20:18:19 | INFO    | src.training.finetune | STEP step=910 loss=0.7480 dt_sec=0.74 cum_wall_sec=78.7
20:18:20 | INFO    | src.training.finetune | STEP step=920 loss=0.7048 dt_sec=0.76 cum_wall_sec=79.4
20:18:21 | INFO    | src.training.finetune | STEP step=930 loss=0.7832 dt_sec=0.75 cum_wall_sec=80.2
20:18:22 | INFO    | src.training.finetune | STEP step=940 loss=0.7451 dt_sec=0.76 cum_wall_sec=81.0
20:18:22 | INFO    | src.training.finetune | STEP step=950 loss=0.7445 dt_sec=0.75 cum_wall_sec=81.7
20:18:23 | INFO    | src.training.finetune | STEP step=960 loss=0.7376 dt_sec=0.75 cum_wall_sec=82.5
20:18:24 | INFO    | src.training.finetune | STEP step=970 loss=0.7145 dt_sec=0.76 cum_wall_sec=83.2
20:18:25 | INFO    | src.training.finetune | STEP step=980 loss=0.7142 dt_sec=0.75 cum_wall_sec=84.0
20:18:25 | INFO    | src.training.finetune | STEP step=990 loss=0.7213 dt_sec=0.75 cum_wall_sec=84.7
20:18:26 | INFO    | src.training.finetune | STEP step=1000 loss=0.7337 dt_sec=0.74 cum_wall_sec=85.5
20:18:29 | INFO    | src.training.finetune | STEP step=1010 loss=0.7263 dt_sec=2.95 cum_wall_sec=88.4
20:18:30 | INFO    | src.training.finetune | STEP step=1020 loss=0.7142 dt_sec=0.74 cum_wall_sec=89.1
20:18:31 | INFO    | src.training.finetune | STEP step=1030 loss=0.7116 dt_sec=0.76 cum_wall_sec=89.9
20:18:31 | INFO    | src.training.finetune | STEP step=1040 loss=0.7200 dt_sec=0.74 cum_wall_sec=90.6
20:18:32 | INFO    | src.training.finetune | STEP step=1050 loss=0.7333 dt_sec=0.76 cum_wall_sec=91.4
20:18:33 | INFO    | src.training.finetune | STEP step=1060 loss=0.7022 dt_sec=0.75 cum_wall_sec=92.1
20:18:34 | INFO    | src.training.finetune | STEP step=1070 loss=0.7174 dt_sec=0.76 cum_wall_sec=92.9
20:18:34 | INFO    | src.training.finetune | STEP step=1080 loss=0.7166 dt_sec=0.74 cum_wall_sec=93.6
20:18:35 | INFO    | src.training.finetune | STEP step=1090 loss=0.7195 dt_sec=0.76 cum_wall_sec=94.4
20:18:36 | INFO    | src.training.finetune | STEP step=1100 loss=0.7195 dt_sec=0.76 cum_wall_sec=95.2
20:18:37 | INFO    | src.training.finetune | STEP step=1110 loss=0.7334 dt_sec=0.75 cum_wall_sec=95.9
20:18:37 | INFO    | src.training.finetune | STEP step=1120 loss=0.7353 dt_sec=0.75 cum_wall_sec=96.7
20:18:38 | INFO    | src.training.finetune | STEP step=1130 loss=0.7268 dt_sec=0.74 cum_wall_sec=97.4
20:18:39 | INFO    | src.training.finetune | STEP step=1140 loss=0.7384 dt_sec=0.73 cum_wall_sec=98.1
20:18:40 | INFO    | src.training.finetune | STEP step=1150 loss=0.7210 dt_sec=0.73 cum_wall_sec=98.9
20:18:40 | INFO    | src.training.finetune | STEP step=1160 loss=0.7395 dt_sec=0.74 cum_wall_sec=99.6
20:18:41 | INFO    | src.training.finetune | STEP step=1170 loss=0.7114 dt_sec=0.76 cum_wall_sec=100.4
20:18:42 | INFO    | src.training.finetune | STEP step=1180 loss=0.7034 dt_sec=0.75 cum_wall_sec=101.1
20:18:43 | INFO    | src.training.finetune | STEP step=1190 loss=0.6997 dt_sec=0.75 cum_wall_sec=101.9
20:18:43 | INFO    | src.training.finetune | STEP step=1200 loss=0.7019 dt_sec=0.74 cum_wall_sec=102.6
20:18:46 | INFO    | src.training.finetune | STEP step=1210 loss=0.7203 dt_sec=3.15 cum_wall_sec=105.7
20:18:47 | INFO    | src.training.finetune | STEP step=1220 loss=0.6965 dt_sec=0.73 cum_wall_sec=106.5
20:18:48 | INFO    | src.training.finetune | STEP step=1230 loss=0.7085 dt_sec=0.72 cum_wall_sec=107.2
20:18:49 | INFO    | src.training.finetune | STEP step=1240 loss=0.7355 dt_sec=0.71 cum_wall_sec=107.9
20:18:49 | INFO    | src.training.finetune | STEP step=1250 loss=0.7395 dt_sec=0.73 cum_wall_sec=108.6
20:18:50 | INFO    | src.training.finetune | STEP step=1260 loss=0.7166 dt_sec=0.72 cum_wall_sec=109.4
20:18:51 | INFO    | src.training.finetune | STEP step=1270 loss=0.7426 dt_sec=0.73 cum_wall_sec=110.1
20:18:51 | INFO    | src.training.finetune | STEP step=1280 loss=0.6901 dt_sec=0.72 cum_wall_sec=110.8
20:18:52 | INFO    | src.training.finetune | STEP step=1290 loss=0.7263 dt_sec=0.73 cum_wall_sec=111.5
20:18:53 | INFO    | src.training.finetune | STEP step=1300 loss=0.7200 dt_sec=0.72 cum_wall_sec=112.3
20:18:54 | INFO    | src.training.finetune | STEP step=1310 loss=0.7002 dt_sec=0.74 cum_wall_sec=113.0
20:18:54 | INFO    | src.training.finetune | STEP step=1320 loss=0.7571 dt_sec=0.72 cum_wall_sec=113.7
20:18:55 | INFO    | src.training.finetune | STEP step=1330 loss=0.7332 dt_sec=0.74 cum_wall_sec=114.5
20:18:56 | INFO    | src.training.finetune | STEP step=1340 loss=0.7793 dt_sec=0.71 cum_wall_sec=115.2
20:18:57 | INFO    | src.training.finetune | STEP step=1350 loss=0.7373 dt_sec=0.74 cum_wall_sec=115.9
20:18:57 | INFO    | src.training.finetune | STEP step=1360 loss=0.7163 dt_sec=0.72 cum_wall_sec=116.6
20:18:58 | INFO    | src.training.finetune | STEP step=1370 loss=0.7208 dt_sec=0.73 cum_wall_sec=117.4
20:18:59 | INFO    | src.training.finetune | STEP step=1380 loss=0.7144 dt_sec=0.72 cum_wall_sec=118.1
20:18:59 | INFO    | src.training.finetune | STEP step=1390 loss=0.7067 dt_sec=0.71 cum_wall_sec=118.8
20:19:00 | INFO    | src.training.finetune | STEP step=1400 loss=0.7221 dt_sec=0.74 cum_wall_sec=119.5
20:19:03 | INFO    | src.training.finetune | STEP step=1410 loss=0.7172 dt_sec=3.12 cum_wall_sec=122.7
20:19:04 | INFO    | src.training.finetune | STEP step=1420 loss=0.7133 dt_sec=0.73 cum_wall_sec=123.4
20:19:05 | INFO    | src.training.finetune | STEP step=1430 loss=0.7288 dt_sec=0.72 cum_wall_sec=124.1
20:19:05 | INFO    | src.training.finetune | STEP step=1440 loss=0.6952 dt_sec=0.71 cum_wall_sec=124.8
20:19:06 | INFO    | src.training.finetune | STEP step=1450 loss=0.7055 dt_sec=0.72 cum_wall_sec=125.5
20:19:07 | INFO    | src.training.finetune | STEP step=1460 loss=0.7194 dt_sec=0.73 cum_wall_sec=126.3
20:19:08 | INFO    | src.training.finetune | STEP step=1470 loss=0.7187 dt_sec=0.73 cum_wall_sec=127.0
20:19:08 | INFO    | src.training.finetune | STEP step=1480 loss=0.7134 dt_sec=0.73 cum_wall_sec=127.7
20:19:09 | INFO    | src.training.finetune | STEP step=1490 loss=0.7145 dt_sec=0.72 cum_wall_sec=128.4
20:19:10 | INFO    | src.training.finetune | STEP step=1500 loss=0.7221 dt_sec=0.72 cum_wall_sec=129.2
20:19:11 | INFO    | src.training.finetune | STEP step=1510 loss=0.6978 dt_sec=0.74 cum_wall_sec=129.9
20:19:11 | INFO    | src.training.finetune | STEP step=1520 loss=0.7273 dt_sec=0.72 cum_wall_sec=130.6
20:19:12 | INFO    | src.training.finetune | STEP step=1530 loss=0.7189 dt_sec=0.74 cum_wall_sec=131.4
20:19:13 | INFO    | src.training.finetune | STEP step=1540 loss=0.7077 dt_sec=0.72 cum_wall_sec=132.1
20:19:13 | INFO    | src.training.finetune | STEP step=1550 loss=0.7001 dt_sec=0.73 cum_wall_sec=132.8
20:19:14 | INFO    | src.training.finetune | STEP step=1560 loss=0.7183 dt_sec=0.71 cum_wall_sec=133.5
20:19:15 | INFO    | src.training.finetune | STEP step=1570 loss=0.7353 dt_sec=0.72 cum_wall_sec=134.2
20:19:16 | INFO    | src.training.finetune | STEP step=1580 loss=0.7248 dt_sec=0.74 cum_wall_sec=135.0
20:19:16 | INFO    | src.training.finetune | STEP step=1590 loss=0.7150 dt_sec=0.72 cum_wall_sec=135.7
20:19:17 | INFO    | src.training.finetune | STEP step=1600 loss=0.7306 dt_sec=0.73 cum_wall_sec=136.4
20:19:20 | INFO    | src.training.finetune | STEP step=1610 loss=0.7189 dt_sec=3.16 cum_wall_sec=139.6
20:19:21 | INFO    | src.training.finetune | STEP step=1620 loss=0.7102 dt_sec=0.75 cum_wall_sec=140.3
20:19:22 | INFO    | src.training.finetune | STEP step=1630 loss=0.7140 dt_sec=0.75 cum_wall_sec=141.1
20:19:22 | INFO    | src.training.finetune | STEP step=1640 loss=0.7028 dt_sec=0.74 cum_wall_sec=141.8
20:19:23 | INFO    | src.training.finetune | STEP step=1650 loss=0.6949 dt_sec=0.75 cum_wall_sec=142.6
20:19:24 | INFO    | src.training.finetune | STEP step=1660 loss=0.6971 dt_sec=0.74 cum_wall_sec=143.3
20:19:25 | INFO    | src.training.finetune | STEP step=1670 loss=0.7127 dt_sec=0.73 cum_wall_sec=144.0
20:19:25 | INFO    | src.training.finetune | STEP step=1680 loss=0.7227 dt_sec=0.73 cum_wall_sec=144.8
20:19:26 | INFO    | src.training.finetune | STEP step=1690 loss=0.7104 dt_sec=0.72 cum_wall_sec=145.5
20:19:27 | INFO    | src.training.finetune | STEP step=1700 loss=0.7074 dt_sec=0.73 cum_wall_sec=146.2
20:19:28 | INFO    | src.training.finetune | STEP step=1710 loss=0.7152 dt_sec=0.72 cum_wall_sec=146.9
20:19:28 | INFO    | src.training.finetune | STEP step=1720 loss=0.7017 dt_sec=0.73 cum_wall_sec=147.7
20:19:29 | INFO    | src.training.finetune | STEP step=1730 loss=0.7289 dt_sec=0.74 cum_wall_sec=148.4
20:19:30 | INFO    | src.training.finetune | STEP step=1740 loss=0.7027 dt_sec=0.72 cum_wall_sec=149.1
20:19:31 | INFO    | src.training.finetune | STEP step=1750 loss=0.7136 dt_sec=0.73 cum_wall_sec=149.8
20:19:31 | INFO    | src.training.finetune | STEP step=1760 loss=0.6929 dt_sec=0.73 cum_wall_sec=150.6
20:19:32 | INFO    | src.training.finetune | STEP step=1770 loss=0.7223 dt_sec=0.73 cum_wall_sec=151.3
20:19:33 | INFO    | src.training.finetune | STEP step=1780 loss=0.7013 dt_sec=0.73 cum_wall_sec=152.0
20:19:33 | INFO    | src.training.finetune | STEP step=1790 loss=0.7077 dt_sec=0.74 cum_wall_sec=152.8
20:19:34 | INFO    | src.training.finetune | STEP step=1800 loss=0.7331 dt_sec=0.72 cum_wall_sec=153.5
20:19:37 | INFO    | src.training.finetune | STEP step=1810 loss=0.7294 dt_sec=3.12 cum_wall_sec=156.6
20:19:38 | INFO    | src.training.finetune | STEP step=1820 loss=0.7030 dt_sec=0.72 cum_wall_sec=157.3
20:19:39 | INFO    | src.training.finetune | STEP step=1830 loss=0.7041 dt_sec=0.72 cum_wall_sec=158.1
20:19:39 | INFO    | src.training.finetune | STEP step=1840 loss=0.7216 dt_sec=0.73 cum_wall_sec=158.8
20:19:40 | INFO    | src.training.finetune | STEP step=1850 loss=0.7088 dt_sec=0.72 cum_wall_sec=159.5
20:19:41 | INFO    | src.training.finetune | STEP step=1860 loss=0.7176 dt_sec=0.72 cum_wall_sec=160.2
20:19:42 | INFO    | src.training.finetune | STEP step=1870 loss=0.7089 dt_sec=0.73 cum_wall_sec=161.0
20:19:42 | INFO    | src.training.finetune | STEP step=1880 loss=0.7145 dt_sec=0.72 cum_wall_sec=161.7
20:19:43 | INFO    | src.training.finetune | STEP step=1890 loss=0.7010 dt_sec=0.72 cum_wall_sec=162.4
20:19:44 | INFO    | src.training.finetune | STEP step=1900 loss=0.6938 dt_sec=0.74 cum_wall_sec=163.2
20:19:45 | INFO    | src.training.finetune | STEP step=1910 loss=0.6900 dt_sec=0.72 cum_wall_sec=163.9
20:19:45 | INFO    | src.training.finetune | STEP step=1920 loss=0.6963 dt_sec=0.71 cum_wall_sec=164.6
20:19:46 | INFO    | src.training.finetune | STEP step=1930 loss=0.7104 dt_sec=0.73 cum_wall_sec=165.3
20:19:47 | INFO    | src.training.finetune | STEP step=1940 loss=0.7196 dt_sec=0.73 cum_wall_sec=166.1
20:19:47 | INFO    | src.training.finetune | STEP step=1950 loss=0.7045 dt_sec=0.74 cum_wall_sec=166.8
20:19:48 | INFO    | src.training.finetune | STEP step=1960 loss=0.7063 dt_sec=0.72 cum_wall_sec=167.5
20:19:49 | INFO    | src.training.finetune | STEP step=1970 loss=0.6952 dt_sec=0.73 cum_wall_sec=168.2
20:19:50 | INFO    | src.training.finetune | STEP step=1980 loss=0.6997 dt_sec=0.73 cum_wall_sec=169.0
20:19:50 | INFO    | src.training.finetune | STEP step=1990 loss=0.6938 dt_sec=0.74 cum_wall_sec=169.7
20:19:51 | INFO    | src.training.finetune | STEP step=2000 loss=0.7031 dt_sec=0.73 cum_wall_sec=170.4
20:19:54 | INFO    | src.training.finetune | STAGE=azerbaijani end ts=2026-09-08T20:19:54.363399+00:00 runtime_sec=173.9
20:19:55 | INFO    | src.training.finetune | Best checkpoint restored and verified: step 800, val macro-F1 = 0.3334
