21:03:29 | INFO    | src.training.finetune | STAGE=turkish_intermediate cache_hit=true ts=2026-09-08T21:03:29.755726+00:00 path=artifacts/tr_stage_cache/base=xlm15__tok=omp__tr=real__seed=7__82d2d446e9abe6c8
21:03:29 | INFO    | src.training.finetune |   [AZ mərhələsi] 2000 nümunə | 2 sinif | init=TR checkpoint
21:03:29 | INFO    | src.training.finetune | Task head reset: modules=['sequence_summary'] params=2050 (encoder='transformer' untouched)
21:03:29 | INFO    | src.training.finetune | STAGE=azerbaijani start ts=2026-09-08T21:03:29.840129+00:00 n=2000 n_classes=2
21:03:31 | INFO    | src.training.finetune | STEP step=10 loss=1.6280 dt_sec=1.13 cum_wall_sec=1.1
21:03:32 | INFO    | src.training.finetune | STEP step=20 loss=1.2113 dt_sec=0.76 cum_wall_sec=1.9
21:03:33 | INFO    | src.training.finetune | STEP step=30 loss=1.0383 dt_sec=0.76 cum_wall_sec=2.6
21:03:34 | INFO    | src.training.finetune | STEP step=40 loss=0.9300 dt_sec=0.76 cum_wall_sec=3.4
21:03:34 | INFO    | src.training.finetune | STEP step=50 loss=1.1235 dt_sec=0.75 cum_wall_sec=4.2
21:03:35 | INFO    | src.training.finetune | STEP step=60 loss=1.1327 dt_sec=0.75 cum_wall_sec=4.9
21:03:36 | INFO    | src.training.finetune | STEP step=70 loss=1.0440 dt_sec=0.75 cum_wall_sec=5.7
21:03:37 | INFO    | src.training.finetune | STEP step=80 loss=1.2854 dt_sec=0.74 cum_wall_sec=6.4
21:03:37 | INFO    | src.training.finetune | STEP step=90 loss=1.0047 dt_sec=0.76 cum_wall_sec=7.2
21:03:38 | INFO    | src.training.finetune | STEP step=100 loss=0.9518 dt_sec=0.75 cum_wall_sec=7.9
21:03:39 | INFO    | src.training.finetune | STEP step=110 loss=1.0096 dt_sec=0.75 cum_wall_sec=8.7
21:03:40 | INFO    | src.training.finetune | STEP step=120 loss=1.0775 dt_sec=0.76 cum_wall_sec=9.4
21:03:40 | INFO    | src.training.finetune | STEP step=130 loss=0.8039 dt_sec=0.75 cum_wall_sec=10.2
21:03:41 | INFO    | src.training.finetune | STEP step=140 loss=0.9927 dt_sec=0.77 cum_wall_sec=10.9
21:03:42 | INFO    | src.training.finetune | STEP step=150 loss=1.1482 dt_sec=0.75 cum_wall_sec=11.7
21:03:43 | INFO    | src.training.finetune | STEP step=160 loss=0.9819 dt_sec=0.74 cum_wall_sec=12.4
21:03:43 | INFO    | src.training.finetune | STEP step=170 loss=1.2013 dt_sec=0.73 cum_wall_sec=13.2
21:03:44 | INFO    | src.training.finetune | STEP step=180 loss=1.0162 dt_sec=0.75 cum_wall_sec=13.9
21:03:45 | INFO    | src.training.finetune | STEP step=190 loss=1.0015 dt_sec=0.75 cum_wall_sec=14.7
21:03:46 | INFO    | src.training.finetune | STEP step=200 loss=0.8417 dt_sec=0.76 cum_wall_sec=15.4
21:03:49 | INFO    | src.training.finetune | STEP step=210 loss=0.8946 dt_sec=3.02 cum_wall_sec=18.5
21:03:49 | INFO    | src.training.finetune | STEP step=220 loss=1.1715 dt_sec=0.75 cum_wall_sec=19.2
21:03:50 | INFO    | src.training.finetune | STEP step=230 loss=0.8447 dt_sec=0.76 cum_wall_sec=20.0
21:03:51 | INFO    | src.training.finetune | STEP step=240 loss=0.9257 dt_sec=0.75 cum_wall_sec=20.7
21:03:52 | INFO    | src.training.finetune | STEP step=250 loss=0.9171 dt_sec=0.75 cum_wall_sec=21.5
21:03:52 | INFO    | src.training.finetune | STEP step=260 loss=0.6219 dt_sec=0.76 cum_wall_sec=22.2
21:03:53 | INFO    | src.training.finetune | STEP step=270 loss=0.6954 dt_sec=0.74 cum_wall_sec=23.0
21:03:54 | INFO    | src.training.finetune | STEP step=280 loss=0.6093 dt_sec=0.75 cum_wall_sec=23.7
21:03:55 | INFO    | src.training.finetune | STEP step=290 loss=0.5490 dt_sec=0.78 cum_wall_sec=24.5
21:03:55 | INFO    | src.training.finetune | STEP step=300 loss=0.6897 dt_sec=0.76 cum_wall_sec=25.3
21:03:56 | INFO    | src.training.finetune | STEP step=310 loss=0.6269 dt_sec=0.75 cum_wall_sec=26.0
21:03:57 | INFO    | src.training.finetune | STEP step=320 loss=0.6190 dt_sec=0.75 cum_wall_sec=26.8
21:03:58 | INFO    | src.training.finetune | STEP step=330 loss=0.3427 dt_sec=0.75 cum_wall_sec=27.5
21:03:58 | INFO    | src.training.finetune | STEP step=340 loss=0.7492 dt_sec=0.76 cum_wall_sec=28.3
21:03:59 | INFO    | src.training.finetune | STEP step=350 loss=0.4073 dt_sec=0.76 cum_wall_sec=29.0
21:04:00 | INFO    | src.training.finetune | STEP step=360 loss=0.3871 dt_sec=0.75 cum_wall_sec=29.8
21:04:01 | INFO    | src.training.finetune | STEP step=370 loss=0.3386 dt_sec=0.74 cum_wall_sec=30.5
21:04:01 | INFO    | src.training.finetune | STEP step=380 loss=0.3691 dt_sec=0.74 cum_wall_sec=31.3
21:04:02 | INFO    | src.training.finetune | STEP step=390 loss=0.4766 dt_sec=0.76 cum_wall_sec=32.0
21:04:03 | INFO    | src.training.finetune | STEP step=400 loss=0.3820 dt_sec=0.75 cum_wall_sec=32.8
21:04:06 | INFO    | src.training.finetune | STEP step=410 loss=0.2010 dt_sec=3.19 cum_wall_sec=36.0
21:04:07 | INFO    | src.training.finetune | STEP step=420 loss=0.3309 dt_sec=0.75 cum_wall_sec=36.7
21:04:08 | INFO    | src.training.finetune | STEP step=430 loss=0.3858 dt_sec=0.76 cum_wall_sec=37.5
21:04:08 | INFO    | src.training.finetune | STEP step=440 loss=0.3684 dt_sec=0.76 cum_wall_sec=38.2
21:04:09 | INFO    | src.training.finetune | STEP step=450 loss=0.3238 dt_sec=0.76 cum_wall_sec=39.0
21:04:10 | INFO    | src.training.finetune | STEP step=460 loss=0.0950 dt_sec=0.75 cum_wall_sec=39.8
21:04:11 | INFO    | src.training.finetune | STEP step=470 loss=0.1569 dt_sec=0.75 cum_wall_sec=40.5
21:04:11 | INFO    | src.training.finetune | STEP step=480 loss=0.3241 dt_sec=0.75 cum_wall_sec=41.3
21:04:12 | INFO    | src.training.finetune | STEP step=490 loss=0.1339 dt_sec=0.74 cum_wall_sec=42.0
21:04:13 | INFO    | src.training.finetune | STEP step=500 loss=0.4380 dt_sec=0.76 cum_wall_sec=42.8
21:04:14 | INFO    | src.training.finetune | STEP step=510 loss=0.3261 dt_sec=0.75 cum_wall_sec=43.5
21:04:14 | INFO    | src.training.finetune | STEP step=520 loss=0.2070 dt_sec=0.76 cum_wall_sec=44.3
21:04:15 | INFO    | src.training.finetune | STEP step=530 loss=0.1180 dt_sec=0.75 cum_wall_sec=45.0
21:04:16 | INFO    | src.training.finetune | STEP step=540 loss=0.1475 dt_sec=0.75 cum_wall_sec=45.8
21:04:17 | INFO    | src.training.finetune | STEP step=550 loss=0.1735 dt_sec=0.76 cum_wall_sec=46.5
21:04:17 | INFO    | src.training.finetune | STEP step=560 loss=0.2471 dt_sec=0.75 cum_wall_sec=47.3
21:04:18 | INFO    | src.training.finetune | STEP step=570 loss=0.1001 dt_sec=0.75 cum_wall_sec=48.0
21:04:19 | INFO    | src.training.finetune | STEP step=580 loss=0.1924 dt_sec=0.76 cum_wall_sec=48.8
21:04:20 | INFO    | src.training.finetune | STEP step=590 loss=0.3341 dt_sec=0.75 cum_wall_sec=49.5
21:04:20 | INFO    | src.training.finetune | STEP step=600 loss=0.1309 dt_sec=0.76 cum_wall_sec=50.3
21:04:24 | INFO    | src.training.finetune | STEP step=610 loss=0.0622 dt_sec=3.18 cum_wall_sec=53.5
21:04:24 | INFO    | src.training.finetune | STEP step=620 loss=0.1214 dt_sec=0.75 cum_wall_sec=54.2
21:04:25 | INFO    | src.training.finetune | STEP step=630 loss=0.1476 dt_sec=0.73 cum_wall_sec=55.0
21:04:26 | INFO    | src.training.finetune | STEP step=640 loss=0.1089 dt_sec=0.76 cum_wall_sec=55.7
21:04:27 | INFO    | src.training.finetune | STEP step=650 loss=0.0890 dt_sec=0.75 cum_wall_sec=56.5
21:04:27 | INFO    | src.training.finetune | STEP step=660 loss=0.0626 dt_sec=0.76 cum_wall_sec=57.2
21:04:28 | INFO    | src.training.finetune | STEP step=670 loss=0.1106 dt_sec=0.76 cum_wall_sec=58.0
21:04:29 | INFO    | src.training.finetune | STEP step=680 loss=0.0639 dt_sec=0.75 cum_wall_sec=58.7
21:04:30 | INFO    | src.training.finetune | STEP step=690 loss=0.0886 dt_sec=0.75 cum_wall_sec=59.5
21:04:30 | INFO    | src.training.finetune | STEP step=700 loss=0.0430 dt_sec=0.74 cum_wall_sec=60.2
21:04:31 | INFO    | src.training.finetune | STEP step=710 loss=0.2508 dt_sec=0.75 cum_wall_sec=61.0
21:04:32 | INFO    | src.training.finetune | STEP step=720 loss=0.3931 dt_sec=0.74 cum_wall_sec=61.7
21:04:33 | INFO    | src.training.finetune | STEP step=730 loss=0.0660 dt_sec=0.75 cum_wall_sec=62.5
21:04:33 | INFO    | src.training.finetune | STEP step=740 loss=0.0732 dt_sec=0.76 cum_wall_sec=63.2
21:04:34 | INFO    | src.training.finetune | STEP step=750 loss=0.1888 dt_sec=0.75 cum_wall_sec=64.0
21:04:35 | INFO    | src.training.finetune | STEP step=760 loss=0.1000 dt_sec=0.75 cum_wall_sec=64.7
21:04:36 | INFO    | src.training.finetune | STEP step=770 loss=0.1768 dt_sec=0.76 cum_wall_sec=65.5
21:04:36 | INFO    | src.training.finetune | STEP step=780 loss=0.0450 dt_sec=0.75 cum_wall_sec=66.2
21:04:37 | INFO    | src.training.finetune | STEP step=790 loss=0.0993 dt_sec=0.75 cum_wall_sec=67.0
21:04:38 | INFO    | src.training.finetune | STEP step=800 loss=0.0896 dt_sec=0.76 cum_wall_sec=67.7
21:04:41 | INFO    | src.training.finetune | STEP step=810 loss=0.1625 dt_sec=3.17 cum_wall_sec=70.9
21:04:42 | INFO    | src.training.finetune | STEP step=820 loss=0.0874 dt_sec=0.75 cum_wall_sec=71.7
21:04:43 | INFO    | src.training.finetune | STEP step=830 loss=0.0911 dt_sec=0.76 cum_wall_sec=72.4
21:04:43 | INFO    | src.training.finetune | STEP step=840 loss=0.1446 dt_sec=0.74 cum_wall_sec=73.2
21:04:44 | INFO    | src.training.finetune | STEP step=850 loss=0.0327 dt_sec=0.75 cum_wall_sec=73.9
21:04:45 | INFO    | src.training.finetune | STEP step=860 loss=0.1042 dt_sec=0.75 cum_wall_sec=74.7
21:04:46 | INFO    | src.training.finetune | STEP step=870 loss=0.0275 dt_sec=0.76 cum_wall_sec=75.4
21:04:46 | INFO    | src.training.finetune | STEP step=880 loss=0.0860 dt_sec=0.75 cum_wall_sec=76.2
21:04:47 | INFO    | src.training.finetune | STEP step=890 loss=0.0013 dt_sec=0.76 cum_wall_sec=76.9
21:04:48 | INFO    | src.training.finetune | STEP step=900 loss=0.0047 dt_sec=0.74 cum_wall_sec=77.7
21:04:49 | INFO    | src.training.finetune | STEP step=910 loss=0.0122 dt_sec=0.74 cum_wall_sec=78.4
21:04:49 | INFO    | src.training.finetune | STEP step=920 loss=0.0136 dt_sec=0.77 cum_wall_sec=79.2
21:04:50 | INFO    | src.training.finetune | STEP step=930 loss=0.0694 dt_sec=0.75 cum_wall_sec=79.9
21:04:51 | INFO    | src.training.finetune | STEP step=940 loss=0.0792 dt_sec=0.76 cum_wall_sec=80.7
21:04:52 | INFO    | src.training.finetune | STEP step=950 loss=0.0272 dt_sec=0.75 cum_wall_sec=81.4
21:04:52 | INFO    | src.training.finetune | STEP step=960 loss=0.0055 dt_sec=0.75 cum_wall_sec=82.2
21:04:53 | INFO    | src.training.finetune | STEP step=970 loss=0.0154 dt_sec=0.76 cum_wall_sec=82.9
21:04:54 | INFO    | src.training.finetune | STEP step=980 loss=0.0781 dt_sec=0.75 cum_wall_sec=83.7
21:04:55 | INFO    | src.training.finetune | STEP step=990 loss=0.0514 dt_sec=0.75 cum_wall_sec=84.4
21:04:55 | INFO    | src.training.finetune | STEP step=1000 loss=0.1046 dt_sec=0.75 cum_wall_sec=85.2
21:04:58 | INFO    | src.training.finetune | STEP step=1010 loss=0.0967 dt_sec=3.11 cum_wall_sec=88.3
21:04:59 | INFO    | src.training.finetune | STEP step=1020 loss=0.0702 dt_sec=0.74 cum_wall_sec=89.0
21:05:00 | INFO    | src.training.finetune | STEP step=1030 loss=0.0001 dt_sec=0.76 cum_wall_sec=89.8
21:05:01 | INFO    | src.training.finetune | STEP step=1040 loss=0.0178 dt_sec=0.74 cum_wall_sec=90.5
21:05:01 | INFO    | src.training.finetune | STEP step=1050 loss=0.0795 dt_sec=0.76 cum_wall_sec=91.3
21:05:02 | INFO    | src.training.finetune | STEP step=1060 loss=0.0015 dt_sec=0.75 cum_wall_sec=92.1
21:05:03 | INFO    | src.training.finetune | STEP step=1070 loss=0.0820 dt_sec=0.77 cum_wall_sec=92.8
21:05:04 | INFO    | src.training.finetune | STEP step=1080 loss=0.0298 dt_sec=0.74 cum_wall_sec=93.6
21:05:05 | INFO    | src.training.finetune | STEP step=1090 loss=0.0051 dt_sec=0.76 cum_wall_sec=94.3
21:05:05 | INFO    | src.training.finetune | STEP step=1100 loss=0.0448 dt_sec=0.76 cum_wall_sec=95.1
21:05:06 | INFO    | src.training.finetune | STEP step=1110 loss=0.0569 dt_sec=0.75 cum_wall_sec=95.8
21:05:07 | INFO    | src.training.finetune | STEP step=1120 loss=0.0483 dt_sec=0.76 cum_wall_sec=96.6
21:05:08 | INFO    | src.training.finetune | STEP step=1130 loss=0.0144 dt_sec=0.74 cum_wall_sec=97.3
21:05:08 | INFO    | src.training.finetune | STEP step=1140 loss=0.0583 dt_sec=0.74 cum_wall_sec=98.1
21:05:09 | INFO    | src.training.finetune | STEP step=1150 loss=0.0618 dt_sec=0.76 cum_wall_sec=98.8
21:05:10 | INFO    | src.training.finetune | STEP step=1160 loss=0.0251 dt_sec=0.75 cum_wall_sec=99.6
21:05:11 | INFO    | src.training.finetune | STEP step=1170 loss=0.0710 dt_sec=0.76 cum_wall_sec=100.3
21:05:11 | INFO    | src.training.finetune | STEP step=1180 loss=0.0550 dt_sec=0.75 cum_wall_sec=101.1
21:05:12 | INFO    | src.training.finetune | STEP step=1190 loss=0.0268 dt_sec=0.76 cum_wall_sec=101.8
21:05:13 | INFO    | src.training.finetune | STEP step=1200 loss=0.0002 dt_sec=0.74 cum_wall_sec=102.6
21:05:16 | INFO    | src.training.finetune | STEP step=1210 loss=0.0476 dt_sec=3.12 cum_wall_sec=105.7
21:05:17 | INFO    | src.training.finetune | STEP step=1220 loss=0.1001 dt_sec=0.76 cum_wall_sec=106.5
21:05:17 | INFO    | src.training.finetune | STEP step=1230 loss=0.0259 dt_sec=0.75 cum_wall_sec=107.2
21:05:18 | INFO    | src.training.finetune | STEP step=1240 loss=0.0296 dt_sec=0.75 cum_wall_sec=108.0
21:05:19 | INFO    | src.training.finetune | STEP step=1250 loss=0.0821 dt_sec=0.77 cum_wall_sec=108.7
21:05:20 | INFO    | src.training.finetune | STEP step=1260 loss=0.0123 dt_sec=0.75 cum_wall_sec=109.5
21:05:20 | INFO    | src.training.finetune | STEP step=1270 loss=0.0537 dt_sec=0.76 cum_wall_sec=110.2
21:05:21 | INFO    | src.training.finetune | STEP step=1280 loss=0.0000 dt_sec=0.75 cum_wall_sec=111.0
21:05:22 | INFO    | src.training.finetune | STEP step=1290 loss=0.0759 dt_sec=0.76 cum_wall_sec=111.8
21:05:23 | INFO    | src.training.finetune | STEP step=1300 loss=0.0428 dt_sec=0.75 cum_wall_sec=112.5
21:05:23 | INFO    | src.training.finetune | STEP step=1310 loss=0.0382 dt_sec=0.76 cum_wall_sec=113.3
21:05:24 | INFO    | src.training.finetune | STEP step=1320 loss=0.0040 dt_sec=0.75 cum_wall_sec=114.0
21:05:25 | INFO    | src.training.finetune | STEP step=1330 loss=0.0300 dt_sec=0.77 cum_wall_sec=114.8
21:05:26 | INFO    | src.training.finetune | STEP step=1340 loss=0.0005 dt_sec=0.74 cum_wall_sec=115.5
21:05:26 | INFO    | src.training.finetune | STEP step=1350 loss=0.0011 dt_sec=0.77 cum_wall_sec=116.3
21:05:27 | INFO    | src.training.finetune | STEP step=1360 loss=0.0522 dt_sec=0.75 cum_wall_sec=117.0
21:05:28 | INFO    | src.training.finetune | STEP step=1370 loss=0.0433 dt_sec=0.76 cum_wall_sec=117.8
21:05:29 | INFO    | src.training.finetune | STEP step=1380 loss=0.0457 dt_sec=0.74 cum_wall_sec=118.5
21:05:29 | INFO    | src.training.finetune | STEP step=1390 loss=0.0351 dt_sec=0.74 cum_wall_sec=119.3
21:05:30 | INFO    | src.training.finetune | STEP step=1400 loss=0.0212 dt_sec=0.77 cum_wall_sec=120.1
21:05:33 | INFO    | src.training.finetune | STEP step=1410 loss=0.0002 dt_sec=3.04 cum_wall_sec=123.1
21:05:34 | INFO    | src.training.finetune | STEP step=1420 loss=0.0001 dt_sec=0.76 cum_wall_sec=123.9
21:05:35 | INFO    | src.training.finetune | STEP step=1430 loss=0.0744 dt_sec=0.74 cum_wall_sec=124.6
21:05:36 | INFO    | src.training.finetune | STEP step=1440 loss=0.0399 dt_sec=0.74 cum_wall_sec=125.4
21:05:36 | INFO    | src.training.finetune | STEP step=1450 loss=0.0287 dt_sec=0.74 cum_wall_sec=126.1
21:05:37 | INFO    | src.training.finetune | STEP step=1460 loss=0.0001 dt_sec=0.76 cum_wall_sec=126.8
21:05:38 | INFO    | src.training.finetune | STEP step=1470 loss=0.0456 dt_sec=0.75 cum_wall_sec=127.6
21:05:39 | INFO    | src.training.finetune | STEP step=1480 loss=0.0002 dt_sec=0.76 cum_wall_sec=128.4
21:05:39 | INFO    | src.training.finetune | STEP step=1490 loss=0.0042 dt_sec=0.75 cum_wall_sec=129.1
21:05:40 | INFO    | src.training.finetune | STEP step=1500 loss=0.0260 dt_sec=0.75 cum_wall_sec=129.9
21:05:41 | INFO    | src.training.finetune | STEP step=1510 loss=0.0001 dt_sec=0.76 cum_wall_sec=130.6
21:05:42 | INFO    | src.training.finetune | STEP step=1520 loss=0.0013 dt_sec=0.75 cum_wall_sec=131.4
21:05:42 | INFO    | src.training.finetune | STEP step=1530 loss=0.0424 dt_sec=0.77 cum_wall_sec=132.1
21:05:43 | INFO    | src.training.finetune | STEP step=1540 loss=0.0013 dt_sec=0.75 cum_wall_sec=132.9
21:05:44 | INFO    | src.training.finetune | STEP step=1550 loss=0.0193 dt_sec=0.76 cum_wall_sec=133.6
21:05:45 | INFO    | src.training.finetune | STEP step=1560 loss=0.0095 dt_sec=0.74 cum_wall_sec=134.4
21:05:45 | INFO    | src.training.finetune | STEP step=1570 loss=0.0260 dt_sec=0.76 cum_wall_sec=135.1
21:05:46 | INFO    | src.training.finetune | STEP step=1580 loss=0.0002 dt_sec=0.77 cum_wall_sec=135.9
21:05:47 | INFO    | src.training.finetune | STEP step=1590 loss=0.0001 dt_sec=0.76 cum_wall_sec=136.7
21:05:48 | INFO    | src.training.finetune | STEP step=1600 loss=0.0003 dt_sec=0.76 cum_wall_sec=137.4
21:05:51 | INFO    | src.training.finetune | STEP step=1610 loss=0.0297 dt_sec=3.34 cum_wall_sec=140.8
21:05:52 | INFO    | src.training.finetune | STEP step=1620 loss=0.0342 dt_sec=0.75 cum_wall_sec=141.5
21:05:52 | INFO    | src.training.finetune | STEP step=1630 loss=0.0557 dt_sec=0.75 cum_wall_sec=142.3
21:05:53 | INFO    | src.training.finetune | STEP step=1640 loss=0.0236 dt_sec=0.74 cum_wall_sec=143.0
21:05:54 | INFO    | src.training.finetune | STEP step=1650 loss=0.0003 dt_sec=0.75 cum_wall_sec=143.8
21:05:55 | INFO    | src.training.finetune | STEP step=1660 loss=0.0195 dt_sec=0.75 cum_wall_sec=144.5
21:05:55 | INFO    | src.training.finetune | STEP step=1670 loss=0.0076 dt_sec=0.76 cum_wall_sec=145.3
21:05:56 | INFO    | src.training.finetune | STEP step=1680 loss=0.0238 dt_sec=0.75 cum_wall_sec=146.0
21:05:57 | INFO    | src.training.finetune | STEP step=1690 loss=0.0072 dt_sec=0.75 cum_wall_sec=146.8
21:05:58 | INFO    | src.training.finetune | STEP step=1700 loss=0.0110 dt_sec=0.76 cum_wall_sec=147.5
21:05:58 | INFO    | src.training.finetune | STEP step=1710 loss=0.0000 dt_sec=0.75 cum_wall_sec=148.3
21:05:59 | INFO    | src.training.finetune | STEP step=1720 loss=0.0000 dt_sec=0.75 cum_wall_sec=149.1
21:06:00 | INFO    | src.training.finetune | STEP step=1730 loss=0.0000 dt_sec=0.76 cum_wall_sec=149.8
21:06:01 | INFO    | src.training.finetune | STEP step=1740 loss=0.0477 dt_sec=0.74 cum_wall_sec=150.6
21:06:01 | INFO    | src.training.finetune | STEP step=1750 loss=0.0000 dt_sec=0.75 cum_wall_sec=151.3
21:06:02 | INFO    | src.training.finetune | STEP step=1760 loss=0.0181 dt_sec=0.75 cum_wall_sec=152.1
21:06:03 | INFO    | src.training.finetune | STEP step=1770 loss=0.0001 dt_sec=0.76 cum_wall_sec=152.8
21:06:04 | INFO    | src.training.finetune | STEP step=1780 loss=0.0001 dt_sec=0.76 cum_wall_sec=153.6
21:06:05 | INFO    | src.training.finetune | STEP step=1790 loss=0.0028 dt_sec=0.78 cum_wall_sec=154.4
21:06:05 | INFO    | src.training.finetune | STEP step=1800 loss=0.0000 dt_sec=0.75 cum_wall_sec=155.1
21:06:09 | INFO    | src.training.finetune | STEP step=1810 loss=0.0076 dt_sec=3.22 cum_wall_sec=158.3
21:06:09 | INFO    | src.training.finetune | STEP step=1820 loss=0.0383 dt_sec=0.74 cum_wall_sec=159.1
21:06:10 | INFO    | src.training.finetune | STEP step=1830 loss=0.0019 dt_sec=0.75 cum_wall_sec=159.8
21:06:11 | INFO    | src.training.finetune | STEP step=1840 loss=0.0175 dt_sec=0.76 cum_wall_sec=160.6
21:06:11 | INFO    | src.training.finetune | STEP step=1850 loss=0.0000 dt_sec=0.74 cum_wall_sec=161.3
21:06:12 | INFO    | src.training.finetune | STEP step=1860 loss=0.0317 dt_sec=0.74 cum_wall_sec=162.1
21:06:13 | INFO    | src.training.finetune | STEP step=1870 loss=0.0258 dt_sec=0.76 cum_wall_sec=162.8
21:06:14 | INFO    | src.training.finetune | STEP step=1880 loss=0.0001 dt_sec=0.75 cum_wall_sec=163.6
21:06:14 | INFO    | src.training.finetune | STEP step=1890 loss=0.0001 dt_sec=0.75 cum_wall_sec=164.3
21:06:15 | INFO    | src.training.finetune | STEP step=1900 loss=0.0358 dt_sec=0.76 cum_wall_sec=165.1
21:06:16 | INFO    | src.training.finetune | STEP step=1910 loss=0.0059 dt_sec=0.75 cum_wall_sec=165.8
21:06:17 | INFO    | src.training.finetune | STEP step=1920 loss=0.0012 dt_sec=0.74 cum_wall_sec=166.6
21:06:17 | INFO    | src.training.finetune | STEP step=1930 loss=0.0126 dt_sec=0.75 cum_wall_sec=167.3
21:06:18 | INFO    | src.training.finetune | STEP step=1940 loss=0.0000 dt_sec=0.75 cum_wall_sec=168.1
21:06:19 | INFO    | src.training.finetune | STEP step=1950 loss=0.0000 dt_sec=0.76 cum_wall_sec=168.8
21:06:20 | INFO    | src.training.finetune | STEP step=1960 loss=0.0000 dt_sec=0.74 cum_wall_sec=169.6
21:06:20 | INFO    | src.training.finetune | STEP step=1970 loss=0.0002 dt_sec=0.75 cum_wall_sec=170.3
21:06:21 | INFO    | src.training.finetune | STEP step=1980 loss=0.0213 dt_sec=0.75 cum_wall_sec=171.1
21:06:22 | INFO    | src.training.finetune | STEP step=1990 loss=0.0069 dt_sec=0.76 cum_wall_sec=171.8
21:06:23 | INFO    | src.training.finetune | STEP step=2000 loss=0.0001 dt_sec=0.75 cum_wall_sec=172.6
21:06:26 | INFO    | src.training.finetune | STAGE=azerbaijani end ts=2026-09-08T21:06:26.149919+00:00 runtime_sec=176.3
21:06:27 | INFO    | src.training.finetune | Best checkpoint restored and verified: step 1800, val macro-F1 = 0.6800
