00:12:39 | INFO    | src.training.finetune | STAGE=turkish_intermediate cache_hit=true ts=2026-09-09T00:12:39.428542+00:00 path=artifacts/tr_stage_cache/base=xlm15__tok=original__tr=real__seed=42__8b332e500829d15e
00:12:39 | WARNING | src.training.finetune | SOURCE STAGE DEGENERATE (cache hit): tr macro-F1=0.1595 constant_prediction=True — this run's Turkish manipulation did NOT take effect. Recorded, not excluded.
00:12:39 | INFO    | src.training.finetune |   [AZ mərhələsi] 500 nümunə | 2 sinif | init=TR checkpoint
00:12:39 | INFO    | src.training.finetune | Task head reset: modules=['sequence_summary'] params=2050 (encoder='transformer' untouched)
00:12:39 | INFO    | src.training.finetune | STAGE=azerbaijani start ts=2026-09-09T00:12:39.513643+00:00 n=500 n_classes=2
00:12:42 | INFO    | src.training.finetune | STEP step=10 loss=1.9251 dt_sec=0.87 cum_wall_sec=0.9
00:12:43 | INFO    | src.training.finetune | STEP step=20 loss=1.3942 dt_sec=0.81 cum_wall_sec=1.7
00:12:44 | INFO    | src.training.finetune | STEP step=30 loss=1.2847 dt_sec=0.82 cum_wall_sec=2.5
00:12:44 | INFO    | src.training.finetune | STEP step=40 loss=1.0668 dt_sec=0.81 cum_wall_sec=3.3
00:12:45 | INFO    | src.training.finetune | STEP step=50 loss=0.9400 dt_sec=0.81 cum_wall_sec=4.1
00:12:46 | INFO    | src.training.finetune | STEP step=60 loss=1.0985 dt_sec=0.81 cum_wall_sec=4.9
00:12:47 | INFO    | src.training.finetune | STEP step=70 loss=1.1241 dt_sec=0.81 cum_wall_sec=5.7
00:12:48 | INFO    | src.training.finetune | STEP step=80 loss=1.1601 dt_sec=0.81 cum_wall_sec=6.5
00:12:48 | INFO    | src.training.finetune | STEP step=90 loss=1.1468 dt_sec=0.82 cum_wall_sec=7.4
00:12:49 | INFO    | src.training.finetune | STEP step=100 loss=1.0622 dt_sec=0.80 cum_wall_sec=8.2
00:12:50 | INFO    | src.training.finetune | STEP step=110 loss=1.1396 dt_sec=0.81 cum_wall_sec=9.0
00:12:51 | INFO    | src.training.finetune | STEP step=120 loss=1.0643 dt_sec=0.81 cum_wall_sec=9.8
00:12:52 | INFO    | src.training.finetune | STEP step=130 loss=1.0535 dt_sec=0.79 cum_wall_sec=10.6
00:12:52 | INFO    | src.training.finetune | STEP step=140 loss=1.0507 dt_sec=0.81 cum_wall_sec=11.4
00:12:53 | INFO    | src.training.finetune | STEP step=150 loss=1.0421 dt_sec=0.82 cum_wall_sec=12.2
00:12:54 | INFO    | src.training.finetune | STEP step=160 loss=1.1875 dt_sec=0.80 cum_wall_sec=13.0
00:12:55 | INFO    | src.training.finetune | STEP step=170 loss=1.0228 dt_sec=0.81 cum_wall_sec=13.8
00:12:56 | INFO    | src.training.finetune | STEP step=180 loss=1.1704 dt_sec=0.80 cum_wall_sec=14.6
00:12:56 | INFO    | src.training.finetune | STEP step=190 loss=1.0354 dt_sec=0.81 cum_wall_sec=15.4
00:12:57 | INFO    | src.training.finetune | STEP step=200 loss=1.0492 dt_sec=0.81 cum_wall_sec=16.2
00:13:01 | INFO    | src.training.finetune | STEP step=210 loss=0.9921 dt_sec=3.60 cum_wall_sec=19.8
00:13:02 | INFO    | src.training.finetune | STEP step=220 loss=1.1132 dt_sec=0.78 cum_wall_sec=20.6
00:13:02 | INFO    | src.training.finetune | STEP step=230 loss=1.0214 dt_sec=0.79 cum_wall_sec=21.4
00:13:03 | INFO    | src.training.finetune | STEP step=240 loss=1.0002 dt_sec=0.78 cum_wall_sec=22.2
00:13:04 | INFO    | src.training.finetune | STEP step=250 loss=0.8777 dt_sec=0.79 cum_wall_sec=23.0
00:13:05 | INFO    | src.training.finetune | STEP step=260 loss=0.9259 dt_sec=0.79 cum_wall_sec=23.8
00:13:06 | INFO    | src.training.finetune | STEP step=270 loss=0.8921 dt_sec=0.79 cum_wall_sec=24.5
00:13:06 | INFO    | src.training.finetune | STEP step=280 loss=0.9074 dt_sec=0.76 cum_wall_sec=25.3
00:13:07 | INFO    | src.training.finetune | STEP step=290 loss=0.9660 dt_sec=0.80 cum_wall_sec=26.1
00:13:08 | INFO    | src.training.finetune | STEP step=300 loss=0.8791 dt_sec=0.79 cum_wall_sec=26.9
00:13:09 | INFO    | src.training.finetune | STEP step=310 loss=0.8145 dt_sec=0.78 cum_wall_sec=27.7
00:13:10 | INFO    | src.training.finetune | STEP step=320 loss=0.9159 dt_sec=0.78 cum_wall_sec=28.5
00:13:10 | INFO    | src.training.finetune | STEP step=330 loss=0.8897 dt_sec=0.78 cum_wall_sec=29.2
00:13:11 | INFO    | src.training.finetune | STEP step=340 loss=0.9102 dt_sec=0.77 cum_wall_sec=30.0
00:13:12 | INFO    | src.training.finetune | STEP step=350 loss=0.8481 dt_sec=0.78 cum_wall_sec=30.8
00:13:13 | INFO    | src.training.finetune | STEP step=360 loss=0.9003 dt_sec=0.77 cum_wall_sec=31.6
00:13:13 | INFO    | src.training.finetune | STEP step=370 loss=0.9355 dt_sec=0.77 cum_wall_sec=32.3
00:13:14 | INFO    | src.training.finetune | STEP step=380 loss=0.8556 dt_sec=0.79 cum_wall_sec=33.1
00:13:15 | INFO    | src.training.finetune | STEP step=390 loss=0.9017 dt_sec=0.78 cum_wall_sec=33.9
00:13:16 | INFO    | src.training.finetune | STEP step=400 loss=0.7721 dt_sec=0.78 cum_wall_sec=34.7
00:13:20 | INFO    | src.training.finetune | STEP step=410 loss=0.8921 dt_sec=3.80 cum_wall_sec=38.5
00:13:20 | INFO    | src.training.finetune | STEP step=420 loss=0.8954 dt_sec=0.81 cum_wall_sec=39.3
00:13:21 | INFO    | src.training.finetune | STEP step=430 loss=0.9016 dt_sec=0.81 cum_wall_sec=40.1
00:13:22 | INFO    | src.training.finetune | STEP step=440 loss=0.8137 dt_sec=0.81 cum_wall_sec=40.9
00:13:23 | INFO    | src.training.finetune | STEP step=450 loss=0.7995 dt_sec=0.79 cum_wall_sec=41.7
00:13:24 | INFO    | src.training.finetune | STEP step=460 loss=0.8747 dt_sec=0.81 cum_wall_sec=42.5
00:13:24 | INFO    | src.training.finetune | STEP step=470 loss=0.8340 dt_sec=0.81 cum_wall_sec=43.3
00:13:25 | INFO    | src.training.finetune | STEP step=480 loss=0.8284 dt_sec=0.81 cum_wall_sec=44.1
00:13:26 | INFO    | src.training.finetune | STEP step=490 loss=0.7544 dt_sec=0.81 cum_wall_sec=44.9
00:13:27 | INFO    | src.training.finetune | STEP step=500 loss=0.7876 dt_sec=0.80 cum_wall_sec=45.7
00:13:28 | INFO    | src.training.finetune | STEP step=510 loss=0.8220 dt_sec=0.80 cum_wall_sec=46.6
00:13:28 | INFO    | src.training.finetune | STEP step=520 loss=0.7852 dt_sec=0.81 cum_wall_sec=47.4
00:13:29 | INFO    | src.training.finetune | STEP step=530 loss=0.8123 dt_sec=0.80 cum_wall_sec=48.2
00:13:30 | INFO    | src.training.finetune | STEP step=540 loss=0.7354 dt_sec=0.81 cum_wall_sec=49.0
00:13:31 | INFO    | src.training.finetune | STEP step=550 loss=0.7325 dt_sec=0.81 cum_wall_sec=49.8
00:13:32 | INFO    | src.training.finetune | STEP step=560 loss=0.7982 dt_sec=0.80 cum_wall_sec=50.6
00:13:32 | INFO    | src.training.finetune | STEP step=570 loss=0.7793 dt_sec=0.82 cum_wall_sec=51.4
00:13:33 | INFO    | src.training.finetune | STEP step=580 loss=0.8006 dt_sec=0.80 cum_wall_sec=52.2
00:13:34 | INFO    | src.training.finetune | STEP step=590 loss=0.8662 dt_sec=0.81 cum_wall_sec=53.0
00:13:35 | INFO    | src.training.finetune | STEP step=600 loss=0.7771 dt_sec=0.80 cum_wall_sec=53.8
00:13:38 | INFO    | src.training.finetune | STEP step=610 loss=0.8064 dt_sec=3.59 cum_wall_sec=57.4
00:13:39 | INFO    | src.training.finetune | STEP step=620 loss=0.7720 dt_sec=0.80 cum_wall_sec=58.2
00:13:40 | INFO    | src.training.finetune | STEP step=630 loss=0.7808 dt_sec=0.81 cum_wall_sec=59.0
00:13:41 | INFO    | src.training.finetune | STEP step=640 loss=0.7657 dt_sec=0.79 cum_wall_sec=59.8
00:13:42 | INFO    | src.training.finetune | STEP step=650 loss=0.7812 dt_sec=0.81 cum_wall_sec=60.6
00:13:42 | INFO    | src.training.finetune | STEP step=660 loss=0.7308 dt_sec=0.79 cum_wall_sec=61.4
00:13:43 | INFO    | src.training.finetune | STEP step=670 loss=0.7771 dt_sec=0.82 cum_wall_sec=62.2
00:13:44 | INFO    | src.training.finetune | STEP step=680 loss=0.7739 dt_sec=0.81 cum_wall_sec=63.0
00:13:45 | INFO    | src.training.finetune | STEP step=690 loss=0.7929 dt_sec=0.81 cum_wall_sec=63.8
00:13:46 | INFO    | src.training.finetune | STEP step=700 loss=0.7532 dt_sec=0.81 cum_wall_sec=64.6
00:13:47 | INFO    | src.training.finetune | STEP step=710 loss=0.8673 dt_sec=0.80 cum_wall_sec=65.4
00:13:47 | INFO    | src.training.finetune | STEP step=720 loss=0.8448 dt_sec=0.80 cum_wall_sec=66.3
00:13:48 | INFO    | src.training.finetune | STEP step=730 loss=0.7721 dt_sec=0.82 cum_wall_sec=67.1
00:13:49 | INFO    | src.training.finetune | STEP step=740 loss=0.7992 dt_sec=0.80 cum_wall_sec=67.9
00:13:50 | INFO    | src.training.finetune | STEP step=750 loss=0.8410 dt_sec=0.82 cum_wall_sec=68.7
00:13:51 | INFO    | src.training.finetune | STEP step=760 loss=0.7460 dt_sec=0.82 cum_wall_sec=69.5
00:13:51 | INFO    | src.training.finetune | STEP step=770 loss=0.7449 dt_sec=0.82 cum_wall_sec=70.3
00:13:52 | INFO    | src.training.finetune | STEP step=780 loss=0.7699 dt_sec=0.82 cum_wall_sec=71.2
00:13:53 | INFO    | src.training.finetune | STEP step=790 loss=0.7615 dt_sec=0.81 cum_wall_sec=72.0
00:13:54 | INFO    | src.training.finetune | STEP step=800 loss=0.7604 dt_sec=0.81 cum_wall_sec=72.8
00:13:58 | INFO    | src.training.finetune | STEP step=810 loss=0.7754 dt_sec=3.83 cum_wall_sec=76.6
00:13:58 | INFO    | src.training.finetune | STEP step=820 loss=0.7452 dt_sec=0.81 cum_wall_sec=77.4
00:13:59 | INFO    | src.training.finetune | STEP step=830 loss=0.7412 dt_sec=0.81 cum_wall_sec=78.2
00:14:00 | INFO    | src.training.finetune | STEP step=840 loss=0.7978 dt_sec=0.82 cum_wall_sec=79.0
00:14:01 | INFO    | src.training.finetune | STEP step=850 loss=0.7501 dt_sec=0.80 cum_wall_sec=79.8
00:14:02 | INFO    | src.training.finetune | STEP step=860 loss=0.7652 dt_sec=0.82 cum_wall_sec=80.7
00:14:03 | INFO    | src.training.finetune | STEP step=870 loss=0.7506 dt_sec=0.81 cum_wall_sec=81.5
00:14:03 | INFO    | src.training.finetune | STEP step=880 loss=0.7489 dt_sec=0.80 cum_wall_sec=82.3
00:14:04 | INFO    | src.training.finetune | STEP step=890 loss=0.7306 dt_sec=0.81 cum_wall_sec=83.1
00:14:05 | INFO    | src.training.finetune | STEP step=900 loss=0.7674 dt_sec=0.82 cum_wall_sec=83.9
00:14:06 | INFO    | src.training.finetune | STEP step=910 loss=0.7509 dt_sec=0.81 cum_wall_sec=84.7
00:14:07 | INFO    | src.training.finetune | STEP step=920 loss=0.9470 dt_sec=0.82 cum_wall_sec=85.5
00:14:07 | INFO    | src.training.finetune | STEP step=930 loss=0.7417 dt_sec=0.81 cum_wall_sec=86.4
00:14:08 | INFO    | src.training.finetune | STEP step=940 loss=0.7652 dt_sec=0.82 cum_wall_sec=87.2
00:14:09 | INFO    | src.training.finetune | STEP step=950 loss=0.7183 dt_sec=0.82 cum_wall_sec=88.0
00:14:10 | INFO    | src.training.finetune | STEP step=960 loss=0.7505 dt_sec=0.81 cum_wall_sec=88.8
00:14:11 | INFO    | src.training.finetune | STEP step=970 loss=0.7288 dt_sec=0.82 cum_wall_sec=89.6
00:14:11 | INFO    | src.training.finetune | STEP step=980 loss=0.7235 dt_sec=0.81 cum_wall_sec=90.4
00:14:12 | INFO    | src.training.finetune | STEP step=990 loss=0.7053 dt_sec=0.81 cum_wall_sec=91.2
00:14:13 | INFO    | src.training.finetune | STEP step=1000 loss=0.7774 dt_sec=0.81 cum_wall_sec=92.1
00:14:17 | INFO    | src.training.finetune | STEP step=1010 loss=0.7411 dt_sec=3.75 cum_wall_sec=95.8
00:14:18 | INFO    | src.training.finetune | STEP step=1020 loss=0.7370 dt_sec=0.81 cum_wall_sec=96.6
00:14:18 | INFO    | src.training.finetune | STEP step=1030 loss=0.7444 dt_sec=0.80 cum_wall_sec=97.4
00:14:19 | INFO    | src.training.finetune | STEP step=1040 loss=0.7356 dt_sec=0.80 cum_wall_sec=98.2
00:14:20 | INFO    | src.training.finetune | STEP step=1050 loss=0.6981 dt_sec=0.81 cum_wall_sec=99.0
00:14:21 | INFO    | src.training.finetune | STEP step=1060 loss=0.7225 dt_sec=0.80 cum_wall_sec=99.8
00:14:22 | INFO    | src.training.finetune | STEP step=1070 loss=0.7133 dt_sec=0.81 cum_wall_sec=100.6
00:14:23 | INFO    | src.training.finetune | STEP step=1080 loss=0.7380 dt_sec=0.81 cum_wall_sec=101.5
00:14:23 | INFO    | src.training.finetune | STEP step=1090 loss=0.7928 dt_sec=0.79 cum_wall_sec=102.2
00:14:24 | INFO    | src.training.finetune | STEP step=1100 loss=0.7474 dt_sec=0.81 cum_wall_sec=103.1
00:14:25 | INFO    | src.training.finetune | STEP step=1110 loss=0.7018 dt_sec=0.80 cum_wall_sec=103.9
00:14:26 | INFO    | src.training.finetune | STEP step=1120 loss=0.7198 dt_sec=0.81 cum_wall_sec=104.7
00:14:27 | INFO    | src.training.finetune | STEP step=1130 loss=0.7062 dt_sec=0.81 cum_wall_sec=105.5
00:14:27 | INFO    | src.training.finetune | STEP step=1140 loss=0.7370 dt_sec=0.82 cum_wall_sec=106.3
00:14:28 | INFO    | src.training.finetune | STEP step=1150 loss=0.7379 dt_sec=0.80 cum_wall_sec=107.1
00:14:29 | INFO    | src.training.finetune | STEP step=1160 loss=0.7138 dt_sec=0.81 cum_wall_sec=107.9
00:14:30 | INFO    | src.training.finetune | STEP step=1170 loss=0.7521 dt_sec=0.80 cum_wall_sec=108.7
00:14:31 | INFO    | src.training.finetune | STEP step=1180 loss=0.7156 dt_sec=0.81 cum_wall_sec=109.5
00:14:31 | INFO    | src.training.finetune | STEP step=1190 loss=0.7115 dt_sec=0.79 cum_wall_sec=110.3
00:14:32 | INFO    | src.training.finetune | STEP step=1200 loss=0.7448 dt_sec=0.81 cum_wall_sec=111.1
00:14:36 | INFO    | src.training.finetune | STEP step=1210 loss=0.7220 dt_sec=3.73 cum_wall_sec=114.8
00:14:37 | INFO    | src.training.finetune | STEP step=1220 loss=0.7135 dt_sec=0.80 cum_wall_sec=115.6
00:14:38 | INFO    | src.training.finetune | STEP step=1230 loss=0.7292 dt_sec=0.81 cum_wall_sec=116.4
00:14:38 | INFO    | src.training.finetune | STEP step=1240 loss=0.7064 dt_sec=0.80 cum_wall_sec=117.2
00:14:39 | INFO    | src.training.finetune | STEP step=1250 loss=0.7306 dt_sec=0.80 cum_wall_sec=118.0
00:14:40 | INFO    | src.training.finetune | STEP step=1260 loss=0.7349 dt_sec=0.81 cum_wall_sec=118.9
00:14:41 | INFO    | src.training.finetune | STEP step=1270 loss=0.7638 dt_sec=0.80 cum_wall_sec=119.7
00:14:42 | INFO    | src.training.finetune | STEP step=1280 loss=0.7235 dt_sec=0.80 cum_wall_sec=120.5
00:14:42 | INFO    | src.training.finetune | STEP step=1290 loss=0.7342 dt_sec=0.82 cum_wall_sec=121.3
00:14:43 | INFO    | src.training.finetune | STEP step=1300 loss=0.7012 dt_sec=0.80 cum_wall_sec=122.1
00:14:44 | INFO    | src.training.finetune | STEP step=1310 loss=0.7290 dt_sec=0.81 cum_wall_sec=122.9
00:14:45 | INFO    | src.training.finetune | STEP step=1320 loss=0.7094 dt_sec=0.81 cum_wall_sec=123.7
00:14:46 | INFO    | src.training.finetune | STEP step=1330 loss=0.7445 dt_sec=0.80 cum_wall_sec=124.5
00:14:46 | INFO    | src.training.finetune | STEP step=1340 loss=0.7230 dt_sec=0.82 cum_wall_sec=125.3
00:14:47 | INFO    | src.training.finetune | STEP step=1350 loss=0.7198 dt_sec=0.80 cum_wall_sec=126.1
00:14:48 | INFO    | src.training.finetune | STEP step=1360 loss=0.7378 dt_sec=0.80 cum_wall_sec=126.9
00:14:49 | INFO    | src.training.finetune | STEP step=1370 loss=0.7207 dt_sec=0.82 cum_wall_sec=127.7
00:14:50 | INFO    | src.training.finetune | STEP step=1380 loss=0.7192 dt_sec=0.79 cum_wall_sec=128.5
00:14:50 | INFO    | src.training.finetune | STEP step=1390 loss=0.7107 dt_sec=0.81 cum_wall_sec=129.3
00:14:51 | INFO    | src.training.finetune | STEP step=1400 loss=0.7317 dt_sec=0.81 cum_wall_sec=130.1
00:14:55 | INFO    | src.training.finetune | STEP step=1410 loss=0.7180 dt_sec=3.76 cum_wall_sec=133.9
00:14:56 | INFO    | src.training.finetune | STEP step=1420 loss=0.7348 dt_sec=0.81 cum_wall_sec=134.7
00:14:57 | INFO    | src.training.finetune | STEP step=1430 loss=0.7191 dt_sec=0.80 cum_wall_sec=135.5
00:14:57 | INFO    | src.training.finetune | STEP step=1440 loss=0.7066 dt_sec=0.80 cum_wall_sec=136.3
00:14:58 | INFO    | src.training.finetune | STEP step=1450 loss=0.7311 dt_sec=0.81 cum_wall_sec=137.1
00:14:59 | INFO    | src.training.finetune | STEP step=1460 loss=0.7116 dt_sec=0.81 cum_wall_sec=137.9
00:15:00 | INFO    | src.training.finetune | STEP step=1470 loss=0.7247 dt_sec=0.82 cum_wall_sec=138.7
00:15:01 | INFO    | src.training.finetune | STEP step=1480 loss=0.7199 dt_sec=0.80 cum_wall_sec=139.6
00:15:01 | INFO    | src.training.finetune | STEP step=1490 loss=0.7023 dt_sec=0.82 cum_wall_sec=140.4
00:15:02 | INFO    | src.training.finetune | STEP step=1500 loss=0.7140 dt_sec=0.81 cum_wall_sec=141.2
00:15:03 | INFO    | src.training.finetune | STEP step=1510 loss=0.7044 dt_sec=0.81 cum_wall_sec=142.0
00:15:04 | INFO    | src.training.finetune | STEP step=1520 loss=0.7060 dt_sec=0.81 cum_wall_sec=142.8
00:15:05 | INFO    | src.training.finetune | STEP step=1530 loss=0.7167 dt_sec=0.81 cum_wall_sec=143.6
00:15:05 | INFO    | src.training.finetune | STEP step=1540 loss=0.6996 dt_sec=0.81 cum_wall_sec=144.4
00:15:06 | INFO    | src.training.finetune | STEP step=1550 loss=0.7119 dt_sec=0.81 cum_wall_sec=145.2
00:15:07 | INFO    | src.training.finetune | STEP step=1560 loss=0.6984 dt_sec=0.81 cum_wall_sec=146.0
00:15:08 | INFO    | src.training.finetune | STEP step=1570 loss=0.7348 dt_sec=0.81 cum_wall_sec=146.8
00:15:09 | INFO    | src.training.finetune | STEP step=1580 loss=0.7453 dt_sec=0.81 cum_wall_sec=147.7
00:15:10 | INFO    | src.training.finetune | STEP step=1590 loss=0.7076 dt_sec=0.82 cum_wall_sec=148.5
00:15:10 | INFO    | src.training.finetune | STEP step=1600 loss=0.7063 dt_sec=0.80 cum_wall_sec=149.3
00:15:14 | INFO    | src.training.finetune | STEP step=1610 loss=0.7204 dt_sec=3.74 cum_wall_sec=153.0
00:15:15 | INFO    | src.training.finetune | STEP step=1620 loss=0.7183 dt_sec=0.80 cum_wall_sec=153.8
00:15:16 | INFO    | src.training.finetune | STEP step=1630 loss=0.6986 dt_sec=0.81 cum_wall_sec=154.6
00:15:16 | INFO    | src.training.finetune | STEP step=1640 loss=0.7155 dt_sec=0.81 cum_wall_sec=155.4
00:15:17 | INFO    | src.training.finetune | STEP step=1650 loss=0.7050 dt_sec=0.81 cum_wall_sec=156.2
00:15:18 | INFO    | src.training.finetune | STEP step=1660 loss=0.6932 dt_sec=0.82 cum_wall_sec=157.1
00:15:19 | INFO    | src.training.finetune | STEP step=1670 loss=0.7284 dt_sec=0.80 cum_wall_sec=157.9
00:15:20 | INFO    | src.training.finetune | STEP step=1680 loss=0.7169 dt_sec=0.80 cum_wall_sec=158.7
00:15:21 | INFO    | src.training.finetune | STEP step=1690 loss=0.7077 dt_sec=0.81 cum_wall_sec=159.5
00:15:21 | INFO    | src.training.finetune | STEP step=1700 loss=0.7245 dt_sec=0.81 cum_wall_sec=160.3
00:15:22 | INFO    | src.training.finetune | STEP step=1710 loss=0.7170 dt_sec=0.81 cum_wall_sec=161.1
00:15:23 | INFO    | src.training.finetune | STEP step=1720 loss=0.7169 dt_sec=0.79 cum_wall_sec=161.9
00:15:24 | INFO    | src.training.finetune | STEP step=1730 loss=0.7211 dt_sec=0.81 cum_wall_sec=162.7
00:15:25 | INFO    | src.training.finetune | STEP step=1740 loss=0.7146 dt_sec=0.80 cum_wall_sec=163.5
00:15:25 | INFO    | src.training.finetune | STEP step=1750 loss=0.7437 dt_sec=0.81 cum_wall_sec=164.3
00:15:26 | INFO    | src.training.finetune | STEP step=1760 loss=0.7083 dt_sec=0.80 cum_wall_sec=165.1
00:15:27 | INFO    | src.training.finetune | STEP step=1770 loss=0.7239 dt_sec=0.81 cum_wall_sec=165.9
00:15:28 | INFO    | src.training.finetune | STEP step=1780 loss=0.7035 dt_sec=0.81 cum_wall_sec=166.7
00:15:29 | INFO    | src.training.finetune | STEP step=1790 loss=0.7052 dt_sec=0.81 cum_wall_sec=167.5
00:15:29 | INFO    | src.training.finetune | STEP step=1800 loss=0.7078 dt_sec=0.81 cum_wall_sec=168.4
00:15:33 | INFO    | src.training.finetune | STEP step=1810 loss=0.7114 dt_sec=3.76 cum_wall_sec=172.1
00:15:34 | INFO    | src.training.finetune | STEP step=1820 loss=0.7023 dt_sec=0.80 cum_wall_sec=172.9
00:15:35 | INFO    | src.training.finetune | STEP step=1830 loss=0.6969 dt_sec=0.81 cum_wall_sec=173.7
00:15:36 | INFO    | src.training.finetune | STEP step=1840 loss=0.7076 dt_sec=0.79 cum_wall_sec=174.5
00:15:36 | INFO    | src.training.finetune | STEP step=1850 loss=0.7013 dt_sec=0.82 cum_wall_sec=175.3
00:15:37 | INFO    | src.training.finetune | STEP step=1860 loss=0.7083 dt_sec=0.81 cum_wall_sec=176.1
00:15:38 | INFO    | src.training.finetune | STEP step=1870 loss=0.6940 dt_sec=0.81 cum_wall_sec=176.9
00:15:39 | INFO    | src.training.finetune | STEP step=1880 loss=0.7016 dt_sec=0.82 cum_wall_sec=177.8
00:15:40 | INFO    | src.training.finetune | STEP step=1890 loss=0.7125 dt_sec=0.80 cum_wall_sec=178.6
00:15:40 | INFO    | src.training.finetune | STEP step=1900 loss=0.7274 dt_sec=0.81 cum_wall_sec=179.4
00:15:41 | INFO    | src.training.finetune | STEP step=1910 loss=0.7004 dt_sec=0.81 cum_wall_sec=180.2
00:15:42 | INFO    | src.training.finetune | STEP step=1920 loss=0.7018 dt_sec=0.80 cum_wall_sec=181.0
00:15:43 | INFO    | src.training.finetune | STEP step=1930 loss=0.6958 dt_sec=0.80 cum_wall_sec=181.8
00:15:44 | INFO    | src.training.finetune | STEP step=1940 loss=0.7197 dt_sec=0.80 cum_wall_sec=182.6
00:15:44 | INFO    | src.training.finetune | STEP step=1950 loss=0.7192 dt_sec=0.81 cum_wall_sec=183.4
00:15:45 | INFO    | src.training.finetune | STEP step=1960 loss=0.7189 dt_sec=0.80 cum_wall_sec=184.2
00:15:46 | INFO    | src.training.finetune | STEP step=1970 loss=0.7797 dt_sec=0.81 cum_wall_sec=185.0
00:15:47 | INFO    | src.training.finetune | STEP step=1980 loss=0.6598 dt_sec=0.80 cum_wall_sec=185.8
00:15:48 | INFO    | src.training.finetune | STEP step=1990 loss=0.6896 dt_sec=0.80 cum_wall_sec=186.6
00:15:48 | INFO    | src.training.finetune | STEP step=2000 loss=0.6669 dt_sec=0.80 cum_wall_sec=187.4
00:15:52 | INFO    | src.training.finetune | STAGE=azerbaijani end ts=2026-09-09T00:15:52.336790+00:00 runtime_sec=192.8
00:15:53 | INFO    | src.training.finetune | Best checkpoint restored and verified: step 2000, val macro-F1 = 0.5546
