22:04:34 | INFO    | src.training.finetune |   [AZ mərhələsi] 2000 nümunə | 2 sinif | init=baza
22:04:34 | INFO    | src.training.finetune | Task head reset: modules=['classifier'] params=592130 (encoder='roberta' untouched)
22:04:34 | INFO    | src.training.finetune | STAGE=azerbaijani start ts=2026-09-08T22:04:34.560526+00:00 n=2000 n_classes=2
22:04:35 | INFO    | src.training.finetune | STEP step=10 loss=0.6979 dt_sec=0.73 cum_wall_sec=0.7
22:04:36 | INFO    | src.training.finetune | STEP step=20 loss=0.6994 dt_sec=0.66 cum_wall_sec=1.4
22:04:37 | INFO    | src.training.finetune | STEP step=30 loss=0.6916 dt_sec=0.66 cum_wall_sec=2.1
22:04:37 | INFO    | src.training.finetune | STEP step=40 loss=0.7014 dt_sec=0.67 cum_wall_sec=2.7
22:04:38 | INFO    | src.training.finetune | STEP step=50 loss=0.6889 dt_sec=0.66 cum_wall_sec=3.4
22:04:39 | INFO    | src.training.finetune | STEP step=60 loss=0.6971 dt_sec=0.66 cum_wall_sec=4.0
22:04:39 | INFO    | src.training.finetune | STEP step=70 loss=0.6963 dt_sec=0.66 cum_wall_sec=4.7
22:04:40 | INFO    | src.training.finetune | STEP step=80 loss=0.6918 dt_sec=0.66 cum_wall_sec=5.4
22:04:41 | INFO    | src.training.finetune | STEP step=90 loss=0.6909 dt_sec=0.67 cum_wall_sec=6.0
22:04:41 | INFO    | src.training.finetune | STEP step=100 loss=0.6919 dt_sec=0.67 cum_wall_sec=6.7
22:04:42 | INFO    | src.training.finetune | STEP step=110 loss=0.6670 dt_sec=0.66 cum_wall_sec=7.4
22:04:43 | INFO    | src.training.finetune | STEP step=120 loss=0.6811 dt_sec=0.66 cum_wall_sec=8.0
22:04:43 | INFO    | src.training.finetune | STEP step=130 loss=0.6466 dt_sec=0.66 cum_wall_sec=8.7
22:04:44 | INFO    | src.training.finetune | STEP step=140 loss=0.6697 dt_sec=0.66 cum_wall_sec=9.3
22:04:45 | INFO    | src.training.finetune | STEP step=150 loss=0.6641 dt_sec=0.65 cum_wall_sec=10.0
22:04:45 | INFO    | src.training.finetune | STEP step=160 loss=0.6603 dt_sec=0.67 cum_wall_sec=10.7
22:04:46 | INFO    | src.training.finetune | STEP step=170 loss=0.6759 dt_sec=0.65 cum_wall_sec=11.3
22:04:47 | INFO    | src.training.finetune | STEP step=180 loss=0.6625 dt_sec=0.66 cum_wall_sec=12.0
22:04:47 | INFO    | src.training.finetune | STEP step=190 loss=0.5903 dt_sec=0.66 cum_wall_sec=12.6
22:04:48 | INFO    | src.training.finetune | STEP step=200 loss=0.6303 dt_sec=0.66 cum_wall_sec=13.3
22:04:50 | INFO    | src.training.finetune | STEP step=210 loss=0.6099 dt_sec=2.49 cum_wall_sec=15.8
22:04:51 | INFO    | src.training.finetune | STEP step=220 loss=0.6344 dt_sec=0.67 cum_wall_sec=16.5
22:04:52 | INFO    | src.training.finetune | STEP step=230 loss=0.6134 dt_sec=0.67 cum_wall_sec=17.1
22:04:52 | INFO    | src.training.finetune | STEP step=240 loss=0.6558 dt_sec=0.66 cum_wall_sec=17.8
22:04:53 | INFO    | src.training.finetune | STEP step=250 loss=0.6331 dt_sec=0.67 cum_wall_sec=18.5
22:04:54 | INFO    | src.training.finetune | STEP step=260 loss=0.5902 dt_sec=0.67 cum_wall_sec=19.1
22:04:54 | INFO    | src.training.finetune | STEP step=270 loss=0.5672 dt_sec=0.68 cum_wall_sec=19.8
22:04:55 | INFO    | src.training.finetune | STEP step=280 loss=0.6274 dt_sec=0.66 cum_wall_sec=20.5
22:04:56 | INFO    | src.training.finetune | STEP step=290 loss=0.6298 dt_sec=0.65 cum_wall_sec=21.1
22:04:56 | INFO    | src.training.finetune | STEP step=300 loss=0.5252 dt_sec=0.67 cum_wall_sec=21.8
22:04:57 | INFO    | src.training.finetune | STEP step=310 loss=0.5827 dt_sec=0.66 cum_wall_sec=22.4
22:04:58 | INFO    | src.training.finetune | STEP step=320 loss=0.5437 dt_sec=0.67 cum_wall_sec=23.1
22:04:58 | INFO    | src.training.finetune | STEP step=330 loss=0.4737 dt_sec=0.65 cum_wall_sec=23.7
22:04:59 | INFO    | src.training.finetune | STEP step=340 loss=0.5538 dt_sec=0.66 cum_wall_sec=24.4
22:05:00 | INFO    | src.training.finetune | STEP step=350 loss=0.4560 dt_sec=0.67 cum_wall_sec=25.1
22:05:00 | INFO    | src.training.finetune | STEP step=360 loss=0.5541 dt_sec=0.67 cum_wall_sec=25.7
22:05:01 | INFO    | src.training.finetune | STEP step=370 loss=0.5318 dt_sec=0.65 cum_wall_sec=26.4
22:05:02 | INFO    | src.training.finetune | STEP step=380 loss=0.4866 dt_sec=0.66 cum_wall_sec=27.1
22:05:02 | INFO    | src.training.finetune | STEP step=390 loss=0.4488 dt_sec=0.66 cum_wall_sec=27.7
22:05:03 | INFO    | src.training.finetune | STEP step=400 loss=0.4164 dt_sec=0.67 cum_wall_sec=28.4
22:05:06 | INFO    | src.training.finetune | STEP step=410 loss=0.4901 dt_sec=2.55 cum_wall_sec=30.9
22:05:06 | INFO    | src.training.finetune | STEP step=420 loss=0.5719 dt_sec=0.66 cum_wall_sec=31.6
22:05:07 | INFO    | src.training.finetune | STEP step=430 loss=0.4727 dt_sec=0.65 cum_wall_sec=32.2
22:05:08 | INFO    | src.training.finetune | STEP step=440 loss=0.4975 dt_sec=0.66 cum_wall_sec=32.9
22:05:08 | INFO    | src.training.finetune | STEP step=450 loss=0.4520 dt_sec=0.66 cum_wall_sec=33.6
22:05:09 | INFO    | src.training.finetune | STEP step=460 loss=0.4259 dt_sec=0.67 cum_wall_sec=34.2
22:05:10 | INFO    | src.training.finetune | STEP step=470 loss=0.3833 dt_sec=0.67 cum_wall_sec=34.9
22:05:10 | INFO    | src.training.finetune | STEP step=480 loss=0.4626 dt_sec=0.66 cum_wall_sec=35.6
22:05:11 | INFO    | src.training.finetune | STEP step=490 loss=0.4726 dt_sec=0.66 cum_wall_sec=36.2
22:05:12 | INFO    | src.training.finetune | STEP step=500 loss=0.4256 dt_sec=0.65 cum_wall_sec=36.9
22:05:12 | INFO    | src.training.finetune | STEP step=510 loss=0.4292 dt_sec=0.66 cum_wall_sec=37.5
22:05:13 | INFO    | src.training.finetune | STEP step=520 loss=0.3929 dt_sec=0.66 cum_wall_sec=38.2
22:05:14 | INFO    | src.training.finetune | STEP step=530 loss=0.4606 dt_sec=0.66 cum_wall_sec=38.8
22:05:14 | INFO    | src.training.finetune | STEP step=540 loss=0.4491 dt_sec=0.65 cum_wall_sec=39.5
22:05:15 | INFO    | src.training.finetune | STEP step=550 loss=0.4229 dt_sec=0.66 cum_wall_sec=40.2
22:05:15 | INFO    | src.training.finetune | STEP step=560 loss=0.4349 dt_sec=0.66 cum_wall_sec=40.8
22:05:16 | INFO    | src.training.finetune | STEP step=570 loss=0.4286 dt_sec=0.66 cum_wall_sec=41.5
22:05:17 | INFO    | src.training.finetune | STEP step=580 loss=0.4368 dt_sec=0.66 cum_wall_sec=42.1
22:05:17 | INFO    | src.training.finetune | STEP step=590 loss=0.3887 dt_sec=0.65 cum_wall_sec=42.8
22:05:18 | INFO    | src.training.finetune | STEP step=600 loss=0.4330 dt_sec=0.67 cum_wall_sec=43.4
22:05:21 | INFO    | src.training.finetune | STEP step=610 loss=0.3447 dt_sec=2.49 cum_wall_sec=45.9
22:05:21 | INFO    | src.training.finetune | STEP step=620 loss=0.3369 dt_sec=0.66 cum_wall_sec=46.6
22:05:22 | INFO    | src.training.finetune | STEP step=630 loss=0.3201 dt_sec=0.66 cum_wall_sec=47.3
22:05:23 | INFO    | src.training.finetune | STEP step=640 loss=0.3287 dt_sec=0.66 cum_wall_sec=47.9
22:05:23 | INFO    | src.training.finetune | STEP step=650 loss=0.3296 dt_sec=0.65 cum_wall_sec=48.6
22:05:24 | INFO    | src.training.finetune | STEP step=660 loss=0.3260 dt_sec=0.66 cum_wall_sec=49.2
22:05:25 | INFO    | src.training.finetune | STEP step=670 loss=0.3583 dt_sec=0.66 cum_wall_sec=49.9
22:05:25 | INFO    | src.training.finetune | STEP step=680 loss=0.4158 dt_sec=0.67 cum_wall_sec=50.6
22:05:26 | INFO    | src.training.finetune | STEP step=690 loss=0.3195 dt_sec=0.66 cum_wall_sec=51.2
22:05:27 | INFO    | src.training.finetune | STEP step=700 loss=0.2817 dt_sec=0.64 cum_wall_sec=51.9
22:05:27 | INFO    | src.training.finetune | STEP step=710 loss=0.3233 dt_sec=0.66 cum_wall_sec=52.5
22:05:28 | INFO    | src.training.finetune | STEP step=720 loss=0.3249 dt_sec=0.65 cum_wall_sec=53.2
22:05:29 | INFO    | src.training.finetune | STEP step=730 loss=0.2921 dt_sec=0.67 cum_wall_sec=53.8
22:05:29 | INFO    | src.training.finetune | STEP step=740 loss=0.3272 dt_sec=0.66 cum_wall_sec=54.5
22:05:30 | INFO    | src.training.finetune | STEP step=750 loss=0.2388 dt_sec=0.66 cum_wall_sec=55.2
22:05:31 | INFO    | src.training.finetune | STEP step=760 loss=0.3334 dt_sec=0.66 cum_wall_sec=55.8
22:05:31 | INFO    | src.training.finetune | STEP step=770 loss=0.2796 dt_sec=0.65 cum_wall_sec=56.5
22:05:32 | INFO    | src.training.finetune | STEP step=780 loss=0.2789 dt_sec=0.66 cum_wall_sec=57.1
22:05:32 | INFO    | src.training.finetune | STEP step=790 loss=0.2184 dt_sec=0.66 cum_wall_sec=57.8
22:05:33 | INFO    | src.training.finetune | STEP step=800 loss=0.2878 dt_sec=0.66 cum_wall_sec=58.5
22:05:36 | INFO    | src.training.finetune | STEP step=810 loss=0.2300 dt_sec=2.47 cum_wall_sec=60.9
22:05:36 | INFO    | src.training.finetune | STEP step=820 loss=0.2856 dt_sec=0.66 cum_wall_sec=61.6
22:05:37 | INFO    | src.training.finetune | STEP step=830 loss=0.2114 dt_sec=0.66 cum_wall_sec=62.3
22:05:38 | INFO    | src.training.finetune | STEP step=840 loss=0.1920 dt_sec=0.66 cum_wall_sec=62.9
22:05:38 | INFO    | src.training.finetune | STEP step=850 loss=0.2367 dt_sec=0.65 cum_wall_sec=63.6
22:05:39 | INFO    | src.training.finetune | STEP step=860 loss=0.2322 dt_sec=0.65 cum_wall_sec=64.2
22:05:40 | INFO    | src.training.finetune | STEP step=870 loss=0.2107 dt_sec=0.67 cum_wall_sec=64.9
22:05:40 | INFO    | src.training.finetune | STEP step=880 loss=0.2251 dt_sec=0.66 cum_wall_sec=65.6
22:05:41 | INFO    | src.training.finetune | STEP step=890 loss=0.2019 dt_sec=0.65 cum_wall_sec=66.2
22:05:42 | INFO    | src.training.finetune | STEP step=900 loss=0.2686 dt_sec=0.67 cum_wall_sec=66.9
22:05:42 | INFO    | src.training.finetune | STEP step=910 loss=0.2671 dt_sec=0.67 cum_wall_sec=67.6
22:05:43 | INFO    | src.training.finetune | STEP step=920 loss=0.2277 dt_sec=0.65 cum_wall_sec=68.2
22:05:44 | INFO    | src.training.finetune | STEP step=930 loss=0.2019 dt_sec=0.66 cum_wall_sec=68.9
22:05:44 | INFO    | src.training.finetune | STEP step=940 loss=0.2031 dt_sec=0.66 cum_wall_sec=69.5
22:05:45 | INFO    | src.training.finetune | STEP step=950 loss=0.2298 dt_sec=0.65 cum_wall_sec=70.2
22:05:46 | INFO    | src.training.finetune | STEP step=960 loss=0.2351 dt_sec=0.67 cum_wall_sec=70.8
22:05:46 | INFO    | src.training.finetune | STEP step=970 loss=0.1592 dt_sec=0.65 cum_wall_sec=71.5
22:05:47 | INFO    | src.training.finetune | STEP step=980 loss=0.2214 dt_sec=0.67 cum_wall_sec=72.2
22:05:47 | INFO    | src.training.finetune | STEP step=990 loss=0.1942 dt_sec=0.67 cum_wall_sec=72.8
22:05:48 | INFO    | src.training.finetune | STEP step=1000 loss=0.1398 dt_sec=0.66 cum_wall_sec=73.5
22:05:51 | INFO    | src.training.finetune | STEP step=1010 loss=0.1566 dt_sec=2.50 cum_wall_sec=76.0
22:05:51 | INFO    | src.training.finetune | STEP step=1020 loss=0.2229 dt_sec=0.67 cum_wall_sec=76.6
22:05:52 | INFO    | src.training.finetune | STEP step=1030 loss=0.1918 dt_sec=0.67 cum_wall_sec=77.3
22:05:53 | INFO    | src.training.finetune | STEP step=1040 loss=0.1399 dt_sec=0.67 cum_wall_sec=78.0
22:05:53 | INFO    | src.training.finetune | STEP step=1050 loss=0.2062 dt_sec=0.66 cum_wall_sec=78.6
22:05:54 | INFO    | src.training.finetune | STEP step=1060 loss=0.1946 dt_sec=0.65 cum_wall_sec=79.3
22:05:55 | INFO    | src.training.finetune | STEP step=1070 loss=0.1232 dt_sec=0.66 cum_wall_sec=79.9
22:05:55 | INFO    | src.training.finetune | STEP step=1080 loss=0.1869 dt_sec=0.65 cum_wall_sec=80.6
22:05:56 | INFO    | src.training.finetune | STEP step=1090 loss=0.1164 dt_sec=0.66 cum_wall_sec=81.3
22:05:57 | INFO    | src.training.finetune | STEP step=1100 loss=0.1804 dt_sec=0.66 cum_wall_sec=81.9
22:05:57 | INFO    | src.training.finetune | STEP step=1110 loss=0.1085 dt_sec=0.66 cum_wall_sec=82.6
22:05:58 | INFO    | src.training.finetune | STEP step=1120 loss=0.1768 dt_sec=0.66 cum_wall_sec=83.2
22:05:59 | INFO    | src.training.finetune | STEP step=1130 loss=0.1142 dt_sec=0.68 cum_wall_sec=83.9
22:05:59 | INFO    | src.training.finetune | STEP step=1140 loss=0.1716 dt_sec=0.66 cum_wall_sec=84.6
22:06:00 | INFO    | src.training.finetune | STEP step=1150 loss=0.1185 dt_sec=0.66 cum_wall_sec=85.2
22:06:01 | INFO    | src.training.finetune | STEP step=1160 loss=0.1307 dt_sec=0.66 cum_wall_sec=85.9
22:06:01 | INFO    | src.training.finetune | STEP step=1170 loss=0.0815 dt_sec=0.66 cum_wall_sec=86.6
22:06:02 | INFO    | src.training.finetune | STEP step=1180 loss=0.1569 dt_sec=0.66 cum_wall_sec=87.2
22:06:03 | INFO    | src.training.finetune | STEP step=1190 loss=0.1028 dt_sec=0.67 cum_wall_sec=87.9
22:06:03 | INFO    | src.training.finetune | STEP step=1200 loss=0.1616 dt_sec=0.65 cum_wall_sec=88.5
22:06:06 | INFO    | src.training.finetune | STEP step=1210 loss=0.0584 dt_sec=2.42 cum_wall_sec=91.0
22:06:06 | INFO    | src.training.finetune | STEP step=1220 loss=0.0848 dt_sec=0.66 cum_wall_sec=91.6
22:06:07 | INFO    | src.training.finetune | STEP step=1230 loss=0.1051 dt_sec=0.66 cum_wall_sec=92.3
22:06:08 | INFO    | src.training.finetune | STEP step=1240 loss=0.0786 dt_sec=0.66 cum_wall_sec=92.9
22:06:08 | INFO    | src.training.finetune | STEP step=1250 loss=0.1313 dt_sec=0.66 cum_wall_sec=93.6
22:06:09 | INFO    | src.training.finetune | STEP step=1260 loss=0.1462 dt_sec=0.66 cum_wall_sec=94.2
22:06:10 | INFO    | src.training.finetune | STEP step=1270 loss=0.0669 dt_sec=0.66 cum_wall_sec=94.9
22:06:10 | INFO    | src.training.finetune | STEP step=1280 loss=0.0858 dt_sec=0.66 cum_wall_sec=95.6
22:06:11 | INFO    | src.training.finetune | STEP step=1290 loss=0.1141 dt_sec=0.65 cum_wall_sec=96.2
22:06:12 | INFO    | src.training.finetune | STEP step=1300 loss=0.0715 dt_sec=0.67 cum_wall_sec=96.9
22:06:12 | INFO    | src.training.finetune | STEP step=1310 loss=0.1149 dt_sec=0.65 cum_wall_sec=97.5
22:06:13 | INFO    | src.training.finetune | STEP step=1320 loss=0.0693 dt_sec=0.67 cum_wall_sec=98.2
22:06:14 | INFO    | src.training.finetune | STEP step=1330 loss=0.0586 dt_sec=0.66 cum_wall_sec=98.9
22:06:14 | INFO    | src.training.finetune | STEP step=1340 loss=0.0869 dt_sec=0.66 cum_wall_sec=99.5
22:06:15 | INFO    | src.training.finetune | STEP step=1350 loss=0.1296 dt_sec=0.65 cum_wall_sec=100.2
22:06:16 | INFO    | src.training.finetune | STEP step=1360 loss=0.0907 dt_sec=0.67 cum_wall_sec=100.8
22:06:16 | INFO    | src.training.finetune | STEP step=1370 loss=0.0474 dt_sec=0.66 cum_wall_sec=101.5
22:06:17 | INFO    | src.training.finetune | STEP step=1380 loss=0.0715 dt_sec=0.67 cum_wall_sec=102.2
22:06:17 | INFO    | src.training.finetune | STEP step=1390 loss=0.0752 dt_sec=0.65 cum_wall_sec=102.8
22:06:18 | INFO    | src.training.finetune | STEP step=1400 loss=0.0743 dt_sec=0.66 cum_wall_sec=103.5
22:06:21 | INFO    | src.training.finetune | STEP step=1410 loss=0.0892 dt_sec=2.50 cum_wall_sec=106.0
22:06:21 | INFO    | src.training.finetune | STEP step=1420 loss=0.0935 dt_sec=0.67 cum_wall_sec=106.6
22:06:22 | INFO    | src.training.finetune | STEP step=1430 loss=0.0783 dt_sec=0.67 cum_wall_sec=107.3
22:06:23 | INFO    | src.training.finetune | STEP step=1440 loss=0.0639 dt_sec=0.66 cum_wall_sec=108.0
22:06:23 | INFO    | src.training.finetune | STEP step=1450 loss=0.0894 dt_sec=0.67 cum_wall_sec=108.6
22:06:24 | INFO    | src.training.finetune | STEP step=1460 loss=0.0599 dt_sec=0.66 cum_wall_sec=109.3
22:06:25 | INFO    | src.training.finetune | STEP step=1470 loss=0.0918 dt_sec=0.67 cum_wall_sec=110.0
22:06:25 | INFO    | src.training.finetune | STEP step=1480 loss=0.0996 dt_sec=0.65 cum_wall_sec=110.6
22:06:26 | INFO    | src.training.finetune | STEP step=1490 loss=0.0430 dt_sec=0.65 cum_wall_sec=111.3
22:06:27 | INFO    | src.training.finetune | STEP step=1500 loss=0.0431 dt_sec=0.68 cum_wall_sec=111.9
22:06:27 | INFO    | src.training.finetune | STEP step=1510 loss=0.0690 dt_sec=0.65 cum_wall_sec=112.6
22:06:28 | INFO    | src.training.finetune | STEP step=1520 loss=0.0838 dt_sec=0.66 cum_wall_sec=113.3
22:06:29 | INFO    | src.training.finetune | STEP step=1530 loss=0.0263 dt_sec=0.65 cum_wall_sec=113.9
22:06:29 | INFO    | src.training.finetune | STEP step=1540 loss=0.0598 dt_sec=0.65 cum_wall_sec=114.6
22:06:30 | INFO    | src.training.finetune | STEP step=1550 loss=0.0640 dt_sec=0.66 cum_wall_sec=115.2
22:06:31 | INFO    | src.training.finetune | STEP step=1560 loss=0.1291 dt_sec=0.66 cum_wall_sec=115.9
22:06:31 | INFO    | src.training.finetune | STEP step=1570 loss=0.1071 dt_sec=0.66 cum_wall_sec=116.5
22:06:32 | INFO    | src.training.finetune | STEP step=1580 loss=0.1293 dt_sec=0.65 cum_wall_sec=117.2
22:06:33 | INFO    | src.training.finetune | STEP step=1590 loss=0.0307 dt_sec=0.66 cum_wall_sec=117.8
22:06:33 | INFO    | src.training.finetune | STEP step=1600 loss=0.0227 dt_sec=0.66 cum_wall_sec=118.5
22:06:36 | INFO    | src.training.finetune | STEP step=1610 loss=0.0839 dt_sec=2.47 cum_wall_sec=121.0
22:06:36 | INFO    | src.training.finetune | STEP step=1620 loss=0.0508 dt_sec=0.67 cum_wall_sec=121.6
22:06:37 | INFO    | src.training.finetune | STEP step=1630 loss=0.1590 dt_sec=0.67 cum_wall_sec=122.3
22:06:38 | INFO    | src.training.finetune | STEP step=1640 loss=0.0441 dt_sec=0.66 cum_wall_sec=123.0
22:06:38 | INFO    | src.training.finetune | STEP step=1650 loss=0.0352 dt_sec=0.67 cum_wall_sec=123.6
22:06:39 | INFO    | src.training.finetune | STEP step=1660 loss=0.0996 dt_sec=0.66 cum_wall_sec=124.3
22:06:40 | INFO    | src.training.finetune | STEP step=1670 loss=0.0444 dt_sec=0.66 cum_wall_sec=125.0
22:06:40 | INFO    | src.training.finetune | STEP step=1680 loss=0.0262 dt_sec=0.66 cum_wall_sec=125.6
22:06:41 | INFO    | src.training.finetune | STEP step=1690 loss=0.0649 dt_sec=0.66 cum_wall_sec=126.3
22:06:42 | INFO    | src.training.finetune | STEP step=1700 loss=0.0491 dt_sec=0.66 cum_wall_sec=126.9
22:06:42 | INFO    | src.training.finetune | STEP step=1710 loss=0.0121 dt_sec=0.65 cum_wall_sec=127.6
22:06:43 | INFO    | src.training.finetune | STEP step=1720 loss=0.0355 dt_sec=0.66 cum_wall_sec=128.3
22:06:44 | INFO    | src.training.finetune | STEP step=1730 loss=0.0141 dt_sec=0.66 cum_wall_sec=128.9
22:06:44 | INFO    | src.training.finetune | STEP step=1740 loss=0.0204 dt_sec=0.65 cum_wall_sec=129.6
22:06:45 | INFO    | src.training.finetune | STEP step=1750 loss=0.0394 dt_sec=0.66 cum_wall_sec=130.2
22:06:46 | INFO    | src.training.finetune | STEP step=1760 loss=0.1043 dt_sec=0.67 cum_wall_sec=130.9
22:06:46 | INFO    | src.training.finetune | STEP step=1770 loss=0.0492 dt_sec=0.66 cum_wall_sec=131.6
22:06:47 | INFO    | src.training.finetune | STEP step=1780 loss=0.0387 dt_sec=0.67 cum_wall_sec=132.2
22:06:48 | INFO    | src.training.finetune | STEP step=1790 loss=0.0242 dt_sec=0.69 cum_wall_sec=132.9
22:06:48 | INFO    | src.training.finetune | STEP step=1800 loss=0.0280 dt_sec=0.68 cum_wall_sec=133.6
22:06:51 | INFO    | src.training.finetune | STEP step=1810 loss=0.0034 dt_sec=2.66 cum_wall_sec=136.3
22:06:52 | INFO    | src.training.finetune | STEP step=1820 loss=0.0225 dt_sec=0.68 cum_wall_sec=136.9
22:06:52 | INFO    | src.training.finetune | STEP step=1830 loss=0.0531 dt_sec=0.68 cum_wall_sec=137.6
22:06:53 | INFO    | src.training.finetune | STEP step=1840 loss=0.0412 dt_sec=0.69 cum_wall_sec=138.3
22:06:54 | INFO    | src.training.finetune | STEP step=1850 loss=0.0042 dt_sec=0.66 cum_wall_sec=139.0
22:06:54 | INFO    | src.training.finetune | STEP step=1860 loss=0.0815 dt_sec=0.68 cum_wall_sec=139.6
22:06:55 | INFO    | src.training.finetune | STEP step=1870 loss=0.0223 dt_sec=0.68 cum_wall_sec=140.3
22:06:56 | INFO    | src.training.finetune | STEP step=1880 loss=0.0326 dt_sec=0.68 cum_wall_sec=141.0
22:06:56 | INFO    | src.training.finetune | STEP step=1890 loss=0.0424 dt_sec=0.66 cum_wall_sec=141.7
22:06:57 | INFO    | src.training.finetune | STEP step=1900 loss=0.0531 dt_sec=0.69 cum_wall_sec=142.4
22:06:58 | INFO    | src.training.finetune | STEP step=1910 loss=0.0791 dt_sec=0.68 cum_wall_sec=143.0
22:06:58 | INFO    | src.training.finetune | STEP step=1920 loss=0.0079 dt_sec=0.67 cum_wall_sec=143.7
22:06:59 | INFO    | src.training.finetune | STEP step=1930 loss=0.0263 dt_sec=0.68 cum_wall_sec=144.4
22:07:00 | INFO    | src.training.finetune | STEP step=1940 loss=0.0244 dt_sec=0.66 cum_wall_sec=145.0
22:07:00 | INFO    | src.training.finetune | STEP step=1950 loss=0.0151 dt_sec=0.70 cum_wall_sec=145.7
22:07:01 | INFO    | src.training.finetune | STEP step=1960 loss=0.0245 dt_sec=0.68 cum_wall_sec=146.4
22:07:02 | INFO    | src.training.finetune | STEP step=1970 loss=0.0211 dt_sec=0.66 cum_wall_sec=147.1
22:07:02 | INFO    | src.training.finetune | STEP step=1980 loss=0.0678 dt_sec=0.68 cum_wall_sec=147.8
22:07:03 | INFO    | src.training.finetune | STEP step=1990 loss=0.0397 dt_sec=0.68 cum_wall_sec=148.4
22:07:04 | INFO    | src.training.finetune | STEP step=2000 loss=0.0147 dt_sec=0.69 cum_wall_sec=149.1
22:07:06 | INFO    | src.training.finetune | STAGE=azerbaijani end ts=2026-09-08T22:07:06.348877+00:00 runtime_sec=151.8
22:07:07 | INFO    | src.training.finetune | Best checkpoint restored and verified: step 1800, val macro-F1 = 0.7873
