22:41:55 | INFO    | src.training.finetune | STAGE=turkish_intermediate cache_hit=true ts=2026-09-08T22:41:55.931889+00:00 path=artifacts/tr_stage_cache/base=xlmr__tok=omp__tr=real__seed=42__dffc0c38fee43559
22:41:55 | INFO    | src.training.finetune |   [AZ mərhələsi] 2000 nümunə | 2 sinif | init=TR checkpoint
22:41:55 | INFO    | src.training.finetune | Task head reset: modules=['classifier'] params=592130 (encoder='roberta' untouched)
22:41:55 | INFO    | src.training.finetune | STAGE=azerbaijani start ts=2026-09-08T22:41:55.993920+00:00 n=2000 n_classes=2
22:41:57 | INFO    | src.training.finetune | STEP step=10 loss=0.7264 dt_sec=0.76 cum_wall_sec=0.8
22:41:57 | INFO    | src.training.finetune | STEP step=20 loss=0.7295 dt_sec=0.65 cum_wall_sec=1.4
22:41:58 | INFO    | src.training.finetune | STEP step=30 loss=0.7143 dt_sec=0.66 cum_wall_sec=2.1
22:41:59 | INFO    | src.training.finetune | STEP step=40 loss=0.7080 dt_sec=0.65 cum_wall_sec=2.7
22:41:59 | INFO    | src.training.finetune | STEP step=50 loss=0.6973 dt_sec=0.67 cum_wall_sec=3.4
22:42:00 | INFO    | src.training.finetune | STEP step=60 loss=0.6942 dt_sec=0.68 cum_wall_sec=4.1
22:42:01 | INFO    | src.training.finetune | STEP step=70 loss=0.6901 dt_sec=0.65 cum_wall_sec=4.7
22:42:01 | INFO    | src.training.finetune | STEP step=80 loss=0.6855 dt_sec=0.66 cum_wall_sec=5.4
22:42:02 | INFO    | src.training.finetune | STEP step=90 loss=0.6745 dt_sec=0.67 cum_wall_sec=6.0
22:42:03 | INFO    | src.training.finetune | STEP step=100 loss=0.6738 dt_sec=0.66 cum_wall_sec=6.7
22:42:03 | INFO    | src.training.finetune | STEP step=110 loss=0.6443 dt_sec=0.67 cum_wall_sec=7.4
22:42:04 | INFO    | src.training.finetune | STEP step=120 loss=0.6707 dt_sec=0.65 cum_wall_sec=8.0
22:42:05 | INFO    | src.training.finetune | STEP step=130 loss=0.6501 dt_sec=0.66 cum_wall_sec=8.7
22:42:05 | INFO    | src.training.finetune | STEP step=140 loss=0.6118 dt_sec=0.67 cum_wall_sec=9.4
22:42:06 | INFO    | src.training.finetune | STEP step=150 loss=0.6177 dt_sec=0.66 cum_wall_sec=10.0
22:42:07 | INFO    | src.training.finetune | STEP step=160 loss=0.5870 dt_sec=0.67 cum_wall_sec=10.7
22:42:07 | INFO    | src.training.finetune | STEP step=170 loss=0.5863 dt_sec=0.65 cum_wall_sec=11.3
22:42:08 | INFO    | src.training.finetune | STEP step=180 loss=0.5891 dt_sec=0.66 cum_wall_sec=12.0
22:42:09 | INFO    | src.training.finetune | STEP step=190 loss=0.5716 dt_sec=0.66 cum_wall_sec=12.7
22:42:09 | INFO    | src.training.finetune | STEP step=200 loss=0.5736 dt_sec=0.65 cum_wall_sec=13.3
22:42:12 | INFO    | src.training.finetune | STEP step=210 loss=0.4888 dt_sec=2.51 cum_wall_sec=15.8
22:42:12 | INFO    | src.training.finetune | STEP step=220 loss=0.5624 dt_sec=0.67 cum_wall_sec=16.5
22:42:13 | INFO    | src.training.finetune | STEP step=230 loss=0.5666 dt_sec=0.66 cum_wall_sec=17.2
22:42:14 | INFO    | src.training.finetune | STEP step=240 loss=0.5407 dt_sec=0.65 cum_wall_sec=17.8
22:42:14 | INFO    | src.training.finetune | STEP step=250 loss=0.5764 dt_sec=0.65 cum_wall_sec=18.5
22:42:15 | INFO    | src.training.finetune | STEP step=260 loss=0.4965 dt_sec=0.66 cum_wall_sec=19.1
22:42:16 | INFO    | src.training.finetune | STEP step=270 loss=0.4440 dt_sec=0.67 cum_wall_sec=19.8
22:42:16 | INFO    | src.training.finetune | STEP step=280 loss=0.5541 dt_sec=0.66 cum_wall_sec=20.4
22:42:17 | INFO    | src.training.finetune | STEP step=290 loss=0.4865 dt_sec=0.66 cum_wall_sec=21.1
22:42:18 | INFO    | src.training.finetune | STEP step=300 loss=0.4834 dt_sec=0.66 cum_wall_sec=21.8
22:42:18 | INFO    | src.training.finetune | STEP step=310 loss=0.4850 dt_sec=0.65 cum_wall_sec=22.4
22:42:19 | INFO    | src.training.finetune | STEP step=320 loss=0.4442 dt_sec=0.66 cum_wall_sec=23.1
22:42:20 | INFO    | src.training.finetune | STEP step=330 loss=0.4341 dt_sec=0.67 cum_wall_sec=23.8
22:42:20 | INFO    | src.training.finetune | STEP step=340 loss=0.4360 dt_sec=0.65 cum_wall_sec=24.4
22:42:21 | INFO    | src.training.finetune | STEP step=350 loss=0.3701 dt_sec=0.67 cum_wall_sec=25.1
22:42:22 | INFO    | src.training.finetune | STEP step=360 loss=0.4486 dt_sec=0.68 cum_wall_sec=25.7
22:42:22 | INFO    | src.training.finetune | STEP step=370 loss=0.4047 dt_sec=0.66 cum_wall_sec=26.4
22:42:23 | INFO    | src.training.finetune | STEP step=380 loss=0.4859 dt_sec=0.66 cum_wall_sec=27.1
22:42:24 | INFO    | src.training.finetune | STEP step=390 loss=0.4094 dt_sec=0.66 cum_wall_sec=27.7
22:42:24 | INFO    | src.training.finetune | STEP step=400 loss=0.3473 dt_sec=0.67 cum_wall_sec=28.4
22:42:27 | INFO    | src.training.finetune | STEP step=410 loss=0.4417 dt_sec=2.50 cum_wall_sec=30.9
22:42:28 | INFO    | src.training.finetune | STEP step=420 loss=0.3880 dt_sec=0.66 cum_wall_sec=31.6
22:42:28 | INFO    | src.training.finetune | STEP step=430 loss=0.3770 dt_sec=0.66 cum_wall_sec=32.2
22:42:29 | INFO    | src.training.finetune | STEP step=440 loss=0.3560 dt_sec=0.66 cum_wall_sec=32.9
22:42:29 | INFO    | src.training.finetune | STEP step=450 loss=0.3010 dt_sec=0.65 cum_wall_sec=33.5
22:42:30 | INFO    | src.training.finetune | STEP step=460 loss=0.3101 dt_sec=0.66 cum_wall_sec=34.2
22:42:31 | INFO    | src.training.finetune | STEP step=470 loss=0.3218 dt_sec=0.66 cum_wall_sec=34.8
22:42:31 | INFO    | src.training.finetune | STEP step=480 loss=0.4088 dt_sec=0.67 cum_wall_sec=35.5
22:42:32 | INFO    | src.training.finetune | STEP step=490 loss=0.3092 dt_sec=0.65 cum_wall_sec=36.2
22:42:33 | INFO    | src.training.finetune | STEP step=500 loss=0.2877 dt_sec=0.67 cum_wall_sec=36.8
22:42:33 | INFO    | src.training.finetune | STEP step=510 loss=0.2862 dt_sec=0.66 cum_wall_sec=37.5
22:42:34 | INFO    | src.training.finetune | STEP step=520 loss=0.3548 dt_sec=0.67 cum_wall_sec=38.2
22:42:35 | INFO    | src.training.finetune | STEP step=530 loss=0.2713 dt_sec=0.66 cum_wall_sec=38.8
22:42:35 | INFO    | src.training.finetune | STEP step=540 loss=0.2322 dt_sec=0.66 cum_wall_sec=39.5
22:42:36 | INFO    | src.training.finetune | STEP step=550 loss=0.2491 dt_sec=0.66 cum_wall_sec=40.1
22:42:37 | INFO    | src.training.finetune | STEP step=560 loss=0.2252 dt_sec=0.68 cum_wall_sec=40.8
22:42:37 | INFO    | src.training.finetune | STEP step=570 loss=0.2345 dt_sec=0.65 cum_wall_sec=41.5
22:42:38 | INFO    | src.training.finetune | STEP step=580 loss=0.2029 dt_sec=0.66 cum_wall_sec=42.1
22:42:39 | INFO    | src.training.finetune | STEP step=590 loss=0.2408 dt_sec=0.65 cum_wall_sec=42.8
22:42:39 | INFO    | src.training.finetune | STEP step=600 loss=0.1697 dt_sec=0.67 cum_wall_sec=43.5
22:42:42 | INFO    | src.training.finetune | STEP step=610 loss=0.1752 dt_sec=2.44 cum_wall_sec=45.9
22:42:43 | INFO    | src.training.finetune | STEP step=620 loss=0.2418 dt_sec=0.66 cum_wall_sec=46.6
22:42:43 | INFO    | src.training.finetune | STEP step=630 loss=0.2120 dt_sec=0.65 cum_wall_sec=47.2
22:42:44 | INFO    | src.training.finetune | STEP step=640 loss=0.1995 dt_sec=0.68 cum_wall_sec=47.9
22:42:44 | INFO    | src.training.finetune | STEP step=650 loss=0.2117 dt_sec=0.66 cum_wall_sec=48.5
22:42:45 | INFO    | src.training.finetune | STEP step=660 loss=0.1717 dt_sec=0.66 cum_wall_sec=49.2
22:42:46 | INFO    | src.training.finetune | STEP step=670 loss=0.2209 dt_sec=0.66 cum_wall_sec=49.9
22:42:46 | INFO    | src.training.finetune | STEP step=680 loss=0.2824 dt_sec=0.65 cum_wall_sec=50.5
22:42:47 | INFO    | src.training.finetune | STEP step=690 loss=0.2209 dt_sec=0.66 cum_wall_sec=51.2
22:42:48 | INFO    | src.training.finetune | STEP step=700 loss=0.2078 dt_sec=0.67 cum_wall_sec=51.8
22:42:48 | INFO    | src.training.finetune | STEP step=710 loss=0.2186 dt_sec=0.66 cum_wall_sec=52.5
22:42:49 | INFO    | src.training.finetune | STEP step=720 loss=0.1370 dt_sec=0.66 cum_wall_sec=53.2
22:42:50 | INFO    | src.training.finetune | STEP step=730 loss=0.1453 dt_sec=0.66 cum_wall_sec=53.8
22:42:50 | INFO    | src.training.finetune | STEP step=740 loss=0.2085 dt_sec=0.66 cum_wall_sec=54.5
22:42:51 | INFO    | src.training.finetune | STEP step=750 loss=0.1814 dt_sec=0.68 cum_wall_sec=55.2
22:42:52 | INFO    | src.training.finetune | STEP step=760 loss=0.1673 dt_sec=0.66 cum_wall_sec=55.8
22:42:52 | INFO    | src.training.finetune | STEP step=770 loss=0.1307 dt_sec=0.66 cum_wall_sec=56.5
22:42:53 | INFO    | src.training.finetune | STEP step=780 loss=0.1540 dt_sec=0.68 cum_wall_sec=57.2
22:42:54 | INFO    | src.training.finetune | STEP step=790 loss=0.2126 dt_sec=0.66 cum_wall_sec=57.8
22:42:54 | INFO    | src.training.finetune | STEP step=800 loss=0.1727 dt_sec=0.65 cum_wall_sec=58.5
22:42:57 | INFO    | src.training.finetune | STEP step=810 loss=0.1339 dt_sec=2.65 cum_wall_sec=61.1
22:42:58 | INFO    | src.training.finetune | STEP step=820 loss=0.1779 dt_sec=0.66 cum_wall_sec=61.8
22:42:58 | INFO    | src.training.finetune | STEP step=830 loss=0.1005 dt_sec=0.67 cum_wall_sec=62.4
22:42:59 | INFO    | src.training.finetune | STEP step=840 loss=0.0859 dt_sec=0.67 cum_wall_sec=63.1
22:43:00 | INFO    | src.training.finetune | STEP step=850 loss=0.0998 dt_sec=0.65 cum_wall_sec=63.8
22:43:00 | INFO    | src.training.finetune | STEP step=860 loss=0.1516 dt_sec=0.66 cum_wall_sec=64.4
22:43:01 | INFO    | src.training.finetune | STEP step=870 loss=0.1607 dt_sec=0.67 cum_wall_sec=65.1
22:43:02 | INFO    | src.training.finetune | STEP step=880 loss=0.1073 dt_sec=0.66 cum_wall_sec=65.8
22:43:02 | INFO    | src.training.finetune | STEP step=890 loss=0.1026 dt_sec=0.67 cum_wall_sec=66.4
22:43:03 | INFO    | src.training.finetune | STEP step=900 loss=0.1210 dt_sec=0.66 cum_wall_sec=67.1
22:43:04 | INFO    | src.training.finetune | STEP step=910 loss=0.1467 dt_sec=0.66 cum_wall_sec=67.7
22:43:04 | INFO    | src.training.finetune | STEP step=920 loss=0.1227 dt_sec=0.66 cum_wall_sec=68.4
22:43:05 | INFO    | src.training.finetune | STEP step=930 loss=0.1227 dt_sec=0.66 cum_wall_sec=69.1
22:43:06 | INFO    | src.training.finetune | STEP step=940 loss=0.0943 dt_sec=0.67 cum_wall_sec=69.7
22:43:06 | INFO    | src.training.finetune | STEP step=950 loss=0.1027 dt_sec=0.65 cum_wall_sec=70.4
22:43:07 | INFO    | src.training.finetune | STEP step=960 loss=0.0912 dt_sec=0.67 cum_wall_sec=71.1
22:43:08 | INFO    | src.training.finetune | STEP step=970 loss=0.1087 dt_sec=0.66 cum_wall_sec=71.7
22:43:08 | INFO    | src.training.finetune | STEP step=980 loss=0.1002 dt_sec=0.66 cum_wall_sec=72.4
22:43:09 | INFO    | src.training.finetune | STEP step=990 loss=0.0938 dt_sec=0.66 cum_wall_sec=73.0
22:43:10 | INFO    | src.training.finetune | STEP step=1000 loss=0.1280 dt_sec=0.68 cum_wall_sec=73.7
22:43:12 | INFO    | src.training.finetune | STEP step=1010 loss=0.1030 dt_sec=2.44 cum_wall_sec=76.2
22:43:13 | INFO    | src.training.finetune | STEP step=1020 loss=0.1196 dt_sec=0.67 cum_wall_sec=76.8
22:43:13 | INFO    | src.training.finetune | STEP step=1030 loss=0.1413 dt_sec=0.68 cum_wall_sec=77.5
22:43:14 | INFO    | src.training.finetune | STEP step=1040 loss=0.0648 dt_sec=0.66 cum_wall_sec=78.2
22:43:15 | INFO    | src.training.finetune | STEP step=1050 loss=0.0752 dt_sec=0.67 cum_wall_sec=78.8
22:43:15 | INFO    | src.training.finetune | STEP step=1060 loss=0.1145 dt_sec=0.66 cum_wall_sec=79.5
22:43:16 | INFO    | src.training.finetune | STEP step=1070 loss=0.0698 dt_sec=0.66 cum_wall_sec=80.2
22:43:17 | INFO    | src.training.finetune | STEP step=1080 loss=0.0903 dt_sec=0.67 cum_wall_sec=80.8
22:43:17 | INFO    | src.training.finetune | STEP step=1090 loss=0.0741 dt_sec=0.68 cum_wall_sec=81.5
22:43:18 | INFO    | src.training.finetune | STEP step=1100 loss=0.0626 dt_sec=0.66 cum_wall_sec=82.2
22:43:19 | INFO    | src.training.finetune | STEP step=1110 loss=0.0754 dt_sec=0.67 cum_wall_sec=82.8
22:43:19 | INFO    | src.training.finetune | STEP step=1120 loss=0.1532 dt_sec=0.66 cum_wall_sec=83.5
22:43:20 | INFO    | src.training.finetune | STEP step=1130 loss=0.0958 dt_sec=0.66 cum_wall_sec=84.2
22:43:21 | INFO    | src.training.finetune | STEP step=1140 loss=0.0578 dt_sec=0.66 cum_wall_sec=84.8
22:43:21 | INFO    | src.training.finetune | STEP step=1150 loss=0.1363 dt_sec=0.65 cum_wall_sec=85.5
22:43:22 | INFO    | src.training.finetune | STEP step=1160 loss=0.0910 dt_sec=0.67 cum_wall_sec=86.1
22:43:23 | INFO    | src.training.finetune | STEP step=1170 loss=0.0755 dt_sec=0.68 cum_wall_sec=86.8
22:43:23 | INFO    | src.training.finetune | STEP step=1180 loss=0.0285 dt_sec=0.66 cum_wall_sec=87.5
22:43:24 | INFO    | src.training.finetune | STEP step=1190 loss=0.0599 dt_sec=0.67 cum_wall_sec=88.2
22:43:25 | INFO    | src.training.finetune | STEP step=1200 loss=0.0590 dt_sec=0.66 cum_wall_sec=88.8
22:43:27 | INFO    | src.training.finetune | STEP step=1210 loss=0.1236 dt_sec=2.59 cum_wall_sec=91.4
22:43:28 | INFO    | src.training.finetune | STEP step=1220 loss=0.0514 dt_sec=0.66 cum_wall_sec=92.1
22:43:29 | INFO    | src.training.finetune | STEP step=1230 loss=0.0879 dt_sec=0.67 cum_wall_sec=92.8
22:43:29 | INFO    | src.training.finetune | STEP step=1240 loss=0.0849 dt_sec=0.66 cum_wall_sec=93.4
22:43:30 | INFO    | src.training.finetune | STEP step=1250 loss=0.0200 dt_sec=0.66 cum_wall_sec=94.1
22:43:31 | INFO    | src.training.finetune | STEP step=1260 loss=0.0518 dt_sec=0.66 cum_wall_sec=94.7
22:43:31 | INFO    | src.training.finetune | STEP step=1270 loss=0.0762 dt_sec=0.67 cum_wall_sec=95.4
22:43:32 | INFO    | src.training.finetune | STEP step=1280 loss=0.0230 dt_sec=0.66 cum_wall_sec=96.1
22:43:33 | INFO    | src.training.finetune | STEP step=1290 loss=0.0626 dt_sec=0.67 cum_wall_sec=96.7
22:43:33 | INFO    | src.training.finetune | STEP step=1300 loss=0.0461 dt_sec=0.66 cum_wall_sec=97.4
22:43:34 | INFO    | src.training.finetune | STEP step=1310 loss=0.1164 dt_sec=0.67 cum_wall_sec=98.1
22:43:35 | INFO    | src.training.finetune | STEP step=1320 loss=0.0703 dt_sec=0.65 cum_wall_sec=98.7
22:43:35 | INFO    | src.training.finetune | STEP step=1330 loss=0.0495 dt_sec=0.67 cum_wall_sec=99.4
22:43:36 | INFO    | src.training.finetune | STEP step=1340 loss=0.0174 dt_sec=0.66 cum_wall_sec=100.1
22:43:37 | INFO    | src.training.finetune | STEP step=1350 loss=0.0254 dt_sec=0.67 cum_wall_sec=100.7
22:43:37 | INFO    | src.training.finetune | STEP step=1360 loss=0.0416 dt_sec=0.66 cum_wall_sec=101.4
22:43:38 | INFO    | src.training.finetune | STEP step=1370 loss=0.0965 dt_sec=0.67 cum_wall_sec=102.1
22:43:39 | INFO    | src.training.finetune | STEP step=1380 loss=0.0673 dt_sec=0.66 cum_wall_sec=102.7
22:43:39 | INFO    | src.training.finetune | STEP step=1390 loss=0.0253 dt_sec=0.66 cum_wall_sec=103.4
22:43:40 | INFO    | src.training.finetune | STEP step=1400 loss=0.0449 dt_sec=0.67 cum_wall_sec=104.1
22:43:42 | INFO    | src.training.finetune | STEP step=1410 loss=0.0130 dt_sec=2.44 cum_wall_sec=106.5
22:43:43 | INFO    | src.training.finetune | STEP step=1420 loss=0.0937 dt_sec=0.65 cum_wall_sec=107.2
22:43:44 | INFO    | src.training.finetune | STEP step=1430 loss=0.0255 dt_sec=0.67 cum_wall_sec=107.8
22:43:44 | INFO    | src.training.finetune | STEP step=1440 loss=0.0894 dt_sec=0.67 cum_wall_sec=108.5
22:43:45 | INFO    | src.training.finetune | STEP step=1450 loss=0.0455 dt_sec=0.66 cum_wall_sec=109.2
22:43:46 | INFO    | src.training.finetune | STEP step=1460 loss=0.0238 dt_sec=0.68 cum_wall_sec=109.8
22:43:46 | INFO    | src.training.finetune | STEP step=1470 loss=0.0214 dt_sec=0.67 cum_wall_sec=110.5
22:43:47 | INFO    | src.training.finetune | STEP step=1480 loss=0.0352 dt_sec=0.66 cum_wall_sec=111.2
22:43:48 | INFO    | src.training.finetune | STEP step=1490 loss=0.0958 dt_sec=0.66 cum_wall_sec=111.8
22:43:48 | INFO    | src.training.finetune | STEP step=1500 loss=0.0176 dt_sec=0.66 cum_wall_sec=112.5
22:43:49 | INFO    | src.training.finetune | STEP step=1510 loss=0.0108 dt_sec=0.65 cum_wall_sec=113.1
22:43:50 | INFO    | src.training.finetune | STEP step=1520 loss=0.0008 dt_sec=0.66 cum_wall_sec=113.8
22:43:50 | INFO    | src.training.finetune | STEP step=1530 loss=0.0319 dt_sec=0.66 cum_wall_sec=114.5
22:43:51 | INFO    | src.training.finetune | STEP step=1540 loss=0.0014 dt_sec=0.68 cum_wall_sec=115.1
22:43:52 | INFO    | src.training.finetune | STEP step=1550 loss=0.0500 dt_sec=0.67 cum_wall_sec=115.8
22:43:52 | INFO    | src.training.finetune | STEP step=1560 loss=0.0817 dt_sec=0.67 cum_wall_sec=116.5
22:43:53 | INFO    | src.training.finetune | STEP step=1570 loss=0.0633 dt_sec=0.66 cum_wall_sec=117.1
22:43:54 | INFO    | src.training.finetune | STEP step=1580 loss=0.0009 dt_sec=0.65 cum_wall_sec=117.8
22:43:54 | INFO    | src.training.finetune | STEP step=1590 loss=0.0123 dt_sec=0.65 cum_wall_sec=118.4
22:43:55 | INFO    | src.training.finetune | STEP step=1600 loss=0.0414 dt_sec=0.66 cum_wall_sec=119.1
22:43:58 | INFO    | src.training.finetune | STEP step=1610 loss=0.0070 dt_sec=2.83 cum_wall_sec=121.9
22:43:59 | INFO    | src.training.finetune | STEP step=1620 loss=0.0027 dt_sec=0.67 cum_wall_sec=122.6
22:43:59 | INFO    | src.training.finetune | STEP step=1630 loss=0.0452 dt_sec=0.67 cum_wall_sec=123.3
22:44:00 | INFO    | src.training.finetune | STEP step=1640 loss=0.0988 dt_sec=0.66 cum_wall_sec=123.9
22:44:01 | INFO    | src.training.finetune | STEP step=1650 loss=0.0034 dt_sec=0.65 cum_wall_sec=124.6
22:44:01 | INFO    | src.training.finetune | STEP step=1660 loss=0.0351 dt_sec=0.67 cum_wall_sec=125.3
22:44:02 | INFO    | src.training.finetune | STEP step=1670 loss=0.0299 dt_sec=0.67 cum_wall_sec=125.9
22:44:03 | INFO    | src.training.finetune | STEP step=1680 loss=0.0022 dt_sec=0.65 cum_wall_sec=126.6
22:44:03 | INFO    | src.training.finetune | STEP step=1690 loss=0.0404 dt_sec=0.67 cum_wall_sec=127.2
22:44:04 | INFO    | src.training.finetune | STEP step=1700 loss=0.1054 dt_sec=0.66 cum_wall_sec=127.9
22:44:05 | INFO    | src.training.finetune | STEP step=1710 loss=0.0006 dt_sec=0.66 cum_wall_sec=128.6
22:44:05 | INFO    | src.training.finetune | STEP step=1720 loss=0.0634 dt_sec=0.66 cum_wall_sec=129.2
22:44:06 | INFO    | src.training.finetune | STEP step=1730 loss=0.0286 dt_sec=0.66 cum_wall_sec=129.9
22:44:07 | INFO    | src.training.finetune | STEP step=1740 loss=0.0239 dt_sec=0.67 cum_wall_sec=130.6
22:44:07 | INFO    | src.training.finetune | STEP step=1750 loss=0.0013 dt_sec=0.67 cum_wall_sec=131.2
22:44:08 | INFO    | src.training.finetune | STEP step=1760 loss=0.0113 dt_sec=0.66 cum_wall_sec=131.9
22:44:09 | INFO    | src.training.finetune | STEP step=1770 loss=0.0232 dt_sec=0.65 cum_wall_sec=132.5
22:44:09 | INFO    | src.training.finetune | STEP step=1780 loss=0.0235 dt_sec=0.66 cum_wall_sec=133.2
22:44:10 | INFO    | src.training.finetune | STEP step=1790 loss=0.0004 dt_sec=0.66 cum_wall_sec=133.9
22:44:10 | INFO    | src.training.finetune | STEP step=1800 loss=0.0014 dt_sec=0.65 cum_wall_sec=134.5
22:44:13 | INFO    | src.training.finetune | STEP step=1810 loss=0.0041 dt_sec=2.52 cum_wall_sec=137.0
22:44:14 | INFO    | src.training.finetune | STEP step=1820 loss=0.0228 dt_sec=0.67 cum_wall_sec=137.7
22:44:14 | INFO    | src.training.finetune | STEP step=1830 loss=0.0147 dt_sec=0.67 cum_wall_sec=138.4
22:44:15 | INFO    | src.training.finetune | STEP step=1840 loss=0.0200 dt_sec=0.65 cum_wall_sec=139.0
22:44:16 | INFO    | src.training.finetune | STEP step=1850 loss=0.0163 dt_sec=0.67 cum_wall_sec=139.7
22:44:16 | INFO    | src.training.finetune | STEP step=1860 loss=0.0171 dt_sec=0.66 cum_wall_sec=140.4
22:44:17 | INFO    | src.training.finetune | STEP step=1870 loss=0.0349 dt_sec=0.66 cum_wall_sec=141.0
22:44:18 | INFO    | src.training.finetune | STEP step=1880 loss=0.0167 dt_sec=0.67 cum_wall_sec=141.7
22:44:18 | INFO    | src.training.finetune | STEP step=1890 loss=0.0215 dt_sec=0.65 cum_wall_sec=142.3
22:44:19 | INFO    | src.training.finetune | STEP step=1900 loss=0.0095 dt_sec=0.68 cum_wall_sec=143.0
22:44:20 | INFO    | src.training.finetune | STEP step=1910 loss=0.0211 dt_sec=0.66 cum_wall_sec=143.7
22:44:20 | INFO    | src.training.finetune | STEP step=1920 loss=0.0077 dt_sec=0.66 cum_wall_sec=144.3
22:44:21 | INFO    | src.training.finetune | STEP step=1930 loss=0.0301 dt_sec=0.67 cum_wall_sec=145.0
22:44:22 | INFO    | src.training.finetune | STEP step=1940 loss=0.0256 dt_sec=0.66 cum_wall_sec=145.7
22:44:22 | INFO    | src.training.finetune | STEP step=1950 loss=0.0312 dt_sec=0.65 cum_wall_sec=146.3
22:44:23 | INFO    | src.training.finetune | STEP step=1960 loss=0.0114 dt_sec=0.67 cum_wall_sec=147.0
22:44:24 | INFO    | src.training.finetune | STEP step=1970 loss=0.0110 dt_sec=0.65 cum_wall_sec=147.6
22:44:24 | INFO    | src.training.finetune | STEP step=1980 loss=0.0285 dt_sec=0.66 cum_wall_sec=148.3
22:44:25 | INFO    | src.training.finetune | STEP step=1990 loss=0.0018 dt_sec=0.68 cum_wall_sec=149.0
22:44:26 | INFO    | src.training.finetune | STEP step=2000 loss=0.0149 dt_sec=0.66 cum_wall_sec=149.7
22:44:28 | INFO    | src.training.finetune | STAGE=azerbaijani end ts=2026-09-08T22:44:28.083642+00:00 runtime_sec=152.1
22:44:29 | INFO    | src.training.finetune | Best checkpoint restored and verified: step 2000, val macro-F1 = 0.7653
