22:55:04 | INFO    | src.training.finetune | STAGE=turkish_intermediate cache_hit=true ts=2026-09-08T22:55:04.780474+00:00 path=artifacts/tr_stage_cache/base=xlmr__tok=original__tr=scrambled__seed=42__9277af383c497135
22:55:04 | INFO    | src.training.finetune |   [AZ mərhələsi] 2000 nümunə | 2 sinif | init=TR checkpoint
22:55:04 | INFO    | src.training.finetune | Task head reset: modules=['classifier'] params=592130 (encoder='roberta' untouched)
22:55:04 | INFO    | src.training.finetune | STAGE=azerbaijani start ts=2026-09-08T22:55:04.904650+00:00 n=2000 n_classes=2
22:55:06 | INFO    | src.training.finetune | STEP step=10 loss=0.7437 dt_sec=0.74 cum_wall_sec=0.7
22:55:06 | INFO    | src.training.finetune | STEP step=20 loss=0.7247 dt_sec=0.65 cum_wall_sec=1.4
22:55:07 | INFO    | src.training.finetune | STEP step=30 loss=0.6805 dt_sec=0.67 cum_wall_sec=2.1
22:55:08 | INFO    | src.training.finetune | STEP step=40 loss=0.6527 dt_sec=0.66 cum_wall_sec=2.7
22:55:08 | INFO    | src.training.finetune | STEP step=50 loss=0.5972 dt_sec=0.68 cum_wall_sec=3.4
22:55:09 | INFO    | src.training.finetune | STEP step=60 loss=0.5762 dt_sec=0.69 cum_wall_sec=4.1
22:55:10 | INFO    | src.training.finetune | STEP step=70 loss=0.5335 dt_sec=0.66 cum_wall_sec=4.7
22:55:10 | INFO    | src.training.finetune | STEP step=80 loss=0.5298 dt_sec=0.67 cum_wall_sec=5.4
22:55:11 | INFO    | src.training.finetune | STEP step=90 loss=0.5064 dt_sec=0.68 cum_wall_sec=6.1
22:55:12 | INFO    | src.training.finetune | STEP step=100 loss=0.5040 dt_sec=0.67 cum_wall_sec=6.8
22:55:12 | INFO    | src.training.finetune | STEP step=110 loss=0.5286 dt_sec=0.68 cum_wall_sec=7.5
22:55:13 | INFO    | src.training.finetune | STEP step=120 loss=0.4655 dt_sec=0.67 cum_wall_sec=8.1
22:55:14 | INFO    | src.training.finetune | STEP step=130 loss=0.4717 dt_sec=0.67 cum_wall_sec=8.8
22:55:14 | INFO    | src.training.finetune | STEP step=140 loss=0.4252 dt_sec=0.68 cum_wall_sec=9.5
22:55:15 | INFO    | src.training.finetune | STEP step=150 loss=0.4685 dt_sec=0.68 cum_wall_sec=10.2
22:55:16 | INFO    | src.training.finetune | STEP step=160 loss=0.4277 dt_sec=0.68 cum_wall_sec=10.8
22:55:16 | INFO    | src.training.finetune | STEP step=170 loss=0.4084 dt_sec=0.66 cum_wall_sec=11.5
22:55:17 | INFO    | src.training.finetune | STEP step=180 loss=0.4130 dt_sec=0.68 cum_wall_sec=12.2
22:55:18 | INFO    | src.training.finetune | STEP step=190 loss=0.4586 dt_sec=0.68 cum_wall_sec=12.9
22:55:19 | INFO    | src.training.finetune | STEP step=200 loss=0.4024 dt_sec=0.67 cum_wall_sec=13.5
22:55:21 | INFO    | src.training.finetune | STEP step=210 loss=0.3556 dt_sec=2.97 cum_wall_sec=16.5
22:55:22 | INFO    | src.training.finetune | STEP step=220 loss=0.4318 dt_sec=0.68 cum_wall_sec=17.2
22:55:23 | INFO    | src.training.finetune | STEP step=230 loss=0.4193 dt_sec=0.67 cum_wall_sec=17.8
22:55:24 | INFO    | src.training.finetune | STEP step=240 loss=0.3751 dt_sec=0.67 cum_wall_sec=18.5
22:55:24 | INFO    | src.training.finetune | STEP step=250 loss=0.3747 dt_sec=0.67 cum_wall_sec=19.2
22:55:25 | INFO    | src.training.finetune | STEP step=260 loss=0.3127 dt_sec=0.66 cum_wall_sec=19.8
22:55:26 | INFO    | src.training.finetune | STEP step=270 loss=0.3245 dt_sec=0.68 cum_wall_sec=20.5
22:55:26 | INFO    | src.training.finetune | STEP step=280 loss=0.2958 dt_sec=0.68 cum_wall_sec=21.2
22:55:27 | INFO    | src.training.finetune | STEP step=290 loss=0.3070 dt_sec=0.67 cum_wall_sec=21.9
22:55:28 | INFO    | src.training.finetune | STEP step=300 loss=0.3410 dt_sec=0.68 cum_wall_sec=22.5
22:55:28 | INFO    | src.training.finetune | STEP step=310 loss=0.3740 dt_sec=0.67 cum_wall_sec=23.2
22:55:29 | INFO    | src.training.finetune | STEP step=320 loss=0.3734 dt_sec=0.67 cum_wall_sec=23.9
22:55:30 | INFO    | src.training.finetune | STEP step=330 loss=0.2503 dt_sec=0.68 cum_wall_sec=24.6
22:55:30 | INFO    | src.training.finetune | STEP step=340 loss=0.2917 dt_sec=0.66 cum_wall_sec=25.2
22:55:31 | INFO    | src.training.finetune | STEP step=350 loss=0.2708 dt_sec=0.67 cum_wall_sec=25.9
22:55:32 | INFO    | src.training.finetune | STEP step=360 loss=0.3332 dt_sec=0.68 cum_wall_sec=26.6
22:55:32 | INFO    | src.training.finetune | STEP step=370 loss=0.2521 dt_sec=0.66 cum_wall_sec=27.2
22:55:33 | INFO    | src.training.finetune | STEP step=380 loss=0.2548 dt_sec=0.67 cum_wall_sec=27.9
22:55:34 | INFO    | src.training.finetune | STEP step=390 loss=0.2311 dt_sec=0.67 cum_wall_sec=28.6
22:55:34 | INFO    | src.training.finetune | STEP step=400 loss=0.1795 dt_sec=0.68 cum_wall_sec=29.3
22:55:38 | INFO    | src.training.finetune | STEP step=410 loss=0.2548 dt_sec=3.62 cum_wall_sec=32.9
22:55:39 | INFO    | src.training.finetune | STEP step=420 loss=0.1725 dt_sec=0.68 cum_wall_sec=33.6
22:55:39 | INFO    | src.training.finetune | STEP step=430 loss=0.2876 dt_sec=0.67 cum_wall_sec=34.2
22:55:40 | INFO    | src.training.finetune | STEP step=440 loss=0.2018 dt_sec=0.67 cum_wall_sec=34.9
22:55:41 | INFO    | src.training.finetune | STEP step=450 loss=0.1733 dt_sec=0.66 cum_wall_sec=35.6
22:55:41 | INFO    | src.training.finetune | STEP step=460 loss=0.1394 dt_sec=0.67 cum_wall_sec=36.2
22:55:42 | INFO    | src.training.finetune | STEP step=470 loss=0.1258 dt_sec=0.67 cum_wall_sec=36.9
22:55:43 | INFO    | src.training.finetune | STEP step=480 loss=0.2125 dt_sec=0.68 cum_wall_sec=37.6
22:55:43 | INFO    | src.training.finetune | STEP step=490 loss=0.2314 dt_sec=0.66 cum_wall_sec=38.2
22:55:44 | INFO    | src.training.finetune | STEP step=500 loss=0.1855 dt_sec=0.68 cum_wall_sec=38.9
22:55:45 | INFO    | src.training.finetune | STEP step=510 loss=0.1045 dt_sec=0.67 cum_wall_sec=39.6
22:55:45 | INFO    | src.training.finetune | STEP step=520 loss=0.3084 dt_sec=0.68 cum_wall_sec=40.3
22:55:46 | INFO    | src.training.finetune | STEP step=530 loss=0.1787 dt_sec=0.67 cum_wall_sec=40.9
22:55:47 | INFO    | src.training.finetune | STEP step=540 loss=0.1547 dt_sec=0.67 cum_wall_sec=41.6
22:55:47 | INFO    | src.training.finetune | STEP step=550 loss=0.1767 dt_sec=0.67 cum_wall_sec=42.3
22:55:48 | INFO    | src.training.finetune | STEP step=560 loss=0.1181 dt_sec=0.68 cum_wall_sec=42.9
22:55:49 | INFO    | src.training.finetune | STEP step=570 loss=0.1976 dt_sec=0.66 cum_wall_sec=43.6
22:55:49 | INFO    | src.training.finetune | STEP step=580 loss=0.0623 dt_sec=0.67 cum_wall_sec=44.3
22:55:50 | INFO    | src.training.finetune | STEP step=590 loss=0.1235 dt_sec=0.66 cum_wall_sec=44.9
22:55:51 | INFO    | src.training.finetune | STEP step=600 loss=0.1032 dt_sec=0.68 cum_wall_sec=45.6
22:55:54 | INFO    | src.training.finetune | STEP step=610 loss=0.1354 dt_sec=2.97 cum_wall_sec=48.6
22:55:54 | INFO    | src.training.finetune | STEP step=620 loss=0.1882 dt_sec=0.68 cum_wall_sec=49.3
22:55:55 | INFO    | src.training.finetune | STEP step=630 loss=0.1533 dt_sec=0.64 cum_wall_sec=49.9
22:55:56 | INFO    | src.training.finetune | STEP step=640 loss=0.0936 dt_sec=0.66 cum_wall_sec=50.6
22:55:56 | INFO    | src.training.finetune | STEP step=650 loss=0.0771 dt_sec=0.65 cum_wall_sec=51.2
22:55:57 | INFO    | src.training.finetune | STEP step=660 loss=0.0876 dt_sec=0.65 cum_wall_sec=51.9
22:55:58 | INFO    | src.training.finetune | STEP step=670 loss=0.1147 dt_sec=0.65 cum_wall_sec=52.5
22:55:58 | INFO    | src.training.finetune | STEP step=680 loss=0.0949 dt_sec=0.64 cum_wall_sec=53.2
22:55:59 | INFO    | src.training.finetune | STEP step=690 loss=0.1849 dt_sec=0.65 cum_wall_sec=53.8
22:55:59 | INFO    | src.training.finetune | STEP step=700 loss=0.1339 dt_sec=0.66 cum_wall_sec=54.5
22:56:00 | INFO    | src.training.finetune | STEP step=710 loss=0.0842 dt_sec=0.64 cum_wall_sec=55.1
22:56:01 | INFO    | src.training.finetune | STEP step=720 loss=0.0926 dt_sec=0.65 cum_wall_sec=55.8
22:56:01 | INFO    | src.training.finetune | STEP step=730 loss=0.1515 dt_sec=0.65 cum_wall_sec=56.4
22:56:02 | INFO    | src.training.finetune | STEP step=740 loss=0.0890 dt_sec=0.65 cum_wall_sec=57.1
22:56:03 | INFO    | src.training.finetune | STEP step=750 loss=0.1331 dt_sec=0.66 cum_wall_sec=57.7
22:56:03 | INFO    | src.training.finetune | STEP step=760 loss=0.1132 dt_sec=0.65 cum_wall_sec=58.4
22:56:04 | INFO    | src.training.finetune | STEP step=770 loss=0.0732 dt_sec=0.65 cum_wall_sec=59.0
22:56:05 | INFO    | src.training.finetune | STEP step=780 loss=0.1001 dt_sec=0.66 cum_wall_sec=59.7
22:56:05 | INFO    | src.training.finetune | STEP step=790 loss=0.1190 dt_sec=0.65 cum_wall_sec=60.3
22:56:06 | INFO    | src.training.finetune | STEP step=800 loss=0.1054 dt_sec=0.64 cum_wall_sec=61.0
22:56:10 | INFO    | src.training.finetune | STEP step=810 loss=0.0669 dt_sec=4.29 cum_wall_sec=65.3
22:56:11 | INFO    | src.training.finetune | STEP step=820 loss=0.0902 dt_sec=0.64 cum_wall_sec=65.9
22:56:12 | INFO    | src.training.finetune | STEP step=830 loss=0.0379 dt_sec=0.65 cum_wall_sec=66.6
22:56:12 | INFO    | src.training.finetune | STEP step=840 loss=0.0522 dt_sec=0.65 cum_wall_sec=67.2
22:56:13 | INFO    | src.training.finetune | STEP step=850 loss=0.1129 dt_sec=0.64 cum_wall_sec=67.9
22:56:14 | INFO    | src.training.finetune | STEP step=860 loss=0.0975 dt_sec=0.65 cum_wall_sec=68.5
22:56:14 | INFO    | src.training.finetune | STEP step=870 loss=0.0673 dt_sec=0.65 cum_wall_sec=69.2
22:56:15 | INFO    | src.training.finetune | STEP step=880 loss=0.0478 dt_sec=0.65 cum_wall_sec=69.8
22:56:15 | INFO    | src.training.finetune | STEP step=890 loss=0.0795 dt_sec=0.65 cum_wall_sec=70.5
22:56:16 | INFO    | src.training.finetune | STEP step=900 loss=0.0541 dt_sec=0.65 cum_wall_sec=71.1
22:56:17 | INFO    | src.training.finetune | STEP step=910 loss=0.0236 dt_sec=0.65 cum_wall_sec=71.8
22:56:17 | INFO    | src.training.finetune | STEP step=920 loss=0.0302 dt_sec=0.65 cum_wall_sec=72.4
22:56:18 | INFO    | src.training.finetune | STEP step=930 loss=0.0512 dt_sec=0.65 cum_wall_sec=73.1
22:56:19 | INFO    | src.training.finetune | STEP step=940 loss=0.1689 dt_sec=0.66 cum_wall_sec=73.8
22:56:19 | INFO    | src.training.finetune | STEP step=950 loss=0.0850 dt_sec=0.64 cum_wall_sec=74.4
22:56:20 | INFO    | src.training.finetune | STEP step=960 loss=0.0607 dt_sec=0.65 cum_wall_sec=75.0
22:56:21 | INFO    | src.training.finetune | STEP step=970 loss=0.0340 dt_sec=0.65 cum_wall_sec=75.7
22:56:21 | INFO    | src.training.finetune | STEP step=980 loss=0.0364 dt_sec=0.65 cum_wall_sec=76.3
22:56:22 | INFO    | src.training.finetune | STEP step=990 loss=0.0592 dt_sec=0.65 cum_wall_sec=77.0
22:56:23 | INFO    | src.training.finetune | STEP step=1000 loss=0.0278 dt_sec=0.66 cum_wall_sec=77.6
22:56:26 | INFO    | src.training.finetune | STEP step=1010 loss=0.0523 dt_sec=2.99 cum_wall_sec=80.6
22:56:26 | INFO    | src.training.finetune | STEP step=1020 loss=0.0815 dt_sec=0.66 cum_wall_sec=81.3
22:56:27 | INFO    | src.training.finetune | STEP step=1030 loss=0.0544 dt_sec=0.66 cum_wall_sec=82.0
22:56:28 | INFO    | src.training.finetune | STEP step=1040 loss=0.0320 dt_sec=0.65 cum_wall_sec=82.6
22:56:28 | INFO    | src.training.finetune | STEP step=1050 loss=0.0336 dt_sec=0.66 cum_wall_sec=83.3
22:56:29 | INFO    | src.training.finetune | STEP step=1060 loss=0.0543 dt_sec=0.65 cum_wall_sec=83.9
22:56:30 | INFO    | src.training.finetune | STEP step=1070 loss=0.0547 dt_sec=0.65 cum_wall_sec=84.6
22:56:30 | INFO    | src.training.finetune | STEP step=1080 loss=0.0300 dt_sec=0.65 cum_wall_sec=85.2
22:56:31 | INFO    | src.training.finetune | STEP step=1090 loss=0.0162 dt_sec=0.67 cum_wall_sec=85.9
22:56:32 | INFO    | src.training.finetune | STEP step=1100 loss=0.0458 dt_sec=0.65 cum_wall_sec=86.5
22:56:32 | INFO    | src.training.finetune | STEP step=1110 loss=0.0905 dt_sec=0.65 cum_wall_sec=87.2
22:56:33 | INFO    | src.training.finetune | STEP step=1120 loss=0.0420 dt_sec=0.65 cum_wall_sec=87.8
22:56:33 | INFO    | src.training.finetune | STEP step=1130 loss=0.0651 dt_sec=0.65 cum_wall_sec=88.5
22:56:34 | INFO    | src.training.finetune | STEP step=1140 loss=0.0011 dt_sec=0.65 cum_wall_sec=89.1
22:56:35 | INFO    | src.training.finetune | STEP step=1150 loss=0.0070 dt_sec=0.64 cum_wall_sec=89.8
22:56:35 | INFO    | src.training.finetune | STEP step=1160 loss=0.0021 dt_sec=0.65 cum_wall_sec=90.4
22:56:36 | INFO    | src.training.finetune | STEP step=1170 loss=0.0886 dt_sec=0.66 cum_wall_sec=91.1
22:56:37 | INFO    | src.training.finetune | STEP step=1180 loss=0.1057 dt_sec=0.65 cum_wall_sec=91.7
22:56:37 | INFO    | src.training.finetune | STEP step=1190 loss=0.0650 dt_sec=0.65 cum_wall_sec=92.4
22:56:38 | INFO    | src.training.finetune | STEP step=1200 loss=0.0775 dt_sec=0.65 cum_wall_sec=93.0
22:56:41 | INFO    | src.training.finetune | STEP step=1210 loss=0.0443 dt_sec=3.46 cum_wall_sec=96.5
22:56:42 | INFO    | src.training.finetune | STEP step=1220 loss=0.0052 dt_sec=0.67 cum_wall_sec=97.2
22:56:43 | INFO    | src.training.finetune | STEP step=1230 loss=0.0296 dt_sec=0.68 cum_wall_sec=97.9
22:56:44 | INFO    | src.training.finetune | STEP step=1240 loss=0.0423 dt_sec=0.68 cum_wall_sec=98.5
22:56:44 | INFO    | src.training.finetune | STEP step=1250 loss=0.0240 dt_sec=0.67 cum_wall_sec=99.2
22:56:45 | INFO    | src.training.finetune | STEP step=1260 loss=0.0732 dt_sec=0.68 cum_wall_sec=99.9
22:56:46 | INFO    | src.training.finetune | STEP step=1270 loss=0.0346 dt_sec=0.68 cum_wall_sec=100.6
22:56:46 | INFO    | src.training.finetune | STEP step=1280 loss=0.0013 dt_sec=0.67 cum_wall_sec=101.2
22:56:47 | INFO    | src.training.finetune | STEP step=1290 loss=0.0361 dt_sec=0.68 cum_wall_sec=101.9
22:56:48 | INFO    | src.training.finetune | STEP step=1300 loss=0.0172 dt_sec=0.67 cum_wall_sec=102.6
22:56:48 | INFO    | src.training.finetune | STEP step=1310 loss=0.0239 dt_sec=0.68 cum_wall_sec=103.3
22:56:49 | INFO    | src.training.finetune | STEP step=1320 loss=0.0010 dt_sec=0.67 cum_wall_sec=103.9
22:56:50 | INFO    | src.training.finetune | STEP step=1330 loss=0.0640 dt_sec=0.68 cum_wall_sec=104.6
22:56:50 | INFO    | src.training.finetune | STEP step=1340 loss=0.0008 dt_sec=0.67 cum_wall_sec=105.3
22:56:51 | INFO    | src.training.finetune | STEP step=1350 loss=0.0030 dt_sec=0.68 cum_wall_sec=106.0
22:56:52 | INFO    | src.training.finetune | STEP step=1360 loss=0.0250 dt_sec=0.67 cum_wall_sec=106.6
22:56:52 | INFO    | src.training.finetune | STEP step=1370 loss=0.0164 dt_sec=0.68 cum_wall_sec=107.3
22:56:53 | INFO    | src.training.finetune | STEP step=1380 loss=0.0317 dt_sec=0.67 cum_wall_sec=108.0
22:56:54 | INFO    | src.training.finetune | STEP step=1390 loss=0.0401 dt_sec=0.67 cum_wall_sec=108.7
22:56:54 | INFO    | src.training.finetune | STEP step=1400 loss=0.0399 dt_sec=0.67 cum_wall_sec=109.3
22:56:57 | INFO    | src.training.finetune | STEP step=1410 loss=0.0549 dt_sec=2.93 cum_wall_sec=112.3
22:56:58 | INFO    | src.training.finetune | STEP step=1420 loss=0.0259 dt_sec=0.66 cum_wall_sec=112.9
22:56:59 | INFO    | src.training.finetune | STEP step=1430 loss=0.0423 dt_sec=0.67 cum_wall_sec=113.6
22:56:59 | INFO    | src.training.finetune | STEP step=1440 loss=0.0017 dt_sec=0.68 cum_wall_sec=114.3
22:57:00 | INFO    | src.training.finetune | STEP step=1450 loss=0.0161 dt_sec=0.67 cum_wall_sec=114.9
22:57:01 | INFO    | src.training.finetune | STEP step=1460 loss=0.0463 dt_sec=0.68 cum_wall_sec=115.6
22:57:01 | INFO    | src.training.finetune | STEP step=1470 loss=0.0112 dt_sec=0.67 cum_wall_sec=116.3
22:57:02 | INFO    | src.training.finetune | STEP step=1480 loss=0.0004 dt_sec=0.67 cum_wall_sec=117.0
22:57:03 | INFO    | src.training.finetune | STEP step=1490 loss=0.0822 dt_sec=0.67 cum_wall_sec=117.6
22:57:03 | INFO    | src.training.finetune | STEP step=1500 loss=0.0175 dt_sec=0.67 cum_wall_sec=118.3
22:57:04 | INFO    | src.training.finetune | STEP step=1510 loss=0.0134 dt_sec=0.66 cum_wall_sec=119.0
22:57:05 | INFO    | src.training.finetune | STEP step=1520 loss=0.0328 dt_sec=0.66 cum_wall_sec=119.6
22:57:05 | INFO    | src.training.finetune | STEP step=1530 loss=0.0214 dt_sec=0.67 cum_wall_sec=120.3
22:57:06 | INFO    | src.training.finetune | STEP step=1540 loss=0.0421 dt_sec=0.68 cum_wall_sec=121.0
22:57:07 | INFO    | src.training.finetune | STEP step=1550 loss=0.0082 dt_sec=0.68 cum_wall_sec=121.7
22:57:07 | INFO    | src.training.finetune | STEP step=1560 loss=0.0417 dt_sec=0.68 cum_wall_sec=122.3
22:57:08 | INFO    | src.training.finetune | STEP step=1570 loss=0.0132 dt_sec=0.67 cum_wall_sec=123.0
22:57:09 | INFO    | src.training.finetune | STEP step=1580 loss=0.0477 dt_sec=0.66 cum_wall_sec=123.7
22:57:09 | INFO    | src.training.finetune | STEP step=1590 loss=0.0005 dt_sec=0.66 cum_wall_sec=124.3
22:57:10 | INFO    | src.training.finetune | STEP step=1600 loss=0.0005 dt_sec=0.67 cum_wall_sec=125.0
22:57:14 | INFO    | src.training.finetune | STEP step=1610 loss=0.0004 dt_sec=3.64 cum_wall_sec=128.6
22:57:14 | INFO    | src.training.finetune | STEP step=1620 loss=0.0157 dt_sec=0.68 cum_wall_sec=129.3
22:57:15 | INFO    | src.training.finetune | STEP step=1630 loss=0.0004 dt_sec=0.68 cum_wall_sec=130.0
22:57:16 | INFO    | src.training.finetune | STEP step=1640 loss=0.0135 dt_sec=0.68 cum_wall_sec=130.7
22:57:16 | INFO    | src.training.finetune | STEP step=1650 loss=0.0429 dt_sec=0.68 cum_wall_sec=131.3
22:57:17 | INFO    | src.training.finetune | STEP step=1660 loss=0.0139 dt_sec=0.68 cum_wall_sec=132.0
22:57:18 | INFO    | src.training.finetune | STEP step=1670 loss=0.0004 dt_sec=0.68 cum_wall_sec=132.7
22:57:18 | INFO    | src.training.finetune | STEP step=1680 loss=0.0003 dt_sec=0.67 cum_wall_sec=133.4
22:57:19 | INFO    | src.training.finetune | STEP step=1690 loss=0.0003 dt_sec=0.68 cum_wall_sec=134.1
22:57:20 | INFO    | src.training.finetune | STEP step=1700 loss=0.0285 dt_sec=0.68 cum_wall_sec=134.7
22:57:20 | INFO    | src.training.finetune | STEP step=1710 loss=0.0265 dt_sec=0.67 cum_wall_sec=135.4
22:57:21 | INFO    | src.training.finetune | STEP step=1720 loss=0.0003 dt_sec=0.68 cum_wall_sec=136.1
22:57:22 | INFO    | src.training.finetune | STEP step=1730 loss=0.0050 dt_sec=0.68 cum_wall_sec=136.8
22:57:22 | INFO    | src.training.finetune | STEP step=1740 loss=0.0004 dt_sec=0.68 cum_wall_sec=137.4
22:57:23 | INFO    | src.training.finetune | STEP step=1750 loss=0.0005 dt_sec=0.68 cum_wall_sec=138.1
22:57:24 | INFO    | src.training.finetune | STEP step=1760 loss=0.0047 dt_sec=0.68 cum_wall_sec=138.8
22:57:24 | INFO    | src.training.finetune | STEP step=1770 loss=0.0003 dt_sec=0.67 cum_wall_sec=139.5
22:57:25 | INFO    | src.training.finetune | STEP step=1780 loss=0.0020 dt_sec=0.67 cum_wall_sec=140.1
22:57:26 | INFO    | src.training.finetune | STEP step=1790 loss=0.0003 dt_sec=0.67 cum_wall_sec=140.8
22:57:26 | INFO    | src.training.finetune | STEP step=1800 loss=0.0242 dt_sec=0.67 cum_wall_sec=141.5
22:57:30 | INFO    | src.training.finetune | STEP step=1810 loss=0.0192 dt_sec=3.22 cum_wall_sec=144.7
22:57:30 | INFO    | src.training.finetune | STEP step=1820 loss=0.0003 dt_sec=0.68 cum_wall_sec=145.4
22:57:31 | INFO    | src.training.finetune | STEP step=1830 loss=0.0506 dt_sec=0.67 cum_wall_sec=146.1
22:57:32 | INFO    | src.training.finetune | STEP step=1840 loss=0.0135 dt_sec=0.66 cum_wall_sec=146.7
22:57:32 | INFO    | src.training.finetune | STEP step=1850 loss=0.0003 dt_sec=0.68 cum_wall_sec=147.4
22:57:33 | INFO    | src.training.finetune | STEP step=1860 loss=0.0104 dt_sec=0.67 cum_wall_sec=148.1
22:57:34 | INFO    | src.training.finetune | STEP step=1870 loss=0.0111 dt_sec=0.67 cum_wall_sec=148.7
22:57:34 | INFO    | src.training.finetune | STEP step=1880 loss=0.0003 dt_sec=0.68 cum_wall_sec=149.4
22:57:35 | INFO    | src.training.finetune | STEP step=1890 loss=0.0003 dt_sec=0.65 cum_wall_sec=150.1
22:57:36 | INFO    | src.training.finetune | STEP step=1900 loss=0.0003 dt_sec=0.66 cum_wall_sec=150.7
22:57:36 | INFO    | src.training.finetune | STEP step=1910 loss=0.0056 dt_sec=0.65 cum_wall_sec=151.4
22:57:37 | INFO    | src.training.finetune | STEP step=1920 loss=0.0306 dt_sec=0.65 cum_wall_sec=152.0
22:57:38 | INFO    | src.training.finetune | STEP step=1930 loss=0.0003 dt_sec=0.65 cum_wall_sec=152.7
22:57:38 | INFO    | src.training.finetune | STEP step=1940 loss=0.0967 dt_sec=0.65 cum_wall_sec=153.3
22:57:39 | INFO    | src.training.finetune | STEP step=1950 loss=0.0065 dt_sec=0.64 cum_wall_sec=154.0
22:57:40 | INFO    | src.training.finetune | STEP step=1960 loss=0.0003 dt_sec=0.65 cum_wall_sec=154.6
22:57:40 | INFO    | src.training.finetune | STEP step=1970 loss=0.0005 dt_sec=0.64 cum_wall_sec=155.3
22:57:41 | INFO    | src.training.finetune | STEP step=1980 loss=0.0451 dt_sec=0.65 cum_wall_sec=155.9
22:57:42 | INFO    | src.training.finetune | STEP step=1990 loss=0.0069 dt_sec=0.67 cum_wall_sec=156.6
22:57:42 | INFO    | src.training.finetune | STEP step=2000 loss=0.0003 dt_sec=0.65 cum_wall_sec=157.2
22:57:45 | INFO    | src.training.finetune | STAGE=azerbaijani end ts=2026-09-08T22:57:45.792982+00:00 runtime_sec=160.9
22:57:47 | INFO    | src.training.finetune | Best checkpoint restored and verified: step 1200, val macro-F1 = 0.8234
