20:02:01 | INFO    | src.training.finetune |   [AZ mərhələsi] 2000 nümunə | 2 sinif | init=baza
20:02:01 | INFO    | src.training.finetune | Task head reset: modules=['sequence_summary'] params=2050 (encoder='transformer' untouched)
20:02:01 | INFO    | src.training.finetune | STAGE=azerbaijani start ts=2026-09-08T20:02:01.385454+00:00 n=2000 n_classes=2
20:02:02 | INFO    | src.training.finetune | STEP step=10 loss=5.6402 dt_sec=0.82 cum_wall_sec=0.8
20:02:03 | INFO    | src.training.finetune | STEP step=20 loss=3.8546 dt_sec=0.76 cum_wall_sec=1.6
20:02:04 | INFO    | src.training.finetune | STEP step=30 loss=2.6054 dt_sec=0.76 cum_wall_sec=2.3
20:02:05 | INFO    | src.training.finetune | STEP step=40 loss=2.5936 dt_sec=0.76 cum_wall_sec=3.1
20:02:05 | INFO    | src.training.finetune | STEP step=50 loss=2.0997 dt_sec=0.75 cum_wall_sec=3.9
20:02:06 | INFO    | src.training.finetune | STEP step=60 loss=1.8797 dt_sec=0.75 cum_wall_sec=4.6
20:02:07 | INFO    | src.training.finetune | STEP step=70 loss=1.8144 dt_sec=0.75 cum_wall_sec=5.4
20:02:08 | INFO    | src.training.finetune | STEP step=80 loss=1.5914 dt_sec=0.74 cum_wall_sec=6.1
20:02:08 | INFO    | src.training.finetune | STEP step=90 loss=1.6919 dt_sec=0.76 cum_wall_sec=6.9
20:02:09 | INFO    | src.training.finetune | STEP step=100 loss=1.3368 dt_sec=0.75 cum_wall_sec=7.6
20:02:10 | INFO    | src.training.finetune | STEP step=110 loss=1.4009 dt_sec=0.74 cum_wall_sec=8.3
20:02:11 | INFO    | src.training.finetune | STEP step=120 loss=1.1951 dt_sec=0.75 cum_wall_sec=9.1
20:02:11 | INFO    | src.training.finetune | STEP step=130 loss=1.2668 dt_sec=0.75 cum_wall_sec=9.8
20:02:12 | INFO    | src.training.finetune | STEP step=140 loss=1.0751 dt_sec=0.77 cum_wall_sec=10.6
20:02:13 | INFO    | src.training.finetune | STEP step=150 loss=1.1299 dt_sec=0.75 cum_wall_sec=11.4
20:02:14 | INFO    | src.training.finetune | STEP step=160 loss=1.0653 dt_sec=0.74 cum_wall_sec=12.1
20:02:14 | INFO    | src.training.finetune | STEP step=170 loss=1.1237 dt_sec=0.73 cum_wall_sec=12.8
20:02:15 | INFO    | src.training.finetune | STEP step=180 loss=1.2921 dt_sec=0.75 cum_wall_sec=13.6
20:02:16 | INFO    | src.training.finetune | STEP step=190 loss=1.0008 dt_sec=0.75 cum_wall_sec=14.3
20:02:17 | INFO    | src.training.finetune | STEP step=200 loss=1.0470 dt_sec=0.76 cum_wall_sec=15.1
20:02:20 | INFO    | src.training.finetune | STEP step=210 loss=1.0695 dt_sec=3.03 cum_wall_sec=18.1
20:02:20 | INFO    | src.training.finetune | STEP step=220 loss=0.9613 dt_sec=0.75 cum_wall_sec=18.9
20:02:21 | INFO    | src.training.finetune | STEP step=230 loss=0.9606 dt_sec=0.77 cum_wall_sec=19.6
20:02:22 | INFO    | src.training.finetune | STEP step=240 loss=0.9927 dt_sec=0.75 cum_wall_sec=20.4
20:02:23 | INFO    | src.training.finetune | STEP step=250 loss=0.9551 dt_sec=0.76 cum_wall_sec=21.2
20:02:24 | INFO    | src.training.finetune | STEP step=260 loss=1.0099 dt_sec=0.77 cum_wall_sec=21.9
20:02:24 | INFO    | src.training.finetune | STEP step=270 loss=0.8912 dt_sec=0.74 cum_wall_sec=22.7
20:02:25 | INFO    | src.training.finetune | STEP step=280 loss=1.0505 dt_sec=0.75 cum_wall_sec=23.4
20:02:26 | INFO    | src.training.finetune | STEP step=290 loss=1.1668 dt_sec=0.78 cum_wall_sec=24.2
20:02:27 | INFO    | src.training.finetune | STEP step=300 loss=0.9131 dt_sec=0.89 cum_wall_sec=25.1
20:02:27 | INFO    | src.training.finetune | STEP step=310 loss=0.8497 dt_sec=0.76 cum_wall_sec=25.8
20:02:28 | INFO    | src.training.finetune | STEP step=320 loss=0.7632 dt_sec=0.76 cum_wall_sec=26.6
20:02:29 | INFO    | src.training.finetune | STEP step=330 loss=0.8236 dt_sec=0.75 cum_wall_sec=27.4
20:02:30 | INFO    | src.training.finetune | STEP step=340 loss=0.9740 dt_sec=0.76 cum_wall_sec=28.1
20:02:30 | INFO    | src.training.finetune | STEP step=350 loss=0.8163 dt_sec=0.76 cum_wall_sec=28.9
20:02:31 | INFO    | src.training.finetune | STEP step=360 loss=0.7908 dt_sec=0.75 cum_wall_sec=29.6
20:02:32 | INFO    | src.training.finetune | STEP step=370 loss=0.7820 dt_sec=0.74 cum_wall_sec=30.4
20:02:33 | INFO    | src.training.finetune | STEP step=380 loss=0.8010 dt_sec=0.74 cum_wall_sec=31.1
20:02:33 | INFO    | src.training.finetune | STEP step=390 loss=0.9772 dt_sec=0.75 cum_wall_sec=31.9
20:02:34 | INFO    | src.training.finetune | STEP step=400 loss=0.8863 dt_sec=0.75 cum_wall_sec=32.6
20:02:37 | INFO    | src.training.finetune | STEP step=410 loss=0.7878 dt_sec=3.03 cum_wall_sec=35.6
20:02:38 | INFO    | src.training.finetune | STEP step=420 loss=0.7692 dt_sec=0.75 cum_wall_sec=36.4
20:02:39 | INFO    | src.training.finetune | STEP step=430 loss=0.9445 dt_sec=0.76 cum_wall_sec=37.2
20:02:40 | INFO    | src.training.finetune | STEP step=440 loss=0.8466 dt_sec=0.76 cum_wall_sec=37.9
20:02:40 | INFO    | src.training.finetune | STEP step=450 loss=0.8565 dt_sec=0.76 cum_wall_sec=38.7
20:02:41 | INFO    | src.training.finetune | STEP step=460 loss=0.8644 dt_sec=0.75 cum_wall_sec=39.4
20:02:42 | INFO    | src.training.finetune | STEP step=470 loss=0.8635 dt_sec=0.75 cum_wall_sec=40.2
20:02:43 | INFO    | src.training.finetune | STEP step=480 loss=0.8787 dt_sec=0.75 cum_wall_sec=40.9
20:02:43 | INFO    | src.training.finetune | STEP step=490 loss=0.8291 dt_sec=0.74 cum_wall_sec=41.7
20:02:44 | INFO    | src.training.finetune | STEP step=500 loss=0.8537 dt_sec=0.76 cum_wall_sec=42.4
20:02:45 | INFO    | src.training.finetune | STEP step=510 loss=0.8752 dt_sec=0.75 cum_wall_sec=43.2
20:02:46 | INFO    | src.training.finetune | STEP step=520 loss=0.7885 dt_sec=0.76 cum_wall_sec=43.9
20:02:46 | INFO    | src.training.finetune | STEP step=530 loss=0.7850 dt_sec=0.75 cum_wall_sec=44.7
20:02:47 | INFO    | src.training.finetune | STEP step=540 loss=0.6990 dt_sec=0.75 cum_wall_sec=45.4
20:02:48 | INFO    | src.training.finetune | STEP step=550 loss=0.7957 dt_sec=0.76 cum_wall_sec=46.2
20:02:49 | INFO    | src.training.finetune | STEP step=560 loss=0.7726 dt_sec=0.75 cum_wall_sec=46.9
20:02:49 | INFO    | src.training.finetune | STEP step=570 loss=0.7413 dt_sec=0.75 cum_wall_sec=47.7
20:02:50 | INFO    | src.training.finetune | STEP step=580 loss=0.7741 dt_sec=0.76 cum_wall_sec=48.4
20:02:51 | INFO    | src.training.finetune | STEP step=590 loss=0.7933 dt_sec=0.75 cum_wall_sec=49.2
20:02:52 | INFO    | src.training.finetune | STEP step=600 loss=0.7364 dt_sec=0.76 cum_wall_sec=49.9
20:02:55 | INFO    | src.training.finetune | STEP step=610 loss=0.7963 dt_sec=3.14 cum_wall_sec=53.1
20:02:55 | INFO    | src.training.finetune | STEP step=620 loss=0.7258 dt_sec=0.75 cum_wall_sec=53.8
20:02:56 | INFO    | src.training.finetune | STEP step=630 loss=0.7854 dt_sec=0.73 cum_wall_sec=54.6
20:02:57 | INFO    | src.training.finetune | STEP step=640 loss=0.7774 dt_sec=0.76 cum_wall_sec=55.3
20:02:58 | INFO    | src.training.finetune | STEP step=650 loss=0.7197 dt_sec=0.75 cum_wall_sec=56.1
20:02:58 | INFO    | src.training.finetune | STEP step=660 loss=0.7918 dt_sec=0.75 cum_wall_sec=56.8
20:02:59 | INFO    | src.training.finetune | STEP step=670 loss=0.7318 dt_sec=0.76 cum_wall_sec=57.6
20:03:00 | INFO    | src.training.finetune | STEP step=680 loss=0.7365 dt_sec=0.75 cum_wall_sec=58.3
20:03:01 | INFO    | src.training.finetune | STEP step=690 loss=0.7251 dt_sec=0.75 cum_wall_sec=59.1
20:03:01 | INFO    | src.training.finetune | STEP step=700 loss=0.7265 dt_sec=0.74 cum_wall_sec=59.8
20:03:02 | INFO    | src.training.finetune | STEP step=710 loss=0.7754 dt_sec=0.75 cum_wall_sec=60.6
20:03:03 | INFO    | src.training.finetune | STEP step=720 loss=0.7337 dt_sec=0.74 cum_wall_sec=61.3
20:03:04 | INFO    | src.training.finetune | STEP step=730 loss=0.7151 dt_sec=0.75 cum_wall_sec=62.1
20:03:04 | INFO    | src.training.finetune | STEP step=740 loss=0.7482 dt_sec=0.76 cum_wall_sec=62.8
20:03:05 | INFO    | src.training.finetune | STEP step=750 loss=0.7429 dt_sec=0.75 cum_wall_sec=63.6
20:03:06 | INFO    | src.training.finetune | STEP step=760 loss=0.7419 dt_sec=0.74 cum_wall_sec=64.3
20:03:07 | INFO    | src.training.finetune | STEP step=770 loss=0.7688 dt_sec=0.76 cum_wall_sec=65.1
20:03:07 | INFO    | src.training.finetune | STEP step=780 loss=0.7655 dt_sec=0.75 cum_wall_sec=65.8
20:03:08 | INFO    | src.training.finetune | STEP step=790 loss=0.7613 dt_sec=0.74 cum_wall_sec=66.6
20:03:09 | INFO    | src.training.finetune | STEP step=800 loss=0.7294 dt_sec=0.75 cum_wall_sec=67.3
20:03:12 | INFO    | src.training.finetune | STEP step=810 loss=0.7584 dt_sec=3.12 cum_wall_sec=70.4
20:03:13 | INFO    | src.training.finetune | STEP step=820 loss=0.7373 dt_sec=0.75 cum_wall_sec=71.2
20:03:14 | INFO    | src.training.finetune | STEP step=830 loss=0.7468 dt_sec=0.76 cum_wall_sec=72.0
20:03:14 | INFO    | src.training.finetune | STEP step=840 loss=0.7093 dt_sec=0.74 cum_wall_sec=72.7
20:03:15 | INFO    | src.training.finetune | STEP step=850 loss=0.7418 dt_sec=0.75 cum_wall_sec=73.4
20:03:16 | INFO    | src.training.finetune | STEP step=860 loss=0.7391 dt_sec=0.75 cum_wall_sec=74.2
20:03:17 | INFO    | src.training.finetune | STEP step=870 loss=0.7820 dt_sec=0.76 cum_wall_sec=74.9
20:03:17 | INFO    | src.training.finetune | STEP step=880 loss=0.7206 dt_sec=0.75 cum_wall_sec=75.7
20:03:18 | INFO    | src.training.finetune | STEP step=890 loss=0.7355 dt_sec=0.76 cum_wall_sec=76.5
20:03:19 | INFO    | src.training.finetune | STEP step=900 loss=0.7528 dt_sec=0.74 cum_wall_sec=77.2
20:03:20 | INFO    | src.training.finetune | STEP step=910 loss=0.7558 dt_sec=0.74 cum_wall_sec=77.9
20:03:20 | INFO    | src.training.finetune | STEP step=920 loss=0.7193 dt_sec=0.76 cum_wall_sec=78.7
20:03:21 | INFO    | src.training.finetune | STEP step=930 loss=0.7841 dt_sec=0.75 cum_wall_sec=79.4
20:03:22 | INFO    | src.training.finetune | STEP step=940 loss=0.7525 dt_sec=0.76 cum_wall_sec=80.2
20:03:23 | INFO    | src.training.finetune | STEP step=950 loss=0.7393 dt_sec=0.76 cum_wall_sec=81.0
20:03:23 | INFO    | src.training.finetune | STEP step=960 loss=0.7410 dt_sec=0.75 cum_wall_sec=81.7
20:03:24 | INFO    | src.training.finetune | STEP step=970 loss=0.7198 dt_sec=0.75 cum_wall_sec=82.5
20:03:25 | INFO    | src.training.finetune | STEP step=980 loss=0.7111 dt_sec=0.75 cum_wall_sec=83.2
20:03:26 | INFO    | src.training.finetune | STEP step=990 loss=0.7181 dt_sec=0.75 cum_wall_sec=84.0
20:03:26 | INFO    | src.training.finetune | STEP step=1000 loss=0.7364 dt_sec=0.74 cum_wall_sec=84.7
20:03:29 | INFO    | src.training.finetune | STEP step=1010 loss=0.7256 dt_sec=3.18 cum_wall_sec=87.9
20:03:30 | INFO    | src.training.finetune | STEP step=1020 loss=0.7130 dt_sec=0.74 cum_wall_sec=88.6
20:03:31 | INFO    | src.training.finetune | STEP step=1030 loss=0.7190 dt_sec=0.76 cum_wall_sec=89.4
20:03:32 | INFO    | src.training.finetune | STEP step=1040 loss=0.7108 dt_sec=0.74 cum_wall_sec=90.1
20:03:32 | INFO    | src.training.finetune | STEP step=1050 loss=0.7299 dt_sec=0.76 cum_wall_sec=90.9
20:03:33 | INFO    | src.training.finetune | STEP step=1060 loss=0.7064 dt_sec=0.75 cum_wall_sec=91.6
20:03:34 | INFO    | src.training.finetune | STEP step=1070 loss=0.7120 dt_sec=0.76 cum_wall_sec=92.4
20:03:35 | INFO    | src.training.finetune | STEP step=1080 loss=0.7183 dt_sec=0.74 cum_wall_sec=93.1
20:03:36 | INFO    | src.training.finetune | STEP step=1090 loss=0.7171 dt_sec=0.76 cum_wall_sec=93.9
20:03:36 | INFO    | src.training.finetune | STEP step=1100 loss=0.7210 dt_sec=0.76 cum_wall_sec=94.7
20:03:37 | INFO    | src.training.finetune | STEP step=1110 loss=0.7384 dt_sec=0.75 cum_wall_sec=95.4
20:03:38 | INFO    | src.training.finetune | STEP step=1120 loss=0.7359 dt_sec=0.75 cum_wall_sec=96.2
20:03:39 | INFO    | src.training.finetune | STEP step=1130 loss=0.7281 dt_sec=0.74 cum_wall_sec=96.9
20:03:39 | INFO    | src.training.finetune | STEP step=1140 loss=0.7433 dt_sec=0.74 cum_wall_sec=97.6
20:03:40 | INFO    | src.training.finetune | STEP step=1150 loss=0.7269 dt_sec=0.75 cum_wall_sec=98.4
20:03:41 | INFO    | src.training.finetune | STEP step=1160 loss=0.7337 dt_sec=0.75 cum_wall_sec=99.1
20:03:42 | INFO    | src.training.finetune | STEP step=1170 loss=0.7070 dt_sec=0.76 cum_wall_sec=99.9
20:03:42 | INFO    | src.training.finetune | STEP step=1180 loss=0.7083 dt_sec=0.75 cum_wall_sec=100.6
20:03:43 | INFO    | src.training.finetune | STEP step=1190 loss=0.6972 dt_sec=0.75 cum_wall_sec=101.4
20:03:44 | INFO    | src.training.finetune | STEP step=1200 loss=0.7014 dt_sec=0.74 cum_wall_sec=102.1
20:03:47 | INFO    | src.training.finetune | STEP step=1210 loss=0.7159 dt_sec=3.13 cum_wall_sec=105.3
20:03:48 | INFO    | src.training.finetune | STEP step=1220 loss=0.7088 dt_sec=0.75 cum_wall_sec=106.0
20:03:48 | INFO    | src.training.finetune | STEP step=1230 loss=0.7108 dt_sec=0.74 cum_wall_sec=106.8
20:03:49 | INFO    | src.training.finetune | STEP step=1240 loss=0.7282 dt_sec=0.74 cum_wall_sec=107.5
20:03:50 | INFO    | src.training.finetune | STEP step=1250 loss=0.7450 dt_sec=0.76 cum_wall_sec=108.3
20:03:51 | INFO    | src.training.finetune | STEP step=1260 loss=0.7215 dt_sec=0.75 cum_wall_sec=109.0
20:03:51 | INFO    | src.training.finetune | STEP step=1270 loss=0.7338 dt_sec=0.75 cum_wall_sec=109.8
20:03:52 | INFO    | src.training.finetune | STEP step=1280 loss=0.6877 dt_sec=0.75 cum_wall_sec=110.5
20:03:53 | INFO    | src.training.finetune | STEP step=1290 loss=0.7212 dt_sec=0.75 cum_wall_sec=111.3
20:03:54 | INFO    | src.training.finetune | STEP step=1300 loss=0.7182 dt_sec=0.74 cum_wall_sec=112.0
20:03:54 | INFO    | src.training.finetune | STEP step=1310 loss=0.7046 dt_sec=0.76 cum_wall_sec=112.8
20:03:55 | INFO    | src.training.finetune | STEP step=1320 loss=0.7664 dt_sec=0.75 cum_wall_sec=113.5
20:03:56 | INFO    | src.training.finetune | STEP step=1330 loss=0.7335 dt_sec=0.77 cum_wall_sec=114.3
20:03:57 | INFO    | src.training.finetune | STEP step=1340 loss=0.7812 dt_sec=0.74 cum_wall_sec=115.0
20:03:57 | INFO    | src.training.finetune | STEP step=1350 loss=0.7408 dt_sec=0.77 cum_wall_sec=115.8
20:03:58 | INFO    | src.training.finetune | STEP step=1360 loss=0.7183 dt_sec=0.74 cum_wall_sec=116.5
20:03:59 | INFO    | src.training.finetune | STEP step=1370 loss=0.7219 dt_sec=0.75 cum_wall_sec=117.3
20:04:00 | INFO    | src.training.finetune | STEP step=1380 loss=0.7193 dt_sec=0.74 cum_wall_sec=118.0
20:04:00 | INFO    | src.training.finetune | STEP step=1390 loss=0.7097 dt_sec=0.75 cum_wall_sec=118.8
20:04:01 | INFO    | src.training.finetune | STEP step=1400 loss=0.7160 dt_sec=0.77 cum_wall_sec=119.5
20:04:04 | INFO    | src.training.finetune | STEP step=1410 loss=0.7195 dt_sec=3.21 cum_wall_sec=122.7
20:04:05 | INFO    | src.training.finetune | STEP step=1420 loss=0.7093 dt_sec=0.75 cum_wall_sec=123.5
20:04:06 | INFO    | src.training.finetune | STEP step=1430 loss=0.7291 dt_sec=0.74 cum_wall_sec=124.2
20:04:07 | INFO    | src.training.finetune | STEP step=1440 loss=0.7003 dt_sec=0.74 cum_wall_sec=125.0
20:04:07 | INFO    | src.training.finetune | STEP step=1450 loss=0.7037 dt_sec=0.74 cum_wall_sec=125.7
20:04:08 | INFO    | src.training.finetune | STEP step=1460 loss=0.7133 dt_sec=0.75 cum_wall_sec=126.5
20:04:09 | INFO    | src.training.finetune | STEP step=1470 loss=0.7154 dt_sec=0.75 cum_wall_sec=127.2
20:04:10 | INFO    | src.training.finetune | STEP step=1480 loss=0.7147 dt_sec=0.75 cum_wall_sec=128.0
20:04:10 | INFO    | src.training.finetune | STEP step=1490 loss=0.7046 dt_sec=0.74 cum_wall_sec=128.7
20:04:11 | INFO    | src.training.finetune | STEP step=1500 loss=0.8661 dt_sec=0.75 cum_wall_sec=129.5
20:04:12 | INFO    | src.training.finetune | STEP step=1510 loss=0.7123 dt_sec=0.76 cum_wall_sec=130.2
20:04:13 | INFO    | src.training.finetune | STEP step=1520 loss=0.7299 dt_sec=0.74 cum_wall_sec=131.0
20:04:13 | INFO    | src.training.finetune | STEP step=1530 loss=0.7089 dt_sec=0.76 cum_wall_sec=131.7
20:04:14 | INFO    | src.training.finetune | STEP step=1540 loss=0.7121 dt_sec=0.75 cum_wall_sec=132.5
20:04:15 | INFO    | src.training.finetune | STEP step=1550 loss=0.6953 dt_sec=0.76 cum_wall_sec=133.2
20:04:16 | INFO    | src.training.finetune | STEP step=1560 loss=0.7193 dt_sec=0.74 cum_wall_sec=134.0
20:04:16 | INFO    | src.training.finetune | STEP step=1570 loss=0.7447 dt_sec=0.74 cum_wall_sec=134.7
20:04:17 | INFO    | src.training.finetune | STEP step=1580 loss=0.7241 dt_sec=0.76 cum_wall_sec=135.5
20:04:18 | INFO    | src.training.finetune | STEP step=1590 loss=0.7127 dt_sec=0.75 cum_wall_sec=136.2
20:04:19 | INFO    | src.training.finetune | STEP step=1600 loss=0.7319 dt_sec=0.75 cum_wall_sec=137.0
20:04:22 | INFO    | src.training.finetune | STEP step=1610 loss=0.7186 dt_sec=3.74 cum_wall_sec=140.7
20:04:23 | INFO    | src.training.finetune | STEP step=1620 loss=0.7097 dt_sec=0.75 cum_wall_sec=141.5
20:04:24 | INFO    | src.training.finetune | STEP step=1630 loss=0.7115 dt_sec=0.75 cum_wall_sec=142.2
20:04:25 | INFO    | src.training.finetune | STEP step=1640 loss=0.7053 dt_sec=0.74 cum_wall_sec=143.0
20:04:25 | INFO    | src.training.finetune | STEP step=1650 loss=0.6898 dt_sec=0.75 cum_wall_sec=143.7
20:04:26 | INFO    | src.training.finetune | STEP step=1660 loss=0.6949 dt_sec=0.75 cum_wall_sec=144.5
20:04:27 | INFO    | src.training.finetune | STEP step=1670 loss=0.7111 dt_sec=0.76 cum_wall_sec=145.2
20:04:28 | INFO    | src.training.finetune | STEP step=1680 loss=0.7250 dt_sec=0.75 cum_wall_sec=146.0
20:04:28 | INFO    | src.training.finetune | STEP step=1690 loss=0.7071 dt_sec=0.75 cum_wall_sec=146.7
20:04:29 | INFO    | src.training.finetune | STEP step=1700 loss=0.7085 dt_sec=0.76 cum_wall_sec=147.5
20:04:30 | INFO    | src.training.finetune | STEP step=1710 loss=0.7145 dt_sec=0.75 cum_wall_sec=148.2
20:04:31 | INFO    | src.training.finetune | STEP step=1720 loss=0.7011 dt_sec=0.75 cum_wall_sec=149.0
20:04:31 | INFO    | src.training.finetune | STEP step=1730 loss=0.7327 dt_sec=0.76 cum_wall_sec=149.7
20:04:32 | INFO    | src.training.finetune | STEP step=1740 loss=0.7062 dt_sec=0.74 cum_wall_sec=150.5
20:04:33 | INFO    | src.training.finetune | STEP step=1750 loss=0.7119 dt_sec=0.75 cum_wall_sec=151.2
20:04:34 | INFO    | src.training.finetune | STEP step=1760 loss=0.6979 dt_sec=0.75 cum_wall_sec=152.0
20:04:34 | INFO    | src.training.finetune | STEP step=1770 loss=0.7232 dt_sec=0.76 cum_wall_sec=152.7
20:04:35 | INFO    | src.training.finetune | STEP step=1780 loss=0.6982 dt_sec=0.75 cum_wall_sec=153.5
20:04:36 | INFO    | src.training.finetune | STEP step=1790 loss=0.7117 dt_sec=0.77 cum_wall_sec=154.3
20:04:37 | INFO    | src.training.finetune | STEP step=1800 loss=0.7286 dt_sec=0.75 cum_wall_sec=155.0
20:04:40 | INFO    | src.training.finetune | STEP step=1810 loss=0.7257 dt_sec=3.20 cum_wall_sec=158.2
20:04:41 | INFO    | src.training.finetune | STEP step=1820 loss=0.7031 dt_sec=0.74 cum_wall_sec=159.0
20:04:41 | INFO    | src.training.finetune | STEP step=1830 loss=0.7016 dt_sec=0.75 cum_wall_sec=159.7
20:04:42 | INFO    | src.training.finetune | STEP step=1840 loss=0.7238 dt_sec=0.76 cum_wall_sec=160.5
20:04:43 | INFO    | src.training.finetune | STEP step=1850 loss=0.7073 dt_sec=0.74 cum_wall_sec=161.2
20:04:44 | INFO    | src.training.finetune | STEP step=1860 loss=0.7205 dt_sec=0.75 cum_wall_sec=161.9
20:04:44 | INFO    | src.training.finetune | STEP step=1870 loss=0.7062 dt_sec=0.76 cum_wall_sec=162.7
20:04:45 | INFO    | src.training.finetune | STEP step=1880 loss=0.7165 dt_sec=0.75 cum_wall_sec=163.5
20:04:46 | INFO    | src.training.finetune | STEP step=1890 loss=0.6960 dt_sec=0.75 cum_wall_sec=164.2
20:04:47 | INFO    | src.training.finetune | STEP step=1900 loss=0.6959 dt_sec=0.76 cum_wall_sec=165.0
20:04:47 | INFO    | src.training.finetune | STEP step=1910 loss=0.6905 dt_sec=0.75 cum_wall_sec=165.7
20:04:48 | INFO    | src.training.finetune | STEP step=1920 loss=0.8943 dt_sec=0.74 cum_wall_sec=166.5
20:04:49 | INFO    | src.training.finetune | STEP step=1930 loss=1.0295 dt_sec=0.75 cum_wall_sec=167.2
20:04:50 | INFO    | src.training.finetune | STEP step=1940 loss=0.7570 dt_sec=0.75 cum_wall_sec=168.0
20:04:50 | INFO    | src.training.finetune | STEP step=1950 loss=0.7099 dt_sec=0.76 cum_wall_sec=168.7
20:04:51 | INFO    | src.training.finetune | STEP step=1960 loss=0.6985 dt_sec=0.74 cum_wall_sec=169.5
20:04:52 | INFO    | src.training.finetune | STEP step=1970 loss=0.6849 dt_sec=0.75 cum_wall_sec=170.2
20:04:53 | INFO    | src.training.finetune | STEP step=1980 loss=0.7281 dt_sec=0.76 cum_wall_sec=171.0
20:04:53 | INFO    | src.training.finetune | STEP step=1990 loss=0.7440 dt_sec=0.76 cum_wall_sec=171.7
20:04:54 | INFO    | src.training.finetune | STEP step=2000 loss=0.7353 dt_sec=0.75 cum_wall_sec=172.5
20:04:57 | INFO    | src.training.finetune | STAGE=azerbaijani end ts=2026-09-08T20:04:57.259805+00:00 runtime_sec=175.9
20:04:58 | INFO    | src.training.finetune | Best checkpoint restored and verified: step 2000, val macro-F1 = 0.4640
