20:57:32 | INFO    | src.training.finetune | STAGE=turkish_intermediate cache_hit=true ts=2026-09-08T20:57:32.413076+00:00 path=artifacts/tr_stage_cache/base=xlm15__tok=omp__tr=real__seed=1337__dd0c52e7259d93c7
20:57:32 | WARNING | src.training.finetune | SOURCE STAGE DEGENERATE (cache hit): tr macro-F1=0.3321 constant_prediction=False — this run's Turkish manipulation did NOT take effect. Recorded, not excluded.
20:57:32 | INFO    | src.training.finetune |   [AZ mərhələsi] 2000 nümunə | 2 sinif | init=TR checkpoint
20:57:32 | INFO    | src.training.finetune | Task head reset: modules=['sequence_summary'] params=2050 (encoder='transformer' untouched)
20:57:32 | INFO    | src.training.finetune | STAGE=azerbaijani start ts=2026-09-08T20:57:32.516185+00:00 n=2000 n_classes=2
20:57:34 | INFO    | src.training.finetune | STEP step=10 loss=1.0591 dt_sec=0.81 cum_wall_sec=0.8
20:57:34 | INFO    | src.training.finetune | STEP step=20 loss=1.1111 dt_sec=0.72 cum_wall_sec=1.5
20:57:35 | INFO    | src.training.finetune | STEP step=30 loss=1.1723 dt_sec=0.72 cum_wall_sec=2.2
20:57:36 | INFO    | src.training.finetune | STEP step=40 loss=1.0740 dt_sec=0.73 cum_wall_sec=3.0
20:57:36 | INFO    | src.training.finetune | STEP step=50 loss=1.0318 dt_sec=0.73 cum_wall_sec=3.7
20:57:37 | INFO    | src.training.finetune | STEP step=60 loss=1.1076 dt_sec=0.72 cum_wall_sec=4.4
20:57:38 | INFO    | src.training.finetune | STEP step=70 loss=1.2018 dt_sec=0.72 cum_wall_sec=5.1
20:57:39 | INFO    | src.training.finetune | STEP step=80 loss=1.1818 dt_sec=0.72 cum_wall_sec=5.9
20:57:39 | INFO    | src.training.finetune | STEP step=90 loss=1.1900 dt_sec=0.73 cum_wall_sec=6.6
20:57:40 | INFO    | src.training.finetune | STEP step=100 loss=1.1347 dt_sec=0.73 cum_wall_sec=7.3
20:57:41 | INFO    | src.training.finetune | STEP step=110 loss=1.1876 dt_sec=0.73 cum_wall_sec=8.1
20:57:41 | INFO    | src.training.finetune | STEP step=120 loss=1.2473 dt_sec=0.72 cum_wall_sec=8.8
20:57:42 | INFO    | src.training.finetune | STEP step=130 loss=1.1424 dt_sec=0.72 cum_wall_sec=9.5
20:57:43 | INFO    | src.training.finetune | STEP step=140 loss=1.0553 dt_sec=0.72 cum_wall_sec=10.2
20:57:44 | INFO    | src.training.finetune | STEP step=150 loss=0.9829 dt_sec=0.71 cum_wall_sec=10.9
20:57:44 | INFO    | src.training.finetune | STEP step=160 loss=1.0662 dt_sec=0.73 cum_wall_sec=11.7
20:57:45 | INFO    | src.training.finetune | STEP step=170 loss=1.2559 dt_sec=0.71 cum_wall_sec=12.4
20:57:46 | INFO    | src.training.finetune | STEP step=180 loss=0.9950 dt_sec=0.72 cum_wall_sec=13.1
20:57:47 | INFO    | src.training.finetune | STEP step=190 loss=1.2863 dt_sec=0.72 cum_wall_sec=13.8
20:57:47 | INFO    | src.training.finetune | STEP step=200 loss=1.1768 dt_sec=0.72 cum_wall_sec=14.5
20:57:50 | INFO    | src.training.finetune | STEP step=210 loss=0.9449 dt_sec=2.94 cum_wall_sec=17.5
20:57:51 | INFO    | src.training.finetune | STEP step=220 loss=0.9390 dt_sec=0.73 cum_wall_sec=18.2
20:57:52 | INFO    | src.training.finetune | STEP step=230 loss=0.9406 dt_sec=0.73 cum_wall_sec=18.9
20:57:52 | INFO    | src.training.finetune | STEP step=240 loss=1.0855 dt_sec=0.72 cum_wall_sec=19.6
20:57:53 | INFO    | src.training.finetune | STEP step=250 loss=1.0176 dt_sec=0.73 cum_wall_sec=20.4
20:57:54 | INFO    | src.training.finetune | STEP step=260 loss=0.9040 dt_sec=0.72 cum_wall_sec=21.1
20:57:55 | INFO    | src.training.finetune | STEP step=270 loss=0.8801 dt_sec=0.74 cum_wall_sec=21.8
20:57:55 | INFO    | src.training.finetune | STEP step=280 loss=0.9735 dt_sec=0.72 cum_wall_sec=22.6
20:57:56 | INFO    | src.training.finetune | STEP step=290 loss=1.2796 dt_sec=0.71 cum_wall_sec=23.3
20:57:57 | INFO    | src.training.finetune | STEP step=300 loss=0.9889 dt_sec=0.73 cum_wall_sec=24.0
20:57:57 | INFO    | src.training.finetune | STEP step=310 loss=0.9145 dt_sec=0.72 cum_wall_sec=24.7
20:57:58 | INFO    | src.training.finetune | STEP step=320 loss=0.8455 dt_sec=0.73 cum_wall_sec=25.5
20:57:59 | INFO    | src.training.finetune | STEP step=330 loss=0.9103 dt_sec=0.71 cum_wall_sec=26.2
20:58:00 | INFO    | src.training.finetune | STEP step=340 loss=0.8986 dt_sec=0.73 cum_wall_sec=26.9
20:58:00 | INFO    | src.training.finetune | STEP step=350 loss=1.0050 dt_sec=0.73 cum_wall_sec=27.6
20:58:01 | INFO    | src.training.finetune | STEP step=360 loss=0.8477 dt_sec=0.73 cum_wall_sec=28.4
20:58:02 | INFO    | src.training.finetune | STEP step=370 loss=0.8808 dt_sec=0.72 cum_wall_sec=29.1
20:58:03 | INFO    | src.training.finetune | STEP step=380 loss=0.9095 dt_sec=0.72 cum_wall_sec=29.8
20:58:03 | INFO    | src.training.finetune | STEP step=390 loss=0.9833 dt_sec=0.72 cum_wall_sec=30.5
20:58:04 | INFO    | src.training.finetune | STEP step=400 loss=0.7871 dt_sec=0.73 cum_wall_sec=31.2
20:58:07 | INFO    | src.training.finetune | STEP step=410 loss=0.9540 dt_sec=3.13 cum_wall_sec=34.4
20:58:08 | INFO    | src.training.finetune | STEP step=420 loss=0.9247 dt_sec=0.72 cum_wall_sec=35.1
20:58:09 | INFO    | src.training.finetune | STEP step=430 loss=0.8306 dt_sec=0.72 cum_wall_sec=35.8
20:58:09 | INFO    | src.training.finetune | STEP step=440 loss=0.8316 dt_sec=0.72 cum_wall_sec=36.5
20:58:10 | INFO    | src.training.finetune | STEP step=450 loss=0.7905 dt_sec=0.73 cum_wall_sec=37.3
20:58:11 | INFO    | src.training.finetune | STEP step=460 loss=0.7772 dt_sec=0.73 cum_wall_sec=38.0
20:58:11 | INFO    | src.training.finetune | STEP step=470 loss=0.9325 dt_sec=0.73 cum_wall_sec=38.7
20:58:12 | INFO    | src.training.finetune | STEP step=480 loss=0.7982 dt_sec=0.72 cum_wall_sec=39.4
20:58:13 | INFO    | src.training.finetune | STEP step=490 loss=0.7850 dt_sec=0.72 cum_wall_sec=40.2
20:58:14 | INFO    | src.training.finetune | STEP step=500 loss=0.7944 dt_sec=0.71 cum_wall_sec=40.9
20:58:14 | INFO    | src.training.finetune | STEP step=510 loss=0.8099 dt_sec=0.73 cum_wall_sec=41.6
20:58:15 | INFO    | src.training.finetune | STEP step=520 loss=0.7649 dt_sec=0.72 cum_wall_sec=42.3
20:58:16 | INFO    | src.training.finetune | STEP step=530 loss=0.7116 dt_sec=0.73 cum_wall_sec=43.0
20:58:16 | INFO    | src.training.finetune | STEP step=540 loss=0.6876 dt_sec=0.72 cum_wall_sec=43.8
20:58:17 | INFO    | src.training.finetune | STEP step=550 loss=0.6570 dt_sec=0.72 cum_wall_sec=44.5
20:58:18 | INFO    | src.training.finetune | STEP step=560 loss=0.5617 dt_sec=0.72 cum_wall_sec=45.2
20:58:19 | INFO    | src.training.finetune | STEP step=570 loss=0.5711 dt_sec=0.71 cum_wall_sec=45.9
20:58:19 | INFO    | src.training.finetune | STEP step=580 loss=0.5881 dt_sec=0.72 cum_wall_sec=46.6
20:58:20 | INFO    | src.training.finetune | STEP step=590 loss=0.5568 dt_sec=0.72 cum_wall_sec=47.4
20:58:21 | INFO    | src.training.finetune | STEP step=600 loss=0.5013 dt_sec=0.73 cum_wall_sec=48.1
20:58:24 | INFO    | src.training.finetune | STEP step=610 loss=0.4902 dt_sec=3.13 cum_wall_sec=51.2
20:58:25 | INFO    | src.training.finetune | STEP step=620 loss=0.5313 dt_sec=0.72 cum_wall_sec=51.9
20:58:25 | INFO    | src.training.finetune | STEP step=630 loss=0.3567 dt_sec=0.73 cum_wall_sec=52.7
20:58:26 | INFO    | src.training.finetune | STEP step=640 loss=0.2903 dt_sec=0.73 cum_wall_sec=53.4
20:58:27 | INFO    | src.training.finetune | STEP step=650 loss=0.3263 dt_sec=0.72 cum_wall_sec=54.1
20:58:28 | INFO    | src.training.finetune | STEP step=660 loss=0.3875 dt_sec=0.72 cum_wall_sec=54.8
20:58:28 | INFO    | src.training.finetune | STEP step=670 loss=0.3046 dt_sec=0.72 cum_wall_sec=55.6
20:58:29 | INFO    | src.training.finetune | STEP step=680 loss=0.2633 dt_sec=0.74 cum_wall_sec=56.3
20:58:30 | INFO    | src.training.finetune | STEP step=690 loss=0.3391 dt_sec=0.72 cum_wall_sec=57.0
20:58:30 | INFO    | src.training.finetune | STEP step=700 loss=0.2433 dt_sec=0.71 cum_wall_sec=57.7
20:58:31 | INFO    | src.training.finetune | STEP step=710 loss=0.1885 dt_sec=0.72 cum_wall_sec=58.4
20:58:32 | INFO    | src.training.finetune | STEP step=720 loss=0.4359 dt_sec=0.72 cum_wall_sec=59.2
20:58:33 | INFO    | src.training.finetune | STEP step=730 loss=0.3110 dt_sec=0.74 cum_wall_sec=59.9
20:58:33 | INFO    | src.training.finetune | STEP step=740 loss=0.3743 dt_sec=0.73 cum_wall_sec=60.6
20:58:34 | INFO    | src.training.finetune | STEP step=750 loss=0.2120 dt_sec=0.73 cum_wall_sec=61.4
20:58:35 | INFO    | src.training.finetune | STEP step=760 loss=0.2251 dt_sec=0.72 cum_wall_sec=62.1
20:58:36 | INFO    | src.training.finetune | STEP step=770 loss=0.1834 dt_sec=0.72 cum_wall_sec=62.8
20:58:36 | INFO    | src.training.finetune | STEP step=780 loss=0.1645 dt_sec=0.73 cum_wall_sec=63.5
20:58:37 | INFO    | src.training.finetune | STEP step=790 loss=0.0963 dt_sec=0.73 cum_wall_sec=64.2
20:58:38 | INFO    | src.training.finetune | STEP step=800 loss=0.1753 dt_sec=0.73 cum_wall_sec=65.0
20:58:41 | INFO    | src.training.finetune | STEP step=810 loss=0.2992 dt_sec=3.34 cum_wall_sec=68.3
20:58:42 | INFO    | src.training.finetune | STEP step=820 loss=0.3230 dt_sec=0.72 cum_wall_sec=69.0
20:58:42 | INFO    | src.training.finetune | STEP step=830 loss=0.0583 dt_sec=0.73 cum_wall_sec=69.8
20:58:43 | INFO    | src.training.finetune | STEP step=840 loss=0.0388 dt_sec=0.72 cum_wall_sec=70.5
20:58:44 | INFO    | src.training.finetune | STEP step=850 loss=0.1482 dt_sec=0.71 cum_wall_sec=71.2
20:58:45 | INFO    | src.training.finetune | STEP step=860 loss=0.1211 dt_sec=0.72 cum_wall_sec=71.9
20:58:45 | INFO    | src.training.finetune | STEP step=870 loss=0.2142 dt_sec=0.74 cum_wall_sec=72.7
20:58:46 | INFO    | src.training.finetune | STEP step=880 loss=0.1803 dt_sec=0.72 cum_wall_sec=73.4
20:58:47 | INFO    | src.training.finetune | STEP step=890 loss=0.0978 dt_sec=0.72 cum_wall_sec=74.1
20:58:48 | INFO    | src.training.finetune | STEP step=900 loss=0.1999 dt_sec=0.73 cum_wall_sec=74.8
20:58:48 | INFO    | src.training.finetune | STEP step=910 loss=0.0889 dt_sec=0.73 cum_wall_sec=75.6
20:58:49 | INFO    | src.training.finetune | STEP step=920 loss=0.1260 dt_sec=0.71 cum_wall_sec=76.3
20:58:50 | INFO    | src.training.finetune | STEP step=930 loss=0.0359 dt_sec=0.72 cum_wall_sec=77.0
20:58:50 | INFO    | src.training.finetune | STEP step=940 loss=0.0701 dt_sec=0.72 cum_wall_sec=77.7
20:58:51 | INFO    | src.training.finetune | STEP step=950 loss=0.0490 dt_sec=0.72 cum_wall_sec=78.4
20:58:52 | INFO    | src.training.finetune | STEP step=960 loss=0.0543 dt_sec=0.73 cum_wall_sec=79.2
20:58:53 | INFO    | src.training.finetune | STEP step=970 loss=0.1939 dt_sec=0.71 cum_wall_sec=79.9
20:58:53 | INFO    | src.training.finetune | STEP step=980 loss=0.2272 dt_sec=0.73 cum_wall_sec=80.6
20:58:54 | INFO    | src.training.finetune | STEP step=990 loss=0.2257 dt_sec=0.73 cum_wall_sec=81.3
20:58:55 | INFO    | src.training.finetune | STEP step=1000 loss=0.0517 dt_sec=0.72 cum_wall_sec=82.1
20:58:58 | INFO    | src.training.finetune | STEP step=1010 loss=0.1728 dt_sec=3.13 cum_wall_sec=85.2
20:58:59 | INFO    | src.training.finetune | STEP step=1020 loss=0.0787 dt_sec=0.73 cum_wall_sec=85.9
20:58:59 | INFO    | src.training.finetune | STEP step=1030 loss=0.0767 dt_sec=0.73 cum_wall_sec=86.7
20:59:00 | INFO    | src.training.finetune | STEP step=1040 loss=0.0278 dt_sec=0.73 cum_wall_sec=87.4
20:59:01 | INFO    | src.training.finetune | STEP step=1050 loss=0.1025 dt_sec=0.72 cum_wall_sec=88.1
20:59:02 | INFO    | src.training.finetune | STEP step=1060 loss=0.1413 dt_sec=0.72 cum_wall_sec=88.8
20:59:02 | INFO    | src.training.finetune | STEP step=1070 loss=0.1485 dt_sec=0.72 cum_wall_sec=89.5
20:59:03 | INFO    | src.training.finetune | STEP step=1080 loss=0.0938 dt_sec=0.72 cum_wall_sec=90.3
20:59:04 | INFO    | src.training.finetune | STEP step=1090 loss=0.0751 dt_sec=0.73 cum_wall_sec=91.0
20:59:04 | INFO    | src.training.finetune | STEP step=1100 loss=0.0432 dt_sec=0.72 cum_wall_sec=91.7
20:59:05 | INFO    | src.training.finetune | STEP step=1110 loss=0.0006 dt_sec=0.72 cum_wall_sec=92.4
20:59:06 | INFO    | src.training.finetune | STEP step=1120 loss=0.1149 dt_sec=0.73 cum_wall_sec=93.1
20:59:07 | INFO    | src.training.finetune | STEP step=1130 loss=0.0683 dt_sec=0.74 cum_wall_sec=93.9
20:59:08 | INFO    | src.training.finetune | STEP step=1140 loss=0.0345 dt_sec=0.93 cum_wall_sec=94.8
20:59:08 | INFO    | src.training.finetune | STEP step=1150 loss=0.0036 dt_sec=0.73 cum_wall_sec=95.5
20:59:09 | INFO    | src.training.finetune | STEP step=1160 loss=0.0073 dt_sec=0.73 cum_wall_sec=96.3
20:59:10 | INFO    | src.training.finetune | STEP step=1170 loss=0.0355 dt_sec=0.72 cum_wall_sec=97.0
20:59:10 | INFO    | src.training.finetune | STEP step=1180 loss=0.1195 dt_sec=0.73 cum_wall_sec=97.7
20:59:11 | INFO    | src.training.finetune | STEP step=1190 loss=0.1004 dt_sec=0.74 cum_wall_sec=98.5
20:59:12 | INFO    | src.training.finetune | STEP step=1200 loss=0.0744 dt_sec=0.72 cum_wall_sec=99.2
20:59:15 | INFO    | src.training.finetune | STEP step=1210 loss=0.0452 dt_sec=3.01 cum_wall_sec=102.2
20:59:16 | INFO    | src.training.finetune | STEP step=1220 loss=0.0942 dt_sec=0.72 cum_wall_sec=102.9
20:59:16 | INFO    | src.training.finetune | STEP step=1230 loss=0.0818 dt_sec=0.72 cum_wall_sec=103.6
20:59:17 | INFO    | src.training.finetune | STEP step=1240 loss=0.0481 dt_sec=0.72 cum_wall_sec=104.3
20:59:18 | INFO    | src.training.finetune | STEP step=1250 loss=0.0495 dt_sec=0.72 cum_wall_sec=105.1
20:59:19 | INFO    | src.training.finetune | STEP step=1260 loss=0.0300 dt_sec=0.72 cum_wall_sec=105.8
20:59:19 | INFO    | src.training.finetune | STEP step=1270 loss=0.0939 dt_sec=0.72 cum_wall_sec=106.5
20:59:20 | INFO    | src.training.finetune | STEP step=1280 loss=0.0259 dt_sec=0.72 cum_wall_sec=107.2
20:59:21 | INFO    | src.training.finetune | STEP step=1290 loss=0.0357 dt_sec=0.72 cum_wall_sec=107.9
20:59:21 | INFO    | src.training.finetune | STEP step=1300 loss=0.0155 dt_sec=0.73 cum_wall_sec=108.7
20:59:22 | INFO    | src.training.finetune | STEP step=1310 loss=0.0248 dt_sec=0.72 cum_wall_sec=109.4
20:59:23 | INFO    | src.training.finetune | STEP step=1320 loss=0.1153 dt_sec=0.73 cum_wall_sec=110.1
20:59:24 | INFO    | src.training.finetune | STEP step=1330 loss=0.0573 dt_sec=0.72 cum_wall_sec=110.8
20:59:24 | INFO    | src.training.finetune | STEP step=1340 loss=0.0002 dt_sec=0.72 cum_wall_sec=111.6
20:59:25 | INFO    | src.training.finetune | STEP step=1350 loss=0.0623 dt_sec=0.72 cum_wall_sec=112.3
20:59:26 | INFO    | src.training.finetune | STEP step=1360 loss=0.0003 dt_sec=0.73 cum_wall_sec=113.0
20:59:26 | INFO    | src.training.finetune | STEP step=1370 loss=0.0020 dt_sec=0.72 cum_wall_sec=113.7
20:59:27 | INFO    | src.training.finetune | STEP step=1380 loss=0.0482 dt_sec=0.73 cum_wall_sec=114.5
20:59:28 | INFO    | src.training.finetune | STEP step=1390 loss=0.0912 dt_sec=0.71 cum_wall_sec=115.2
20:59:29 | INFO    | src.training.finetune | STEP step=1400 loss=0.0246 dt_sec=0.72 cum_wall_sec=115.9
20:59:32 | INFO    | src.training.finetune | STEP step=1410 loss=0.0004 dt_sec=3.28 cum_wall_sec=119.2
20:59:33 | INFO    | src.training.finetune | STEP step=1420 loss=0.0421 dt_sec=0.74 cum_wall_sec=119.9
20:59:33 | INFO    | src.training.finetune | STEP step=1430 loss=0.0865 dt_sec=0.73 cum_wall_sec=120.7
20:59:34 | INFO    | src.training.finetune | STEP step=1440 loss=0.0615 dt_sec=0.72 cum_wall_sec=121.4
20:59:35 | INFO    | src.training.finetune | STEP step=1450 loss=0.0153 dt_sec=0.73 cum_wall_sec=122.1
20:59:36 | INFO    | src.training.finetune | STEP step=1460 loss=0.0238 dt_sec=0.73 cum_wall_sec=122.8
20:59:36 | INFO    | src.training.finetune | STEP step=1470 loss=0.0192 dt_sec=0.73 cum_wall_sec=123.6
20:59:37 | INFO    | src.training.finetune | STEP step=1480 loss=0.0005 dt_sec=0.71 cum_wall_sec=124.3
20:59:38 | INFO    | src.training.finetune | STEP step=1490 loss=0.0329 dt_sec=0.72 cum_wall_sec=125.0
20:59:38 | INFO    | src.training.finetune | STEP step=1500 loss=0.0718 dt_sec=0.74 cum_wall_sec=125.7
20:59:39 | INFO    | src.training.finetune | STEP step=1510 loss=0.0303 dt_sec=0.72 cum_wall_sec=126.5
20:59:40 | INFO    | src.training.finetune | STEP step=1520 loss=0.0290 dt_sec=0.72 cum_wall_sec=127.2
20:59:41 | INFO    | src.training.finetune | STEP step=1530 loss=0.0063 dt_sec=0.72 cum_wall_sec=127.9
20:59:41 | INFO    | src.training.finetune | STEP step=1540 loss=0.0001 dt_sec=0.72 cum_wall_sec=128.6
20:59:42 | INFO    | src.training.finetune | STEP step=1550 loss=0.0497 dt_sec=0.73 cum_wall_sec=129.4
20:59:43 | INFO    | src.training.finetune | STEP step=1560 loss=0.1072 dt_sec=0.72 cum_wall_sec=130.1
20:59:44 | INFO    | src.training.finetune | STEP step=1570 loss=0.0640 dt_sec=0.73 cum_wall_sec=130.8
20:59:44 | INFO    | src.training.finetune | STEP step=1580 loss=0.0374 dt_sec=0.71 cum_wall_sec=131.5
20:59:45 | INFO    | src.training.finetune | STEP step=1590 loss=0.0013 dt_sec=0.72 cum_wall_sec=132.2
20:59:46 | INFO    | src.training.finetune | STEP step=1600 loss=0.0201 dt_sec=0.72 cum_wall_sec=133.0
20:59:49 | INFO    | src.training.finetune | STEP step=1610 loss=0.0001 dt_sec=3.36 cum_wall_sec=136.3
20:59:50 | INFO    | src.training.finetune | STEP step=1620 loss=0.1049 dt_sec=0.74 cum_wall_sec=137.1
20:59:51 | INFO    | src.training.finetune | STEP step=1630 loss=0.0360 dt_sec=0.74 cum_wall_sec=137.8
20:59:51 | INFO    | src.training.finetune | STEP step=1640 loss=0.0153 dt_sec=0.72 cum_wall_sec=138.5
20:59:52 | INFO    | src.training.finetune | STEP step=1650 loss=0.0041 dt_sec=0.73 cum_wall_sec=139.3
20:59:53 | INFO    | src.training.finetune | STEP step=1660 loss=0.0514 dt_sec=0.72 cum_wall_sec=140.0
20:59:53 | INFO    | src.training.finetune | STEP step=1670 loss=0.0114 dt_sec=0.72 cum_wall_sec=140.7
20:59:54 | INFO    | src.training.finetune | STEP step=1680 loss=0.0431 dt_sec=0.73 cum_wall_sec=141.4
20:59:55 | INFO    | src.training.finetune | STEP step=1690 loss=0.0025 dt_sec=0.73 cum_wall_sec=142.2
20:59:56 | INFO    | src.training.finetune | STEP step=1700 loss=0.0004 dt_sec=0.73 cum_wall_sec=142.9
20:59:56 | INFO    | src.training.finetune | STEP step=1710 loss=0.0001 dt_sec=0.71 cum_wall_sec=143.6
20:59:57 | INFO    | src.training.finetune | STEP step=1720 loss=0.0001 dt_sec=0.73 cum_wall_sec=144.3
20:59:58 | INFO    | src.training.finetune | STEP step=1730 loss=0.0204 dt_sec=0.73 cum_wall_sec=145.1
20:59:59 | INFO    | src.training.finetune | STEP step=1740 loss=0.0032 dt_sec=0.72 cum_wall_sec=145.8
20:59:59 | INFO    | src.training.finetune | STEP step=1750 loss=0.0001 dt_sec=0.72 cum_wall_sec=146.5
21:00:00 | INFO    | src.training.finetune | STEP step=1760 loss=0.0506 dt_sec=0.74 cum_wall_sec=147.2
21:00:01 | INFO    | src.training.finetune | STEP step=1770 loss=0.0001 dt_sec=0.71 cum_wall_sec=148.0
21:00:01 | INFO    | src.training.finetune | STEP step=1780 loss=0.0911 dt_sec=0.72 cum_wall_sec=148.7
21:00:02 | INFO    | src.training.finetune | STEP step=1790 loss=0.0459 dt_sec=0.74 cum_wall_sec=149.4
21:00:03 | INFO    | src.training.finetune | STEP step=1800 loss=0.0002 dt_sec=0.74 cum_wall_sec=150.1
21:00:06 | INFO    | src.training.finetune | STEP step=1810 loss=0.0211 dt_sec=2.94 cum_wall_sec=153.1
21:00:07 | INFO    | src.training.finetune | STEP step=1820 loss=0.0058 dt_sec=0.72 cum_wall_sec=153.8
21:00:07 | INFO    | src.training.finetune | STEP step=1830 loss=0.0001 dt_sec=0.72 cum_wall_sec=154.5
21:00:08 | INFO    | src.training.finetune | STEP step=1840 loss=0.0235 dt_sec=0.74 cum_wall_sec=155.3
21:00:09 | INFO    | src.training.finetune | STEP step=1850 loss=0.0494 dt_sec=0.71 cum_wall_sec=156.0
21:00:09 | INFO    | src.training.finetune | STEP step=1860 loss=0.0080 dt_sec=0.73 cum_wall_sec=156.7
21:00:10 | INFO    | src.training.finetune | STEP step=1870 loss=0.0001 dt_sec=0.73 cum_wall_sec=157.4
21:00:11 | INFO    | src.training.finetune | STEP step=1880 loss=0.0142 dt_sec=0.72 cum_wall_sec=158.2
21:00:12 | INFO    | src.training.finetune | STEP step=1890 loss=0.0004 dt_sec=0.71 cum_wall_sec=158.9
21:00:12 | INFO    | src.training.finetune | STEP step=1900 loss=0.0609 dt_sec=0.73 cum_wall_sec=159.6
21:00:13 | INFO    | src.training.finetune | STEP step=1910 loss=0.0074 dt_sec=0.72 cum_wall_sec=160.3
21:00:14 | INFO    | src.training.finetune | STEP step=1920 loss=0.0005 dt_sec=0.72 cum_wall_sec=161.0
21:00:14 | INFO    | src.training.finetune | STEP step=1930 loss=0.0315 dt_sec=0.73 cum_wall_sec=161.8
21:00:15 | INFO    | src.training.finetune | STEP step=1940 loss=0.0079 dt_sec=0.71 cum_wall_sec=162.5
21:00:16 | INFO    | src.training.finetune | STEP step=1950 loss=0.0030 dt_sec=0.76 cum_wall_sec=163.2
21:00:17 | INFO    | src.training.finetune | STEP step=1960 loss=0.0028 dt_sec=0.73 cum_wall_sec=164.0
21:00:17 | INFO    | src.training.finetune | STEP step=1970 loss=0.0001 dt_sec=0.71 cum_wall_sec=164.7
21:00:18 | INFO    | src.training.finetune | STEP step=1980 loss=0.0502 dt_sec=0.73 cum_wall_sec=165.4
21:00:19 | INFO    | src.training.finetune | STEP step=1990 loss=0.0001 dt_sec=0.72 cum_wall_sec=166.1
21:00:20 | INFO    | src.training.finetune | STEP step=2000 loss=0.0001 dt_sec=0.73 cum_wall_sec=166.8
21:00:22 | INFO    | src.training.finetune | STAGE=azerbaijani end ts=2026-09-08T21:00:22.833113+00:00 runtime_sec=170.3
21:00:24 | INFO    | src.training.finetune | Best checkpoint restored and verified: step 1600, val macro-F1 = 0.6741
