03:14:11 | INFO    | src.training.finetune |   [AZ mərhələsi] 500 nümunə | 2 sinif | init=baza
03:14:11 | INFO    | src.training.finetune | Task head reset: modules=['classifier'] params=592130 (encoder='roberta' untouched)
03:14:11 | INFO    | src.training.finetune | STAGE=azerbaijani start ts=2026-09-09T03:14:11.698174+00:00 n=500 n_classes=2
03:14:12 | INFO    | src.training.finetune | STEP step=10 loss=0.7056 dt_sec=0.72 cum_wall_sec=0.7
03:14:13 | INFO    | src.training.finetune | STEP step=20 loss=0.7223 dt_sec=0.66 cum_wall_sec=1.4
03:14:14 | INFO    | src.training.finetune | STEP step=30 loss=0.7104 dt_sec=0.67 cum_wall_sec=2.1
03:14:14 | INFO    | src.training.finetune | STEP step=40 loss=0.7024 dt_sec=0.66 cum_wall_sec=2.7
03:14:15 | INFO    | src.training.finetune | STEP step=50 loss=0.6948 dt_sec=0.65 cum_wall_sec=3.4
03:14:16 | INFO    | src.training.finetune | STEP step=60 loss=0.6964 dt_sec=0.67 cum_wall_sec=4.0
03:14:16 | INFO    | src.training.finetune | STEP step=70 loss=0.7019 dt_sec=0.66 cum_wall_sec=4.7
03:14:17 | INFO    | src.training.finetune | STEP step=80 loss=0.6916 dt_sec=0.66 cum_wall_sec=5.4
03:14:18 | INFO    | src.training.finetune | STEP step=90 loss=0.7020 dt_sec=0.67 cum_wall_sec=6.0
03:14:18 | INFO    | src.training.finetune | STEP step=100 loss=0.6860 dt_sec=0.66 cum_wall_sec=6.7
03:14:19 | INFO    | src.training.finetune | STEP step=110 loss=0.6866 dt_sec=0.67 cum_wall_sec=7.4
03:14:20 | INFO    | src.training.finetune | STEP step=120 loss=0.6792 dt_sec=0.66 cum_wall_sec=8.0
03:14:20 | INFO    | src.training.finetune | STEP step=130 loss=0.6569 dt_sec=0.66 cum_wall_sec=8.7
03:14:21 | INFO    | src.training.finetune | STEP step=140 loss=0.6391 dt_sec=0.67 cum_wall_sec=9.3
03:14:22 | INFO    | src.training.finetune | STEP step=150 loss=0.5902 dt_sec=0.66 cum_wall_sec=10.0
03:14:22 | INFO    | src.training.finetune | STEP step=160 loss=0.6259 dt_sec=0.66 cum_wall_sec=10.7
03:14:23 | INFO    | src.training.finetune | STEP step=170 loss=0.5865 dt_sec=0.67 cum_wall_sec=11.3
03:14:24 | INFO    | src.training.finetune | STEP step=180 loss=0.5997 dt_sec=0.67 cum_wall_sec=12.0
03:14:24 | INFO    | src.training.finetune | STEP step=190 loss=0.5582 dt_sec=0.67 cum_wall_sec=12.7
03:14:25 | INFO    | src.training.finetune | STEP step=200 loss=0.5491 dt_sec=0.66 cum_wall_sec=13.3
03:14:27 | INFO    | src.training.finetune | STEP step=210 loss=0.5247 dt_sec=2.49 cum_wall_sec=15.8
03:14:28 | INFO    | src.training.finetune | STEP step=220 loss=0.4491 dt_sec=0.66 cum_wall_sec=16.5
03:14:29 | INFO    | src.training.finetune | STEP step=230 loss=0.4216 dt_sec=0.67 cum_wall_sec=17.2
03:14:29 | INFO    | src.training.finetune | STEP step=240 loss=0.4510 dt_sec=0.65 cum_wall_sec=17.8
03:14:30 | INFO    | src.training.finetune | STEP step=250 loss=0.4324 dt_sec=0.67 cum_wall_sec=18.5
03:14:31 | INFO    | src.training.finetune | STEP step=260 loss=0.4299 dt_sec=0.65 cum_wall_sec=19.1
03:14:31 | INFO    | src.training.finetune | STEP step=270 loss=0.4187 dt_sec=0.67 cum_wall_sec=19.8
03:14:32 | INFO    | src.training.finetune | STEP step=280 loss=0.3746 dt_sec=0.65 cum_wall_sec=20.5
03:14:33 | INFO    | src.training.finetune | STEP step=290 loss=0.4813 dt_sec=0.66 cum_wall_sec=21.1
03:14:33 | INFO    | src.training.finetune | STEP step=300 loss=0.3742 dt_sec=0.67 cum_wall_sec=21.8
03:14:34 | INFO    | src.training.finetune | STEP step=310 loss=0.3080 dt_sec=0.66 cum_wall_sec=22.4
03:14:35 | INFO    | src.training.finetune | STEP step=320 loss=0.2370 dt_sec=0.66 cum_wall_sec=23.1
03:14:35 | INFO    | src.training.finetune | STEP step=330 loss=0.2309 dt_sec=0.66 cum_wall_sec=23.8
03:14:36 | INFO    | src.training.finetune | STEP step=340 loss=0.1766 dt_sec=0.67 cum_wall_sec=24.4
03:14:37 | INFO    | src.training.finetune | STEP step=350 loss=0.2325 dt_sec=0.65 cum_wall_sec=25.1
03:14:37 | INFO    | src.training.finetune | STEP step=360 loss=0.1350 dt_sec=0.66 cum_wall_sec=25.7
03:14:38 | INFO    | src.training.finetune | STEP step=370 loss=0.1506 dt_sec=0.66 cum_wall_sec=26.4
03:14:39 | INFO    | src.training.finetune | STEP step=380 loss=0.1830 dt_sec=0.66 cum_wall_sec=27.1
03:14:39 | INFO    | src.training.finetune | STEP step=390 loss=0.1318 dt_sec=0.66 cum_wall_sec=27.7
03:14:40 | INFO    | src.training.finetune | STEP step=400 loss=0.1588 dt_sec=0.66 cum_wall_sec=28.4
03:14:43 | INFO    | src.training.finetune | STEP step=410 loss=0.1291 dt_sec=2.59 cum_wall_sec=31.0
03:14:43 | INFO    | src.training.finetune | STEP step=420 loss=0.2016 dt_sec=0.66 cum_wall_sec=31.6
03:14:44 | INFO    | src.training.finetune | STEP step=430 loss=0.1842 dt_sec=0.67 cum_wall_sec=32.3
03:14:45 | INFO    | src.training.finetune | STEP step=440 loss=0.1595 dt_sec=0.66 cum_wall_sec=33.0
03:14:45 | INFO    | src.training.finetune | STEP step=450 loss=0.1410 dt_sec=0.66 cum_wall_sec=33.6
03:14:46 | INFO    | src.training.finetune | STEP step=460 loss=0.0958 dt_sec=0.67 cum_wall_sec=34.3
03:14:47 | INFO    | src.training.finetune | STEP step=470 loss=0.0848 dt_sec=0.66 cum_wall_sec=34.9
03:14:47 | INFO    | src.training.finetune | STEP step=480 loss=0.1171 dt_sec=0.65 cum_wall_sec=35.6
03:14:48 | INFO    | src.training.finetune | STEP step=490 loss=0.1984 dt_sec=0.67 cum_wall_sec=36.3
03:14:49 | INFO    | src.training.finetune | STEP step=500 loss=0.1975 dt_sec=0.65 cum_wall_sec=36.9
03:14:49 | INFO    | src.training.finetune | STEP step=510 loss=0.1120 dt_sec=0.66 cum_wall_sec=37.6
03:14:50 | INFO    | src.training.finetune | STEP step=520 loss=0.0708 dt_sec=0.67 cum_wall_sec=38.2
03:14:51 | INFO    | src.training.finetune | STEP step=530 loss=0.0712 dt_sec=0.65 cum_wall_sec=38.9
03:14:51 | INFO    | src.training.finetune | STEP step=540 loss=0.0464 dt_sec=0.66 cum_wall_sec=39.6
03:14:52 | INFO    | src.training.finetune | STEP step=550 loss=0.1709 dt_sec=0.66 cum_wall_sec=40.2
03:14:52 | INFO    | src.training.finetune | STEP step=560 loss=0.1200 dt_sec=0.65 cum_wall_sec=40.9
03:14:53 | INFO    | src.training.finetune | STEP step=570 loss=0.0362 dt_sec=0.66 cum_wall_sec=41.5
03:14:54 | INFO    | src.training.finetune | STEP step=580 loss=0.0140 dt_sec=0.66 cum_wall_sec=42.2
03:14:54 | INFO    | src.training.finetune | STEP step=590 loss=0.1310 dt_sec=0.66 cum_wall_sec=42.9
03:14:55 | INFO    | src.training.finetune | STEP step=600 loss=0.0344 dt_sec=0.66 cum_wall_sec=43.5
03:14:58 | INFO    | src.training.finetune | STEP step=610 loss=0.0149 dt_sec=2.57 cum_wall_sec=46.1
03:14:58 | INFO    | src.training.finetune | STEP step=620 loss=0.0317 dt_sec=0.67 cum_wall_sec=46.8
03:14:59 | INFO    | src.training.finetune | STEP step=630 loss=0.0220 dt_sec=0.66 cum_wall_sec=47.4
03:15:00 | INFO    | src.training.finetune | STEP step=640 loss=0.0016 dt_sec=0.66 cum_wall_sec=48.1
03:15:00 | INFO    | src.training.finetune | STEP step=650 loss=0.0273 dt_sec=0.66 cum_wall_sec=48.7
03:15:01 | INFO    | src.training.finetune | STEP step=660 loss=0.0283 dt_sec=0.67 cum_wall_sec=49.4
03:15:02 | INFO    | src.training.finetune | STEP step=670 loss=0.0490 dt_sec=0.67 cum_wall_sec=50.1
03:15:02 | INFO    | src.training.finetune | STEP step=680 loss=0.0084 dt_sec=0.67 cum_wall_sec=50.7
03:15:03 | INFO    | src.training.finetune | STEP step=690 loss=0.0556 dt_sec=0.66 cum_wall_sec=51.4
03:15:04 | INFO    | src.training.finetune | STEP step=700 loss=0.0341 dt_sec=0.66 cum_wall_sec=52.1
03:15:04 | INFO    | src.training.finetune | STEP step=710 loss=0.0761 dt_sec=0.66 cum_wall_sec=52.7
03:15:05 | INFO    | src.training.finetune | STEP step=720 loss=0.0249 dt_sec=0.66 cum_wall_sec=53.4
03:15:06 | INFO    | src.training.finetune | STEP step=730 loss=0.0049 dt_sec=0.67 cum_wall_sec=54.1
03:15:06 | INFO    | src.training.finetune | STEP step=740 loss=0.0147 dt_sec=0.68 cum_wall_sec=54.7
03:15:07 | INFO    | src.training.finetune | STEP step=750 loss=0.0191 dt_sec=0.68 cum_wall_sec=55.4
03:15:08 | INFO    | src.training.finetune | STEP step=760 loss=0.0008 dt_sec=0.68 cum_wall_sec=56.1
03:15:08 | INFO    | src.training.finetune | STEP step=770 loss=0.0471 dt_sec=0.68 cum_wall_sec=56.8
03:15:09 | INFO    | src.training.finetune | STEP step=780 loss=0.0058 dt_sec=0.68 cum_wall_sec=57.4
03:15:10 | INFO    | src.training.finetune | STEP step=790 loss=0.0373 dt_sec=0.67 cum_wall_sec=58.1
03:15:10 | INFO    | src.training.finetune | STEP step=800 loss=0.0931 dt_sec=0.68 cum_wall_sec=58.8
03:15:13 | INFO    | src.training.finetune | STEP step=810 loss=0.0009 dt_sec=2.69 cum_wall_sec=61.5
03:15:14 | INFO    | src.training.finetune | STEP step=820 loss=0.0523 dt_sec=0.67 cum_wall_sec=62.2
03:15:14 | INFO    | src.training.finetune | STEP step=830 loss=0.0332 dt_sec=0.68 cum_wall_sec=62.8
03:15:15 | INFO    | src.training.finetune | STEP step=840 loss=0.0011 dt_sec=0.68 cum_wall_sec=63.5
03:15:16 | INFO    | src.training.finetune | STEP step=850 loss=0.0426 dt_sec=0.67 cum_wall_sec=64.2
03:15:16 | INFO    | src.training.finetune | STEP step=860 loss=0.0451 dt_sec=0.68 cum_wall_sec=64.9
03:15:17 | INFO    | src.training.finetune | STEP step=870 loss=0.0450 dt_sec=0.68 cum_wall_sec=65.6
03:15:18 | INFO    | src.training.finetune | STEP step=880 loss=0.0466 dt_sec=0.67 cum_wall_sec=66.2
03:15:19 | INFO    | src.training.finetune | STEP step=890 loss=0.0078 dt_sec=0.69 cum_wall_sec=66.9
03:15:19 | INFO    | src.training.finetune | STEP step=900 loss=0.0071 dt_sec=0.67 cum_wall_sec=67.6
03:15:20 | INFO    | src.training.finetune | STEP step=910 loss=0.0078 dt_sec=0.69 cum_wall_sec=68.3
03:15:21 | INFO    | src.training.finetune | STEP step=920 loss=0.0080 dt_sec=0.67 cum_wall_sec=68.9
03:15:21 | INFO    | src.training.finetune | STEP step=930 loss=0.0009 dt_sec=0.68 cum_wall_sec=69.6
03:15:22 | INFO    | src.training.finetune | STEP step=940 loss=0.0211 dt_sec=0.68 cum_wall_sec=70.3
03:15:23 | INFO    | src.training.finetune | STEP step=950 loss=0.0003 dt_sec=0.68 cum_wall_sec=71.0
03:15:23 | INFO    | src.training.finetune | STEP step=960 loss=0.0003 dt_sec=0.67 cum_wall_sec=71.7
03:15:24 | INFO    | src.training.finetune | STEP step=970 loss=0.0125 dt_sec=0.69 cum_wall_sec=72.3
03:15:25 | INFO    | src.training.finetune | STEP step=980 loss=0.0003 dt_sec=0.68 cum_wall_sec=73.0
03:15:25 | INFO    | src.training.finetune | STEP step=990 loss=0.0215 dt_sec=0.69 cum_wall_sec=73.7
03:15:26 | INFO    | src.training.finetune | STEP step=1000 loss=0.0429 dt_sec=0.68 cum_wall_sec=74.4
03:15:29 | INFO    | src.training.finetune | STEP step=1010 loss=0.0080 dt_sec=2.73 cum_wall_sec=77.1
03:15:29 | INFO    | src.training.finetune | STEP step=1020 loss=0.0002 dt_sec=0.68 cum_wall_sec=77.8
03:15:30 | INFO    | src.training.finetune | STEP step=1030 loss=0.0002 dt_sec=0.67 cum_wall_sec=78.5
03:15:31 | INFO    | src.training.finetune | STEP step=1040 loss=0.0011 dt_sec=0.68 cum_wall_sec=79.1
03:15:31 | INFO    | src.training.finetune | STEP step=1050 loss=0.0002 dt_sec=0.69 cum_wall_sec=79.8
03:15:32 | INFO    | src.training.finetune | STEP step=1060 loss=0.0005 dt_sec=0.67 cum_wall_sec=80.5
03:15:33 | INFO    | src.training.finetune | STEP step=1070 loss=0.0071 dt_sec=0.66 cum_wall_sec=81.2
03:15:33 | INFO    | src.training.finetune | STEP step=1080 loss=0.0104 dt_sec=0.67 cum_wall_sec=81.8
03:15:34 | INFO    | src.training.finetune | STEP step=1090 loss=0.0202 dt_sec=0.66 cum_wall_sec=82.5
03:15:35 | INFO    | src.training.finetune | STEP step=1100 loss=0.0002 dt_sec=0.66 cum_wall_sec=83.1
03:15:35 | INFO    | src.training.finetune | STEP step=1110 loss=0.0257 dt_sec=0.66 cum_wall_sec=83.8
03:15:36 | INFO    | src.training.finetune | STEP step=1120 loss=0.0002 dt_sec=0.66 cum_wall_sec=84.5
03:15:37 | INFO    | src.training.finetune | STEP step=1130 loss=0.0058 dt_sec=0.67 cum_wall_sec=85.1
03:15:37 | INFO    | src.training.finetune | STEP step=1140 loss=0.0258 dt_sec=0.67 cum_wall_sec=85.8
03:15:38 | INFO    | src.training.finetune | STEP step=1150 loss=0.0002 dt_sec=0.65 cum_wall_sec=86.5
03:15:39 | INFO    | src.training.finetune | STEP step=1160 loss=0.0002 dt_sec=0.65 cum_wall_sec=87.1
03:15:39 | INFO    | src.training.finetune | STEP step=1170 loss=0.0017 dt_sec=0.68 cum_wall_sec=87.8
03:15:40 | INFO    | src.training.finetune | STEP step=1180 loss=0.0840 dt_sec=0.67 cum_wall_sec=88.4
03:15:41 | INFO    | src.training.finetune | STEP step=1190 loss=0.0021 dt_sec=0.66 cum_wall_sec=89.1
03:15:41 | INFO    | src.training.finetune | STEP step=1200 loss=0.0002 dt_sec=0.67 cum_wall_sec=89.8
03:15:44 | INFO    | src.training.finetune | STEP step=1210 loss=0.0273 dt_sec=2.49 cum_wall_sec=92.3
03:15:45 | INFO    | src.training.finetune | STEP step=1220 loss=0.0003 dt_sec=0.66 cum_wall_sec=92.9
03:15:45 | INFO    | src.training.finetune | STEP step=1230 loss=0.0236 dt_sec=0.66 cum_wall_sec=93.6
03:15:46 | INFO    | src.training.finetune | STEP step=1240 loss=0.0002 dt_sec=0.67 cum_wall_sec=94.3
03:15:47 | INFO    | src.training.finetune | STEP step=1250 loss=0.0002 dt_sec=0.66 cum_wall_sec=94.9
03:15:47 | INFO    | src.training.finetune | STEP step=1260 loss=0.0124 dt_sec=0.66 cum_wall_sec=95.6
03:15:48 | INFO    | src.training.finetune | STEP step=1270 loss=0.0002 dt_sec=0.66 cum_wall_sec=96.2
03:15:49 | INFO    | src.training.finetune | STEP step=1280 loss=0.0002 dt_sec=0.66 cum_wall_sec=96.9
03:15:49 | INFO    | src.training.finetune | STEP step=1290 loss=0.0002 dt_sec=0.66 cum_wall_sec=97.6
03:15:50 | INFO    | src.training.finetune | STEP step=1300 loss=0.0092 dt_sec=0.66 cum_wall_sec=98.2
03:15:50 | INFO    | src.training.finetune | STEP step=1310 loss=0.0002 dt_sec=0.66 cum_wall_sec=98.9
03:15:51 | INFO    | src.training.finetune | STEP step=1320 loss=0.0627 dt_sec=0.67 cum_wall_sec=99.6
03:15:52 | INFO    | src.training.finetune | STEP step=1330 loss=0.0180 dt_sec=0.65 cum_wall_sec=100.2
03:15:52 | INFO    | src.training.finetune | STEP step=1340 loss=0.0002 dt_sec=0.67 cum_wall_sec=100.9
03:15:53 | INFO    | src.training.finetune | STEP step=1350 loss=0.0001 dt_sec=0.66 cum_wall_sec=101.5
03:15:54 | INFO    | src.training.finetune | STEP step=1360 loss=0.0001 dt_sec=0.66 cum_wall_sec=102.2
03:15:54 | INFO    | src.training.finetune | STEP step=1370 loss=0.0239 dt_sec=0.67 cum_wall_sec=102.9
03:15:55 | INFO    | src.training.finetune | STEP step=1380 loss=0.0087 dt_sec=0.66 cum_wall_sec=103.5
03:15:56 | INFO    | src.training.finetune | STEP step=1390 loss=0.0200 dt_sec=0.66 cum_wall_sec=104.2
03:15:56 | INFO    | src.training.finetune | STEP step=1400 loss=0.0236 dt_sec=0.66 cum_wall_sec=104.8
03:15:59 | INFO    | src.training.finetune | STEP step=1410 loss=0.0175 dt_sec=2.67 cum_wall_sec=107.5
03:16:00 | INFO    | src.training.finetune | STEP step=1420 loss=0.0246 dt_sec=0.67 cum_wall_sec=108.2
03:16:00 | INFO    | src.training.finetune | STEP step=1430 loss=0.0002 dt_sec=0.65 cum_wall_sec=108.8
03:16:01 | INFO    | src.training.finetune | STEP step=1440 loss=0.0002 dt_sec=0.67 cum_wall_sec=109.5
03:16:02 | INFO    | src.training.finetune | STEP step=1450 loss=0.0334 dt_sec=0.68 cum_wall_sec=110.2
03:16:02 | INFO    | src.training.finetune | STEP step=1460 loss=0.0409 dt_sec=0.66 cum_wall_sec=110.8
03:16:03 | INFO    | src.training.finetune | STEP step=1470 loss=0.0001 dt_sec=0.67 cum_wall_sec=111.5
03:16:04 | INFO    | src.training.finetune | STEP step=1480 loss=0.0253 dt_sec=0.67 cum_wall_sec=112.2
03:16:04 | INFO    | src.training.finetune | STEP step=1490 loss=0.0001 dt_sec=0.65 cum_wall_sec=112.8
03:16:05 | INFO    | src.training.finetune | STEP step=1500 loss=0.0181 dt_sec=0.67 cum_wall_sec=113.5
03:16:06 | INFO    | src.training.finetune | STEP step=1510 loss=0.0330 dt_sec=0.66 cum_wall_sec=114.1
03:16:06 | INFO    | src.training.finetune | STEP step=1520 loss=0.0002 dt_sec=0.66 cum_wall_sec=114.8
03:16:07 | INFO    | src.training.finetune | STEP step=1530 loss=0.0010 dt_sec=0.67 cum_wall_sec=115.5
03:16:08 | INFO    | src.training.finetune | STEP step=1540 loss=0.0001 dt_sec=0.66 cum_wall_sec=116.1
03:16:08 | INFO    | src.training.finetune | STEP step=1550 loss=0.0004 dt_sec=0.67 cum_wall_sec=116.8
03:16:09 | INFO    | src.training.finetune | STEP step=1560 loss=0.0030 dt_sec=0.66 cum_wall_sec=117.5
03:16:10 | INFO    | src.training.finetune | STEP step=1570 loss=0.0340 dt_sec=0.66 cum_wall_sec=118.1
03:16:10 | INFO    | src.training.finetune | STEP step=1580 loss=0.0221 dt_sec=0.66 cum_wall_sec=118.8
03:16:11 | INFO    | src.training.finetune | STEP step=1590 loss=0.0047 dt_sec=0.63 cum_wall_sec=119.4
03:16:12 | INFO    | src.training.finetune | STEP step=1600 loss=0.0292 dt_sec=0.63 cum_wall_sec=120.1
03:16:14 | INFO    | src.training.finetune | STEP step=1610 loss=0.0106 dt_sec=2.56 cum_wall_sec=122.6
03:16:15 | INFO    | src.training.finetune | STEP step=1620 loss=0.0003 dt_sec=0.64 cum_wall_sec=123.3
03:16:16 | INFO    | src.training.finetune | STEP step=1630 loss=0.0001 dt_sec=0.64 cum_wall_sec=123.9
03:16:16 | INFO    | src.training.finetune | STEP step=1640 loss=0.0007 dt_sec=0.64 cum_wall_sec=124.5
03:16:17 | INFO    | src.training.finetune | STEP step=1650 loss=0.0002 dt_sec=0.64 cum_wall_sec=125.2
03:16:17 | INFO    | src.training.finetune | STEP step=1660 loss=0.0001 dt_sec=0.63 cum_wall_sec=125.8
03:16:18 | INFO    | src.training.finetune | STEP step=1670 loss=0.0001 dt_sec=0.65 cum_wall_sec=126.5
03:16:19 | INFO    | src.training.finetune | STEP step=1680 loss=0.0001 dt_sec=0.63 cum_wall_sec=127.1
03:16:19 | INFO    | src.training.finetune | STEP step=1690 loss=0.0001 dt_sec=0.63 cum_wall_sec=127.7
03:16:20 | INFO    | src.training.finetune | STEP step=1700 loss=0.0001 dt_sec=0.65 cum_wall_sec=128.4
03:16:21 | INFO    | src.training.finetune | STEP step=1710 loss=0.0001 dt_sec=0.64 cum_wall_sec=129.0
03:16:21 | INFO    | src.training.finetune | STEP step=1720 loss=0.0001 dt_sec=0.63 cum_wall_sec=129.6
03:16:22 | INFO    | src.training.finetune | STEP step=1730 loss=0.0015 dt_sec=0.64 cum_wall_sec=130.3
03:16:23 | INFO    | src.training.finetune | STEP step=1740 loss=0.0001 dt_sec=0.64 cum_wall_sec=130.9
03:16:23 | INFO    | src.training.finetune | STEP step=1750 loss=0.0001 dt_sec=0.64 cum_wall_sec=131.6
03:16:24 | INFO    | src.training.finetune | STEP step=1760 loss=0.0001 dt_sec=0.64 cum_wall_sec=132.2
03:16:24 | INFO    | src.training.finetune | STEP step=1770 loss=0.0001 dt_sec=0.64 cum_wall_sec=132.8
03:16:25 | INFO    | src.training.finetune | STEP step=1780 loss=0.0799 dt_sec=0.64 cum_wall_sec=133.5
03:16:26 | INFO    | src.training.finetune | STEP step=1790 loss=0.0270 dt_sec=0.65 cum_wall_sec=134.1
03:16:26 | INFO    | src.training.finetune | STEP step=1800 loss=0.0001 dt_sec=0.66 cum_wall_sec=134.8
03:16:29 | INFO    | src.training.finetune | STEP step=1810 loss=0.0001 dt_sec=2.60 cum_wall_sec=137.4
03:16:30 | INFO    | src.training.finetune | STEP step=1820 loss=0.0001 dt_sec=0.67 cum_wall_sec=138.1
03:16:30 | INFO    | src.training.finetune | STEP step=1830 loss=0.0001 dt_sec=0.66 cum_wall_sec=138.7
03:16:31 | INFO    | src.training.finetune | STEP step=1840 loss=0.0001 dt_sec=0.66 cum_wall_sec=139.4
03:16:32 | INFO    | src.training.finetune | STEP step=1850 loss=0.0001 dt_sec=0.67 cum_wall_sec=140.1
03:16:32 | INFO    | src.training.finetune | STEP step=1860 loss=0.0001 dt_sec=0.67 cum_wall_sec=140.7
03:16:33 | INFO    | src.training.finetune | STEP step=1870 loss=0.0001 dt_sec=0.67 cum_wall_sec=141.4
03:16:34 | INFO    | src.training.finetune | STEP step=1880 loss=0.0001 dt_sec=0.67 cum_wall_sec=142.1
03:16:34 | INFO    | src.training.finetune | STEP step=1890 loss=0.0001 dt_sec=0.67 cum_wall_sec=142.7
03:16:35 | INFO    | src.training.finetune | STEP step=1900 loss=0.0001 dt_sec=0.66 cum_wall_sec=143.4
03:16:36 | INFO    | src.training.finetune | STEP step=1910 loss=0.0137 dt_sec=0.66 cum_wall_sec=144.0
03:16:36 | INFO    | src.training.finetune | STEP step=1920 loss=0.0001 dt_sec=0.66 cum_wall_sec=144.7
03:16:37 | INFO    | src.training.finetune | STEP step=1930 loss=0.0001 dt_sec=0.66 cum_wall_sec=145.4
03:16:38 | INFO    | src.training.finetune | STEP step=1940 loss=0.0001 dt_sec=0.66 cum_wall_sec=146.0
03:16:38 | INFO    | src.training.finetune | STEP step=1950 loss=0.0001 dt_sec=0.66 cum_wall_sec=146.7
03:16:39 | INFO    | src.training.finetune | STEP step=1960 loss=0.0001 dt_sec=0.66 cum_wall_sec=147.4
03:16:40 | INFO    | src.training.finetune | STEP step=1970 loss=0.0001 dt_sec=0.66 cum_wall_sec=148.0
03:16:40 | INFO    | src.training.finetune | STEP step=1980 loss=0.0001 dt_sec=0.67 cum_wall_sec=148.7
03:16:41 | INFO    | src.training.finetune | STEP step=1990 loss=0.0001 dt_sec=0.65 cum_wall_sec=149.3
03:16:42 | INFO    | src.training.finetune | STEP step=2000 loss=0.0001 dt_sec=0.66 cum_wall_sec=150.0
03:16:44 | INFO    | src.training.finetune | STAGE=azerbaijani end ts=2026-09-09T03:16:44.132108+00:00 runtime_sec=152.4
03:16:45 | INFO    | src.training.finetune | Best checkpoint restored and verified: step 1800, val macro-F1 = 0.7161
