00:16:03 | INFO    | src.training.finetune | STAGE=turkish_intermediate cache_hit=true ts=2026-09-09T00:16:03.200015+00:00 path=artifacts/tr_stage_cache/base=xlm15__tok=original__tr=real__seed=1337__9353236741a76510
00:16:03 | INFO    | src.training.finetune |   [AZ mərhələsi] 500 nümunə | 2 sinif | init=TR checkpoint
00:16:03 | INFO    | src.training.finetune | Task head reset: modules=['sequence_summary'] params=2050 (encoder='transformer' untouched)
00:16:03 | INFO    | src.training.finetune | STAGE=azerbaijani start ts=2026-09-09T00:16:03.308161+00:00 n=500 n_classes=2
00:16:06 | INFO    | src.training.finetune | STEP step=10 loss=1.0054 dt_sec=0.89 cum_wall_sec=0.9
00:16:07 | INFO    | src.training.finetune | STEP step=20 loss=0.9915 dt_sec=0.83 cum_wall_sec=1.7
00:16:07 | INFO    | src.training.finetune | STEP step=30 loss=0.9415 dt_sec=0.84 cum_wall_sec=2.6
00:16:08 | INFO    | src.training.finetune | STEP step=40 loss=0.9704 dt_sec=0.84 cum_wall_sec=3.4
00:16:09 | INFO    | src.training.finetune | STEP step=50 loss=0.9246 dt_sec=0.82 cum_wall_sec=4.2
00:16:10 | INFO    | src.training.finetune | STEP step=60 loss=0.9709 dt_sec=0.83 cum_wall_sec=5.0
00:16:11 | INFO    | src.training.finetune | STEP step=70 loss=0.8502 dt_sec=0.83 cum_wall_sec=5.9
00:16:12 | INFO    | src.training.finetune | STEP step=80 loss=0.8609 dt_sec=0.82 cum_wall_sec=6.7
00:16:12 | INFO    | src.training.finetune | STEP step=90 loss=0.8932 dt_sec=0.83 cum_wall_sec=7.5
00:16:13 | INFO    | src.training.finetune | STEP step=100 loss=0.9286 dt_sec=0.83 cum_wall_sec=8.4
00:16:14 | INFO    | src.training.finetune | STEP step=110 loss=0.8484 dt_sec=0.83 cum_wall_sec=9.2
00:16:15 | INFO    | src.training.finetune | STEP step=120 loss=0.8359 dt_sec=0.84 cum_wall_sec=10.0
00:16:16 | INFO    | src.training.finetune | STEP step=130 loss=0.8405 dt_sec=0.82 cum_wall_sec=10.8
00:16:17 | INFO    | src.training.finetune | STEP step=140 loss=0.7822 dt_sec=0.82 cum_wall_sec=11.7
00:16:17 | INFO    | src.training.finetune | STEP step=150 loss=0.9660 dt_sec=0.83 cum_wall_sec=12.5
00:16:18 | INFO    | src.training.finetune | STEP step=160 loss=0.9304 dt_sec=0.83 cum_wall_sec=13.3
00:16:19 | INFO    | src.training.finetune | STEP step=170 loss=0.7956 dt_sec=0.83 cum_wall_sec=14.2
00:16:20 | INFO    | src.training.finetune | STEP step=180 loss=1.0047 dt_sec=0.83 cum_wall_sec=15.0
00:16:21 | INFO    | src.training.finetune | STEP step=190 loss=1.2345 dt_sec=0.83 cum_wall_sec=15.8
00:16:22 | INFO    | src.training.finetune | STEP step=200 loss=0.6357 dt_sec=0.82 cum_wall_sec=16.6
00:16:25 | INFO    | src.training.finetune | STEP step=210 loss=0.9125 dt_sec=3.63 cum_wall_sec=20.3
00:16:26 | INFO    | src.training.finetune | STEP step=220 loss=0.4079 dt_sec=0.83 cum_wall_sec=21.1
00:16:27 | INFO    | src.training.finetune | STEP step=230 loss=0.5572 dt_sec=0.84 cum_wall_sec=21.9
00:16:28 | INFO    | src.training.finetune | STEP step=240 loss=0.5685 dt_sec=0.83 cum_wall_sec=22.8
00:16:28 | INFO    | src.training.finetune | STEP step=250 loss=0.3019 dt_sec=0.83 cum_wall_sec=23.6
00:16:29 | INFO    | src.training.finetune | STEP step=260 loss=0.3569 dt_sec=0.83 cum_wall_sec=24.4
00:16:30 | INFO    | src.training.finetune | STEP step=270 loss=0.6042 dt_sec=0.83 cum_wall_sec=25.3
00:16:31 | INFO    | src.training.finetune | STEP step=280 loss=0.1309 dt_sec=0.82 cum_wall_sec=26.1
00:16:32 | INFO    | src.training.finetune | STEP step=290 loss=0.3599 dt_sec=0.82 cum_wall_sec=26.9
00:16:33 | INFO    | src.training.finetune | STEP step=300 loss=0.2742 dt_sec=0.83 cum_wall_sec=27.7
00:16:33 | INFO    | src.training.finetune | STEP step=310 loss=0.1907 dt_sec=0.84 cum_wall_sec=28.6
00:16:34 | INFO    | src.training.finetune | STEP step=320 loss=0.1334 dt_sec=0.83 cum_wall_sec=29.4
00:16:35 | INFO    | src.training.finetune | STEP step=330 loss=0.2852 dt_sec=0.84 cum_wall_sec=30.2
00:16:36 | INFO    | src.training.finetune | STEP step=340 loss=0.2053 dt_sec=0.83 cum_wall_sec=31.1
00:16:37 | INFO    | src.training.finetune | STEP step=350 loss=0.1097 dt_sec=0.83 cum_wall_sec=31.9
00:16:38 | INFO    | src.training.finetune | STEP step=360 loss=0.1545 dt_sec=0.81 cum_wall_sec=32.7
00:16:38 | INFO    | src.training.finetune | STEP step=370 loss=0.0628 dt_sec=0.83 cum_wall_sec=33.5
00:16:39 | INFO    | src.training.finetune | STEP step=380 loss=0.0785 dt_sec=0.85 cum_wall_sec=34.4
00:16:40 | INFO    | src.training.finetune | STEP step=390 loss=0.0678 dt_sec=0.82 cum_wall_sec=35.2
00:16:41 | INFO    | src.training.finetune | STEP step=400 loss=0.0882 dt_sec=0.83 cum_wall_sec=36.0
00:16:45 | INFO    | src.training.finetune | STEP step=410 loss=0.0930 dt_sec=3.80 cum_wall_sec=39.8
00:16:46 | INFO    | src.training.finetune | STEP step=420 loss=0.1010 dt_sec=0.83 cum_wall_sec=40.7
00:16:46 | INFO    | src.training.finetune | STEP step=430 loss=0.0627 dt_sec=0.83 cum_wall_sec=41.5
00:16:47 | INFO    | src.training.finetune | STEP step=440 loss=0.2304 dt_sec=0.82 cum_wall_sec=42.3
00:16:48 | INFO    | src.training.finetune | STEP step=450 loss=0.0467 dt_sec=0.83 cum_wall_sec=43.1
00:16:49 | INFO    | src.training.finetune | STEP step=460 loss=0.0003 dt_sec=0.83 cum_wall_sec=44.0
00:16:50 | INFO    | src.training.finetune | STEP step=470 loss=0.0204 dt_sec=0.84 cum_wall_sec=44.8
00:16:51 | INFO    | src.training.finetune | STEP step=480 loss=0.0000 dt_sec=0.83 cum_wall_sec=45.6
00:16:51 | INFO    | src.training.finetune | STEP step=490 loss=0.0013 dt_sec=0.84 cum_wall_sec=46.5
00:16:52 | INFO    | src.training.finetune | STEP step=500 loss=0.0286 dt_sec=0.82 cum_wall_sec=47.3
00:16:53 | INFO    | src.training.finetune | STEP step=510 loss=0.0000 dt_sec=0.82 cum_wall_sec=48.1
00:16:54 | INFO    | src.training.finetune | STEP step=520 loss=0.1210 dt_sec=0.82 cum_wall_sec=48.9
00:16:55 | INFO    | src.training.finetune | STEP step=530 loss=0.0276 dt_sec=0.84 cum_wall_sec=49.8
00:16:55 | INFO    | src.training.finetune | STEP step=540 loss=0.0331 dt_sec=0.82 cum_wall_sec=50.6
00:16:56 | INFO    | src.training.finetune | STEP step=550 loss=0.0000 dt_sec=0.83 cum_wall_sec=51.4
00:16:57 | INFO    | src.training.finetune | STEP step=560 loss=0.0324 dt_sec=0.82 cum_wall_sec=52.2
00:16:58 | INFO    | src.training.finetune | STEP step=570 loss=0.0215 dt_sec=0.83 cum_wall_sec=53.1
00:16:59 | INFO    | src.training.finetune | STEP step=580 loss=0.0773 dt_sec=0.82 cum_wall_sec=53.9
00:17:00 | INFO    | src.training.finetune | STEP step=590 loss=0.0469 dt_sec=0.83 cum_wall_sec=54.7
00:17:00 | INFO    | src.training.finetune | STEP step=600 loss=0.0843 dt_sec=0.83 cum_wall_sec=55.6
00:17:04 | INFO    | src.training.finetune | STEP step=610 loss=0.1002 dt_sec=3.61 cum_wall_sec=59.2
00:17:05 | INFO    | src.training.finetune | STEP step=620 loss=0.0072 dt_sec=0.82 cum_wall_sec=60.0
00:17:06 | INFO    | src.training.finetune | STEP step=630 loss=0.0055 dt_sec=0.83 cum_wall_sec=60.8
00:17:07 | INFO    | src.training.finetune | STEP step=640 loss=0.0069 dt_sec=0.83 cum_wall_sec=61.6
00:17:07 | INFO    | src.training.finetune | STEP step=650 loss=0.0429 dt_sec=0.80 cum_wall_sec=62.5
00:17:08 | INFO    | src.training.finetune | STEP step=660 loss=0.1215 dt_sec=0.79 cum_wall_sec=63.2
00:17:09 | INFO    | src.training.finetune | STEP step=670 loss=0.0551 dt_sec=0.80 cum_wall_sec=64.0
00:17:10 | INFO    | src.training.finetune | STEP step=680 loss=0.0006 dt_sec=0.78 cum_wall_sec=64.8
00:17:10 | INFO    | src.training.finetune | STEP step=690 loss=0.0247 dt_sec=0.79 cum_wall_sec=65.6
00:17:11 | INFO    | src.training.finetune | STEP step=700 loss=0.0002 dt_sec=0.80 cum_wall_sec=66.4
00:17:12 | INFO    | src.training.finetune | STEP step=710 loss=0.0002 dt_sec=0.79 cum_wall_sec=67.2
00:17:13 | INFO    | src.training.finetune | STEP step=720 loss=0.0097 dt_sec=0.79 cum_wall_sec=68.0
00:17:14 | INFO    | src.training.finetune | STEP step=730 loss=0.0102 dt_sec=0.80 cum_wall_sec=68.8
00:17:14 | INFO    | src.training.finetune | STEP step=740 loss=0.0564 dt_sec=0.79 cum_wall_sec=69.6
00:17:15 | INFO    | src.training.finetune | STEP step=750 loss=0.0439 dt_sec=0.79 cum_wall_sec=70.4
00:17:16 | INFO    | src.training.finetune | STEP step=760 loss=0.0481 dt_sec=0.80 cum_wall_sec=71.2
00:17:17 | INFO    | src.training.finetune | STEP step=770 loss=0.0171 dt_sec=0.79 cum_wall_sec=72.0
00:17:18 | INFO    | src.training.finetune | STEP step=780 loss=0.1950 dt_sec=0.80 cum_wall_sec=72.8
00:17:18 | INFO    | src.training.finetune | STEP step=790 loss=0.0657 dt_sec=0.80 cum_wall_sec=73.6
00:17:19 | INFO    | src.training.finetune | STEP step=800 loss=0.0058 dt_sec=1.03 cum_wall_sec=74.6
00:17:23 | INFO    | src.training.finetune | STEP step=810 loss=0.0001 dt_sec=3.79 cum_wall_sec=78.4
00:17:24 | INFO    | src.training.finetune | STEP step=820 loss=0.0000 dt_sec=0.80 cum_wall_sec=79.2
00:17:25 | INFO    | src.training.finetune | STEP step=830 loss=0.0000 dt_sec=0.79 cum_wall_sec=80.0
00:17:26 | INFO    | src.training.finetune | STEP step=840 loss=0.0000 dt_sec=0.78 cum_wall_sec=80.8
00:17:26 | INFO    | src.training.finetune | STEP step=850 loss=0.0000 dt_sec=0.80 cum_wall_sec=81.6
00:17:27 | INFO    | src.training.finetune | STEP step=860 loss=0.0374 dt_sec=0.79 cum_wall_sec=82.4
00:17:28 | INFO    | src.training.finetune | STEP step=870 loss=0.0182 dt_sec=0.78 cum_wall_sec=83.1
00:17:29 | INFO    | src.training.finetune | STEP step=880 loss=0.0000 dt_sec=0.80 cum_wall_sec=83.9
00:17:30 | INFO    | src.training.finetune | STEP step=890 loss=0.0342 dt_sec=0.80 cum_wall_sec=84.7
00:17:30 | INFO    | src.training.finetune | STEP step=900 loss=0.0083 dt_sec=0.79 cum_wall_sec=85.5
00:17:31 | INFO    | src.training.finetune | STEP step=910 loss=0.0119 dt_sec=0.81 cum_wall_sec=86.3
00:17:32 | INFO    | src.training.finetune | STEP step=920 loss=0.0903 dt_sec=0.79 cum_wall_sec=87.1
00:17:33 | INFO    | src.training.finetune | STEP step=930 loss=0.0681 dt_sec=0.79 cum_wall_sec=87.9
00:17:34 | INFO    | src.training.finetune | STEP step=940 loss=0.0004 dt_sec=0.80 cum_wall_sec=88.7
00:17:34 | INFO    | src.training.finetune | STEP step=950 loss=0.0000 dt_sec=0.79 cum_wall_sec=89.5
00:17:35 | INFO    | src.training.finetune | STEP step=960 loss=0.0000 dt_sec=0.79 cum_wall_sec=90.3
00:17:36 | INFO    | src.training.finetune | STEP step=970 loss=0.0000 dt_sec=0.79 cum_wall_sec=91.1
00:17:37 | INFO    | src.training.finetune | STEP step=980 loss=0.0000 dt_sec=0.80 cum_wall_sec=91.9
00:17:38 | INFO    | src.training.finetune | STEP step=990 loss=0.0312 dt_sec=0.80 cum_wall_sec=92.7
00:17:38 | INFO    | src.training.finetune | STEP step=1000 loss=0.0000 dt_sec=0.79 cum_wall_sec=93.5
00:17:42 | INFO    | src.training.finetune | STEP step=1010 loss=0.0035 dt_sec=3.96 cum_wall_sec=97.5
00:17:43 | INFO    | src.training.finetune | STEP step=1020 loss=0.0214 dt_sec=0.79 cum_wall_sec=98.2
00:17:44 | INFO    | src.training.finetune | STEP step=1030 loss=0.0000 dt_sec=0.79 cum_wall_sec=99.0
00:17:45 | INFO    | src.training.finetune | STEP step=1040 loss=0.0000 dt_sec=0.78 cum_wall_sec=99.8
00:17:45 | INFO    | src.training.finetune | STEP step=1050 loss=0.0000 dt_sec=0.81 cum_wall_sec=100.6
00:17:46 | INFO    | src.training.finetune | STEP step=1060 loss=0.0154 dt_sec=0.79 cum_wall_sec=101.4
00:17:47 | INFO    | src.training.finetune | STEP step=1070 loss=0.0000 dt_sec=0.79 cum_wall_sec=102.2
00:17:48 | INFO    | src.training.finetune | STEP step=1080 loss=0.0109 dt_sec=0.79 cum_wall_sec=103.0
00:17:49 | INFO    | src.training.finetune | STEP step=1090 loss=0.0000 dt_sec=0.80 cum_wall_sec=103.8
00:17:49 | INFO    | src.training.finetune | STEP step=1100 loss=0.0000 dt_sec=0.80 cum_wall_sec=104.6
00:17:50 | INFO    | src.training.finetune | STEP step=1110 loss=0.0000 dt_sec=0.80 cum_wall_sec=105.4
00:17:51 | INFO    | src.training.finetune | STEP step=1120 loss=0.0000 dt_sec=0.78 cum_wall_sec=106.2
00:17:52 | INFO    | src.training.finetune | STEP step=1130 loss=0.0000 dt_sec=0.80 cum_wall_sec=107.0
00:17:53 | INFO    | src.training.finetune | STEP step=1140 loss=0.0000 dt_sec=0.77 cum_wall_sec=107.7
00:17:53 | INFO    | src.training.finetune | STEP step=1150 loss=0.0000 dt_sec=0.80 cum_wall_sec=108.5
00:17:54 | INFO    | src.training.finetune | STEP step=1160 loss=0.0000 dt_sec=0.80 cum_wall_sec=109.3
00:17:55 | INFO    | src.training.finetune | STEP step=1170 loss=0.0000 dt_sec=0.79 cum_wall_sec=110.1
00:17:56 | INFO    | src.training.finetune | STEP step=1180 loss=0.0000 dt_sec=0.79 cum_wall_sec=110.9
00:17:57 | INFO    | src.training.finetune | STEP step=1190 loss=0.0000 dt_sec=0.79 cum_wall_sec=111.7
00:17:57 | INFO    | src.training.finetune | STEP step=1200 loss=0.0000 dt_sec=0.78 cum_wall_sec=112.5
00:18:01 | INFO    | src.training.finetune | STEP step=1210 loss=0.0000 dt_sec=3.58 cum_wall_sec=116.1
00:18:02 | INFO    | src.training.finetune | STEP step=1220 loss=0.0000 dt_sec=0.79 cum_wall_sec=116.9
00:18:03 | INFO    | src.training.finetune | STEP step=1230 loss=0.0000 dt_sec=0.79 cum_wall_sec=117.7
00:18:03 | INFO    | src.training.finetune | STEP step=1240 loss=0.0000 dt_sec=0.79 cum_wall_sec=118.4
00:18:04 | INFO    | src.training.finetune | STEP step=1250 loss=0.0000 dt_sec=0.79 cum_wall_sec=119.2
00:18:05 | INFO    | src.training.finetune | STEP step=1260 loss=0.0000 dt_sec=0.79 cum_wall_sec=120.0
00:18:06 | INFO    | src.training.finetune | STEP step=1270 loss=0.0000 dt_sec=0.79 cum_wall_sec=120.8
00:18:06 | INFO    | src.training.finetune | STEP step=1280 loss=0.0000 dt_sec=0.79 cum_wall_sec=121.6
00:18:07 | INFO    | src.training.finetune | STEP step=1290 loss=0.0309 dt_sec=0.81 cum_wall_sec=122.4
00:18:08 | INFO    | src.training.finetune | STEP step=1300 loss=0.0000 dt_sec=0.79 cum_wall_sec=123.2
00:18:09 | INFO    | src.training.finetune | STEP step=1310 loss=0.0001 dt_sec=0.79 cum_wall_sec=124.0
00:18:10 | INFO    | src.training.finetune | STEP step=1320 loss=0.0000 dt_sec=0.79 cum_wall_sec=124.8
00:18:10 | INFO    | src.training.finetune | STEP step=1330 loss=0.0053 dt_sec=0.79 cum_wall_sec=125.6
00:18:11 | INFO    | src.training.finetune | STEP step=1340 loss=0.0000 dt_sec=0.79 cum_wall_sec=126.4
00:18:12 | INFO    | src.training.finetune | STEP step=1350 loss=0.0001 dt_sec=0.80 cum_wall_sec=127.2
00:18:13 | INFO    | src.training.finetune | STEP step=1360 loss=0.0000 dt_sec=0.79 cum_wall_sec=128.0
00:18:14 | INFO    | src.training.finetune | STEP step=1370 loss=0.0000 dt_sec=0.79 cum_wall_sec=128.7
00:18:14 | INFO    | src.training.finetune | STEP step=1380 loss=0.0175 dt_sec=0.79 cum_wall_sec=129.5
00:18:15 | INFO    | src.training.finetune | STEP step=1390 loss=0.0000 dt_sec=0.79 cum_wall_sec=130.3
00:18:16 | INFO    | src.training.finetune | STEP step=1400 loss=0.0000 dt_sec=0.80 cum_wall_sec=131.1
00:18:20 | INFO    | src.training.finetune | STEP step=1410 loss=0.0268 dt_sec=3.79 cum_wall_sec=134.9
00:18:21 | INFO    | src.training.finetune | STEP step=1420 loss=0.0000 dt_sec=0.80 cum_wall_sec=135.7
00:18:21 | INFO    | src.training.finetune | STEP step=1430 loss=0.0000 dt_sec=0.78 cum_wall_sec=136.5
00:18:22 | INFO    | src.training.finetune | STEP step=1440 loss=0.0000 dt_sec=0.79 cum_wall_sec=137.3
00:18:23 | INFO    | src.training.finetune | STEP step=1450 loss=0.0000 dt_sec=0.80 cum_wall_sec=138.1
00:18:24 | INFO    | src.training.finetune | STEP step=1460 loss=0.0239 dt_sec=0.79 cum_wall_sec=138.9
00:18:25 | INFO    | src.training.finetune | STEP step=1470 loss=0.0000 dt_sec=0.80 cum_wall_sec=139.7
00:18:25 | INFO    | src.training.finetune | STEP step=1480 loss=0.0000 dt_sec=0.80 cum_wall_sec=140.5
00:18:26 | INFO    | src.training.finetune | STEP step=1490 loss=0.0257 dt_sec=0.79 cum_wall_sec=141.3
00:18:27 | INFO    | src.training.finetune | STEP step=1500 loss=0.0042 dt_sec=0.79 cum_wall_sec=142.1
00:18:28 | INFO    | src.training.finetune | STEP step=1510 loss=0.0000 dt_sec=0.80 cum_wall_sec=142.9
00:18:29 | INFO    | src.training.finetune | STEP step=1520 loss=0.0011 dt_sec=0.79 cum_wall_sec=143.6
00:18:29 | INFO    | src.training.finetune | STEP step=1530 loss=0.0000 dt_sec=0.80 cum_wall_sec=144.4
00:18:30 | INFO    | src.training.finetune | STEP step=1540 loss=0.0001 dt_sec=0.78 cum_wall_sec=145.2
00:18:31 | INFO    | src.training.finetune | STEP step=1550 loss=0.0000 dt_sec=0.80 cum_wall_sec=146.0
00:18:32 | INFO    | src.training.finetune | STEP step=1560 loss=0.0000 dt_sec=0.79 cum_wall_sec=146.8
00:18:32 | INFO    | src.training.finetune | STEP step=1570 loss=0.0000 dt_sec=0.79 cum_wall_sec=147.6
00:18:33 | INFO    | src.training.finetune | STEP step=1580 loss=0.0000 dt_sec=0.80 cum_wall_sec=148.4
00:18:34 | INFO    | src.training.finetune | STEP step=1590 loss=0.0000 dt_sec=0.79 cum_wall_sec=149.2
00:18:35 | INFO    | src.training.finetune | STEP step=1600 loss=0.0000 dt_sec=0.79 cum_wall_sec=150.0
00:18:39 | INFO    | src.training.finetune | STEP step=1610 loss=0.0000 dt_sec=4.46 cum_wall_sec=154.4
00:18:40 | INFO    | src.training.finetune | STEP step=1620 loss=0.0000 dt_sec=0.79 cum_wall_sec=155.2
00:18:41 | INFO    | src.training.finetune | STEP step=1630 loss=0.0000 dt_sec=0.81 cum_wall_sec=156.0
00:18:42 | INFO    | src.training.finetune | STEP step=1640 loss=0.0000 dt_sec=0.79 cum_wall_sec=156.8
00:18:42 | INFO    | src.training.finetune | STEP step=1650 loss=0.0000 dt_sec=0.80 cum_wall_sec=157.6
00:18:43 | INFO    | src.training.finetune | STEP step=1660 loss=0.0000 dt_sec=0.80 cum_wall_sec=158.4
00:18:44 | INFO    | src.training.finetune | STEP step=1670 loss=0.0000 dt_sec=0.80 cum_wall_sec=159.2
00:18:45 | INFO    | src.training.finetune | STEP step=1680 loss=0.0000 dt_sec=0.79 cum_wall_sec=160.0
00:18:46 | INFO    | src.training.finetune | STEP step=1690 loss=0.0000 dt_sec=0.80 cum_wall_sec=160.8
00:18:46 | INFO    | src.training.finetune | STEP step=1700 loss=0.0000 dt_sec=0.80 cum_wall_sec=161.6
00:18:47 | INFO    | src.training.finetune | STEP step=1710 loss=0.0048 dt_sec=0.79 cum_wall_sec=162.4
00:18:48 | INFO    | src.training.finetune | STEP step=1720 loss=0.0028 dt_sec=0.78 cum_wall_sec=163.2
00:18:49 | INFO    | src.training.finetune | STEP step=1730 loss=0.0293 dt_sec=0.81 cum_wall_sec=164.0
00:18:50 | INFO    | src.training.finetune | STEP step=1740 loss=0.0000 dt_sec=0.80 cum_wall_sec=164.8
00:18:50 | INFO    | src.training.finetune | STEP step=1750 loss=0.0000 dt_sec=0.80 cum_wall_sec=165.6
00:18:51 | INFO    | src.training.finetune | STEP step=1760 loss=0.0265 dt_sec=0.79 cum_wall_sec=166.4
00:18:52 | INFO    | src.training.finetune | STEP step=1770 loss=0.0000 dt_sec=0.80 cum_wall_sec=167.2
00:18:53 | INFO    | src.training.finetune | STEP step=1780 loss=0.0007 dt_sec=0.78 cum_wall_sec=168.0
00:18:54 | INFO    | src.training.finetune | STEP step=1790 loss=0.0000 dt_sec=0.80 cum_wall_sec=168.8
00:18:54 | INFO    | src.training.finetune | STEP step=1800 loss=0.0000 dt_sec=0.79 cum_wall_sec=169.5
00:18:58 | INFO    | src.training.finetune | STEP step=1810 loss=0.0000 dt_sec=3.76 cum_wall_sec=173.3
00:18:59 | INFO    | src.training.finetune | STEP step=1820 loss=0.0000 dt_sec=0.80 cum_wall_sec=174.1
00:19:00 | INFO    | src.training.finetune | STEP step=1830 loss=0.0000 dt_sec=0.79 cum_wall_sec=174.9
00:19:01 | INFO    | src.training.finetune | STEP step=1840 loss=0.0000 dt_sec=0.79 cum_wall_sec=175.7
00:19:01 | INFO    | src.training.finetune | STEP step=1850 loss=0.0000 dt_sec=0.80 cum_wall_sec=176.5
00:19:02 | INFO    | src.training.finetune | STEP step=1860 loss=0.0000 dt_sec=0.79 cum_wall_sec=177.3
00:19:03 | INFO    | src.training.finetune | STEP step=1870 loss=0.0000 dt_sec=0.80 cum_wall_sec=178.1
00:19:04 | INFO    | src.training.finetune | STEP step=1880 loss=0.0000 dt_sec=0.79 cum_wall_sec=178.9
00:19:05 | INFO    | src.training.finetune | STEP step=1890 loss=0.0000 dt_sec=0.78 cum_wall_sec=179.7
00:19:05 | INFO    | src.training.finetune | STEP step=1900 loss=0.0000 dt_sec=0.80 cum_wall_sec=180.5
00:19:06 | INFO    | src.training.finetune | STEP step=1910 loss=0.0000 dt_sec=0.78 cum_wall_sec=181.2
00:19:07 | INFO    | src.training.finetune | STEP step=1920 loss=0.0011 dt_sec=0.79 cum_wall_sec=182.0
00:19:08 | INFO    | src.training.finetune | STEP step=1930 loss=0.0000 dt_sec=0.80 cum_wall_sec=182.8
00:19:08 | INFO    | src.training.finetune | STEP step=1940 loss=0.0000 dt_sec=0.79 cum_wall_sec=183.6
00:19:09 | INFO    | src.training.finetune | STEP step=1950 loss=0.0000 dt_sec=0.80 cum_wall_sec=184.4
00:19:10 | INFO    | src.training.finetune | STEP step=1960 loss=0.0000 dt_sec=0.79 cum_wall_sec=185.2
00:19:11 | INFO    | src.training.finetune | STEP step=1970 loss=0.0000 dt_sec=0.80 cum_wall_sec=186.0
00:19:12 | INFO    | src.training.finetune | STEP step=1980 loss=0.0000 dt_sec=0.78 cum_wall_sec=186.8
00:19:12 | INFO    | src.training.finetune | STEP step=1990 loss=0.0026 dt_sec=0.80 cum_wall_sec=187.6
00:19:13 | INFO    | src.training.finetune | STEP step=2000 loss=0.0000 dt_sec=0.79 cum_wall_sec=188.4
00:19:18 | INFO    | src.training.finetune | STAGE=azerbaijani end ts=2026-09-09T00:19:18.454883+00:00 runtime_sec=195.1
00:19:20 | INFO    | src.training.finetune | Best checkpoint restored and verified: step 2000, val macro-F1 = 0.6413
