21:56:12 | INFO    | src.training.finetune |   [AZ mərhələsi] 2000 nümunə | 2 sinif | init=baza
21:56:12 | INFO    | src.training.finetune | Task head reset: modules=['classifier'] params=592130 (encoder='roberta' untouched)
21:56:12 | INFO    | src.training.finetune | STAGE=azerbaijani start ts=2026-09-08T21:56:12.151236+00:00 n=2000 n_classes=2
21:56:18 | INFO    | src.training.finetune | STEP step=10 loss=0.7066 dt_sec=5.31 cum_wall_sec=5.3
21:56:18 | INFO    | src.training.finetune | STEP step=20 loss=0.7010 dt_sec=0.65 cum_wall_sec=6.0
21:56:22 | INFO    | src.training.finetune | STEP step=30 loss=0.7022 dt_sec=3.59 cum_wall_sec=9.6
21:56:22 | INFO    | src.training.finetune | STEP step=40 loss=0.6975 dt_sec=0.65 cum_wall_sec=10.2
21:56:23 | INFO    | src.training.finetune | STEP step=50 loss=0.6972 dt_sec=0.65 cum_wall_sec=10.9
21:56:24 | INFO    | src.training.finetune | STEP step=60 loss=0.7006 dt_sec=0.65 cum_wall_sec=11.5
21:56:24 | INFO    | src.training.finetune | STEP step=70 loss=0.6990 dt_sec=0.65 cum_wall_sec=12.2
21:56:27 | INFO    | src.training.finetune | STEP step=80 loss=0.7019 dt_sec=2.32 cum_wall_sec=14.5
21:56:29 | INFO    | src.training.finetune | STEP step=90 loss=0.6885 dt_sec=2.24 cum_wall_sec=16.7
21:56:30 | INFO    | src.training.finetune | STEP step=100 loss=0.6923 dt_sec=0.64 cum_wall_sec=17.4
21:56:30 | INFO    | src.training.finetune | STEP step=110 loss=0.6578 dt_sec=0.64 cum_wall_sec=18.0
21:56:31 | INFO    | src.training.finetune | STEP step=120 loss=0.6913 dt_sec=0.64 cum_wall_sec=18.6
21:56:32 | INFO    | src.training.finetune | STEP step=130 loss=0.6861 dt_sec=0.63 cum_wall_sec=19.3
21:56:32 | INFO    | src.training.finetune | STEP step=140 loss=0.6684 dt_sec=0.66 cum_wall_sec=19.9
21:56:33 | INFO    | src.training.finetune | STEP step=150 loss=0.6778 dt_sec=0.64 cum_wall_sec=20.6
21:56:33 | INFO    | src.training.finetune | STEP step=160 loss=0.6717 dt_sec=0.63 cum_wall_sec=21.2
21:56:34 | INFO    | src.training.finetune | STEP step=170 loss=0.6939 dt_sec=0.63 cum_wall_sec=21.8
21:56:35 | INFO    | src.training.finetune | STEP step=180 loss=0.6938 dt_sec=0.64 cum_wall_sec=22.5
21:56:37 | INFO    | src.training.finetune | STEP step=190 loss=0.7182 dt_sec=2.01 cum_wall_sec=24.5
21:56:37 | INFO    | src.training.finetune | STEP step=200 loss=0.6908 dt_sec=0.65 cum_wall_sec=25.1
21:56:40 | INFO    | src.training.finetune | STEP step=210 loss=0.6948 dt_sec=2.46 cum_wall_sec=27.6
21:56:40 | INFO    | src.training.finetune | STEP step=220 loss=0.6582 dt_sec=0.65 cum_wall_sec=28.2
21:56:41 | INFO    | src.training.finetune | STEP step=230 loss=0.6336 dt_sec=0.65 cum_wall_sec=28.9
21:56:42 | INFO    | src.training.finetune | STEP step=240 loss=0.6191 dt_sec=0.64 cum_wall_sec=29.5
21:56:42 | INFO    | src.training.finetune | STEP step=250 loss=0.6443 dt_sec=0.65 cum_wall_sec=30.2
21:56:45 | INFO    | src.training.finetune | STEP step=260 loss=0.6155 dt_sec=2.22 cum_wall_sec=32.4
21:56:45 | INFO    | src.training.finetune | STEP step=270 loss=0.6348 dt_sec=0.63 cum_wall_sec=33.0
21:56:46 | INFO    | src.training.finetune | STEP step=280 loss=0.6078 dt_sec=0.64 cum_wall_sec=33.7
21:56:47 | INFO    | src.training.finetune | STEP step=290 loss=0.5769 dt_sec=0.66 cum_wall_sec=34.3
21:56:47 | INFO    | src.training.finetune | STEP step=300 loss=0.6733 dt_sec=0.65 cum_wall_sec=35.0
21:56:48 | INFO    | src.training.finetune | STEP step=310 loss=0.6318 dt_sec=0.64 cum_wall_sec=35.6
21:56:49 | INFO    | src.training.finetune | STEP step=320 loss=0.5978 dt_sec=0.64 cum_wall_sec=36.2
21:56:49 | INFO    | src.training.finetune | STEP step=330 loss=0.5598 dt_sec=0.64 cum_wall_sec=36.9
21:56:50 | INFO    | src.training.finetune | STEP step=340 loss=0.5620 dt_sec=0.65 cum_wall_sec=37.5
21:56:50 | INFO    | src.training.finetune | STEP step=350 loss=0.5578 dt_sec=0.65 cum_wall_sec=38.2
21:56:51 | INFO    | src.training.finetune | STEP step=360 loss=0.5857 dt_sec=0.64 cum_wall_sec=38.8
21:56:52 | INFO    | src.training.finetune | STEP step=370 loss=0.6189 dt_sec=0.63 cum_wall_sec=39.4
21:56:52 | INFO    | src.training.finetune | STEP step=380 loss=0.5687 dt_sec=0.63 cum_wall_sec=40.1
21:56:53 | INFO    | src.training.finetune | STEP step=390 loss=0.5349 dt_sec=0.64 cum_wall_sec=40.7
21:56:54 | INFO    | src.training.finetune | STEP step=400 loss=0.5546 dt_sec=0.64 cum_wall_sec=41.4
21:56:56 | INFO    | src.training.finetune | STEP step=410 loss=0.4888 dt_sec=2.46 cum_wall_sec=43.8
21:56:57 | INFO    | src.training.finetune | STEP step=420 loss=0.5843 dt_sec=0.64 cum_wall_sec=44.5
21:56:57 | INFO    | src.training.finetune | STEP step=430 loss=0.6354 dt_sec=0.65 cum_wall_sec=45.1
21:56:58 | INFO    | src.training.finetune | STEP step=440 loss=0.5417 dt_sec=0.65 cum_wall_sec=45.8
21:57:00 | INFO    | src.training.finetune | STEP step=450 loss=0.4927 dt_sec=1.98 cum_wall_sec=47.7
21:57:01 | INFO    | src.training.finetune | STEP step=460 loss=0.4446 dt_sec=0.64 cum_wall_sec=48.4
21:57:01 | INFO    | src.training.finetune | STEP step=470 loss=0.5016 dt_sec=0.64 cum_wall_sec=49.0
21:57:02 | INFO    | src.training.finetune | STEP step=480 loss=0.5140 dt_sec=0.64 cum_wall_sec=49.7
21:57:03 | INFO    | src.training.finetune | STEP step=490 loss=0.4526 dt_sec=0.63 cum_wall_sec=50.3
21:57:03 | INFO    | src.training.finetune | STEP step=500 loss=0.5843 dt_sec=0.65 cum_wall_sec=51.0
21:57:04 | INFO    | src.training.finetune | STEP step=510 loss=0.6041 dt_sec=0.64 cum_wall_sec=51.6
21:57:05 | INFO    | src.training.finetune | STEP step=520 loss=0.4853 dt_sec=0.65 cum_wall_sec=52.2
21:57:05 | INFO    | src.training.finetune | STEP step=530 loss=0.4488 dt_sec=0.64 cum_wall_sec=52.9
21:57:06 | INFO    | src.training.finetune | STEP step=540 loss=0.3961 dt_sec=0.64 cum_wall_sec=53.5
21:57:06 | INFO    | src.training.finetune | STEP step=550 loss=0.4689 dt_sec=0.65 cum_wall_sec=54.2
21:57:07 | INFO    | src.training.finetune | STEP step=560 loss=0.4342 dt_sec=0.64 cum_wall_sec=54.8
21:57:08 | INFO    | src.training.finetune | STEP step=570 loss=0.4088 dt_sec=0.64 cum_wall_sec=55.5
21:57:08 | INFO    | src.training.finetune | STEP step=580 loss=0.4156 dt_sec=0.65 cum_wall_sec=56.1
21:57:09 | INFO    | src.training.finetune | STEP step=590 loss=0.3528 dt_sec=0.64 cum_wall_sec=56.7
21:57:10 | INFO    | src.training.finetune | STEP step=600 loss=0.3721 dt_sec=0.65 cum_wall_sec=57.4
21:57:12 | INFO    | src.training.finetune | STEP step=610 loss=0.3242 dt_sec=2.48 cum_wall_sec=59.9
21:57:13 | INFO    | src.training.finetune | STEP step=620 loss=0.4218 dt_sec=0.65 cum_wall_sec=60.5
21:57:13 | INFO    | src.training.finetune | STEP step=630 loss=0.3660 dt_sec=0.62 cum_wall_sec=61.1
21:57:14 | INFO    | src.training.finetune | STEP step=640 loss=0.3651 dt_sec=0.65 cum_wall_sec=61.8
21:57:15 | INFO    | src.training.finetune | STEP step=650 loss=0.3731 dt_sec=0.64 cum_wall_sec=62.4
21:57:15 | INFO    | src.training.finetune | STEP step=660 loss=0.2487 dt_sec=0.65 cum_wall_sec=63.1
21:57:16 | INFO    | src.training.finetune | STEP step=670 loss=0.4025 dt_sec=0.65 cum_wall_sec=63.7
21:57:17 | INFO    | src.training.finetune | STEP step=680 loss=0.3041 dt_sec=0.64 cum_wall_sec=64.4
21:57:17 | INFO    | src.training.finetune | STEP step=690 loss=0.3192 dt_sec=0.64 cum_wall_sec=65.0
21:57:18 | INFO    | src.training.finetune | STEP step=700 loss=0.2882 dt_sec=0.63 cum_wall_sec=65.6
21:57:19 | INFO    | src.training.finetune | STEP step=710 loss=0.3392 dt_sec=0.65 cum_wall_sec=66.3
21:57:19 | INFO    | src.training.finetune | STEP step=720 loss=0.2904 dt_sec=0.64 cum_wall_sec=66.9
21:57:20 | INFO    | src.training.finetune | STEP step=730 loss=0.3412 dt_sec=0.64 cum_wall_sec=67.6
21:57:20 | INFO    | src.training.finetune | STEP step=740 loss=0.3215 dt_sec=0.65 cum_wall_sec=68.2
21:57:21 | INFO    | src.training.finetune | STEP step=750 loss=0.3248 dt_sec=0.64 cum_wall_sec=68.9
21:57:22 | INFO    | src.training.finetune | STEP step=760 loss=0.2740 dt_sec=0.64 cum_wall_sec=69.5
21:57:22 | INFO    | src.training.finetune | STEP step=770 loss=0.3557 dt_sec=0.65 cum_wall_sec=70.2
21:57:23 | INFO    | src.training.finetune | STEP step=780 loss=0.2026 dt_sec=0.64 cum_wall_sec=70.8
21:57:24 | INFO    | src.training.finetune | STEP step=790 loss=0.2408 dt_sec=0.64 cum_wall_sec=71.4
21:57:24 | INFO    | src.training.finetune | STEP step=800 loss=0.2131 dt_sec=0.65 cum_wall_sec=72.1
21:57:27 | INFO    | src.training.finetune | STEP step=810 loss=0.3023 dt_sec=2.47 cum_wall_sec=74.6
21:57:29 | INFO    | src.training.finetune | STEP step=820 loss=0.1999 dt_sec=1.98 cum_wall_sec=76.5
21:57:29 | INFO    | src.training.finetune | STEP step=830 loss=0.2206 dt_sec=0.64 cum_wall_sec=77.2
21:57:30 | INFO    | src.training.finetune | STEP step=840 loss=0.2495 dt_sec=0.63 cum_wall_sec=77.8
21:57:31 | INFO    | src.training.finetune | STEP step=850 loss=0.1933 dt_sec=0.64 cum_wall_sec=78.4
21:57:31 | INFO    | src.training.finetune | STEP step=860 loss=0.1984 dt_sec=0.64 cum_wall_sec=79.1
21:57:32 | INFO    | src.training.finetune | STEP step=870 loss=0.2950 dt_sec=0.65 cum_wall_sec=79.7
21:57:33 | INFO    | src.training.finetune | STEP step=880 loss=0.1632 dt_sec=0.64 cum_wall_sec=80.4
21:57:33 | INFO    | src.training.finetune | STEP step=890 loss=0.1776 dt_sec=0.65 cum_wall_sec=81.0
21:57:34 | INFO    | src.training.finetune | STEP step=900 loss=0.1804 dt_sec=0.63 cum_wall_sec=81.7
21:57:35 | INFO    | src.training.finetune | STEP step=910 loss=0.1589 dt_sec=0.63 cum_wall_sec=82.3
21:57:35 | INFO    | src.training.finetune | STEP step=920 loss=0.1561 dt_sec=0.65 cum_wall_sec=82.9
21:57:36 | INFO    | src.training.finetune | STEP step=930 loss=0.2129 dt_sec=0.64 cum_wall_sec=83.6
21:57:37 | INFO    | src.training.finetune | STEP step=940 loss=0.1759 dt_sec=0.65 cum_wall_sec=84.2
21:57:37 | INFO    | src.training.finetune | STEP step=950 loss=0.2638 dt_sec=0.64 cum_wall_sec=84.9
21:57:38 | INFO    | src.training.finetune | STEP step=960 loss=0.1668 dt_sec=0.64 cum_wall_sec=85.5
21:57:38 | INFO    | src.training.finetune | STEP step=970 loss=0.1342 dt_sec=0.65 cum_wall_sec=86.2
21:57:39 | INFO    | src.training.finetune | STEP step=980 loss=0.1276 dt_sec=0.64 cum_wall_sec=86.8
21:57:40 | INFO    | src.training.finetune | STEP step=990 loss=0.1425 dt_sec=0.64 cum_wall_sec=87.5
21:57:40 | INFO    | src.training.finetune | STEP step=1000 loss=0.1644 dt_sec=0.64 cum_wall_sec=88.1
21:57:45 | INFO    | src.training.finetune | STEP step=1010 loss=0.1386 dt_sec=4.23 cum_wall_sec=92.3
21:57:45 | INFO    | src.training.finetune | STEP step=1020 loss=0.1657 dt_sec=0.63 cum_wall_sec=93.0
21:57:46 | INFO    | src.training.finetune | STEP step=1030 loss=0.1384 dt_sec=0.65 cum_wall_sec=93.6
21:57:47 | INFO    | src.training.finetune | STEP step=1040 loss=0.2141 dt_sec=0.64 cum_wall_sec=94.3
21:57:47 | INFO    | src.training.finetune | STEP step=1050 loss=0.1486 dt_sec=0.66 cum_wall_sec=94.9
21:57:48 | INFO    | src.training.finetune | STEP step=1060 loss=0.1100 dt_sec=0.65 cum_wall_sec=95.6
21:57:48 | INFO    | src.training.finetune | STEP step=1070 loss=0.1693 dt_sec=0.66 cum_wall_sec=96.2
21:57:49 | INFO    | src.training.finetune | STEP step=1080 loss=0.1747 dt_sec=0.64 cum_wall_sec=96.8
21:57:50 | INFO    | src.training.finetune | STEP step=1090 loss=0.1314 dt_sec=0.65 cum_wall_sec=97.5
21:57:50 | INFO    | src.training.finetune | STEP step=1100 loss=0.1099 dt_sec=0.65 cum_wall_sec=98.1
21:57:51 | INFO    | src.training.finetune | STEP step=1110 loss=0.1650 dt_sec=0.65 cum_wall_sec=98.8
21:57:52 | INFO    | src.training.finetune | STEP step=1120 loss=0.1396 dt_sec=0.65 cum_wall_sec=99.4
21:57:52 | INFO    | src.training.finetune | STEP step=1130 loss=0.1082 dt_sec=0.64 cum_wall_sec=100.1
21:57:53 | INFO    | src.training.finetune | STEP step=1140 loss=0.0917 dt_sec=0.64 cum_wall_sec=100.7
21:57:54 | INFO    | src.training.finetune | STEP step=1150 loss=0.0781 dt_sec=0.65 cum_wall_sec=101.4
21:57:54 | INFO    | src.training.finetune | STEP step=1160 loss=0.1466 dt_sec=0.64 cum_wall_sec=102.0
21:57:55 | INFO    | src.training.finetune | STEP step=1170 loss=0.1241 dt_sec=0.65 cum_wall_sec=102.7
21:57:56 | INFO    | src.training.finetune | STEP step=1180 loss=0.0809 dt_sec=0.64 cum_wall_sec=103.3
21:57:56 | INFO    | src.training.finetune | STEP step=1190 loss=0.1285 dt_sec=0.65 cum_wall_sec=104.0
21:57:57 | INFO    | src.training.finetune | STEP step=1200 loss=0.1507 dt_sec=0.64 cum_wall_sec=104.6
21:58:00 | INFO    | src.training.finetune | STEP step=1210 loss=0.0933 dt_sec=3.59 cum_wall_sec=108.2
21:58:01 | INFO    | src.training.finetune | STEP step=1220 loss=0.0899 dt_sec=0.65 cum_wall_sec=108.8
21:58:02 | INFO    | src.training.finetune | STEP step=1230 loss=0.0763 dt_sec=0.64 cum_wall_sec=109.5
21:58:02 | INFO    | src.training.finetune | STEP step=1240 loss=0.1672 dt_sec=0.64 cum_wall_sec=110.1
21:58:03 | INFO    | src.training.finetune | STEP step=1250 loss=0.0912 dt_sec=0.66 cum_wall_sec=110.8
21:58:04 | INFO    | src.training.finetune | STEP step=1260 loss=0.1204 dt_sec=0.65 cum_wall_sec=111.4
21:58:04 | INFO    | src.training.finetune | STEP step=1270 loss=0.1053 dt_sec=0.65 cum_wall_sec=112.1
21:58:05 | INFO    | src.training.finetune | STEP step=1280 loss=0.1244 dt_sec=0.65 cum_wall_sec=112.7
21:58:06 | INFO    | src.training.finetune | STEP step=1290 loss=0.0989 dt_sec=0.65 cum_wall_sec=113.4
21:58:06 | INFO    | src.training.finetune | STEP step=1300 loss=0.0140 dt_sec=0.64 cum_wall_sec=114.0
21:58:07 | INFO    | src.training.finetune | STEP step=1310 loss=0.0856 dt_sec=0.65 cum_wall_sec=114.7
21:58:08 | INFO    | src.training.finetune | STEP step=1320 loss=0.1136 dt_sec=0.64 cum_wall_sec=115.3
21:58:10 | INFO    | src.training.finetune | STEP step=1330 loss=0.1134 dt_sec=2.22 cum_wall_sec=117.5
21:58:10 | INFO    | src.training.finetune | STEP step=1340 loss=0.0871 dt_sec=0.63 cum_wall_sec=118.2
21:58:11 | INFO    | src.training.finetune | STEP step=1350 loss=0.0776 dt_sec=0.66 cum_wall_sec=118.8
21:58:12 | INFO    | src.training.finetune | STEP step=1360 loss=0.1005 dt_sec=0.64 cum_wall_sec=119.5
21:58:12 | INFO    | src.training.finetune | STEP step=1370 loss=0.0839 dt_sec=0.65 cum_wall_sec=120.1
21:58:13 | INFO    | src.training.finetune | STEP step=1380 loss=0.0511 dt_sec=0.64 cum_wall_sec=120.7
21:58:15 | INFO    | src.training.finetune | STEP step=1390 loss=0.0492 dt_sec=1.98 cum_wall_sec=122.7
21:58:16 | INFO    | src.training.finetune | STEP step=1400 loss=0.0394 dt_sec=0.66 cum_wall_sec=123.4
21:58:18 | INFO    | src.training.finetune | STEP step=1410 loss=0.0596 dt_sec=2.47 cum_wall_sec=125.9
21:58:19 | INFO    | src.training.finetune | STEP step=1420 loss=0.0631 dt_sec=0.65 cum_wall_sec=126.5
21:58:19 | INFO    | src.training.finetune | STEP step=1430 loss=0.0623 dt_sec=0.64 cum_wall_sec=127.1
21:58:20 | INFO    | src.training.finetune | STEP step=1440 loss=0.0301 dt_sec=0.64 cum_wall_sec=127.8
21:58:22 | INFO    | src.training.finetune | STEP step=1450 loss=0.1175 dt_sec=2.23 cum_wall_sec=130.0
21:58:23 | INFO    | src.training.finetune | STEP step=1460 loss=0.0508 dt_sec=0.65 cum_wall_sec=130.7
21:58:24 | INFO    | src.training.finetune | STEP step=1470 loss=0.0282 dt_sec=0.65 cum_wall_sec=131.3
21:58:24 | INFO    | src.training.finetune | STEP step=1480 loss=0.0909 dt_sec=0.64 cum_wall_sec=131.9
21:58:25 | INFO    | src.training.finetune | STEP step=1490 loss=0.1367 dt_sec=0.64 cum_wall_sec=132.6
21:58:25 | INFO    | src.training.finetune | STEP step=1500 loss=0.0606 dt_sec=0.64 cum_wall_sec=133.2
21:58:26 | INFO    | src.training.finetune | STEP step=1510 loss=0.0970 dt_sec=0.65 cum_wall_sec=133.9
21:58:27 | INFO    | src.training.finetune | STEP step=1520 loss=0.0803 dt_sec=0.64 cum_wall_sec=134.5
21:58:27 | INFO    | src.training.finetune | STEP step=1530 loss=0.0527 dt_sec=0.65 cum_wall_sec=135.2
21:58:28 | INFO    | src.training.finetune | STEP step=1540 loss=0.0867 dt_sec=0.64 cum_wall_sec=135.8
21:58:29 | INFO    | src.training.finetune | STEP step=1550 loss=0.0526 dt_sec=0.65 cum_wall_sec=136.4
21:58:29 | INFO    | src.training.finetune | STEP step=1560 loss=0.0427 dt_sec=0.63 cum_wall_sec=137.1
21:58:30 | INFO    | src.training.finetune | STEP step=1570 loss=0.1192 dt_sec=0.64 cum_wall_sec=137.7
21:58:32 | INFO    | src.training.finetune | STEP step=1580 loss=0.0707 dt_sec=1.98 cum_wall_sec=139.7
21:58:33 | INFO    | src.training.finetune | STEP step=1590 loss=0.0701 dt_sec=0.64 cum_wall_sec=140.3
21:58:33 | INFO    | src.training.finetune | STEP step=1600 loss=0.0449 dt_sec=0.64 cum_wall_sec=141.0
21:58:36 | INFO    | src.training.finetune | STEP step=1610 loss=0.0195 dt_sec=2.48 cum_wall_sec=143.5
21:58:36 | INFO    | src.training.finetune | STEP step=1620 loss=0.0688 dt_sec=0.64 cum_wall_sec=144.1
21:58:37 | INFO    | src.training.finetune | STEP step=1630 loss=0.0989 dt_sec=0.64 cum_wall_sec=144.7
21:58:38 | INFO    | src.training.finetune | STEP step=1640 loss=0.0354 dt_sec=0.64 cum_wall_sec=145.4
21:58:38 | INFO    | src.training.finetune | STEP step=1650 loss=0.0031 dt_sec=0.64 cum_wall_sec=146.0
21:58:39 | INFO    | src.training.finetune | STEP step=1660 loss=0.0319 dt_sec=0.64 cum_wall_sec=146.7
21:58:40 | INFO    | src.training.finetune | STEP step=1670 loss=0.0601 dt_sec=0.65 cum_wall_sec=147.3
21:58:40 | INFO    | src.training.finetune | STEP step=1680 loss=0.1319 dt_sec=0.64 cum_wall_sec=148.0
21:58:41 | INFO    | src.training.finetune | STEP step=1690 loss=0.0268 dt_sec=0.64 cum_wall_sec=148.6
21:58:42 | INFO    | src.training.finetune | STEP step=1700 loss=0.0412 dt_sec=0.65 cum_wall_sec=149.2
21:58:42 | INFO    | src.training.finetune | STEP step=1710 loss=0.0457 dt_sec=0.64 cum_wall_sec=149.9
21:58:43 | INFO    | src.training.finetune | STEP step=1720 loss=0.0167 dt_sec=0.64 cum_wall_sec=150.5
21:58:43 | INFO    | src.training.finetune | STEP step=1730 loss=0.1323 dt_sec=0.65 cum_wall_sec=151.2
21:58:44 | INFO    | src.training.finetune | STEP step=1740 loss=0.0763 dt_sec=0.63 cum_wall_sec=151.8
21:58:45 | INFO    | src.training.finetune | STEP step=1750 loss=0.0892 dt_sec=0.64 cum_wall_sec=152.5
21:58:45 | INFO    | src.training.finetune | STEP step=1760 loss=0.0604 dt_sec=0.64 cum_wall_sec=153.1
21:58:46 | INFO    | src.training.finetune | STEP step=1770 loss=0.0448 dt_sec=0.65 cum_wall_sec=153.7
21:58:47 | INFO    | src.training.finetune | STEP step=1780 loss=0.0864 dt_sec=0.64 cum_wall_sec=154.4
21:58:47 | INFO    | src.training.finetune | STEP step=1790 loss=0.0361 dt_sec=0.66 cum_wall_sec=155.0
21:58:48 | INFO    | src.training.finetune | STEP step=1800 loss=0.0224 dt_sec=0.64 cum_wall_sec=155.7
21:58:50 | INFO    | src.training.finetune | STEP step=1810 loss=0.0291 dt_sec=2.47 cum_wall_sec=158.1
21:58:51 | INFO    | src.training.finetune | STEP step=1820 loss=0.0068 dt_sec=0.64 cum_wall_sec=158.8
21:58:53 | INFO    | src.training.finetune | STEP step=1830 loss=0.0641 dt_sec=2.21 cum_wall_sec=161.0
21:58:54 | INFO    | src.training.finetune | STEP step=1840 loss=0.0157 dt_sec=0.64 cum_wall_sec=161.6
21:58:55 | INFO    | src.training.finetune | STEP step=1850 loss=0.0028 dt_sec=0.63 cum_wall_sec=162.3
21:58:55 | INFO    | src.training.finetune | STEP step=1860 loss=0.0115 dt_sec=0.64 cum_wall_sec=162.9
21:58:56 | INFO    | src.training.finetune | STEP step=1870 loss=0.0014 dt_sec=0.65 cum_wall_sec=163.6
21:58:56 | INFO    | src.training.finetune | STEP step=1880 loss=0.0696 dt_sec=0.64 cum_wall_sec=164.2
21:58:57 | INFO    | src.training.finetune | STEP step=1890 loss=0.0926 dt_sec=0.64 cum_wall_sec=164.8
21:58:58 | INFO    | src.training.finetune | STEP step=1900 loss=0.0432 dt_sec=0.65 cum_wall_sec=165.5
21:58:58 | INFO    | src.training.finetune | STEP step=1910 loss=0.0502 dt_sec=0.64 cum_wall_sec=166.1
21:58:59 | INFO    | src.training.finetune | STEP step=1920 loss=0.0307 dt_sec=0.63 cum_wall_sec=166.8
21:59:00 | INFO    | src.training.finetune | STEP step=1930 loss=0.0753 dt_sec=0.64 cum_wall_sec=167.4
21:59:00 | INFO    | src.training.finetune | STEP step=1940 loss=0.0294 dt_sec=0.65 cum_wall_sec=168.1
21:59:01 | INFO    | src.training.finetune | STEP step=1950 loss=0.0513 dt_sec=0.65 cum_wall_sec=168.7
21:59:02 | INFO    | src.training.finetune | STEP step=1960 loss=0.0197 dt_sec=0.63 cum_wall_sec=169.3
21:59:02 | INFO    | src.training.finetune | STEP step=1970 loss=0.0512 dt_sec=0.64 cum_wall_sec=170.0
21:59:03 | INFO    | src.training.finetune | STEP step=1980 loss=0.0590 dt_sec=0.65 cum_wall_sec=170.6
21:59:04 | INFO    | src.training.finetune | STEP step=1990 loss=0.0164 dt_sec=0.65 cum_wall_sec=171.3
21:59:04 | INFO    | src.training.finetune | STEP step=2000 loss=0.0091 dt_sec=0.64 cum_wall_sec=171.9
21:59:06 | INFO    | src.training.finetune | STAGE=azerbaijani end ts=2026-09-08T21:59:06.817358+00:00 runtime_sec=174.7
21:59:08 | INFO    | src.training.finetune | Best checkpoint restored and verified: step 800, val macro-F1 = 0.7597
