03:36:27 | INFO    | src.training.finetune | STAGE=turkish_intermediate cache_hit=true ts=2026-09-09T03:36:27.800874+00:00 path=artifacts/tr_stage_cache/base=xlmr__tok=omp__tr=real__seed=13__94b95bf8ae4aedcb
03:36:27 | INFO    | src.training.finetune |   [AZ mərhələsi] 500 nümunə | 2 sinif | init=TR checkpoint
03:36:27 | INFO    | src.training.finetune | Task head reset: modules=['classifier'] params=592130 (encoder='roberta' untouched)
03:36:27 | INFO    | src.training.finetune | STAGE=azerbaijani start ts=2026-09-09T03:36:27.847566+00:00 n=500 n_classes=2
03:36:29 | INFO    | src.training.finetune | STEP step=10 loss=0.7099 dt_sec=0.76 cum_wall_sec=0.8
03:36:29 | INFO    | src.training.finetune | STEP step=20 loss=0.7145 dt_sec=0.67 cum_wall_sec=1.4
03:36:30 | INFO    | src.training.finetune | STEP step=30 loss=0.6965 dt_sec=0.67 cum_wall_sec=2.1
03:36:31 | INFO    | src.training.finetune | STEP step=40 loss=0.6910 dt_sec=0.68 cum_wall_sec=2.8
03:36:31 | INFO    | src.training.finetune | STEP step=50 loss=0.6766 dt_sec=0.70 cum_wall_sec=3.5
03:36:32 | INFO    | src.training.finetune | STEP step=60 loss=0.6573 dt_sec=0.67 cum_wall_sec=4.1
03:36:33 | INFO    | src.training.finetune | STEP step=70 loss=0.6193 dt_sec=0.67 cum_wall_sec=4.8
03:36:33 | INFO    | src.training.finetune | STEP step=80 loss=0.5911 dt_sec=0.66 cum_wall_sec=5.5
03:36:34 | INFO    | src.training.finetune | STEP step=90 loss=0.5231 dt_sec=0.67 cum_wall_sec=6.1
03:36:35 | INFO    | src.training.finetune | STEP step=100 loss=0.5873 dt_sec=0.67 cum_wall_sec=6.8
03:36:35 | INFO    | src.training.finetune | STEP step=110 loss=0.4788 dt_sec=0.68 cum_wall_sec=7.5
03:36:36 | INFO    | src.training.finetune | STEP step=120 loss=0.4678 dt_sec=0.68 cum_wall_sec=8.2
03:36:37 | INFO    | src.training.finetune | STEP step=130 loss=0.4170 dt_sec=0.67 cum_wall_sec=8.8
03:36:37 | INFO    | src.training.finetune | STEP step=140 loss=0.3887 dt_sec=0.67 cum_wall_sec=9.5
03:36:38 | INFO    | src.training.finetune | STEP step=150 loss=0.4373 dt_sec=0.67 cum_wall_sec=10.2
03:36:39 | INFO    | src.training.finetune | STEP step=160 loss=0.3427 dt_sec=0.67 cum_wall_sec=10.8
03:36:39 | INFO    | src.training.finetune | STEP step=170 loss=0.3218 dt_sec=0.68 cum_wall_sec=11.5
03:36:40 | INFO    | src.training.finetune | STEP step=180 loss=0.4170 dt_sec=0.67 cum_wall_sec=12.2
03:36:41 | INFO    | src.training.finetune | STEP step=190 loss=0.3312 dt_sec=0.67 cum_wall_sec=12.9
03:36:41 | INFO    | src.training.finetune | STEP step=200 loss=0.3214 dt_sec=0.66 cum_wall_sec=13.5
03:36:44 | INFO    | src.training.finetune | STEP step=210 loss=0.3302 dt_sec=2.51 cum_wall_sec=16.0
03:36:44 | INFO    | src.training.finetune | STEP step=220 loss=0.3877 dt_sec=0.68 cum_wall_sec=16.7
03:36:45 | INFO    | src.training.finetune | STEP step=230 loss=0.2841 dt_sec=0.66 cum_wall_sec=17.4
03:36:46 | INFO    | src.training.finetune | STEP step=240 loss=0.2235 dt_sec=0.68 cum_wall_sec=18.0
03:36:47 | INFO    | src.training.finetune | STEP step=250 loss=0.2728 dt_sec=0.68 cum_wall_sec=18.7
03:36:47 | INFO    | src.training.finetune | STEP step=260 loss=0.2308 dt_sec=0.67 cum_wall_sec=19.4
03:36:48 | INFO    | src.training.finetune | STEP step=270 loss=0.2241 dt_sec=0.67 cum_wall_sec=20.1
03:36:49 | INFO    | src.training.finetune | STEP step=280 loss=0.3213 dt_sec=0.67 cum_wall_sec=20.7
03:36:49 | INFO    | src.training.finetune | STEP step=290 loss=0.2186 dt_sec=0.68 cum_wall_sec=21.4
03:36:50 | INFO    | src.training.finetune | STEP step=300 loss=0.1773 dt_sec=0.67 cum_wall_sec=22.1
03:36:51 | INFO    | src.training.finetune | STEP step=310 loss=0.1522 dt_sec=0.67 cum_wall_sec=22.7
03:36:51 | INFO    | src.training.finetune | STEP step=320 loss=0.1074 dt_sec=0.67 cum_wall_sec=23.4
03:36:52 | INFO    | src.training.finetune | STEP step=330 loss=0.1399 dt_sec=0.68 cum_wall_sec=24.1
03:36:53 | INFO    | src.training.finetune | STEP step=340 loss=0.0775 dt_sec=0.68 cum_wall_sec=24.8
03:36:53 | INFO    | src.training.finetune | STEP step=350 loss=0.2661 dt_sec=0.67 cum_wall_sec=25.4
03:36:54 | INFO    | src.training.finetune | STEP step=360 loss=0.1739 dt_sec=0.66 cum_wall_sec=26.1
03:36:55 | INFO    | src.training.finetune | STEP step=370 loss=0.1143 dt_sec=0.68 cum_wall_sec=26.8
03:36:55 | INFO    | src.training.finetune | STEP step=380 loss=0.1272 dt_sec=0.67 cum_wall_sec=27.4
03:36:56 | INFO    | src.training.finetune | STEP step=390 loss=0.2029 dt_sec=0.66 cum_wall_sec=28.1
03:36:57 | INFO    | src.training.finetune | STEP step=400 loss=0.2555 dt_sec=0.67 cum_wall_sec=28.8
03:36:59 | INFO    | src.training.finetune | STEP step=410 loss=0.1018 dt_sec=2.59 cum_wall_sec=31.4
03:37:00 | INFO    | src.training.finetune | STEP step=420 loss=0.1332 dt_sec=0.67 cum_wall_sec=32.0
03:37:00 | INFO    | src.training.finetune | STEP step=430 loss=0.1385 dt_sec=0.67 cum_wall_sec=32.7
03:37:01 | INFO    | src.training.finetune | STEP step=440 loss=0.0713 dt_sec=0.67 cum_wall_sec=33.4
03:37:02 | INFO    | src.training.finetune | STEP step=450 loss=0.0384 dt_sec=0.67 cum_wall_sec=34.1
03:37:03 | INFO    | src.training.finetune | STEP step=460 loss=0.0861 dt_sec=0.66 cum_wall_sec=34.7
03:37:03 | INFO    | src.training.finetune | STEP step=470 loss=0.0575 dt_sec=0.67 cum_wall_sec=35.4
03:37:04 | INFO    | src.training.finetune | STEP step=480 loss=0.0333 dt_sec=0.67 cum_wall_sec=36.1
03:37:05 | INFO    | src.training.finetune | STEP step=490 loss=0.0358 dt_sec=0.68 cum_wall_sec=36.7
03:37:05 | INFO    | src.training.finetune | STEP step=500 loss=0.0317 dt_sec=0.66 cum_wall_sec=37.4
03:37:06 | INFO    | src.training.finetune | STEP step=510 loss=0.0184 dt_sec=0.67 cum_wall_sec=38.1
03:37:07 | INFO    | src.training.finetune | STEP step=520 loss=0.0393 dt_sec=0.67 cum_wall_sec=38.7
03:37:07 | INFO    | src.training.finetune | STEP step=530 loss=0.0224 dt_sec=0.67 cum_wall_sec=39.4
03:37:08 | INFO    | src.training.finetune | STEP step=540 loss=0.0450 dt_sec=0.66 cum_wall_sec=40.1
03:37:09 | INFO    | src.training.finetune | STEP step=550 loss=0.0901 dt_sec=0.67 cum_wall_sec=40.7
03:37:09 | INFO    | src.training.finetune | STEP step=560 loss=0.0300 dt_sec=0.66 cum_wall_sec=41.4
03:37:10 | INFO    | src.training.finetune | STEP step=570 loss=0.0513 dt_sec=0.68 cum_wall_sec=42.1
03:37:11 | INFO    | src.training.finetune | STEP step=580 loss=0.0084 dt_sec=0.67 cum_wall_sec=42.8
03:37:11 | INFO    | src.training.finetune | STEP step=590 loss=0.0007 dt_sec=0.67 cum_wall_sec=43.4
03:37:12 | INFO    | src.training.finetune | STEP step=600 loss=0.0423 dt_sec=0.67 cum_wall_sec=44.1
03:37:14 | INFO    | src.training.finetune | STEP step=610 loss=0.0013 dt_sec=2.51 cum_wall_sec=46.6
03:37:15 | INFO    | src.training.finetune | STEP step=620 loss=0.0359 dt_sec=0.67 cum_wall_sec=47.3
03:37:16 | INFO    | src.training.finetune | STEP step=630 loss=0.1025 dt_sec=0.68 cum_wall_sec=47.9
03:37:16 | INFO    | src.training.finetune | STEP step=640 loss=0.0159 dt_sec=0.66 cum_wall_sec=48.6
03:37:17 | INFO    | src.training.finetune | STEP step=650 loss=0.0470 dt_sec=0.67 cum_wall_sec=49.3
03:37:18 | INFO    | src.training.finetune | STEP step=660 loss=0.2106 dt_sec=0.66 cum_wall_sec=49.9
03:37:18 | INFO    | src.training.finetune | STEP step=670 loss=0.0029 dt_sec=0.67 cum_wall_sec=50.6
03:37:19 | INFO    | src.training.finetune | STEP step=680 loss=0.0179 dt_sec=0.67 cum_wall_sec=51.3
03:37:20 | INFO    | src.training.finetune | STEP step=690 loss=0.0140 dt_sec=0.66 cum_wall_sec=51.9
03:37:20 | INFO    | src.training.finetune | STEP step=700 loss=0.0221 dt_sec=0.67 cum_wall_sec=52.6
03:37:21 | INFO    | src.training.finetune | STEP step=710 loss=0.0500 dt_sec=0.65 cum_wall_sec=53.2
03:37:22 | INFO    | src.training.finetune | STEP step=720 loss=0.0389 dt_sec=0.66 cum_wall_sec=53.9
03:37:22 | INFO    | src.training.finetune | STEP step=730 loss=0.0587 dt_sec=0.66 cum_wall_sec=54.6
03:37:23 | INFO    | src.training.finetune | STEP step=740 loss=0.0227 dt_sec=0.67 cum_wall_sec=55.2
03:37:24 | INFO    | src.training.finetune | STEP step=750 loss=0.0485 dt_sec=0.66 cum_wall_sec=55.9
03:37:24 | INFO    | src.training.finetune | STEP step=760 loss=0.0006 dt_sec=0.66 cum_wall_sec=56.6
03:37:25 | INFO    | src.training.finetune | STEP step=770 loss=0.0655 dt_sec=0.66 cum_wall_sec=57.2
03:37:26 | INFO    | src.training.finetune | STEP step=780 loss=0.0033 dt_sec=0.67 cum_wall_sec=57.9
03:37:26 | INFO    | src.training.finetune | STEP step=790 loss=0.0114 dt_sec=0.66 cum_wall_sec=58.6
03:37:27 | INFO    | src.training.finetune | STEP step=800 loss=0.0216 dt_sec=0.67 cum_wall_sec=59.2
03:37:30 | INFO    | src.training.finetune | STEP step=810 loss=0.0003 dt_sec=3.22 cum_wall_sec=62.4
03:37:31 | INFO    | src.training.finetune | STEP step=820 loss=0.0004 dt_sec=0.66 cum_wall_sec=63.1
03:37:32 | INFO    | src.training.finetune | STEP step=830 loss=0.0231 dt_sec=0.66 cum_wall_sec=63.8
03:37:32 | INFO    | src.training.finetune | STEP step=840 loss=0.0003 dt_sec=0.66 cum_wall_sec=64.4
03:37:33 | INFO    | src.training.finetune | STEP step=850 loss=0.0319 dt_sec=0.66 cum_wall_sec=65.1
03:37:34 | INFO    | src.training.finetune | STEP step=860 loss=0.0008 dt_sec=0.66 cum_wall_sec=65.7
03:37:34 | INFO    | src.training.finetune | STEP step=870 loss=0.0302 dt_sec=0.65 cum_wall_sec=66.4
03:37:35 | INFO    | src.training.finetune | STEP step=880 loss=0.0261 dt_sec=0.67 cum_wall_sec=67.1
03:37:36 | INFO    | src.training.finetune | STEP step=890 loss=0.0145 dt_sec=0.66 cum_wall_sec=67.7
03:37:36 | INFO    | src.training.finetune | STEP step=900 loss=0.0577 dt_sec=0.68 cum_wall_sec=68.4
03:37:37 | INFO    | src.training.finetune | STEP step=910 loss=0.0008 dt_sec=0.65 cum_wall_sec=69.1
03:37:38 | INFO    | src.training.finetune | STEP step=920 loss=0.0963 dt_sec=0.67 cum_wall_sec=69.7
03:37:38 | INFO    | src.training.finetune | STEP step=930 loss=0.0453 dt_sec=0.65 cum_wall_sec=70.4
03:37:39 | INFO    | src.training.finetune | STEP step=940 loss=0.0211 dt_sec=0.68 cum_wall_sec=71.1
03:37:40 | INFO    | src.training.finetune | STEP step=950 loss=0.0003 dt_sec=0.66 cum_wall_sec=71.7
03:37:40 | INFO    | src.training.finetune | STEP step=960 loss=0.0004 dt_sec=0.67 cum_wall_sec=72.4
03:37:41 | INFO    | src.training.finetune | STEP step=970 loss=0.0280 dt_sec=0.68 cum_wall_sec=73.1
03:37:42 | INFO    | src.training.finetune | STEP step=980 loss=0.0501 dt_sec=0.66 cum_wall_sec=73.7
03:37:42 | INFO    | src.training.finetune | STEP step=990 loss=0.0041 dt_sec=0.66 cum_wall_sec=74.4
03:37:43 | INFO    | src.training.finetune | STEP step=1000 loss=0.0357 dt_sec=0.67 cum_wall_sec=75.1
03:37:45 | INFO    | src.training.finetune | STEP step=1010 loss=0.0096 dt_sec=2.64 cum_wall_sec=77.7
03:37:46 | INFO    | src.training.finetune | STEP step=1020 loss=0.0156 dt_sec=0.67 cum_wall_sec=78.4
03:37:47 | INFO    | src.training.finetune | STEP step=1030 loss=0.1133 dt_sec=0.66 cum_wall_sec=79.0
03:37:47 | INFO    | src.training.finetune | STEP step=1040 loss=0.0870 dt_sec=0.66 cum_wall_sec=79.7
03:37:48 | INFO    | src.training.finetune | STEP step=1050 loss=0.0002 dt_sec=0.68 cum_wall_sec=80.4
03:37:49 | INFO    | src.training.finetune | STEP step=1060 loss=0.0002 dt_sec=0.66 cum_wall_sec=81.0
03:37:49 | INFO    | src.training.finetune | STEP step=1070 loss=0.0020 dt_sec=0.66 cum_wall_sec=81.7
03:37:50 | INFO    | src.training.finetune | STEP step=1080 loss=0.0581 dt_sec=0.65 cum_wall_sec=82.3
03:37:51 | INFO    | src.training.finetune | STEP step=1090 loss=0.0054 dt_sec=0.66 cum_wall_sec=83.0
03:37:51 | INFO    | src.training.finetune | STEP step=1100 loss=0.0348 dt_sec=0.66 cum_wall_sec=83.7
03:37:52 | INFO    | src.training.finetune | STEP step=1110 loss=0.0010 dt_sec=0.68 cum_wall_sec=84.3
03:37:53 | INFO    | src.training.finetune | STEP step=1120 loss=0.0003 dt_sec=0.66 cum_wall_sec=85.0
03:37:53 | INFO    | src.training.finetune | STEP step=1130 loss=0.0003 dt_sec=0.67 cum_wall_sec=85.7
03:37:54 | INFO    | src.training.finetune | STEP step=1140 loss=0.0476 dt_sec=0.66 cum_wall_sec=86.3
03:37:55 | INFO    | src.training.finetune | STEP step=1150 loss=0.0004 dt_sec=0.67 cum_wall_sec=87.0
03:37:55 | INFO    | src.training.finetune | STEP step=1160 loss=0.0004 dt_sec=0.66 cum_wall_sec=87.7
03:37:56 | INFO    | src.training.finetune | STEP step=1170 loss=0.0207 dt_sec=0.67 cum_wall_sec=88.3
03:37:57 | INFO    | src.training.finetune | STEP step=1180 loss=0.0004 dt_sec=0.67 cum_wall_sec=89.0
03:37:57 | INFO    | src.training.finetune | STEP step=1190 loss=0.0002 dt_sec=0.66 cum_wall_sec=89.7
03:37:58 | INFO    | src.training.finetune | STEP step=1200 loss=0.0165 dt_sec=0.66 cum_wall_sec=90.3
03:38:01 | INFO    | src.training.finetune | STEP step=1210 loss=0.0008 dt_sec=2.49 cum_wall_sec=92.8
03:38:01 | INFO    | src.training.finetune | STEP step=1220 loss=0.0002 dt_sec=0.65 cum_wall_sec=93.5
03:38:02 | INFO    | src.training.finetune | STEP step=1230 loss=0.0170 dt_sec=0.67 cum_wall_sec=94.1
03:38:03 | INFO    | src.training.finetune | STEP step=1240 loss=0.0004 dt_sec=0.66 cum_wall_sec=94.8
03:38:03 | INFO    | src.training.finetune | STEP step=1250 loss=0.0002 dt_sec=0.67 cum_wall_sec=95.5
03:38:04 | INFO    | src.training.finetune | STEP step=1260 loss=0.0064 dt_sec=0.67 cum_wall_sec=96.1
03:38:05 | INFO    | src.training.finetune | STEP step=1270 loss=0.0002 dt_sec=0.67 cum_wall_sec=96.8
03:38:05 | INFO    | src.training.finetune | STEP step=1280 loss=0.0091 dt_sec=0.65 cum_wall_sec=97.5
03:38:06 | INFO    | src.training.finetune | STEP step=1290 loss=0.0015 dt_sec=0.66 cum_wall_sec=98.1
03:38:07 | INFO    | src.training.finetune | STEP step=1300 loss=0.0535 dt_sec=0.67 cum_wall_sec=98.8
03:38:07 | INFO    | src.training.finetune | STEP step=1310 loss=0.0305 dt_sec=0.67 cum_wall_sec=99.5
03:38:08 | INFO    | src.training.finetune | STEP step=1320 loss=0.0001 dt_sec=0.65 cum_wall_sec=100.1
03:38:09 | INFO    | src.training.finetune | STEP step=1330 loss=0.0001 dt_sec=0.67 cum_wall_sec=100.8
03:38:09 | INFO    | src.training.finetune | STEP step=1340 loss=0.0001 dt_sec=0.67 cum_wall_sec=101.4
03:38:10 | INFO    | src.training.finetune | STEP step=1350 loss=0.0150 dt_sec=0.67 cum_wall_sec=102.1
03:38:11 | INFO    | src.training.finetune | STEP step=1360 loss=0.0353 dt_sec=0.65 cum_wall_sec=102.8
03:38:11 | INFO    | src.training.finetune | STEP step=1370 loss=0.0064 dt_sec=0.67 cum_wall_sec=103.4
03:38:12 | INFO    | src.training.finetune | STEP step=1380 loss=0.0064 dt_sec=0.65 cum_wall_sec=104.1
03:38:13 | INFO    | src.training.finetune | STEP step=1390 loss=0.0001 dt_sec=0.66 cum_wall_sec=104.8
03:38:13 | INFO    | src.training.finetune | STEP step=1400 loss=0.0001 dt_sec=0.66 cum_wall_sec=105.4
03:38:16 | INFO    | src.training.finetune | STEP step=1410 loss=0.0001 dt_sec=2.57 cum_wall_sec=108.0
03:38:16 | INFO    | src.training.finetune | STEP step=1420 loss=0.0001 dt_sec=0.67 cum_wall_sec=108.7
03:38:17 | INFO    | src.training.finetune | STEP step=1430 loss=0.0001 dt_sec=0.68 cum_wall_sec=109.3
03:38:18 | INFO    | src.training.finetune | STEP step=1440 loss=0.0001 dt_sec=0.66 cum_wall_sec=110.0
03:38:18 | INFO    | src.training.finetune | STEP step=1450 loss=0.0001 dt_sec=0.67 cum_wall_sec=110.7
03:38:19 | INFO    | src.training.finetune | STEP step=1460 loss=0.0001 dt_sec=0.68 cum_wall_sec=111.3
03:38:20 | INFO    | src.training.finetune | STEP step=1470 loss=0.0001 dt_sec=0.68 cum_wall_sec=112.0
03:38:20 | INFO    | src.training.finetune | STEP step=1480 loss=0.0281 dt_sec=0.68 cum_wall_sec=112.7
03:38:21 | INFO    | src.training.finetune | STEP step=1490 loss=0.0001 dt_sec=0.67 cum_wall_sec=113.4
03:38:22 | INFO    | src.training.finetune | STEP step=1500 loss=0.0001 dt_sec=0.67 cum_wall_sec=114.1
03:38:23 | INFO    | src.training.finetune | STEP step=1510 loss=0.0010 dt_sec=0.67 cum_wall_sec=114.7
03:38:23 | INFO    | src.training.finetune | STEP step=1520 loss=0.0001 dt_sec=0.67 cum_wall_sec=115.4
03:38:24 | INFO    | src.training.finetune | STEP step=1530 loss=0.0001 dt_sec=0.69 cum_wall_sec=116.1
03:38:25 | INFO    | src.training.finetune | STEP step=1540 loss=0.0001 dt_sec=0.67 cum_wall_sec=116.7
03:38:25 | INFO    | src.training.finetune | STEP step=1550 loss=0.0001 dt_sec=0.67 cum_wall_sec=117.4
03:38:26 | INFO    | src.training.finetune | STEP step=1560 loss=0.0001 dt_sec=0.69 cum_wall_sec=118.1
03:38:27 | INFO    | src.training.finetune | STEP step=1570 loss=0.0005 dt_sec=0.66 cum_wall_sec=118.8
03:38:27 | INFO    | src.training.finetune | STEP step=1580 loss=0.0001 dt_sec=0.67 cum_wall_sec=119.4
03:38:28 | INFO    | src.training.finetune | STEP step=1590 loss=0.0067 dt_sec=0.68 cum_wall_sec=120.1
03:38:29 | INFO    | src.training.finetune | STEP step=1600 loss=0.0001 dt_sec=0.67 cum_wall_sec=120.8
03:38:31 | INFO    | src.training.finetune | STEP step=1610 loss=0.0001 dt_sec=2.68 cum_wall_sec=123.5
03:38:32 | INFO    | src.training.finetune | STEP step=1620 loss=0.0017 dt_sec=0.68 cum_wall_sec=124.1
03:38:33 | INFO    | src.training.finetune | STEP step=1630 loss=0.0001 dt_sec=0.67 cum_wall_sec=124.8
03:38:33 | INFO    | src.training.finetune | STEP step=1640 loss=0.0001 dt_sec=0.67 cum_wall_sec=125.5
03:38:34 | INFO    | src.training.finetune | STEP step=1650 loss=0.0001 dt_sec=0.68 cum_wall_sec=126.2
03:38:35 | INFO    | src.training.finetune | STEP step=1660 loss=0.0001 dt_sec=0.67 cum_wall_sec=126.8
03:38:35 | INFO    | src.training.finetune | STEP step=1670 loss=0.0001 dt_sec=0.67 cum_wall_sec=127.5
03:38:36 | INFO    | src.training.finetune | STEP step=1680 loss=0.0001 dt_sec=0.67 cum_wall_sec=128.2
03:38:37 | INFO    | src.training.finetune | STEP step=1690 loss=0.0017 dt_sec=0.67 cum_wall_sec=128.8
03:38:37 | INFO    | src.training.finetune | STEP step=1700 loss=0.0001 dt_sec=0.69 cum_wall_sec=129.5
03:38:38 | INFO    | src.training.finetune | STEP step=1710 loss=0.0001 dt_sec=0.66 cum_wall_sec=130.2
03:38:39 | INFO    | src.training.finetune | STEP step=1720 loss=0.0087 dt_sec=0.66 cum_wall_sec=130.8
03:38:39 | INFO    | src.training.finetune | STEP step=1730 loss=0.0398 dt_sec=0.68 cum_wall_sec=131.5
03:38:40 | INFO    | src.training.finetune | STEP step=1740 loss=0.0001 dt_sec=0.67 cum_wall_sec=132.2
03:38:41 | INFO    | src.training.finetune | STEP step=1750 loss=0.0001 dt_sec=0.67 cum_wall_sec=132.9
03:38:41 | INFO    | src.training.finetune | STEP step=1760 loss=0.0001 dt_sec=0.67 cum_wall_sec=133.5
03:38:42 | INFO    | src.training.finetune | STEP step=1770 loss=0.0001 dt_sec=0.67 cum_wall_sec=134.2
03:38:43 | INFO    | src.training.finetune | STEP step=1780 loss=0.0001 dt_sec=0.66 cum_wall_sec=134.9
03:38:43 | INFO    | src.training.finetune | STEP step=1790 loss=0.0001 dt_sec=0.67 cum_wall_sec=135.5
03:38:44 | INFO    | src.training.finetune | STEP step=1800 loss=0.0001 dt_sec=0.66 cum_wall_sec=136.2
03:38:47 | INFO    | src.training.finetune | STEP step=1810 loss=0.0001 dt_sec=2.52 cum_wall_sec=138.7
03:38:47 | INFO    | src.training.finetune | STEP step=1820 loss=0.0001 dt_sec=0.68 cum_wall_sec=139.4
03:38:48 | INFO    | src.training.finetune | STEP step=1830 loss=0.0001 dt_sec=0.67 cum_wall_sec=140.1
03:38:49 | INFO    | src.training.finetune | STEP step=1840 loss=0.0001 dt_sec=0.68 cum_wall_sec=140.7
03:38:49 | INFO    | src.training.finetune | STEP step=1850 loss=0.0001 dt_sec=0.67 cum_wall_sec=141.4
03:38:50 | INFO    | src.training.finetune | STEP step=1860 loss=0.0001 dt_sec=0.68 cum_wall_sec=142.1
03:38:51 | INFO    | src.training.finetune | STEP step=1870 loss=0.0177 dt_sec=0.68 cum_wall_sec=142.8
03:38:51 | INFO    | src.training.finetune | STEP step=1880 loss=0.0095 dt_sec=0.67 cum_wall_sec=143.4
03:38:52 | INFO    | src.training.finetune | STEP step=1890 loss=0.0001 dt_sec=0.68 cum_wall_sec=144.1
03:38:53 | INFO    | src.training.finetune | STEP step=1900 loss=0.0001 dt_sec=0.68 cum_wall_sec=144.8
03:38:53 | INFO    | src.training.finetune | STEP step=1910 loss=0.0001 dt_sec=0.67 cum_wall_sec=145.5
03:38:54 | INFO    | src.training.finetune | STEP step=1920 loss=0.0001 dt_sec=0.68 cum_wall_sec=146.1
03:38:55 | INFO    | src.training.finetune | STEP step=1930 loss=0.0001 dt_sec=0.69 cum_wall_sec=146.8
03:38:55 | INFO    | src.training.finetune | STEP step=1940 loss=0.0001 dt_sec=0.67 cum_wall_sec=147.5
03:38:56 | INFO    | src.training.finetune | STEP step=1950 loss=0.0001 dt_sec=0.67 cum_wall_sec=148.2
03:38:57 | INFO    | src.training.finetune | STEP step=1960 loss=0.0001 dt_sec=0.69 cum_wall_sec=148.9
03:38:57 | INFO    | src.training.finetune | STEP step=1970 loss=0.0181 dt_sec=0.67 cum_wall_sec=149.5
03:38:58 | INFO    | src.training.finetune | STEP step=1980 loss=0.0001 dt_sec=0.68 cum_wall_sec=150.2
03:38:59 | INFO    | src.training.finetune | STEP step=1990 loss=0.0001 dt_sec=0.66 cum_wall_sec=150.9
03:38:59 | INFO    | src.training.finetune | STEP step=2000 loss=0.0001 dt_sec=0.67 cum_wall_sec=151.5
03:39:01 | INFO    | src.training.finetune | STAGE=azerbaijani end ts=2026-09-09T03:39:01.968208+00:00 runtime_sec=154.1
03:39:03 | INFO    | src.training.finetune | Best checkpoint restored and verified: step 1600, val macro-F1 = 0.7241
